in setupUpdate2
ip: 10.58.58.3
startid: 00000001000000000000000000000001
next_id: 00000001000000000000000000000001
versiid: 00000003201711181458
next_va: 20
val_cha: 1000
nod_cha: 00000000000000000000000000000000
startid: 00000002000000000000000000000002
next_id: 00000001000000000000000000000001
versiid: 00000003201711181458
next_va: 20
val_cha: 1000
nod_cha: 00000000000000000000000000000000
startid: 00000000000000000000000000000003
next_id: 00000001000000000000000000000001
versiid: 00000003201711181458
next_va: 20
val_cha: 1000
nod_cha: 00000000000000000000000000000000
startid: 00000001000000000000000000000004
next_id: 00000001000000000000000000000001
versiid: 00000003201711181458
next_va: 20
val_cha: 1000
nod_cha: 00000000000000000000000000000000
startid: 00000002000000000000000000000005
next_id: 00000001000000000000000000000001
versiid: 00000003201711181458
next_va: 20
val_cha: 1000
nod_cha: 00000000000000000000000000000000
startid: 00000000000000000000000000000006
next_id: 00000001000000000000000000000001
versiid: 00000003201711181458
next_va: 20
val_cha: 1000
nod_cha: 00000000000000000000000000000000
startid: 00000001000000000000000000000007
next_id: 00000001000000000000000000000001
versiid: 00000003201711181458
next_va: 20
val_cha: 1000
nod_cha: 00000000000000000000000000000000
startid: 00000002000000000000000000000008
next_id: 00000001000000000000000000000001
versiid: 00000003201711181458
next_va: 20
val_cha: 1000
nod_cha: 00000000000000000000000000000000
startid: 00000000000000000000000000000009
next_id: 00000001000000000000000000000001
versiid: 00000003201711181458
next_va: 20
val_cha: 1000
nod_cha: 00000000000000000000000000000000
startid: 0000000100000000000000000000000a
next_id: 00000001000000000000000000000001
versiid: 00000003201711181458
next_va: 20
val_cha: 1000
nod_cha: 00000000000000000000000000000000
startid: 0000000200000000000000000000000b
next_id: 00000001000000000000000000000001
versiid: 00000003201711181458
next_va: 20
val_cha: 1000
nod_cha: 00000000000000000000000000000000
startid: 0000000000000000000000000000000c
next_id: 00000001000000000000000000000001
versiid: 00000003201711181458
next_va: 20
val_cha: 1000
nod_cha: 00000000000000000000000000000000
startid: 0000000100000000000000000000000d
next_id: 00000001000000000000000000000001
versiid: 00000003201711181458
next_va: 20
val_cha: 1000
nod_cha: 00000000000000000000000000000000
startid: 0000000200000000000000000000000e
next_id: 00000001000000000000000000000001
versiid: 00000003201711181458
next_va: 20
val_cha: 1000
nod_cha: 00000000000000000000000000000000
startid: 0000000000000000000000000000000f
next_id: 00000001000000000000000000000001
versiid: 00000003201711181458
next_va: 20
val_cha: 1000
nod_cha: 00000000000000000000000000000000
startid: 00000001000000000000000000000010
next_id: 00000001000000000000000000000001
versiid: 00000003201711181458
next_va: 20
val_cha: 1000
nod_cha: 00000000000000000000000000000000
startid: 00000002000000000000000000000011
next_id: 00000001000000000000000000000001
versiid: 00000003201711181458
next_va: 20
val_cha: 1000
nod_cha: 00000000000000000000000000000000
startid: 00000000000000000000000000000012
next_id: 00000001000000000000000000000001
versiid: 00000003201711181458
next_va: 20
val_cha: 1000
nod_cha: 00000000000000000000000000000000
startid: 00000001000000000000000000000013
next_id: 00000001000000000000000000000001
versiid: 00000003201711181458
next_va: 20
val_cha: 1000
nod_cha: 00000000000000000000000000000000
startid: 00000002000000000000000000000014
next_id: 00000001000000000000000000000001
versiid: 00000003201711181458
next_va: 20
val_cha: 1000
nod_cha: 00000000000000000000000000000000
startid: 00000000000000000000000000000015
next_id: 00000001000000000000000000000001
versiid: 00000003201711181458
next_va: 20
val_cha: 1000
nod_cha: 00000000000000000000000000000000
startid: 00000001000000000000000000000016
next_id: 00000001000000000000000000000001
versiid: 00000003201711181458
next_va: 20
val_cha: 1000
nod_cha: 00000000000000000000000000000000
startid: 00000002000000000000000000000017
next_id: 00000001000000000000000000000001
versiid: 00000003201711181458
next_va: 20
val_cha: 1000
nod_cha: 00000000000000000000000000000000
startid: 00000000000000000000000000000018
next_id: 00000001000000000000000000000001
versiid: 00000003201711181458
next_va: 20
val_cha: 1000
nod_cha: 00000000000000000000000000000000
startid: 00000001000000000000000000000019
next_id: 00000001000000000000000000000001
versiid: 00000003201711181458
next_va: 20
val_cha: 1000
nod_cha: 00000000000000000000000000000000
startid: 0000000200000000000000000000001a
next_id: 00000001000000000000000000000001
versiid: 00000003201711181458
next_va: 20
val_cha: 1000
nod_cha: 00000000000000000000000000000000
startid: 0000000000000000000000000000001b
next_id: 00000001000000000000000000000001
versiid: 00000003201711181458
next_va: 20
val_cha: 1000
nod_cha: 00000000000000000000000000000000
startid: 0000000100000000000000000000001c
next_id: 00000001000000000000000000000001
versiid: 00000003201711181458
next_va: 20
val_cha: 1000
nod_cha: 00000000000000000000000000000000
startid: 0000000200000000000000000000001d
next_id: 00000001000000000000000000000001
versiid: 00000003201711181458
next_va: 20
val_cha: 1000
nod_cha: 00000000000000000000000000000000
startid: 0000000000000000000000000000001e
next_id: 00000001000000000000000000000001
versiid: 00000003201711181458
next_va: 20
val_cha: 1000
nod_cha: 00000000000000000000000000000000
startid: 0000000100000000000000000000001f
next_id: 00000001000000000000000000000001
versiid: 00000003201711181458
next_va: 20
val_cha: 1000
nod_cha: 00000000000000000000000000000000
startid: 00000002000000000000000000000020
next_id: 00000001000000000000000000000001
versiid: 00000003201711181458
next_va: 20
val_cha: 1000
nod_cha: 00000000000000000000000000000000
startid: 00000000000000000000000000000021
next_id: 00000001000000000000000000000001
versiid: 00000003201711181458
next_va: 20
val_cha: 1000
nod_cha: 00000000000000000000000000000000
startid: 00000001000000000000000000000022
next_id: 00000001000000000000000000000001
versiid: 00000003201711181458
next_va: 20
val_cha: 1000
nod_cha: 00000000000000000000000000000000
startid: 00000002000000000000000000000023
next_id: 00000001000000000000000000000001
versiid: 00000003201711181458
next_va: 20
val_cha: 1000
nod_cha: 00000000000000000000000000000000
startid: 00000000000000000000000000000024
next_id: 00000001000000000000000000000001
versiid: 00000003201711181458
next_va: 20
val_cha: 1000
nod_cha: 00000000000000000000000000000000
startid: 00000001000000000000000000000025
next_id: 00000001000000000000000000000001
versiid: 00000003201711181458
next_va: 20
val_cha: 1000
nod_cha: 00000000000000000000000000000000
startid: 00000002000000000000000000000026
next_id: 00000001000000000000000000000001
versiid: 00000003201711181458
next_va: 20
val_cha: 1000
nod_cha: 00000000000000000000000000000000
startid: 00000000000000000000000000000027
next_id: 00000001000000000000000000000001
versiid: 00000003201711181458
next_va: 20
val_cha: 1000
nod_cha: 00000000000000000000000000000000
startid: 00000001000000000000000000000028
next_id: 00000001000000000000000000000001
versiid: 00000003201711181458
next_va: 20
val_cha: 1000
nod_cha: 00000000000000000000000000000000
startid: 00000002000000000000000000000029
next_id: 00000001000000000000000000000001
versiid: 00000003201711181458
next_va: 20
val_cha: 1000
nod_cha: 00000000000000000000000000000000
startid: 0000000000000000000000000000002a
next_id: 00000001000000000000000000000001
versiid: 00000003201711181458
next_va: 20
val_cha: 1000
nod_cha: 00000000000000000000000000000000
startid: 0000000100000000000000000000002b
next_id: 00000001000000000000000000000001
versiid: 00000003201711181458
next_va: 20
val_cha: 1000
nod_cha: 00000000000000000000000000000000
startid: 0000000200000000000000000000002c
next_id: 00000001000000000000000000000001
versiid: 00000003201711181458
next_va: 20
val_cha: 1000
nod_cha: 00000000000000000000000000000000
startid: 0000000000000000000000000000002d
next_id: 00000001000000000000000000000001
versiid: 00000003201711181458
next_va: 20
val_cha: 1000
nod_cha: 00000000000000000000000000000000
startid: 0000000100000000000000000000002e
next_id: 00000001000000000000000000000001
versiid: 00000003201711181458
next_va: 20
val_cha: 1000
nod_cha: 00000000000000000000000000000000
startid: 0000000200000000000000000000002f
next_id: 00000001000000000000000000000001
versiid: 00000003201711181458
next_va: 20
val_cha: 1000
nod_cha: 00000000000000000000000000000000
startid: 00000000000000000000000000000030
next_id: 00000001000000000000000000000001
versiid: 00000003201711181458
next_va: 20
val_cha: 1000
nod_cha: 00000000000000000000000000000000
startid: 00000001000000000000000000000031
next_id: 00000001000000000000000000000001
versiid: 00000003201711181458
next_va: 20
val_cha: 1000
nod_cha: 00000000000000000000000000000000
startid: 00000002000000000000000000000032
next_id: 00000001000000000000000000000001
versiid: 00000003201711181458
next_va: 20
val_cha: 1000
nod_cha: 00000000000000000000000000000000
startid: 00000001000000000000000000000001
next_id: 00000001000000000000000000000004
versiid: 00000003201711181458
next_va: 20
val_cha: 1000
nod_cha: 00000000000000000000000000000000
startid: 00000002000000000000000000000002
next_id: 00000001000000000000000000000004
versiid: 00000003201711181458
next_va: 20
val_cha: 1000
nod_cha: 00000000000000000000000000000000
startid: 00000000000000000000000000000003
next_id: 00000001000000000000000000000004
versiid: 00000003201711181458
next_va: 20
val_cha: 1000
nod_cha: 00000000000000000000000000000000
startid: 00000001000000000000000000000004
next_id: 00000001000000000000000000000004
versiid: 00000003201711181458
next_va: 20
val_cha: 1000
nod_cha: 00000000000000000000000000000000
startid: 00000002000000000000000000000005
next_id: 00000001000000000000000000000004
versiid: 00000003201711181458
next_va: 20
val_cha: 1000
nod_cha: 00000000000000000000000000000000
startid: 00000000000000000000000000000006
next_id: 00000001000000000000000000000004
versiid: 00000003201711181458
next_va: 20
val_cha: 1000
nod_cha: 00000000000000000000000000000000
startid: 00000001000000000000000000000007
next_id: 00000001000000000000000000000004
versiid: 00000003201711181458
next_va: 20
val_cha: 1000
nod_cha: 00000000000000000000000000000000
startid: 00000002000000000000000000000008
next_id: 00000001000000000000000000000004
versiid: 00000003201711181458
next_va: 20
val_cha: 1000
nod_cha: 00000000000000000000000000000000
startid: 00000000000000000000000000000009
next_id: 00000001000000000000000000000004
versiid: 00000003201711181458
next_va: 20
val_cha: 1000
nod_cha: 00000000000000000000000000000000
startid: 0000000100000000000000000000000a
next_id: 00000001000000000000000000000004
versiid: 00000003201711181458
next_va: 20
val_cha: 1000
nod_cha: 00000000000000000000000000000000
startid: 0000000200000000000000000000000b
next_id: 00000001000000000000000000000004
versiid: 00000003201711181458
next_va: 20
val_cha: 1000
nod_cha: 00000000000000000000000000000000
startid: 0000000000000000000000000000000c
next_id: 00000001000000000000000000000004
versiid: 00000003201711181458
next_va: 20
val_cha: 1000
nod_cha: 00000000000000000000000000000000
startid: 0000000100000000000000000000000d
next_id: 00000001000000000000000000000004
versiid: 00000003201711181458
next_va: 20
val_cha: 1000
nod_cha: 00000000000000000000000000000000
startid: 0000000200000000000000000000000e
next_id: 00000001000000000000000000000004
versiid: 00000003201711181458
next_va: 20
val_cha: 1000
nod_cha: 00000000000000000000000000000000
startid: 0000000000000000000000000000000f
next_id: 00000001000000000000000000000004
versiid: 00000003201711181458
next_va: 20
val_cha: 1000
nod_cha: 00000000000000000000000000000000
startid: 00000001000000000000000000000010
next_id: 00000001000000000000000000000004
versiid: 00000003201711181458
next_va: 20
val_cha: 1000
nod_cha: 00000000000000000000000000000000
startid: 00000002000000000000000000000011
next_id: 00000001000000000000000000000004
versiid: 00000003201711181458
next_va: 20
val_cha: 1000
nod_cha: 00000000000000000000000000000000
startid: 00000000000000000000000000000012
next_id: 00000001000000000000000000000004
versiid: 00000003201711181458
next_va: 20
val_cha: 1000
nod_cha: 00000000000000000000000000000000
startid: 00000001000000000000000000000013
next_id: 00000001000000000000000000000004
versiid: 00000003201711181458
next_va: 20
val_cha: 1000
nod_cha: 00000000000000000000000000000000
startid: 00000002000000000000000000000014
next_id: 00000001000000000000000000000004
versiid: 00000003201711181458
next_va: 20
val_cha: 1000
nod_cha: 00000000000000000000000000000000
startid: 00000000000000000000000000000015
next_id: 00000001000000000000000000000004
versiid: 00000003201711181458
next_va: 20
val_cha: 1000
nod_cha: 00000000000000000000000000000000
startid: 00000001000000000000000000000016
next_id: 00000001000000000000000000000004
versiid: 00000003201711181458
next_va: 20
val_cha: 1000
nod_cha: 00000000000000000000000000000000
startid: 00000002000000000000000000000017
next_id: 00000001000000000000000000000004
versiid: 00000003201711181458
next_va: 20
val_cha: 1000
nod_cha: 00000000000000000000000000000000
startid: 00000000000000000000000000000018
next_id: 00000001000000000000000000000004
versiid: 00000003201711181458
next_va: 20
val_cha: 1000
nod_cha: 00000000000000000000000000000000
startid: 00000001000000000000000000000019
next_id: 00000001000000000000000000000004
versiid: 00000003201711181458
next_va: 20
val_cha: 1000
nod_cha: 00000000000000000000000000000000
startid: 0000000200000000000000000000001a
next_id: 00000001000000000000000000000004
versiid: 00000003201711181458
next_va: 20
val_cha: 1000
nod_cha: 00000000000000000000000000000000
startid: 0000000000000000000000000000001b
next_id: 00000001000000000000000000000004
versiid: 00000003201711181458
next_va: 20
val_cha: 1000
nod_cha: 00000000000000000000000000000000
startid: 0000000100000000000000000000001c
next_id: 00000001000000000000000000000004
versiid: 00000003201711181458
next_va: 20
val_cha: 1000
nod_cha: 00000000000000000000000000000000
startid: 0000000200000000000000000000001d
next_id: 00000001000000000000000000000004
versiid: 00000003201711181458
next_va: 20
val_cha: 1000
nod_cha: 00000000000000000000000000000000
startid: 0000000000000000000000000000001e
next_id: 00000001000000000000000000000004
versiid: 00000003201711181458
next_va: 20
val_cha: 1000
nod_cha: 00000000000000000000000000000000
startid: 0000000100000000000000000000001f
next_id: 00000001000000000000000000000004
versiid: 00000003201711181458
next_va: 20
val_cha: 1000
nod_cha: 00000000000000000000000000000000
startid: 00000002000000000000000000000020
next_id: 00000001000000000000000000000004
versiid: 00000003201711181458
next_va: 20
val_cha: 1000
nod_cha: 00000000000000000000000000000000
startid: 00000000000000000000000000000021
next_id: 00000001000000000000000000000004
versiid: 00000003201711181458
next_va: 20
val_cha: 1000
nod_cha: 00000000000000000000000000000000
startid: 00000001000000000000000000000022
next_id: 00000001000000000000000000000004
versiid: 00000003201711181458
next_va: 20
val_cha: 1000
nod_cha: 00000000000000000000000000000000
startid: 00000002000000000000000000000023
next_id: 00000001000000000000000000000004
versiid: 00000003201711181458
next_va: 20
val_cha: 1000
nod_cha: 00000000000000000000000000000000
startid: 00000000000000000000000000000024
next_id: 00000001000000000000000000000004
versiid: 00000003201711181458
next_va: 20
val_cha: 1000
nod_cha: 00000000000000000000000000000000
startid: 00000001000000000000000000000025
next_id: 00000001000000000000000000000004
versiid: 00000003201711181458
next_va: 20
val_cha: 1000
nod_cha: 00000000000000000000000000000000
startid: 00000002000000000000000000000026
next_id: 00000001000000000000000000000004
versiid: 00000003201711181458
next_va: 20
val_cha: 1000
nod_cha: 00000000000000000000000000000000
startid: 00000000000000000000000000000027
next_id: 00000001000000000000000000000004
versiid: 00000003201711181458
next_va: 20
val_cha: 1000
nod_cha: 00000000000000000000000000000000
startid: 00000001000000000000000000000028
next_id: 00000001000000000000000000000004
versiid: 00000003201711181458
next_va: 20
val_cha: 1000
nod_cha: 00000000000000000000000000000000
startid: 00000002000000000000000000000029
next_id: 00000001000000000000000000000004
versiid: 00000003201711181458
next_va: 20
val_cha: 1000
nod_cha: 00000000000000000000000000000000
startid: 0000000000000000000000000000002a
next_id: 00000001000000000000000000000004
versiid: 00000003201711181458
next_va: 20
val_cha: 1000
nod_cha: 00000000000000000000000000000000
startid: 0000000100000000000000000000002b
next_id: 00000001000000000000000000000004
versiid: 00000003201711181458
next_va: 20
val_cha: 1000
nod_cha: 00000000000000000000000000000000
startid: 0000000200000000000000000000002c
next_id: 00000001000000000000000000000004
versiid: 00000003201711181458
next_va: 20
val_cha: 1000
nod_cha: 00000000000000000000000000000000
startid: 0000000000000000000000000000002d
next_id: 00000001000000000000000000000004
versiid: 00000003201711181458
next_va: 20
val_cha: 1000
nod_cha: 00000000000000000000000000000000
startid: 0000000100000000000000000000002e
next_id: 00000001000000000000000000000004
versiid: 00000003201711181458
next_va: 20
val_cha: 1000
nod_cha: 00000000000000000000000000000000
startid: 0000000200000000000000000000002f
next_id: 00000001000000000000000000000004
versiid: 00000003201711181458
next_va: 20
val_cha: 1000
nod_cha: 00000000000000000000000000000000
startid: 00000000000000000000000000000030
next_id: 00000001000000000000000000000004
versiid: 00000003201711181458
next_va: 20
val_cha: 1000
nod_cha: 00000000000000000000000000000000
startid: 00000001000000000000000000000031
next_id: 00000001000000000000000000000004
versiid: 00000003201711181458
next_va: 20
val_cha: 1000
nod_cha: 00000000000000000000000000000000
startid: 00000002000000000000000000000032
next_id: 00000001000000000000000000000004
versiid: 00000003201711181458
next_va: 20
val_cha: 1000
nod_cha: 00000000000000000000000000000000
startid: 00000001000000000000000000000001
next_id: 00000001000000000000000000000007
versiid: 00000003201711181458
next_va: 20
val_cha: 1000
nod_cha: 00000000000000000000000000000000
startid: 00000002000000000000000000000002
next_id: 00000001000000000000000000000007
versiid: 00000003201711181458
next_va: 20
val_cha: 1000
nod_cha: 00000000000000000000000000000000
startid: 00000000000000000000000000000003
next_id: 00000001000000000000000000000007
versiid: 00000003201711181458
next_va: 20
val_cha: 1000
nod_cha: 00000000000000000000000000000000
startid: 00000001000000000000000000000004
next_id: 00000001000000000000000000000007
versiid: 00000003201711181458
next_va: 20
val_cha: 1000
nod_cha: 00000000000000000000000000000000
startid: 00000002000000000000000000000005
next_id: 00000001000000000000000000000007
versiid: 00000003201711181458
next_va: 20
val_cha: 1000
nod_cha: 00000000000000000000000000000000
startid: 00000000000000000000000000000006
next_id: 00000001000000000000000000000007
versiid: 00000003201711181458
next_va: 20
val_cha: 1000
nod_cha: 00000000000000000000000000000000
startid: 00000001000000000000000000000007
next_id: 00000001000000000000000000000007
versiid: 00000003201711181458
next_va: 20
val_cha: 1000
nod_cha: 00000000000000000000000000000000
startid: 00000002000000000000000000000008
next_id: 00000001000000000000000000000007
versiid: 00000003201711181458
next_va: 20
val_cha: 1000
nod_cha: 00000000000000000000000000000000
startid: 00000000000000000000000000000009
next_id: 00000001000000000000000000000007
versiid: 00000003201711181458
next_va: 20
val_cha: 1000
nod_cha: 00000000000000000000000000000000
startid: 0000000100000000000000000000000a
next_id: 00000001000000000000000000000007
versiid: 00000003201711181458
next_va: 20
val_cha: 1000
nod_cha: 00000000000000000000000000000000
startid: 0000000200000000000000000000000b
next_id: 00000001000000000000000000000007
versiid: 00000003201711181458
next_va: 20
val_cha: 1000
nod_cha: 00000000000000000000000000000000
startid: 0000000000000000000000000000000c
next_id: 00000001000000000000000000000007
versiid: 00000003201711181458
next_va: 20
val_cha: 1000
nod_cha: 00000000000000000000000000000000
startid: 0000000100000000000000000000000d
next_id: 00000001000000000000000000000007
versiid: 00000003201711181458
next_va: 20
val_cha: 1000
nod_cha: 00000000000000000000000000000000
startid: 0000000200000000000000000000000e
next_id: 00000001000000000000000000000007
versiid: 00000003201711181458
next_va: 20
val_cha: 1000
nod_cha: 00000000000000000000000000000000
startid: 0000000000000000000000000000000f
next_id: 00000001000000000000000000000007
versiid: 00000003201711181458
next_va: 20
val_cha: 1000
nod_cha: 00000000000000000000000000000000
startid: 00000001000000000000000000000010
next_id: 00000001000000000000000000000007
versiid: 00000003201711181458
next_va: 20
val_cha: 1000
nod_cha: 00000000000000000000000000000000
startid: 00000002000000000000000000000011
next_id: 00000001000000000000000000000007
versiid: 00000003201711181458
next_va: 20
val_cha: 1000
nod_cha: 00000000000000000000000000000000
startid: 00000000000000000000000000000012
next_id: 00000001000000000000000000000007
versiid: 00000003201711181458
next_va: 20
val_cha: 1000
nod_cha: 00000000000000000000000000000000
startid: 00000001000000000000000000000013
next_id: 00000001000000000000000000000007
versiid: 00000003201711181458
next_va: 20
val_cha: 1000
nod_cha: 00000000000000000000000000000000
startid: 00000002000000000000000000000014
next_id: 00000001000000000000000000000007
versiid: 00000003201711181458
next_va: 20
val_cha: 1000
nod_cha: 00000000000000000000000000000000
startid: 00000000000000000000000000000015
next_id: 00000001000000000000000000000007
versiid: 00000003201711181458
next_va: 20
val_cha: 1000
nod_cha: 00000000000000000000000000000000
startid: 00000001000000000000000000000016
next_id: 00000001000000000000000000000007
versiid: 00000003201711181458
next_va: 20
val_cha: 1000
nod_cha: 00000000000000000000000000000000
startid: 00000002000000000000000000000017
next_id: 00000001000000000000000000000007
versiid: 00000003201711181458
next_va: 20
val_cha: 1000
nod_cha: 00000000000000000000000000000000
startid: 00000000000000000000000000000018
next_id: 00000001000000000000000000000007
versiid: 00000003201711181458
next_va: 20
val_cha: 1000
nod_cha: 00000000000000000000000000000000
startid: 00000001000000000000000000000019
next_id: 00000001000000000000000000000007
versiid: 00000003201711181458
next_va: 20
val_cha: 1000
nod_cha: 00000000000000000000000000000000
startid: 0000000200000000000000000000001a
next_id: 00000001000000000000000000000007
versiid: 00000003201711181458
next_va: 20
val_cha: 1000
nod_cha: 00000000000000000000000000000000
startid: 0000000000000000000000000000001b
next_id: 00000001000000000000000000000007
versiid: 00000003201711181458
next_va: 20
val_cha: 1000
nod_cha: 00000000000000000000000000000000
startid: 0000000100000000000000000000001c
next_id: 00000001000000000000000000000007
versiid: 00000003201711181458
next_va: 20
val_cha: 1000
nod_cha: 00000000000000000000000000000000
startid: 0000000200000000000000000000001d
next_id: 00000001000000000000000000000007
versiid: 00000003201711181458
next_va: 20
val_cha: 1000
nod_cha: 00000000000000000000000000000000
startid: 0000000000000000000000000000001e
next_id: 00000001000000000000000000000007
versiid: 00000003201711181458
next_va: 20
val_cha: 1000
nod_cha: 00000000000000000000000000000000
startid: 0000000100000000000000000000001f
next_id: 00000001000000000000000000000007
versiid: 00000003201711181458
next_va: 20
val_cha: 1000
nod_cha: 00000000000000000000000000000000
startid: 00000002000000000000000000000020
next_id: 00000001000000000000000000000007
versiid: 00000003201711181458
next_va: 20
val_cha: 1000
nod_cha: 00000000000000000000000000000000
startid: 00000000000000000000000000000021
next_id: 00000001000000000000000000000007
versiid: 00000003201711181458
next_va: 20
val_cha: 1000
nod_cha: 00000000000000000000000000000000
startid: 00000001000000000000000000000022
next_id: 00000001000000000000000000000007
versiid: 00000003201711181458
next_va: 20
val_cha: 1000
nod_cha: 00000000000000000000000000000000
startid: 00000002000000000000000000000023
next_id: 00000001000000000000000000000007
versiid: 00000003201711181458
next_va: 20
val_cha: 1000
nod_cha: 00000000000000000000000000000000
startid: 00000000000000000000000000000024
next_id: 00000001000000000000000000000007
versiid: 00000003201711181458
next_va: 20
val_cha: 1000
nod_cha: 00000000000000000000000000000000
startid: 00000001000000000000000000000025
next_id: 00000001000000000000000000000007
versiid: 00000003201711181458
next_va: 20
val_cha: 1000
nod_cha: 00000000000000000000000000000000
startid: 00000002000000000000000000000026
next_id: 00000001000000000000000000000007
versiid: 00000003201711181458
next_va: 20
val_cha: 1000
nod_cha: 00000000000000000000000000000000
startid: 00000000000000000000000000000027
next_id: 00000001000000000000000000000007
versiid: 00000003201711181458
next_va: 20
val_cha: 1000
nod_cha: 00000000000000000000000000000000
startid: 00000001000000000000000000000028
next_id: 00000001000000000000000000000007
versiid: 00000003201711181458
next_va: 20
val_cha: 1000
nod_cha: 00000000000000000000000000000000
startid: 00000002000000000000000000000029
next_id: 00000001000000000000000000000007
versiid: 00000003201711181458
next_va: 20
val_cha: 1000
nod_cha: 00000000000000000000000000000000
startid: 0000000000000000000000000000002a
next_id: 00000001000000000000000000000007
versiid: 00000003201711181458
next_va: 20
val_cha: 1000
nod_cha: 00000000000000000000000000000000
startid: 0000000100000000000000000000002b
next_id: 00000001000000000000000000000007
versiid: 00000003201711181458
next_va: 20
val_cha: 1000
nod_cha: 00000000000000000000000000000000
startid: 0000000200000000000000000000002c
next_id: 00000001000000000000000000000007
versiid: 00000003201711181458
next_va: 20
val_cha: 1000
nod_cha: 00000000000000000000000000000000
startid: 0000000000000000000000000000002d
next_id: 00000001000000000000000000000007
versiid: 00000003201711181458
next_va: 20
val_cha: 1000
nod_cha: 00000000000000000000000000000000
startid: 0000000100000000000000000000002e
next_id: 00000001000000000000000000000007
versiid: 00000003201711181458
next_va: 20
val_cha: 1000
nod_cha: 00000000000000000000000000000000
startid: 0000000200000000000000000000002f
next_id: 00000001000000000000000000000007
versiid: 00000003201711181458
next_va: 20
val_cha: 1000
nod_cha: 00000000000000000000000000000000
startid: 00000000000000000000000000000030
next_id: 00000001000000000000000000000007
versiid: 00000003201711181458
next_va: 20
val_cha: 1000
nod_cha: 00000000000000000000000000000000
startid: 00000001000000000000000000000031
next_id: 00000001000000000000000000000007
versiid: 00000003201711181458
next_va: 20
val_cha: 1000
nod_cha: 00000000000000000000000000000000
startid: 00000002000000000000000000000032
next_id: 00000001000000000000000000000007
versiid: 00000003201711181458
next_va: 20
val_cha: 1000
nod_cha: 00000000000000000000000000000000
startid: 00000001000000000000000000000001
next_id: 0000000100000000000000000000000a
versiid: 00000003201711181458
next_va: 20
val_cha: 1000
nod_cha: 00000000000000000000000000000000
startid: 00000002000000000000000000000002
next_id: 0000000100000000000000000000000a
versiid: 00000003201711181458
next_va: 20
val_cha: 1000
nod_cha: 00000000000000000000000000000000
startid: 00000000000000000000000000000003
next_id: 0000000100000000000000000000000a
versiid: 00000003201711181458
next_va: 20
val_cha: 1000
nod_cha: 00000000000000000000000000000000
startid: 00000001000000000000000000000004
next_id: 0000000100000000000000000000000a
versiid: 00000003201711181458
next_va: 20
val_cha: 1000
nod_cha: 00000000000000000000000000000000
startid: 00000002000000000000000000000005
next_id: 0000000100000000000000000000000a
versiid: 00000003201711181458
next_va: 20
val_cha: 1000
nod_cha: 00000000000000000000000000000000
startid: 00000000000000000000000000000006
next_id: 0000000100000000000000000000000a
versiid: 00000003201711181458
next_va: 20
val_cha: 1000
nod_cha: 00000000000000000000000000000000
startid: 00000001000000000000000000000007
next_id: 0000000100000000000000000000000a
versiid: 00000003201711181458
next_va: 20
val_cha: 1000
nod_cha: 00000000000000000000000000000000
startid: 00000002000000000000000000000008
next_id: 0000000100000000000000000000000a
versiid: 00000003201711181458
next_va: 20
val_cha: 1000
nod_cha: 00000000000000000000000000000000
startid: 00000000000000000000000000000009
next_id: 0000000100000000000000000000000a
versiid: 00000003201711181458
next_va: 20
val_cha: 1000
nod_cha: 00000000000000000000000000000000
startid: 0000000100000000000000000000000a
next_id: 0000000100000000000000000000000a
versiid: 00000003201711181458
next_va: 20
val_cha: 1000
nod_cha: 00000000000000000000000000000000
startid: 0000000200000000000000000000000b
next_id: 0000000100000000000000000000000a
versiid: 00000003201711181458
next_va: 20
val_cha: 1000
nod_cha: 00000000000000000000000000000000
startid: 0000000000000000000000000000000c
next_id: 0000000100000000000000000000000a
versiid: 00000003201711181458
next_va: 20
val_cha: 1000
nod_cha: 00000000000000000000000000000000
startid: 0000000100000000000000000000000d
next_id: 0000000100000000000000000000000a
versiid: 00000003201711181458
next_va: 20
val_cha: 1000
nod_cha: 00000000000000000000000000000000
startid: 0000000200000000000000000000000e
next_id: 0000000100000000000000000000000a
versiid: 00000003201711181458
next_va: 20
val_cha: 1000
nod_cha: 00000000000000000000000000000000
startid: 0000000000000000000000000000000f
next_id: 0000000100000000000000000000000a
versiid: 00000003201711181458
next_va: 20
val_cha: 1000
nod_cha: 00000000000000000000000000000000
startid: 00000001000000000000000000000010
next_id: 0000000100000000000000000000000a
versiid: 00000003201711181458
next_va: 20
val_cha: 1000
nod_cha: 00000000000000000000000000000000
startid: 00000002000000000000000000000011
next_id: 0000000100000000000000000000000a
versiid: 00000003201711181458
next_va: 20
val_cha: 1000
nod_cha: 00000000000000000000000000000000
startid: 00000000000000000000000000000012
next_id: 0000000100000000000000000000000a
versiid: 00000003201711181458
next_va: 20
val_cha: 1000
nod_cha: 00000000000000000000000000000000
startid: 00000001000000000000000000000013
next_id: 0000000100000000000000000000000a
versiid: 00000003201711181458
next_va: 20
val_cha: 1000
nod_cha: 00000000000000000000000000000000
startid: 00000002000000000000000000000014
next_id: 0000000100000000000000000000000a
versiid: 00000003201711181458
next_va: 20
val_cha: 1000
nod_cha: 00000000000000000000000000000000
startid: 00000000000000000000000000000015
next_id: 0000000100000000000000000000000a
versiid: 00000003201711181458
next_va: 20
val_cha: 1000
nod_cha: 00000000000000000000000000000000
startid: 00000001000000000000000000000016
next_id: 0000000100000000000000000000000a
versiid: 00000003201711181458
next_va: 20
val_cha: 1000
nod_cha: 00000000000000000000000000000000
startid: 00000002000000000000000000000017
next_id: 0000000100000000000000000000000a
versiid: 00000003201711181458
next_va: 20
val_cha: 1000
nod_cha: 00000000000000000000000000000000
startid: 00000000000000000000000000000018
next_id: 0000000100000000000000000000000a
versiid: 00000003201711181458
next_va: 20
val_cha: 1000
nod_cha: 00000000000000000000000000000000
startid: 00000001000000000000000000000019
next_id: 0000000100000000000000000000000a
versiid: 00000003201711181458
next_va: 20
val_cha: 1000
nod_cha: 00000000000000000000000000000000
startid: 0000000200000000000000000000001a
next_id: 0000000100000000000000000000000a
versiid: 00000003201711181458
next_va: 20
val_cha: 1000
nod_cha: 00000000000000000000000000000000
startid: 0000000000000000000000000000001b
next_id: 0000000100000000000000000000000a
versiid: 00000003201711181458
next_va: 20
val_cha: 1000
nod_cha: 00000000000000000000000000000000
startid: 0000000100000000000000000000001c
next_id: 0000000100000000000000000000000a
versiid: 00000003201711181458
next_va: 20
val_cha: 1000
nod_cha: 00000000000000000000000000000000
startid: 0000000200000000000000000000001d
next_id: 0000000100000000000000000000000a
versiid: 00000003201711181458
next_va: 20
val_cha: 1000
nod_cha: 00000000000000000000000000000000
startid: 0000000000000000000000000000001e
next_id: 0000000100000000000000000000000a
versiid: 00000003201711181458
next_va: 20
val_cha: 1000
nod_cha: 00000000000000000000000000000000
startid: 0000000100000000000000000000001f
next_id: 0000000100000000000000000000000a
versiid: 00000003201711181458
next_va: 20
val_cha: 1000
nod_cha: 00000000000000000000000000000000
startid: 00000002000000000000000000000020
next_id: 0000000100000000000000000000000a
versiid: 00000003201711181458
next_va: 20
val_cha: 1000
nod_cha: 00000000000000000000000000000000
startid: 00000000000000000000000000000021
next_id: 0000000100000000000000000000000a
versiid: 00000003201711181458
next_va: 20
val_cha: 1000
nod_cha: 00000000000000000000000000000000
startid: 00000001000000000000000000000022
next_id: 0000000100000000000000000000000a
versiid: 00000003201711181458
next_va: 20
val_cha: 1000
nod_cha: 00000000000000000000000000000000
startid: 00000002000000000000000000000023
next_id: 0000000100000000000000000000000a
versiid: 00000003201711181458
next_va: 20
val_cha: 1000
nod_cha: 00000000000000000000000000000000
startid: 00000000000000000000000000000024
next_id: 0000000100000000000000000000000a
versiid: 00000003201711181458
next_va: 20
val_cha: 1000
nod_cha: 00000000000000000000000000000000
startid: 00000001000000000000000000000025
next_id: 0000000100000000000000000000000a
versiid: 00000003201711181458
next_va: 20
val_cha: 1000
nod_cha: 00000000000000000000000000000000
startid: 00000002000000000000000000000026
next_id: 0000000100000000000000000000000a
versiid: 00000003201711181458
next_va: 20
val_cha: 1000
nod_cha: 00000000000000000000000000000000
startid: 00000000000000000000000000000027
next_id: 0000000100000000000000000000000a
versiid: 00000003201711181458
next_va: 20
val_cha: 1000
nod_cha: 00000000000000000000000000000000
startid: 00000001000000000000000000000028
next_id: 0000000100000000000000000000000a
versiid: 00000003201711181458
next_va: 20
val_cha: 1000
nod_cha: 00000000000000000000000000000000
startid: 00000002000000000000000000000029
next_id: 0000000100000000000000000000000a
versiid: 00000003201711181458
next_va: 20
val_cha: 1000
nod_cha: 00000000000000000000000000000000
startid: 0000000000000000000000000000002a
next_id: 0000000100000000000000000000000a
versiid: 00000003201711181458
next_va: 20
val_cha: 1000
nod_cha: 00000000000000000000000000000000
startid: 0000000100000000000000000000002b
next_id: 0000000100000000000000000000000a
versiid: 00000003201711181458
next_va: 20
val_cha: 1000
nod_cha: 00000000000000000000000000000000
startid: 0000000200000000000000000000002c
next_id: 0000000100000000000000000000000a
versiid: 00000003201711181458
next_va: 20
val_cha: 1000
nod_cha: 00000000000000000000000000000000
startid: 0000000000000000000000000000002d
next_id: 0000000100000000000000000000000a
versiid: 00000003201711181458
next_va: 20
val_cha: 1000
nod_cha: 00000000000000000000000000000000
startid: 0000000100000000000000000000002e
next_id: 0000000100000000000000000000000a
versiid: 00000003201711181458
next_va: 20
val_cha: 1000
nod_cha: 00000000000000000000000000000000
startid: 0000000200000000000000000000002f
next_id: 0000000100000000000000000000000a
versiid: 00000003201711181458
next_va: 20
val_cha: 1000
nod_cha: 00000000000000000000000000000000
startid: 00000000000000000000000000000030
next_id: 0000000100000000000000000000000a
versiid: 00000003201711181458
next_va: 20
val_cha: 1000
nod_cha: 00000000000000000000000000000000
startid: 00000001000000000000000000000031
next_id: 0000000100000000000000000000000a
versiid: 00000003201711181458
next_va: 20
val_cha: 1000
nod_cha: 00000000000000000000000000000000
startid: 00000002000000000000000000000032
next_id: 0000000100000000000000000000000a
versiid: 00000003201711181458
next_va: 20
val_cha: 1000
nod_cha: 00000000000000000000000000000000
startid: 00000001000000000000000000000001
next_id: 0000000100000000000000000000000d
versiid: 00000003201711181458
next_va: 20
val_cha: 1000
nod_cha: 00000000000000000000000000000000
startid: 00000002000000000000000000000002
next_id: 0000000100000000000000000000000d
versiid: 00000003201711181458
next_va: 20
val_cha: 1000
nod_cha: 00000000000000000000000000000000
startid: 00000000000000000000000000000003
next_id: 0000000100000000000000000000000d
versiid: 00000003201711181458
next_va: 20
val_cha: 1000
nod_cha: 00000000000000000000000000000000
startid: 00000001000000000000000000000004
next_id: 0000000100000000000000000000000d
versiid: 00000003201711181458
next_va: 20
val_cha: 1000
nod_cha: 00000000000000000000000000000000
startid: 00000002000000000000000000000005
next_id: 0000000100000000000000000000000d
versiid: 00000003201711181458
next_va: 20
val_cha: 1000
nod_cha: 00000000000000000000000000000000
startid: 00000000000000000000000000000006
next_id: 0000000100000000000000000000000d
versiid: 00000003201711181458
next_va: 20
val_cha: 1000
nod_cha: 00000000000000000000000000000000
startid: 00000001000000000000000000000007
next_id: 0000000100000000000000000000000d
versiid: 00000003201711181458
next_va: 20
val_cha: 1000
nod_cha: 00000000000000000000000000000000
startid: 00000002000000000000000000000008
next_id: 0000000100000000000000000000000d
versiid: 00000003201711181458
next_va: 20
val_cha: 1000
nod_cha: 00000000000000000000000000000000
startid: 00000000000000000000000000000009
next_id: 0000000100000000000000000000000d
versiid: 00000003201711181458
next_va: 20
val_cha: 1000
nod_cha: 00000000000000000000000000000000
startid: 0000000100000000000000000000000a
next_id: 0000000100000000000000000000000d
versiid: 00000003201711181458
next_va: 20
val_cha: 1000
nod_cha: 00000000000000000000000000000000
startid: 0000000200000000000000000000000b
next_id: 0000000100000000000000000000000d
versiid: 00000003201711181458
next_va: 20
val_cha: 1000
nod_cha: 00000000000000000000000000000000
startid: 0000000000000000000000000000000c
next_id: 0000000100000000000000000000000d
versiid: 00000003201711181458
next_va: 20
val_cha: 1000
nod_cha: 00000000000000000000000000000000
startid: 0000000100000000000000000000000d
next_id: 0000000100000000000000000000000d
versiid: 00000003201711181458
next_va: 20
val_cha: 1000
nod_cha: 00000000000000000000000000000000
startid: 0000000200000000000000000000000e
next_id: 0000000100000000000000000000000d
versiid: 00000003201711181458
next_va: 20
val_cha: 1000
nod_cha: 00000000000000000000000000000000
startid: 0000000000000000000000000000000f
next_id: 0000000100000000000000000000000d
versiid: 00000003201711181458
next_va: 20
val_cha: 1000
nod_cha: 00000000000000000000000000000000
startid: 00000001000000000000000000000010
next_id: 0000000100000000000000000000000d
versiid: 00000003201711181458
next_va: 20
val_cha: 1000
nod_cha: 00000000000000000000000000000000
startid: 00000002000000000000000000000011
next_id: 0000000100000000000000000000000d
versiid: 00000003201711181458
next_va: 20
val_cha: 1000
nod_cha: 00000000000000000000000000000000
startid: 00000000000000000000000000000012
next_id: 0000000100000000000000000000000d
versiid: 00000003201711181458
next_va: 20
val_cha: 1000
nod_cha: 00000000000000000000000000000000
startid: 00000001000000000000000000000013
next_id: 0000000100000000000000000000000d
versiid: 00000003201711181458
next_va: 20
val_cha: 1000
nod_cha: 00000000000000000000000000000000
startid: 00000002000000000000000000000014
next_id: 0000000100000000000000000000000d
versiid: 00000003201711181458
next_va: 20
val_cha: 1000
nod_cha: 00000000000000000000000000000000
startid: 00000000000000000000000000000015
next_id: 0000000100000000000000000000000d
versiid: 00000003201711181458
next_va: 20
val_cha: 1000
nod_cha: 00000000000000000000000000000000
startid: 00000001000000000000000000000016
next_id: 0000000100000000000000000000000d
versiid: 00000003201711181458
next_va: 20
val_cha: 1000
nod_cha: 00000000000000000000000000000000
startid: 00000002000000000000000000000017
next_id: 0000000100000000000000000000000d
versiid: 00000003201711181458
next_va: 20
val_cha: 1000
nod_cha: 00000000000000000000000000000000
startid: 00000000000000000000000000000018
next_id: 0000000100000000000000000000000d
versiid: 00000003201711181458
next_va: 20
val_cha: 1000
nod_cha: 00000000000000000000000000000000
startid: 00000001000000000000000000000019
next_id: 0000000100000000000000000000000d
versiid: 00000003201711181458
next_va: 20
val_cha: 1000
nod_cha: 00000000000000000000000000000000
startid: 0000000200000000000000000000001a
next_id: 0000000100000000000000000000000d
versiid: 00000003201711181458
next_va: 20
val_cha: 1000
nod_cha: 00000000000000000000000000000000
startid: 0000000000000000000000000000001b
next_id: 0000000100000000000000000000000d
versiid: 00000003201711181458
next_va: 20
val_cha: 1000
nod_cha: 00000000000000000000000000000000
startid: 0000000100000000000000000000001c
next_id: 0000000100000000000000000000000d
versiid: 00000003201711181458
next_va: 20
val_cha: 1000
nod_cha: 00000000000000000000000000000000
startid: 0000000200000000000000000000001d
next_id: 0000000100000000000000000000000d
versiid: 00000003201711181458
next_va: 20
val_cha: 1000
nod_cha: 00000000000000000000000000000000
startid: 0000000000000000000000000000001e
next_id: 0000000100000000000000000000000d
versiid: 00000003201711181458
next_va: 20
val_cha: 1000
nod_cha: 00000000000000000000000000000000
startid: 0000000100000000000000000000001f
next_id: 0000000100000000000000000000000d
versiid: 00000003201711181458
next_va: 20
val_cha: 1000
nod_cha: 00000000000000000000000000000000
startid: 00000002000000000000000000000020
next_id: 0000000100000000000000000000000d
versiid: 00000003201711181458
next_va: 20
val_cha: 1000
nod_cha: 00000000000000000000000000000000
startid: 00000000000000000000000000000021
next_id: 0000000100000000000000000000000d
versiid: 00000003201711181458
next_va: 20
val_cha: 1000
nod_cha: 00000000000000000000000000000000
startid: 00000001000000000000000000000022
next_id: 0000000100000000000000000000000d
versiid: 00000003201711181458
next_va: 20
val_cha: 1000
nod_cha: 00000000000000000000000000000000
startid: 00000002000000000000000000000023
next_id: 0000000100000000000000000000000d
versiid: 00000003201711181458
next_va: 20
val_cha: 1000
nod_cha: 00000000000000000000000000000000
startid: 00000000000000000000000000000024
next_id: 0000000100000000000000000000000d
versiid: 00000003201711181458
next_va: 20
val_cha: 1000
nod_cha: 00000000000000000000000000000000
startid: 00000001000000000000000000000025
next_id: 0000000100000000000000000000000d
versiid: 00000003201711181458
next_va: 20
val_cha: 1000
nod_cha: 00000000000000000000000000000000
startid: 00000002000000000000000000000026
next_id: 0000000100000000000000000000000d
versiid: 00000003201711181458
next_va: 20
val_cha: 1000
nod_cha: 00000000000000000000000000000000
startid: 00000000000000000000000000000027
next_id: 0000000100000000000000000000000d
versiid: 00000003201711181458
next_va: 20
val_cha: 1000
nod_cha: 00000000000000000000000000000000
startid: 00000001000000000000000000000028
next_id: 0000000100000000000000000000000d
versiid: 00000003201711181458
next_va: 20
val_cha: 1000
nod_cha: 00000000000000000000000000000000
startid: 00000002000000000000000000000029
next_id: 0000000100000000000000000000000d
versiid: 00000003201711181458
next_va: 20
val_cha: 1000
nod_cha: 00000000000000000000000000000000
startid: 0000000000000000000000000000002a
next_id: 0000000100000000000000000000000d
versiid: 00000003201711181458
next_va: 20
val_cha: 1000
nod_cha: 00000000000000000000000000000000
startid: 0000000100000000000000000000002b
next_id: 0000000100000000000000000000000d
versiid: 00000003201711181458
next_va: 20
val_cha: 1000
nod_cha: 00000000000000000000000000000000
startid: 0000000200000000000000000000002c
next_id: 0000000100000000000000000000000d
versiid: 00000003201711181458
next_va: 20
val_cha: 1000
nod_cha: 00000000000000000000000000000000
startid: 0000000000000000000000000000002d
next_id: 0000000100000000000000000000000d
versiid: 00000003201711181458
next_va: 20
val_cha: 1000
nod_cha: 00000000000000000000000000000000
startid: 0000000100000000000000000000002e
next_id: 0000000100000000000000000000000d
versiid: 00000003201711181458
next_va: 20
val_cha: 1000
nod_cha: 00000000000000000000000000000000
startid: 0000000200000000000000000000002f
next_id: 0000000100000000000000000000000d
versiid: 00000003201711181458
next_va: 20
val_cha: 1000
nod_cha: 00000000000000000000000000000000
startid: 00000000000000000000000000000030
next_id: 0000000100000000000000000000000d
versiid: 00000003201711181458
next_va: 20
val_cha: 1000
nod_cha: 00000000000000000000000000000000
startid: 00000001000000000000000000000031
next_id: 0000000100000000000000000000000d
versiid: 00000003201711181458
next_va: 20
val_cha: 1000
nod_cha: 00000000000000000000000000000000
startid: 00000002000000000000000000000032
next_id: 0000000100000000000000000000000d
versiid: 00000003201711181458
next_va: 20
val_cha: 1000
nod_cha: 00000000000000000000000000000000
startid: 00000001000000000000000000000001
next_id: 00000001000000000000000000000010
versiid: 00000003201711181458
next_va: 20
val_cha: 1000
nod_cha: 00000000000000000000000000000000
startid: 00000002000000000000000000000002
next_id: 00000001000000000000000000000010
versiid: 00000003201711181458
next_va: 20
val_cha: 1000
nod_cha: 00000000000000000000000000000000
startid: 00000000000000000000000000000003
next_id: 00000001000000000000000000000010
versiid: 00000003201711181458
next_va: 20
val_cha: 1000
nod_cha: 00000000000000000000000000000000
startid: 00000001000000000000000000000004
next_id: 00000001000000000000000000000010
versiid: 00000003201711181458
next_va: 20
val_cha: 1000
nod_cha: 00000000000000000000000000000000
startid: 00000002000000000000000000000005
next_id: 00000001000000000000000000000010
versiid: 00000003201711181458
next_va: 20
val_cha: 1000
nod_cha: 00000000000000000000000000000000
startid: 00000000000000000000000000000006
next_id: 00000001000000000000000000000010
versiid: 00000003201711181458
next_va: 20
val_cha: 1000
nod_cha: 00000000000000000000000000000000
startid: 00000001000000000000000000000007
next_id: 00000001000000000000000000000010
versiid: 00000003201711181458
next_va: 20
val_cha: 1000
nod_cha: 00000000000000000000000000000000
startid: 00000002000000000000000000000008
next_id: 00000001000000000000000000000010
versiid: 00000003201711181458
next_va: 20
val_cha: 1000
nod_cha: 00000000000000000000000000000000
startid: 00000000000000000000000000000009
next_id: 00000001000000000000000000000010
versiid: 00000003201711181458
next_va: 20
val_cha: 1000
nod_cha: 00000000000000000000000000000000
startid: 0000000100000000000000000000000a
next_id: 00000001000000000000000000000010
versiid: 00000003201711181458
next_va: 20
val_cha: 1000
nod_cha: 00000000000000000000000000000000
startid: 0000000200000000000000000000000b
next_id: 00000001000000000000000000000010
versiid: 00000003201711181458
next_va: 20
val_cha: 1000
nod_cha: 00000000000000000000000000000000
startid: 0000000000000000000000000000000c
next_id: 00000001000000000000000000000010
versiid: 00000003201711181458
next_va: 20
val_cha: 1000
nod_cha: 00000000000000000000000000000000
startid: 0000000100000000000000000000000d
next_id: 00000001000000000000000000000010
versiid: 00000003201711181458
next_va: 20
val_cha: 1000
nod_cha: 00000000000000000000000000000000
startid: 0000000200000000000000000000000e
next_id: 00000001000000000000000000000010
versiid: 00000003201711181458
next_va: 20
val_cha: 1000
nod_cha: 00000000000000000000000000000000
startid: 0000000000000000000000000000000f
next_id: 00000001000000000000000000000010
versiid: 00000003201711181458
next_va: 20
val_cha: 1000
nod_cha: 00000000000000000000000000000000
startid: 00000001000000000000000000000010
next_id: 00000001000000000000000000000010
versiid: 00000003201711181458
next_va: 20
val_cha: 1000
nod_cha: 00000000000000000000000000000000
startid: 00000002000000000000000000000011
next_id: 00000001000000000000000000000010
versiid: 00000003201711181458
next_va: 20
val_cha: 1000
nod_cha: 00000000000000000000000000000000
startid: 00000000000000000000000000000012
next_id: 00000001000000000000000000000010
versiid: 00000003201711181458
next_va: 20
val_cha: 1000
nod_cha: 00000000000000000000000000000000
startid: 00000001000000000000000000000013
next_id: 00000001000000000000000000000010
versiid: 00000003201711181458
next_va: 20
val_cha: 1000
nod_cha: 00000000000000000000000000000000
startid: 00000002000000000000000000000014
next_id: 00000001000000000000000000000010
versiid: 00000003201711181458
next_va: 20
val_cha: 1000
nod_cha: 00000000000000000000000000000000
startid: 00000000000000000000000000000015
next_id: 00000001000000000000000000000010
versiid: 00000003201711181458
next_va: 20
val_cha: 1000
nod_cha: 00000000000000000000000000000000
startid: 00000001000000000000000000000016
next_id: 00000001000000000000000000000010
versiid: 00000003201711181458
next_va: 20
val_cha: 1000
nod_cha: 00000000000000000000000000000000
startid: 00000002000000000000000000000017
next_id: 00000001000000000000000000000010
versiid: 00000003201711181458
next_va: 20
val_cha: 1000
nod_cha: 00000000000000000000000000000000
startid: 00000000000000000000000000000018
next_id: 00000001000000000000000000000010
versiid: 00000003201711181458
next_va: 20
val_cha: 1000
nod_cha: 00000000000000000000000000000000
startid: 00000001000000000000000000000019
next_id: 00000001000000000000000000000010
versiid: 00000003201711181458
next_va: 20
val_cha: 1000
nod_cha: 00000000000000000000000000000000
startid: 0000000200000000000000000000001a
next_id: 00000001000000000000000000000010
versiid: 00000003201711181458
next_va: 20
val_cha: 1000
nod_cha: 00000000000000000000000000000000
startid: 0000000000000000000000000000001b
next_id: 00000001000000000000000000000010
versiid: 00000003201711181458
next_va: 20
val_cha: 1000
nod_cha: 00000000000000000000000000000000
startid: 0000000100000000000000000000001c
next_id: 00000001000000000000000000000010
versiid: 00000003201711181458
next_va: 20
val_cha: 1000
nod_cha: 00000000000000000000000000000000
startid: 0000000200000000000000000000001d
next_id: 00000001000000000000000000000010
versiid: 00000003201711181458
next_va: 20
val_cha: 1000
nod_cha: 00000000000000000000000000000000
startid: 0000000000000000000000000000001e
next_id: 00000001000000000000000000000010
versiid: 00000003201711181458
next_va: 20
val_cha: 1000
nod_cha: 00000000000000000000000000000000
startid: 0000000100000000000000000000001f
next_id: 00000001000000000000000000000010
versiid: 00000003201711181458
next_va: 20
val_cha: 1000
nod_cha: 00000000000000000000000000000000
startid: 00000002000000000000000000000020
next_id: 00000001000000000000000000000010
versiid: 00000003201711181458
next_va: 20
val_cha: 1000
nod_cha: 00000000000000000000000000000000
startid: 00000000000000000000000000000021
next_id: 00000001000000000000000000000010
versiid: 00000003201711181458
next_va: 20
val_cha: 1000
nod_cha: 00000000000000000000000000000000
startid: 00000001000000000000000000000022
next_id: 00000001000000000000000000000010
versiid: 00000003201711181458
next_va: 20
val_cha: 1000
nod_cha: 00000000000000000000000000000000
startid: 00000002000000000000000000000023
next_id: 00000001000000000000000000000010
versiid: 00000003201711181458
next_va: 20
val_cha: 1000
nod_cha: 00000000000000000000000000000000
startid: 00000000000000000000000000000024
next_id: 00000001000000000000000000000010
versiid: 00000003201711181458
next_va: 20
val_cha: 1000
nod_cha: 00000000000000000000000000000000
startid: 00000001000000000000000000000025
next_id: 00000001000000000000000000000010
versiid: 00000003201711181458
next_va: 20
val_cha: 1000
nod_cha: 00000000000000000000000000000000
startid: 00000002000000000000000000000026
next_id: 00000001000000000000000000000010
versiid: 00000003201711181458
next_va: 20
val_cha: 1000
nod_cha: 00000000000000000000000000000000
startid: 00000000000000000000000000000027
next_id: 00000001000000000000000000000010
versiid: 00000003201711181458
next_va: 20
val_cha: 1000
nod_cha: 00000000000000000000000000000000
startid: 00000001000000000000000000000028
next_id: 00000001000000000000000000000010
versiid: 00000003201711181458
next_va: 20
val_cha: 1000
nod_cha: 00000000000000000000000000000000
startid: 00000002000000000000000000000029
next_id: 00000001000000000000000000000010
versiid: 00000003201711181458
next_va: 20
val_cha: 1000
nod_cha: 00000000000000000000000000000000
startid: 0000000000000000000000000000002a
next_id: 00000001000000000000000000000010
versiid: 00000003201711181458
next_va: 20
val_cha: 1000
nod_cha: 00000000000000000000000000000000
startid: 0000000100000000000000000000002b
next_id: 00000001000000000000000000000010
versiid: 00000003201711181458
next_va: 20
val_cha: 1000
nod_cha: 00000000000000000000000000000000
startid: 0000000200000000000000000000002c
next_id: 00000001000000000000000000000010
versiid: 00000003201711181458
next_va: 20
val_cha: 1000
nod_cha: 00000000000000000000000000000000
startid: 0000000000000000000000000000002d
next_id: 00000001000000000000000000000010
versiid: 00000003201711181458
next_va: 20
val_cha: 1000
nod_cha: 00000000000000000000000000000000
startid: 0000000100000000000000000000002e
next_id: 00000001000000000000000000000010
versiid: 00000003201711181458
next_va: 20
val_cha: 1000
nod_cha: 00000000000000000000000000000000
startid: 0000000200000000000000000000002f
next_id: 00000001000000000000000000000010
versiid: 00000003201711181458
next_va: 20
val_cha: 1000
nod_cha: 00000000000000000000000000000000
startid: 00000000000000000000000000000030
next_id: 00000001000000000000000000000010
versiid: 00000003201711181458
next_va: 20
val_cha: 1000
nod_cha: 00000000000000000000000000000000
startid: 00000001000000000000000000000031
next_id: 00000001000000000000000000000010
versiid: 00000003201711181458
next_va: 20
val_cha: 1000
nod_cha: 00000000000000000000000000000000
startid: 00000002000000000000000000000032
next_id: 00000001000000000000000000000010
versiid: 00000003201711181458
next_va: 20
val_cha: 1000
nod_cha: 00000000000000000000000000000000
startid: 00000001000000000000000000000001
next_id: 00000001000000000000000000000013
versiid: 00000003201711181458
next_va: 20
val_cha: 1000
nod_cha: 00000000000000000000000000000000
startid: 00000002000000000000000000000002
next_id: 00000001000000000000000000000013
versiid: 00000003201711181458
next_va: 20
val_cha: 1000
nod_cha: 00000000000000000000000000000000
startid: 00000000000000000000000000000003
next_id: 00000001000000000000000000000013
versiid: 00000003201711181458
next_va: 20
val_cha: 1000
nod_cha: 00000000000000000000000000000000
startid: 00000001000000000000000000000004
next_id: 00000001000000000000000000000013
versiid: 00000003201711181458
next_va: 20
val_cha: 1000
nod_cha: 00000000000000000000000000000000
startid: 00000002000000000000000000000005
next_id: 00000001000000000000000000000013
versiid: 00000003201711181458
next_va: 20
val_cha: 1000
nod_cha: 00000000000000000000000000000000
startid: 00000000000000000000000000000006
next_id: 00000001000000000000000000000013
versiid: 00000003201711181458
next_va: 20
val_cha: 1000
nod_cha: 00000000000000000000000000000000
startid: 00000001000000000000000000000007
next_id: 00000001000000000000000000000013
versiid: 00000003201711181458
next_va: 20
val_cha: 1000
nod_cha: 00000000000000000000000000000000
startid: 00000002000000000000000000000008
next_id: 00000001000000000000000000000013
versiid: 00000003201711181458
next_va: 20
val_cha: 1000
nod_cha: 00000000000000000000000000000000
startid: 00000000000000000000000000000009
next_id: 00000001000000000000000000000013
versiid: 00000003201711181458
next_va: 20
val_cha: 1000
nod_cha: 00000000000000000000000000000000
startid: 0000000100000000000000000000000a
next_id: 00000001000000000000000000000013
versiid: 00000003201711181458
next_va: 20
val_cha: 1000
nod_cha: 00000000000000000000000000000000
startid: 0000000200000000000000000000000b
next_id: 00000001000000000000000000000013
versiid: 00000003201711181458
next_va: 20
val_cha: 1000
nod_cha: 00000000000000000000000000000000
startid: 0000000000000000000000000000000c
next_id: 00000001000000000000000000000013
versiid: 00000003201711181458
next_va: 20
val_cha: 1000
nod_cha: 00000000000000000000000000000000
startid: 0000000100000000000000000000000d
next_id: 00000001000000000000000000000013
versiid: 00000003201711181458
next_va: 20
val_cha: 1000
nod_cha: 00000000000000000000000000000000
startid: 0000000200000000000000000000000e
next_id: 00000001000000000000000000000013
versiid: 00000003201711181458
next_va: 20
val_cha: 1000
nod_cha: 00000000000000000000000000000000
startid: 0000000000000000000000000000000f
next_id: 00000001000000000000000000000013
versiid: 00000003201711181458
next_va: 20
val_cha: 1000
nod_cha: 00000000000000000000000000000000
startid: 00000001000000000000000000000010
next_id: 00000001000000000000000000000013
versiid: 00000003201711181458
next_va: 20
val_cha: 1000
nod_cha: 00000000000000000000000000000000
startid: 00000002000000000000000000000011
next_id: 00000001000000000000000000000013
versiid: 00000003201711181458
next_va: 20
val_cha: 1000
nod_cha: 00000000000000000000000000000000
startid: 00000000000000000000000000000012
next_id: 00000001000000000000000000000013
versiid: 00000003201711181458
next_va: 20
val_cha: 1000
nod_cha: 00000000000000000000000000000000
startid: 00000001000000000000000000000013
next_id: 00000001000000000000000000000013
versiid: 00000003201711181458
next_va: 20
val_cha: 1000
nod_cha: 00000000000000000000000000000000
startid: 00000002000000000000000000000014
next_id: 00000001000000000000000000000013
versiid: 00000003201711181458
next_va: 20
val_cha: 1000
nod_cha: 00000000000000000000000000000000
startid: 00000000000000000000000000000015
next_id: 00000001000000000000000000000013
versiid: 00000003201711181458
next_va: 20
val_cha: 1000
nod_cha: 00000000000000000000000000000000
startid: 00000001000000000000000000000016
next_id: 00000001000000000000000000000013
versiid: 00000003201711181458
next_va: 20
val_cha: 1000
nod_cha: 00000000000000000000000000000000
startid: 00000002000000000000000000000017
next_id: 00000001000000000000000000000013
versiid: 00000003201711181458
next_va: 20
val_cha: 1000
nod_cha: 00000000000000000000000000000000
startid: 00000000000000000000000000000018
next_id: 00000001000000000000000000000013
versiid: 00000003201711181458
next_va: 20
val_cha: 1000
nod_cha: 00000000000000000000000000000000
startid: 00000001000000000000000000000019
next_id: 00000001000000000000000000000013
versiid: 00000003201711181458
next_va: 20
val_cha: 1000
nod_cha: 00000000000000000000000000000000
startid: 0000000200000000000000000000001a
next_id: 00000001000000000000000000000013
versiid: 00000003201711181458
next_va: 20
val_cha: 1000
nod_cha: 00000000000000000000000000000000
startid: 0000000000000000000000000000001b
next_id: 00000001000000000000000000000013
versiid: 00000003201711181458
next_va: 20
val_cha: 1000
nod_cha: 00000000000000000000000000000000
startid: 0000000100000000000000000000001c
next_id: 00000001000000000000000000000013
versiid: 00000003201711181458
next_va: 20
val_cha: 1000
nod_cha: 00000000000000000000000000000000
startid: 0000000200000000000000000000001d
next_id: 00000001000000000000000000000013
versiid: 00000003201711181458
next_va: 20
val_cha: 1000
nod_cha: 00000000000000000000000000000000
startid: 0000000000000000000000000000001e
next_id: 00000001000000000000000000000013
versiid: 00000003201711181458
next_va: 20
val_cha: 1000
nod_cha: 00000000000000000000000000000000
startid: 0000000100000000000000000000001f
next_id: 00000001000000000000000000000013
versiid: 00000003201711181458
next_va: 20
val_cha: 1000
nod_cha: 00000000000000000000000000000000
startid: 00000002000000000000000000000020
next_id: 00000001000000000000000000000013
versiid: 00000003201711181458
next_va: 20
val_cha: 1000
nod_cha: 00000000000000000000000000000000
startid: 00000000000000000000000000000021
next_id: 00000001000000000000000000000013
versiid: 00000003201711181458
next_va: 20
val_cha: 1000
nod_cha: 00000000000000000000000000000000
startid: 00000001000000000000000000000022
next_id: 00000001000000000000000000000013
versiid: 00000003201711181458
next_va: 20
val_cha: 1000
nod_cha: 00000000000000000000000000000000
startid: 00000002000000000000000000000023
next_id: 00000001000000000000000000000013
versiid: 00000003201711181458
next_va: 20
val_cha: 1000
nod_cha: 00000000000000000000000000000000
startid: 00000000000000000000000000000024
next_id: 00000001000000000000000000000013
versiid: 00000003201711181458
next_va: 20
val_cha: 1000
nod_cha: 00000000000000000000000000000000
startid: 00000001000000000000000000000025
next_id: 00000001000000000000000000000013
versiid: 00000003201711181458
next_va: 20
val_cha: 1000
nod_cha: 00000000000000000000000000000000
startid: 00000002000000000000000000000026
next_id: 00000001000000000000000000000013
versiid: 00000003201711181458
next_va: 20
val_cha: 1000
nod_cha: 00000000000000000000000000000000
startid: 00000000000000000000000000000027
next_id: 00000001000000000000000000000013
versiid: 00000003201711181458
next_va: 20
val_cha: 1000
nod_cha: 00000000000000000000000000000000
startid: 00000001000000000000000000000028
next_id: 00000001000000000000000000000013
versiid: 00000003201711181458
next_va: 20
val_cha: 1000
nod_cha: 00000000000000000000000000000000
startid: 00000002000000000000000000000029
next_id: 00000001000000000000000000000013
versiid: 00000003201711181458
next_va: 20
val_cha: 1000
nod_cha: 00000000000000000000000000000000
startid: 0000000000000000000000000000002a
next_id: 00000001000000000000000000000013
versiid: 00000003201711181458
next_va: 20
val_cha: 1000
nod_cha: 00000000000000000000000000000000
startid: 0000000100000000000000000000002b
next_id: 00000001000000000000000000000013
versiid: 00000003201711181458
next_va: 20
val_cha: 1000
nod_cha: 00000000000000000000000000000000
startid: 0000000200000000000000000000002c
next_id: 00000001000000000000000000000013
versiid: 00000003201711181458
next_va: 20
val_cha: 1000
nod_cha: 00000000000000000000000000000000
startid: 0000000000000000000000000000002d
next_id: 00000001000000000000000000000013
versiid: 00000003201711181458
next_va: 20
val_cha: 1000
nod_cha: 00000000000000000000000000000000
startid: 0000000100000000000000000000002e
next_id: 00000001000000000000000000000013
versiid: 00000003201711181458
next_va: 20
val_cha: 1000
nod_cha: 00000000000000000000000000000000
startid: 0000000200000000000000000000002f
next_id: 00000001000000000000000000000013
versiid: 00000003201711181458
next_va: 20
val_cha: 1000
nod_cha: 00000000000000000000000000000000
startid: 00000000000000000000000000000030
next_id: 00000001000000000000000000000013
versiid: 00000003201711181458
next_va: 20
val_cha: 1000
nod_cha: 00000000000000000000000000000000
startid: 00000001000000000000000000000031
next_id: 00000001000000000000000000000013
versiid: 00000003201711181458
next_va: 20
val_cha: 1000
nod_cha: 00000000000000000000000000000000
startid: 00000002000000000000000000000032
next_id: 00000001000000000000000000000013
versiid: 00000003201711181458
next_va: 20
val_cha: 1000
nod_cha: 00000000000000000000000000000000
startid: 00000001000000000000000000000001
next_id: 00000001000000000000000000000016
versiid: 00000003201711181458
next_va: 20
val_cha: 1000
nod_cha: 00000000000000000000000000000000
startid: 00000002000000000000000000000002
next_id: 00000001000000000000000000000016
versiid: 00000003201711181458
next_va: 20
val_cha: 1000
nod_cha: 00000000000000000000000000000000
startid: 00000000000000000000000000000003
next_id: 00000001000000000000000000000016
versiid: 00000003201711181458
next_va: 20
val_cha: 1000
nod_cha: 00000000000000000000000000000000
startid: 00000001000000000000000000000004
next_id: 00000001000000000000000000000016
versiid: 00000003201711181458
next_va: 20
val_cha: 1000
nod_cha: 00000000000000000000000000000000
startid: 00000002000000000000000000000005
next_id: 00000001000000000000000000000016
versiid: 00000003201711181458
next_va: 20
val_cha: 1000
nod_cha: 00000000000000000000000000000000
startid: 00000000000000000000000000000006
next_id: 00000001000000000000000000000016
versiid: 00000003201711181458
next_va: 20
val_cha: 1000
nod_cha: 00000000000000000000000000000000
startid: 00000001000000000000000000000007
next_id: 00000001000000000000000000000016
versiid: 00000003201711181458
next_va: 20
val_cha: 1000
nod_cha: 00000000000000000000000000000000
startid: 00000002000000000000000000000008
next_id: 00000001000000000000000000000016
versiid: 00000003201711181458
next_va: 20
val_cha: 1000
nod_cha: 00000000000000000000000000000000
startid: 00000000000000000000000000000009
next_id: 00000001000000000000000000000016
versiid: 00000003201711181458
next_va: 20
val_cha: 1000
nod_cha: 00000000000000000000000000000000
startid: 0000000100000000000000000000000a
next_id: 00000001000000000000000000000016
versiid: 00000003201711181458
next_va: 20
val_cha: 1000
nod_cha: 00000000000000000000000000000000
startid: 0000000200000000000000000000000b
next_id: 00000001000000000000000000000016
versiid: 00000003201711181458
next_va: 20
val_cha: 1000
nod_cha: 00000000000000000000000000000000
startid: 0000000000000000000000000000000c
next_id: 00000001000000000000000000000016
versiid: 00000003201711181458
next_va: 20
val_cha: 1000
nod_cha: 00000000000000000000000000000000
startid: 0000000100000000000000000000000d
next_id: 00000001000000000000000000000016
versiid: 00000003201711181458
next_va: 20
val_cha: 1000
nod_cha: 00000000000000000000000000000000
startid: 0000000200000000000000000000000e
next_id: 00000001000000000000000000000016
versiid: 00000003201711181458
next_va: 20
val_cha: 1000
nod_cha: 00000000000000000000000000000000
startid: 0000000000000000000000000000000f
next_id: 00000001000000000000000000000016
versiid: 00000003201711181458
next_va: 20
val_cha: 1000
nod_cha: 00000000000000000000000000000000
startid: 00000001000000000000000000000010
next_id: 00000001000000000000000000000016
versiid: 00000003201711181458
next_va: 20
val_cha: 1000
nod_cha: 00000000000000000000000000000000
startid: 00000002000000000000000000000011
next_id: 00000001000000000000000000000016
versiid: 00000003201711181458
next_va: 20
val_cha: 1000
nod_cha: 00000000000000000000000000000000
startid: 00000000000000000000000000000012
next_id: 00000001000000000000000000000016
versiid: 00000003201711181458
next_va: 20
val_cha: 1000
nod_cha: 00000000000000000000000000000000
startid: 00000001000000000000000000000013
next_id: 00000001000000000000000000000016
versiid: 00000003201711181458
next_va: 20
val_cha: 1000
nod_cha: 00000000000000000000000000000000
startid: 00000002000000000000000000000014
next_id: 00000001000000000000000000000016
versiid: 00000003201711181458
next_va: 20
val_cha: 1000
nod_cha: 00000000000000000000000000000000
startid: 00000000000000000000000000000015
next_id: 00000001000000000000000000000016
versiid: 00000003201711181458
next_va: 20
val_cha: 1000
nod_cha: 00000000000000000000000000000000
startid: 00000001000000000000000000000016
next_id: 00000001000000000000000000000016
versiid: 00000003201711181458
next_va: 20
val_cha: 1000
nod_cha: 00000000000000000000000000000000
startid: 00000002000000000000000000000017
next_id: 00000001000000000000000000000016
versiid: 00000003201711181458
next_va: 20
val_cha: 1000
nod_cha: 00000000000000000000000000000000
startid: 00000000000000000000000000000018
next_id: 00000001000000000000000000000016
versiid: 00000003201711181458
next_va: 20
val_cha: 1000
nod_cha: 00000000000000000000000000000000
startid: 00000001000000000000000000000019
next_id: 00000001000000000000000000000016
versiid: 00000003201711181458
next_va: 20
val_cha: 1000
nod_cha: 00000000000000000000000000000000
startid: 0000000200000000000000000000001a
next_id: 00000001000000000000000000000016
versiid: 00000003201711181458
next_va: 20
val_cha: 1000
nod_cha: 00000000000000000000000000000000
startid: 0000000000000000000000000000001b
next_id: 00000001000000000000000000000016
versiid: 00000003201711181458
next_va: 20
val_cha: 1000
nod_cha: 00000000000000000000000000000000
startid: 0000000100000000000000000000001c
next_id: 00000001000000000000000000000016
versiid: 00000003201711181458
next_va: 20
val_cha: 1000
nod_cha: 00000000000000000000000000000000
startid: 0000000200000000000000000000001d
next_id: 00000001000000000000000000000016
versiid: 00000003201711181458
next_va: 20
val_cha: 1000
nod_cha: 00000000000000000000000000000000
startid: 0000000000000000000000000000001e
next_id: 00000001000000000000000000000016
versiid: 00000003201711181458
next_va: 20
val_cha: 1000
nod_cha: 00000000000000000000000000000000
startid: 0000000100000000000000000000001f
next_id: 00000001000000000000000000000016
versiid: 00000003201711181458
next_va: 20
val_cha: 1000
nod_cha: 00000000000000000000000000000000
startid: 00000002000000000000000000000020
next_id: 00000001000000000000000000000016
versiid: 00000003201711181458
next_va: 20
val_cha: 1000
nod_cha: 00000000000000000000000000000000
startid: 00000000000000000000000000000021
next_id: 00000001000000000000000000000016
versiid: 00000003201711181458
next_va: 20
val_cha: 1000
nod_cha: 00000000000000000000000000000000
startid: 00000001000000000000000000000022
next_id: 00000001000000000000000000000016
versiid: 00000003201711181458
next_va: 20
val_cha: 1000
nod_cha: 00000000000000000000000000000000
startid: 00000002000000000000000000000023
next_id: 00000001000000000000000000000016
versiid: 00000003201711181458
next_va: 20
val_cha: 1000
nod_cha: 00000000000000000000000000000000
startid: 00000000000000000000000000000024
next_id: 00000001000000000000000000000016
versiid: 00000003201711181458
next_va: 20
val_cha: 1000
nod_cha: 00000000000000000000000000000000
startid: 00000001000000000000000000000025
next_id: 00000001000000000000000000000016
versiid: 00000003201711181458
next_va: 20
val_cha: 1000
nod_cha: 00000000000000000000000000000000
startid: 00000002000000000000000000000026
next_id: 00000001000000000000000000000016
versiid: 00000003201711181458
next_va: 20
val_cha: 1000
nod_cha: 00000000000000000000000000000000
startid: 00000000000000000000000000000027
next_id: 00000001000000000000000000000016
versiid: 00000003201711181458
next_va: 20
val_cha: 1000
nod_cha: 00000000000000000000000000000000
startid: 00000001000000000000000000000028
next_id: 00000001000000000000000000000016
versiid: 00000003201711181458
next_va: 20
val_cha: 1000
nod_cha: 00000000000000000000000000000000
startid: 00000002000000000000000000000029
next_id: 00000001000000000000000000000016
versiid: 00000003201711181458
next_va: 20
val_cha: 1000
nod_cha: 00000000000000000000000000000000
startid: 0000000000000000000000000000002a
next_id: 00000001000000000000000000000016
versiid: 00000003201711181458
next_va: 20
val_cha: 1000
nod_cha: 00000000000000000000000000000000
startid: 0000000100000000000000000000002b
next_id: 00000001000000000000000000000016
versiid: 00000003201711181458
next_va: 20
val_cha: 1000
nod_cha: 00000000000000000000000000000000
startid: 0000000200000000000000000000002c
next_id: 00000001000000000000000000000016
versiid: 00000003201711181458
next_va: 20
val_cha: 1000
nod_cha: 00000000000000000000000000000000
startid: 0000000000000000000000000000002d
next_id: 00000001000000000000000000000016
versiid: 00000003201711181458
next_va: 20
val_cha: 1000
nod_cha: 00000000000000000000000000000000
startid: 0000000100000000000000000000002e
next_id: 00000001000000000000000000000016
versiid: 00000003201711181458
next_va: 20
val_cha: 1000
nod_cha: 00000000000000000000000000000000
startid: 0000000200000000000000000000002f
next_id: 00000001000000000000000000000016
versiid: 00000003201711181458
next_va: 20
val_cha: 1000
nod_cha: 00000000000000000000000000000000
startid: 00000000000000000000000000000030
next_id: 00000001000000000000000000000016
versiid: 00000003201711181458
next_va: 20
val_cha: 1000
nod_cha: 00000000000000000000000000000000
startid: 00000001000000000000000000000031
next_id: 00000001000000000000000000000016
versiid: 00000003201711181458
next_va: 20
val_cha: 1000
nod_cha: 00000000000000000000000000000000
startid: 00000002000000000000000000000032
next_id: 00000001000000000000000000000016
versiid: 00000003201711181458
next_va: 20
val_cha: 1000
nod_cha: 00000000000000000000000000000000
startid: 00000001000000000000000000000001
next_id: 00000001000000000000000000000019
versiid: 00000003201711181458
next_va: 20
val_cha: 1000
nod_cha: 00000000000000000000000000000000
startid: 00000002000000000000000000000002
next_id: 00000001000000000000000000000019
versiid: 00000003201711181458
next_va: 20
val_cha: 1000
nod_cha: 00000000000000000000000000000000
startid: 00000000000000000000000000000003
next_id: 00000001000000000000000000000019
versiid: 00000003201711181458
next_va: 20
val_cha: 1000
nod_cha: 00000000000000000000000000000000
startid: 00000001000000000000000000000004
next_id: 00000001000000000000000000000019
versiid: 00000003201711181458
next_va: 20
val_cha: 1000
nod_cha: 00000000000000000000000000000000
startid: 00000002000000000000000000000005
next_id: 00000001000000000000000000000019
versiid: 00000003201711181458
next_va: 20
val_cha: 1000
nod_cha: 00000000000000000000000000000000
startid: 00000000000000000000000000000006
next_id: 00000001000000000000000000000019
versiid: 00000003201711181458
next_va: 20
val_cha: 1000
nod_cha: 00000000000000000000000000000000
startid: 00000001000000000000000000000007
next_id: 00000001000000000000000000000019
versiid: 00000003201711181458
next_va: 20
val_cha: 1000
nod_cha: 00000000000000000000000000000000
startid: 00000002000000000000000000000008
next_id: 00000001000000000000000000000019
versiid: 00000003201711181458
next_va: 20
val_cha: 1000
nod_cha: 00000000000000000000000000000000
startid: 00000000000000000000000000000009
next_id: 00000001000000000000000000000019
versiid: 00000003201711181458
next_va: 20
val_cha: 1000
nod_cha: 00000000000000000000000000000000
startid: 0000000100000000000000000000000a
next_id: 00000001000000000000000000000019
versiid: 00000003201711181458
next_va: 20
val_cha: 1000
nod_cha: 00000000000000000000000000000000
startid: 0000000200000000000000000000000b
next_id: 00000001000000000000000000000019
versiid: 00000003201711181458
next_va: 20
val_cha: 1000
nod_cha: 00000000000000000000000000000000
startid: 0000000000000000000000000000000c
next_id: 00000001000000000000000000000019
versiid: 00000003201711181458
next_va: 20
val_cha: 1000
nod_cha: 00000000000000000000000000000000
startid: 0000000100000000000000000000000d
next_id: 00000001000000000000000000000019
versiid: 00000003201711181458
next_va: 20
val_cha: 1000
nod_cha: 00000000000000000000000000000000
startid: 0000000200000000000000000000000e
next_id: 00000001000000000000000000000019
versiid: 00000003201711181458
next_va: 20
val_cha: 1000
nod_cha: 00000000000000000000000000000000
startid: 0000000000000000000000000000000f
next_id: 00000001000000000000000000000019
versiid: 00000003201711181458
next_va: 20
val_cha: 1000
nod_cha: 00000000000000000000000000000000
startid: 00000001000000000000000000000010
next_id: 00000001000000000000000000000019
versiid: 00000003201711181458
next_va: 20
val_cha: 1000
nod_cha: 00000000000000000000000000000000
startid: 00000002000000000000000000000011
next_id: 00000001000000000000000000000019
versiid: 00000003201711181458
next_va: 20
val_cha: 1000
nod_cha: 00000000000000000000000000000000
startid: 00000000000000000000000000000012
next_id: 00000001000000000000000000000019
versiid: 00000003201711181458
next_va: 20
val_cha: 1000
nod_cha: 00000000000000000000000000000000
startid: 00000001000000000000000000000013
next_id: 00000001000000000000000000000019
versiid: 00000003201711181458
next_va: 20
val_cha: 1000
nod_cha: 00000000000000000000000000000000
startid: 00000002000000000000000000000014
next_id: 00000001000000000000000000000019
versiid: 00000003201711181458
next_va: 20
val_cha: 1000
nod_cha: 00000000000000000000000000000000
startid: 00000000000000000000000000000015
next_id: 00000001000000000000000000000019
versiid: 00000003201711181458
next_va: 20
val_cha: 1000
nod_cha: 00000000000000000000000000000000
startid: 00000001000000000000000000000016
next_id: 00000001000000000000000000000019
versiid: 00000003201711181458
next_va: 20
val_cha: 1000
nod_cha: 00000000000000000000000000000000
startid: 00000002000000000000000000000017
next_id: 00000001000000000000000000000019
versiid: 00000003201711181458
next_va: 20
val_cha: 1000
nod_cha: 00000000000000000000000000000000
startid: 00000000000000000000000000000018
next_id: 00000001000000000000000000000019
versiid: 00000003201711181458
next_va: 20
val_cha: 1000
nod_cha: 00000000000000000000000000000000
startid: 00000001000000000000000000000019
next_id: 00000001000000000000000000000019
versiid: 00000003201711181458
next_va: 20
val_cha: 1000
nod_cha: 00000000000000000000000000000000
startid: 0000000200000000000000000000001a
next_id: 00000001000000000000000000000019
versiid: 00000003201711181458
next_va: 20
val_cha: 1000
nod_cha: 00000000000000000000000000000000
startid: 0000000000000000000000000000001b
next_id: 00000001000000000000000000000019
versiid: 00000003201711181458
next_va: 20
val_cha: 1000
nod_cha: 00000000000000000000000000000000
startid: 0000000100000000000000000000001c
next_id: 00000001000000000000000000000019
versiid: 00000003201711181458
next_va: 20
val_cha: 1000
nod_cha: 00000000000000000000000000000000
startid: 0000000200000000000000000000001d
next_id: 00000001000000000000000000000019
versiid: 00000003201711181458
next_va: 20
val_cha: 1000
nod_cha: 00000000000000000000000000000000
startid: 0000000000000000000000000000001e
next_id: 00000001000000000000000000000019
versiid: 00000003201711181458
next_va: 20
val_cha: 1000
nod_cha: 00000000000000000000000000000000
startid: 0000000100000000000000000000001f
next_id: 00000001000000000000000000000019
versiid: 00000003201711181458
next_va: 20
val_cha: 1000
nod_cha: 00000000000000000000000000000000
startid: 00000002000000000000000000000020
next_id: 00000001000000000000000000000019
versiid: 00000003201711181458
next_va: 20
val_cha: 1000
nod_cha: 00000000000000000000000000000000
startid: 00000000000000000000000000000021
next_id: 00000001000000000000000000000019
versiid: 00000003201711181458
next_va: 20
val_cha: 1000
nod_cha: 00000000000000000000000000000000
startid: 00000001000000000000000000000022
next_id: 00000001000000000000000000000019
versiid: 00000003201711181458
next_va: 20
val_cha: 1000
nod_cha: 00000000000000000000000000000000
startid: 00000002000000000000000000000023
next_id: 00000001000000000000000000000019
versiid: 00000003201711181458
next_va: 20
val_cha: 1000
nod_cha: 00000000000000000000000000000000
startid: 00000000000000000000000000000024
next_id: 00000001000000000000000000000019
versiid: 00000003201711181458
next_va: 20
val_cha: 1000
nod_cha: 00000000000000000000000000000000
startid: 00000001000000000000000000000025
next_id: 00000001000000000000000000000019
versiid: 00000003201711181458
next_va: 20
val_cha: 1000
nod_cha: 00000000000000000000000000000000
startid: 00000002000000000000000000000026
next_id: 00000001000000000000000000000019
versiid: 00000003201711181458
next_va: 20
val_cha: 1000
nod_cha: 00000000000000000000000000000000
startid: 00000000000000000000000000000027
next_id: 00000001000000000000000000000019
versiid: 00000003201711181458
next_va: 20
val_cha: 1000
nod_cha: 00000000000000000000000000000000
startid: 00000001000000000000000000000028
next_id: 00000001000000000000000000000019
versiid: 00000003201711181458
next_va: 20
val_cha: 1000
nod_cha: 00000000000000000000000000000000
startid: 00000002000000000000000000000029
next_id: 00000001000000000000000000000019
versiid: 00000003201711181458
next_va: 20
val_cha: 1000
nod_cha: 00000000000000000000000000000000
startid: 0000000000000000000000000000002a
next_id: 00000001000000000000000000000019
versiid: 00000003201711181458
next_va: 20
val_cha: 1000
nod_cha: 00000000000000000000000000000000
startid: 0000000100000000000000000000002b
next_id: 00000001000000000000000000000019
versiid: 00000003201711181458
next_va: 20
val_cha: 1000
nod_cha: 00000000000000000000000000000000
startid: 0000000200000000000000000000002c
next_id: 00000001000000000000000000000019
versiid: 00000003201711181458
next_va: 20
val_cha: 1000
nod_cha: 00000000000000000000000000000000
startid: 0000000000000000000000000000002d
next_id: 00000001000000000000000000000019
versiid: 00000003201711181458
next_va: 20
val_cha: 1000
nod_cha: 00000000000000000000000000000000
startid: 0000000100000000000000000000002e
next_id: 00000001000000000000000000000019
versiid: 00000003201711181458
next_va: 20
val_cha: 1000
nod_cha: 00000000000000000000000000000000
startid: 0000000200000000000000000000002f
next_id: 00000001000000000000000000000019
versiid: 00000003201711181458
next_va: 20
val_cha: 1000
nod_cha: 00000000000000000000000000000000
startid: 00000000000000000000000000000030
next_id: 00000001000000000000000000000019
versiid: 00000003201711181458
next_va: 20
val_cha: 1000
nod_cha: 00000000000000000000000000000000
startid: 00000001000000000000000000000031
next_id: 00000001000000000000000000000019
versiid: 00000003201711181458
next_va: 20
val_cha: 1000
nod_cha: 00000000000000000000000000000000
startid: 00000002000000000000000000000032
next_id: 00000001000000000000000000000019
versiid: 00000003201711181458
next_va: 20
val_cha: 1000
nod_cha: 00000000000000000000000000000000
startid: 00000001000000000000000000000001
next_id: 0000000100000000000000000000001c
versiid: 00000003201711181458
next_va: 20
val_cha: 1000
nod_cha: 00000000000000000000000000000000
startid: 00000002000000000000000000000002
next_id: 0000000100000000000000000000001c
versiid: 00000003201711181458
next_va: 20
val_cha: 1000
nod_cha: 00000000000000000000000000000000
startid: 00000000000000000000000000000003
next_id: 0000000100000000000000000000001c
versiid: 00000003201711181458
next_va: 20
val_cha: 1000
nod_cha: 00000000000000000000000000000000
startid: 00000001000000000000000000000004
next_id: 0000000100000000000000000000001c
versiid: 00000003201711181458
next_va: 20
val_cha: 1000
nod_cha: 00000000000000000000000000000000
startid: 00000002000000000000000000000005
next_id: 0000000100000000000000000000001c
versiid: 00000003201711181458
next_va: 20
val_cha: 1000
nod_cha: 00000000000000000000000000000000
startid: 00000000000000000000000000000006
next_id: 0000000100000000000000000000001c
versiid: 00000003201711181458
next_va: 20
val_cha: 1000
nod_cha: 00000000000000000000000000000000
startid: 00000001000000000000000000000007
next_id: 0000000100000000000000000000001c
versiid: 00000003201711181458
next_va: 20
val_cha: 1000
nod_cha: 00000000000000000000000000000000
startid: 00000002000000000000000000000008
next_id: 0000000100000000000000000000001c
versiid: 00000003201711181458
next_va: 20
val_cha: 1000
nod_cha: 00000000000000000000000000000000
startid: 00000000000000000000000000000009
next_id: 0000000100000000000000000000001c
versiid: 00000003201711181458
next_va: 20
val_cha: 1000
nod_cha: 00000000000000000000000000000000
startid: 0000000100000000000000000000000a
next_id: 0000000100000000000000000000001c
versiid: 00000003201711181458
next_va: 20
val_cha: 1000
nod_cha: 00000000000000000000000000000000
startid: 0000000200000000000000000000000b
next_id: 0000000100000000000000000000001c
versiid: 00000003201711181458
next_va: 20
val_cha: 1000
nod_cha: 00000000000000000000000000000000
startid: 0000000000000000000000000000000c
next_id: 0000000100000000000000000000001c
versiid: 00000003201711181458
next_va: 20
val_cha: 1000
nod_cha: 00000000000000000000000000000000
startid: 0000000100000000000000000000000d
next_id: 0000000100000000000000000000001c
versiid: 00000003201711181458
next_va: 20
val_cha: 1000
nod_cha: 00000000000000000000000000000000
startid: 0000000200000000000000000000000e
next_id: 0000000100000000000000000000001c
versiid: 00000003201711181458
next_va: 20
val_cha: 1000
nod_cha: 00000000000000000000000000000000
startid: 0000000000000000000000000000000f
next_id: 0000000100000000000000000000001c
versiid: 00000003201711181458
next_va: 20
val_cha: 1000
nod_cha: 00000000000000000000000000000000
startid: 00000001000000000000000000000010
next_id: 0000000100000000000000000000001c
versiid: 00000003201711181458
next_va: 20
val_cha: 1000
nod_cha: 00000000000000000000000000000000
startid: 00000002000000000000000000000011
next_id: 0000000100000000000000000000001c
versiid: 00000003201711181458
next_va: 20
val_cha: 1000
nod_cha: 00000000000000000000000000000000
startid: 00000000000000000000000000000012
next_id: 0000000100000000000000000000001c
versiid: 00000003201711181458
next_va: 20
val_cha: 1000
nod_cha: 00000000000000000000000000000000
startid: 00000001000000000000000000000013
next_id: 0000000100000000000000000000001c
versiid: 00000003201711181458
next_va: 20
val_cha: 1000
nod_cha: 00000000000000000000000000000000
startid: 00000002000000000000000000000014
next_id: 0000000100000000000000000000001c
versiid: 00000003201711181458
next_va: 20
val_cha: 1000
nod_cha: 00000000000000000000000000000000
startid: 00000000000000000000000000000015
next_id: 0000000100000000000000000000001c
versiid: 00000003201711181458
next_va: 20
val_cha: 1000
nod_cha: 00000000000000000000000000000000
startid: 00000001000000000000000000000016
next_id: 0000000100000000000000000000001c
versiid: 00000003201711181458
next_va: 20
val_cha: 1000
nod_cha: 00000000000000000000000000000000
startid: 00000002000000000000000000000017
next_id: 0000000100000000000000000000001c
versiid: 00000003201711181458
next_va: 20
val_cha: 1000
nod_cha: 00000000000000000000000000000000
startid: 00000000000000000000000000000018
next_id: 0000000100000000000000000000001c
versiid: 00000003201711181458
next_va: 20
val_cha: 1000
nod_cha: 00000000000000000000000000000000
startid: 00000001000000000000000000000019
next_id: 0000000100000000000000000000001c
versiid: 00000003201711181458
next_va: 20
val_cha: 1000
nod_cha: 00000000000000000000000000000000
startid: 0000000200000000000000000000001a
next_id: 0000000100000000000000000000001c
versiid: 00000003201711181458
next_va: 20
val_cha: 1000
nod_cha: 00000000000000000000000000000000
startid: 0000000000000000000000000000001b
next_id: 0000000100000000000000000000001c
versiid: 00000003201711181458
next_va: 20
val_cha: 1000
nod_cha: 00000000000000000000000000000000
startid: 0000000100000000000000000000001c
next_id: 0000000100000000000000000000001c
versiid: 00000003201711181458
next_va: 20
val_cha: 1000
nod_cha: 00000000000000000000000000000000
startid: 0000000200000000000000000000001d
next_id: 0000000100000000000000000000001c
versiid: 00000003201711181458
next_va: 20
val_cha: 1000
nod_cha: 00000000000000000000000000000000
startid: 0000000000000000000000000000001e
next_id: 0000000100000000000000000000001c
versiid: 00000003201711181458
next_va: 20
val_cha: 1000
nod_cha: 00000000000000000000000000000000
startid: 0000000100000000000000000000001f
next_id: 0000000100000000000000000000001c
versiid: 00000003201711181458
next_va: 20
val_cha: 1000
nod_cha: 00000000000000000000000000000000
startid: 00000002000000000000000000000020
next_id: 0000000100000000000000000000001c
versiid: 00000003201711181458
next_va: 20
val_cha: 1000
nod_cha: 00000000000000000000000000000000
startid: 00000000000000000000000000000021
next_id: 0000000100000000000000000000001c
versiid: 00000003201711181458
next_va: 20
val_cha: 1000
nod_cha: 00000000000000000000000000000000
startid: 00000001000000000000000000000022
next_id: 0000000100000000000000000000001c
versiid: 00000003201711181458
next_va: 20
val_cha: 1000
nod_cha: 00000000000000000000000000000000
startid: 00000002000000000000000000000023
next_id: 0000000100000000000000000000001c
versiid: 00000003201711181458
next_va: 20
val_cha: 1000
nod_cha: 00000000000000000000000000000000
startid: 00000000000000000000000000000024
next_id: 0000000100000000000000000000001c
versiid: 00000003201711181458
next_va: 20
val_cha: 1000
nod_cha: 00000000000000000000000000000000
startid: 00000001000000000000000000000025
next_id: 0000000100000000000000000000001c
versiid: 00000003201711181458
next_va: 20
val_cha: 1000
nod_cha: 00000000000000000000000000000000
startid: 00000002000000000000000000000026
next_id: 0000000100000000000000000000001c
versiid: 00000003201711181458
next_va: 20
val_cha: 1000
nod_cha: 00000000000000000000000000000000
startid: 00000000000000000000000000000027
next_id: 0000000100000000000000000000001c
versiid: 00000003201711181458
next_va: 20
val_cha: 1000
nod_cha: 00000000000000000000000000000000
startid: 00000001000000000000000000000028
next_id: 0000000100000000000000000000001c
versiid: 00000003201711181458
next_va: 20
val_cha: 1000
nod_cha: 00000000000000000000000000000000
startid: 00000002000000000000000000000029
next_id: 0000000100000000000000000000001c
versiid: 00000003201711181458
next_va: 20
val_cha: 1000
nod_cha: 00000000000000000000000000000000
startid: 0000000000000000000000000000002a
next_id: 0000000100000000000000000000001c
versiid: 00000003201711181458
next_va: 20
val_cha: 1000
nod_cha: 00000000000000000000000000000000
startid: 0000000100000000000000000000002b
next_id: 0000000100000000000000000000001c
versiid: 00000003201711181458
next_va: 20
val_cha: 1000
nod_cha: 00000000000000000000000000000000
startid: 0000000200000000000000000000002c
next_id: 0000000100000000000000000000001c
versiid: 00000003201711181458
next_va: 20
val_cha: 1000
nod_cha: 00000000000000000000000000000000
startid: 0000000000000000000000000000002d
next_id: 0000000100000000000000000000001c
versiid: 00000003201711181458
next_va: 20
val_cha: 1000
nod_cha: 00000000000000000000000000000000
startid: 0000000100000000000000000000002e
next_id: 0000000100000000000000000000001c
versiid: 00000003201711181458
next_va: 20
val_cha: 1000
nod_cha: 00000000000000000000000000000000
startid: 0000000200000000000000000000002f
next_id: 0000000100000000000000000000001c
versiid: 00000003201711181458
next_va: 20
val_cha: 1000
nod_cha: 00000000000000000000000000000000
startid: 00000000000000000000000000000030
next_id: 0000000100000000000000000000001c
versiid: 00000003201711181458
next_va: 20
val_cha: 1000
nod_cha: 00000000000000000000000000000000
startid: 00000001000000000000000000000031
next_id: 0000000100000000000000000000001c
versiid: 00000003201711181458
next_va: 20
val_cha: 1000
nod_cha: 00000000000000000000000000000000
startid: 00000002000000000000000000000032
next_id: 0000000100000000000000000000001c
versiid: 00000003201711181458
next_va: 20
val_cha: 1000
nod_cha: 00000000000000000000000000000000
startid: 00000001000000000000000000000001
next_id: 0000000100000000000000000000001f
versiid: 00000003201711181458
next_va: 20
val_cha: 1000
nod_cha: 00000000000000000000000000000000
startid: 00000002000000000000000000000002
next_id: 0000000100000000000000000000001f
versiid: 00000003201711181458
next_va: 20
val_cha: 1000
nod_cha: 00000000000000000000000000000000
startid: 00000000000000000000000000000003
next_id: 0000000100000000000000000000001f
versiid: 00000003201711181458
next_va: 20
val_cha: 1000
nod_cha: 00000000000000000000000000000000
startid: 00000001000000000000000000000004
next_id: 0000000100000000000000000000001f
versiid: 00000003201711181458
next_va: 20
val_cha: 1000
nod_cha: 00000000000000000000000000000000
startid: 00000002000000000000000000000005
next_id: 0000000100000000000000000000001f
versiid: 00000003201711181458
next_va: 20
val_cha: 1000
nod_cha: 00000000000000000000000000000000
startid: 00000000000000000000000000000006
next_id: 0000000100000000000000000000001f
versiid: 00000003201711181458
next_va: 20
val_cha: 1000
nod_cha: 00000000000000000000000000000000
startid: 00000001000000000000000000000007
next_id: 0000000100000000000000000000001f
versiid: 00000003201711181458
next_va: 20
val_cha: 1000
nod_cha: 00000000000000000000000000000000
startid: 00000002000000000000000000000008
next_id: 0000000100000000000000000000001f
versiid: 00000003201711181458
next_va: 20
val_cha: 1000
nod_cha: 00000000000000000000000000000000
startid: 00000000000000000000000000000009
next_id: 0000000100000000000000000000001f
versiid: 00000003201711181458
next_va: 20
val_cha: 1000
nod_cha: 00000000000000000000000000000000
startid: 0000000100000000000000000000000a
next_id: 0000000100000000000000000000001f
versiid: 00000003201711181458
next_va: 20
val_cha: 1000
nod_cha: 00000000000000000000000000000000
startid: 0000000200000000000000000000000b
next_id: 0000000100000000000000000000001f
versiid: 00000003201711181458
next_va: 20
val_cha: 1000
nod_cha: 00000000000000000000000000000000
startid: 0000000000000000000000000000000c
next_id: 0000000100000000000000000000001f
versiid: 00000003201711181458
next_va: 20
val_cha: 1000
nod_cha: 00000000000000000000000000000000
startid: 0000000100000000000000000000000d
next_id: 0000000100000000000000000000001f
versiid: 00000003201711181458
next_va: 20
val_cha: 1000
nod_cha: 00000000000000000000000000000000
startid: 0000000200000000000000000000000e
next_id: 0000000100000000000000000000001f
versiid: 00000003201711181458
next_va: 20
val_cha: 1000
nod_cha: 00000000000000000000000000000000
startid: 0000000000000000000000000000000f
next_id: 0000000100000000000000000000001f
versiid: 00000003201711181458
next_va: 20
val_cha: 1000
nod_cha: 00000000000000000000000000000000
startid: 00000001000000000000000000000010
next_id: 0000000100000000000000000000001f
versiid: 00000003201711181458
next_va: 20
val_cha: 1000
nod_cha: 00000000000000000000000000000000
startid: 00000002000000000000000000000011
next_id: 0000000100000000000000000000001f
versiid: 00000003201711181458
next_va: 20
val_cha: 1000
nod_cha: 00000000000000000000000000000000
startid: 00000000000000000000000000000012
next_id: 0000000100000000000000000000001f
versiid: 00000003201711181458
next_va: 20
val_cha: 1000
nod_cha: 00000000000000000000000000000000
startid: 00000001000000000000000000000013
next_id: 0000000100000000000000000000001f
versiid: 00000003201711181458
next_va: 20
val_cha: 1000
nod_cha: 00000000000000000000000000000000
startid: 00000002000000000000000000000014
next_id: 0000000100000000000000000000001f
versiid: 00000003201711181458
next_va: 20
val_cha: 1000
nod_cha: 00000000000000000000000000000000
startid: 00000000000000000000000000000015
next_id: 0000000100000000000000000000001f
versiid: 00000003201711181458
next_va: 20
val_cha: 1000
nod_cha: 00000000000000000000000000000000
startid: 00000001000000000000000000000016
next_id: 0000000100000000000000000000001f
versiid: 00000003201711181458
next_va: 20
val_cha: 1000
nod_cha: 00000000000000000000000000000000
startid: 00000002000000000000000000000017
next_id: 0000000100000000000000000000001f
versiid: 00000003201711181458
next_va: 20
val_cha: 1000
nod_cha: 00000000000000000000000000000000
startid: 00000000000000000000000000000018
next_id: 0000000100000000000000000000001f
versiid: 00000003201711181458
next_va: 20
val_cha: 1000
nod_cha: 00000000000000000000000000000000
startid: 00000001000000000000000000000019
next_id: 0000000100000000000000000000001f
versiid: 00000003201711181458
next_va: 20
val_cha: 1000
nod_cha: 00000000000000000000000000000000
startid: 0000000200000000000000000000001a
next_id: 0000000100000000000000000000001f
versiid: 00000003201711181458
next_va: 20
val_cha: 1000
nod_cha: 00000000000000000000000000000000
startid: 0000000000000000000000000000001b
next_id: 0000000100000000000000000000001f
versiid: 00000003201711181458
next_va: 20
val_cha: 1000
nod_cha: 00000000000000000000000000000000
startid: 0000000100000000000000000000001c
next_id: 0000000100000000000000000000001f
versiid: 00000003201711181458
next_va: 20
val_cha: 1000
nod_cha: 00000000000000000000000000000000
startid: 0000000200000000000000000000001d
next_id: 0000000100000000000000000000001f
versiid: 00000003201711181458
next_va: 20
val_cha: 1000
nod_cha: 00000000000000000000000000000000
startid: 0000000000000000000000000000001e
next_id: 0000000100000000000000000000001f
versiid: 00000003201711181458
next_va: 20
val_cha: 1000
nod_cha: 00000000000000000000000000000000
startid: 0000000100000000000000000000001f
next_id: 0000000100000000000000000000001f
versiid: 00000003201711181458
next_va: 20
val_cha: 1000
nod_cha: 00000000000000000000000000000000
startid: 00000002000000000000000000000020
next_id: 0000000100000000000000000000001f
versiid: 00000003201711181458
next_va: 20
val_cha: 1000
nod_cha: 00000000000000000000000000000000
startid: 00000000000000000000000000000021
next_id: 0000000100000000000000000000001f
versiid: 00000003201711181458
next_va: 20
val_cha: 1000
nod_cha: 00000000000000000000000000000000
startid: 00000001000000000000000000000022
next_id: 0000000100000000000000000000001f
versiid: 00000003201711181458
next_va: 20
val_cha: 1000
nod_cha: 00000000000000000000000000000000
startid: 00000002000000000000000000000023
next_id: 0000000100000000000000000000001f
versiid: 00000003201711181458
next_va: 20
val_cha: 1000
nod_cha: 00000000000000000000000000000000
startid: 00000000000000000000000000000024
next_id: 0000000100000000000000000000001f
versiid: 00000003201711181458
next_va: 20
val_cha: 1000
nod_cha: 00000000000000000000000000000000
startid: 00000001000000000000000000000025
next_id: 0000000100000000000000000000001f
versiid: 00000003201711181458
next_va: 20
val_cha: 1000
nod_cha: 00000000000000000000000000000000
startid: 00000002000000000000000000000026
next_id: 0000000100000000000000000000001f
versiid: 00000003201711181458
next_va: 20
val_cha: 1000
nod_cha: 00000000000000000000000000000000
startid: 00000000000000000000000000000027
next_id: 0000000100000000000000000000001f
versiid: 00000003201711181458
next_va: 20
val_cha: 1000
nod_cha: 00000000000000000000000000000000
startid: 00000001000000000000000000000028
next_id: 0000000100000000000000000000001f
versiid: 00000003201711181458
next_va: 20
val_cha: 1000
nod_cha: 00000000000000000000000000000000
startid: 00000002000000000000000000000029
next_id: 0000000100000000000000000000001f
versiid: 00000003201711181458
next_va: 20
val_cha: 1000
nod_cha: 00000000000000000000000000000000
startid: 0000000000000000000000000000002a
next_id: 0000000100000000000000000000001f
versiid: 00000003201711181458
next_va: 20
val_cha: 1000
nod_cha: 00000000000000000000000000000000
startid: 0000000100000000000000000000002b
next_id: 0000000100000000000000000000001f
versiid: 00000003201711181458
next_va: 20
val_cha: 1000
nod_cha: 00000000000000000000000000000000
startid: 0000000200000000000000000000002c
next_id: 0000000100000000000000000000001f
versiid: 00000003201711181458
next_va: 20
val_cha: 1000
nod_cha: 00000000000000000000000000000000
startid: 0000000000000000000000000000002d
next_id: 0000000100000000000000000000001f
versiid: 00000003201711181458
next_va: 20
val_cha: 1000
nod_cha: 00000000000000000000000000000000
startid: 0000000100000000000000000000002e
next_id: 0000000100000000000000000000001f
versiid: 00000003201711181458
next_va: 20
val_cha: 1000
nod_cha: 00000000000000000000000000000000
startid: 0000000200000000000000000000002f
next_id: 0000000100000000000000000000001f
versiid: 00000003201711181458
next_va: 20
val_cha: 1000
nod_cha: 00000000000000000000000000000000
startid: 00000000000000000000000000000030
next_id: 0000000100000000000000000000001f
versiid: 00000003201711181458
next_va: 20
val_cha: 1000
nod_cha: 00000000000000000000000000000000
startid: 00000001000000000000000000000031
next_id: 0000000100000000000000000000001f
versiid: 00000003201711181458
next_va: 20
val_cha: 1000
nod_cha: 00000000000000000000000000000000
startid: 00000002000000000000000000000032
next_id: 0000000100000000000000000000001f
versiid: 00000003201711181458
next_va: 20
val_cha: 1000
nod_cha: 00000000000000000000000000000000
startid: 00000001000000000000000000000001
next_id: 00000001000000000000000000000022
versiid: 00000003201711181458
next_va: 20
val_cha: 1000
nod_cha: 00000000000000000000000000000000
startid: 00000002000000000000000000000002
next_id: 00000001000000000000000000000022
versiid: 00000003201711181458
next_va: 20
val_cha: 1000
nod_cha: 00000000000000000000000000000000
startid: 00000000000000000000000000000003
next_id: 00000001000000000000000000000022
versiid: 00000003201711181458
next_va: 20
val_cha: 1000
nod_cha: 00000000000000000000000000000000
startid: 00000001000000000000000000000004
next_id: 00000001000000000000000000000022
versiid: 00000003201711181458
next_va: 20
val_cha: 1000
nod_cha: 00000000000000000000000000000000
startid: 00000002000000000000000000000005
next_id: 00000001000000000000000000000022
versiid: 00000003201711181458
next_va: 20
val_cha: 1000
nod_cha: 00000000000000000000000000000000
startid: 00000000000000000000000000000006
next_id: 00000001000000000000000000000022
versiid: 00000003201711181458
next_va: 20
val_cha: 1000
nod_cha: 00000000000000000000000000000000
startid: 00000001000000000000000000000007
next_id: 00000001000000000000000000000022
versiid: 00000003201711181458
next_va: 20
val_cha: 1000
nod_cha: 00000000000000000000000000000000
startid: 00000002000000000000000000000008
next_id: 00000001000000000000000000000022
versiid: 00000003201711181458
next_va: 20
val_cha: 1000
nod_cha: 00000000000000000000000000000000
startid: 00000000000000000000000000000009
next_id: 00000001000000000000000000000022
versiid: 00000003201711181458
next_va: 20
val_cha: 1000
nod_cha: 00000000000000000000000000000000
startid: 0000000100000000000000000000000a
next_id: 00000001000000000000000000000022
versiid: 00000003201711181458
next_va: 20
val_cha: 1000
nod_cha: 00000000000000000000000000000000
startid: 0000000200000000000000000000000b
next_id: 00000001000000000000000000000022
versiid: 00000003201711181458
next_va: 20
val_cha: 1000
nod_cha: 00000000000000000000000000000000
startid: 0000000000000000000000000000000c
next_id: 00000001000000000000000000000022
versiid: 00000003201711181458
next_va: 20
val_cha: 1000
nod_cha: 00000000000000000000000000000000
startid: 0000000100000000000000000000000d
next_id: 00000001000000000000000000000022
versiid: 00000003201711181458
next_va: 20
val_cha: 1000
nod_cha: 00000000000000000000000000000000
startid: 0000000200000000000000000000000e
next_id: 00000001000000000000000000000022
versiid: 00000003201711181458
next_va: 20
val_cha: 1000
nod_cha: 00000000000000000000000000000000
startid: 0000000000000000000000000000000f
next_id: 00000001000000000000000000000022
versiid: 00000003201711181458
next_va: 20
val_cha: 1000
nod_cha: 00000000000000000000000000000000
startid: 00000001000000000000000000000010
next_id: 00000001000000000000000000000022
versiid: 00000003201711181458
next_va: 20
val_cha: 1000
nod_cha: 00000000000000000000000000000000
startid: 00000002000000000000000000000011
next_id: 00000001000000000000000000000022
versiid: 00000003201711181458
next_va: 20
val_cha: 1000
nod_cha: 00000000000000000000000000000000
startid: 00000000000000000000000000000012
next_id: 00000001000000000000000000000022
versiid: 00000003201711181458
next_va: 20
val_cha: 1000
nod_cha: 00000000000000000000000000000000
startid: 00000001000000000000000000000013
next_id: 00000001000000000000000000000022
versiid: 00000003201711181458
next_va: 20
val_cha: 1000
nod_cha: 00000000000000000000000000000000
startid: 00000002000000000000000000000014
next_id: 00000001000000000000000000000022
versiid: 00000003201711181458
next_va: 20
val_cha: 1000
nod_cha: 00000000000000000000000000000000
startid: 00000000000000000000000000000015
next_id: 00000001000000000000000000000022
versiid: 00000003201711181458
next_va: 20
val_cha: 1000
nod_cha: 00000000000000000000000000000000
startid: 00000001000000000000000000000016
next_id: 00000001000000000000000000000022
versiid: 00000003201711181458
next_va: 20
val_cha: 1000
nod_cha: 00000000000000000000000000000000
startid: 00000002000000000000000000000017
next_id: 00000001000000000000000000000022
versiid: 00000003201711181458
next_va: 20
val_cha: 1000
nod_cha: 00000000000000000000000000000000
startid: 00000000000000000000000000000018
next_id: 00000001000000000000000000000022
versiid: 00000003201711181458
next_va: 20
val_cha: 1000
nod_cha: 00000000000000000000000000000000
startid: 00000001000000000000000000000019
next_id: 00000001000000000000000000000022
versiid: 00000003201711181458
next_va: 20
val_cha: 1000
nod_cha: 00000000000000000000000000000000
startid: 0000000200000000000000000000001a
next_id: 00000001000000000000000000000022
versiid: 00000003201711181458
next_va: 20
val_cha: 1000
nod_cha: 00000000000000000000000000000000
startid: 0000000000000000000000000000001b
next_id: 00000001000000000000000000000022
versiid: 00000003201711181458
next_va: 20
val_cha: 1000
nod_cha: 00000000000000000000000000000000
startid: 0000000100000000000000000000001c
next_id: 00000001000000000000000000000022
versiid: 00000003201711181458
next_va: 20
val_cha: 1000
nod_cha: 00000000000000000000000000000000
startid: 0000000200000000000000000000001d
next_id: 00000001000000000000000000000022
versiid: 00000003201711181458
next_va: 20
val_cha: 1000
nod_cha: 00000000000000000000000000000000
startid: 0000000000000000000000000000001e
next_id: 00000001000000000000000000000022
versiid: 00000003201711181458
next_va: 20
val_cha: 1000
nod_cha: 00000000000000000000000000000000
startid: 0000000100000000000000000000001f
next_id: 00000001000000000000000000000022
versiid: 00000003201711181458
next_va: 20
val_cha: 1000
nod_cha: 00000000000000000000000000000000
startid: 00000002000000000000000000000020
next_id: 00000001000000000000000000000022
versiid: 00000003201711181458
next_va: 20
val_cha: 1000
nod_cha: 00000000000000000000000000000000
startid: 00000000000000000000000000000021
next_id: 00000001000000000000000000000022
versiid: 00000003201711181458
next_va: 20
val_cha: 1000
nod_cha: 00000000000000000000000000000000
startid: 00000001000000000000000000000022
next_id: 00000001000000000000000000000022
versiid: 00000003201711181458
next_va: 20
val_cha: 1000
nod_cha: 00000000000000000000000000000000
startid: 00000002000000000000000000000023
next_id: 00000001000000000000000000000022
versiid: 00000003201711181458
next_va: 20
val_cha: 1000
nod_cha: 00000000000000000000000000000000
startid: 00000000000000000000000000000024
next_id: 00000001000000000000000000000022
versiid: 00000003201711181458
next_va: 20
val_cha: 1000
nod_cha: 00000000000000000000000000000000
startid: 00000001000000000000000000000025
next_id: 00000001000000000000000000000022
versiid: 00000003201711181458
next_va: 20
val_cha: 1000
nod_cha: 00000000000000000000000000000000
startid: 00000002000000000000000000000026
next_id: 00000001000000000000000000000022
versiid: 00000003201711181458
next_va: 20
val_cha: 1000
nod_cha: 00000000000000000000000000000000
startid: 00000000000000000000000000000027
next_id: 00000001000000000000000000000022
versiid: 00000003201711181458
next_va: 20
val_cha: 1000
nod_cha: 00000000000000000000000000000000
startid: 00000001000000000000000000000028
next_id: 00000001000000000000000000000022
versiid: 00000003201711181458
next_va: 20
val_cha: 1000
nod_cha: 00000000000000000000000000000000
startid: 00000002000000000000000000000029
next_id: 00000001000000000000000000000022
versiid: 00000003201711181458
next_va: 20
val_cha: 1000
nod_cha: 00000000000000000000000000000000
startid: 0000000000000000000000000000002a
next_id: 00000001000000000000000000000022
versiid: 00000003201711181458
next_va: 20
val_cha: 1000
nod_cha: 00000000000000000000000000000000
startid: 0000000100000000000000000000002b
next_id: 00000001000000000000000000000022
versiid: 00000003201711181458
next_va: 20
val_cha: 1000
nod_cha: 00000000000000000000000000000000
startid: 0000000200000000000000000000002c
next_id: 00000001000000000000000000000022
versiid: 00000003201711181458
next_va: 20
val_cha: 1000
nod_cha: 00000000000000000000000000000000
startid: 0000000000000000000000000000002d
next_id: 00000001000000000000000000000022
versiid: 00000003201711181458
next_va: 20
val_cha: 1000
nod_cha: 00000000000000000000000000000000
startid: 0000000100000000000000000000002e
next_id: 00000001000000000000000000000022
versiid: 00000003201711181458
next_va: 20
val_cha: 1000
nod_cha: 00000000000000000000000000000000
startid: 0000000200000000000000000000002f
next_id: 00000001000000000000000000000022
versiid: 00000003201711181458
next_va: 20
val_cha: 1000
nod_cha: 00000000000000000000000000000000
startid: 00000000000000000000000000000030
next_id: 00000001000000000000000000000022
versiid: 00000003201711181458
next_va: 20
val_cha: 1000
nod_cha: 00000000000000000000000000000000
startid: 00000001000000000000000000000031
next_id: 00000001000000000000000000000022
versiid: 00000003201711181458
next_va: 20
val_cha: 1000
nod_cha: 00000000000000000000000000000000
startid: 00000002000000000000000000000032
next_id: 00000001000000000000000000000022
versiid: 00000003201711181458
next_va: 20
val_cha: 1000
nod_cha: 00000000000000000000000000000000
startid: 00000001000000000000000000000001
next_id: 00000001000000000000000000000025
versiid: 00000003201711181458
next_va: 20
val_cha: 1000
nod_cha: 00000000000000000000000000000000
startid: 00000002000000000000000000000002
next_id: 00000001000000000000000000000025
versiid: 00000003201711181458
next_va: 20
val_cha: 1000
nod_cha: 00000000000000000000000000000000
startid: 00000000000000000000000000000003
next_id: 00000001000000000000000000000025
versiid: 00000003201711181458
next_va: 20
val_cha: 1000
nod_cha: 00000000000000000000000000000000
startid: 00000001000000000000000000000004
next_id: 00000001000000000000000000000025
versiid: 00000003201711181458
next_va: 20
val_cha: 1000
nod_cha: 00000000000000000000000000000000
startid: 00000002000000000000000000000005
next_id: 00000001000000000000000000000025
versiid: 00000003201711181458
next_va: 20
val_cha: 1000
nod_cha: 00000000000000000000000000000000
startid: 00000000000000000000000000000006
next_id: 00000001000000000000000000000025
versiid: 00000003201711181458
next_va: 20
val_cha: 1000
nod_cha: 00000000000000000000000000000000
startid: 00000001000000000000000000000007
next_id: 00000001000000000000000000000025
versiid: 00000003201711181458
next_va: 20
val_cha: 1000
nod_cha: 00000000000000000000000000000000
startid: 00000002000000000000000000000008
next_id: 00000001000000000000000000000025
versiid: 00000003201711181458
next_va: 20
val_cha: 1000
nod_cha: 00000000000000000000000000000000
startid: 00000000000000000000000000000009
next_id: 00000001000000000000000000000025
versiid: 00000003201711181458
next_va: 20
val_cha: 1000
nod_cha: 00000000000000000000000000000000
startid: 0000000100000000000000000000000a
next_id: 00000001000000000000000000000025
versiid: 00000003201711181458
next_va: 20
val_cha: 1000
nod_cha: 00000000000000000000000000000000
startid: 0000000200000000000000000000000b
next_id: 00000001000000000000000000000025
versiid: 00000003201711181458
next_va: 20
val_cha: 1000
nod_cha: 00000000000000000000000000000000
startid: 0000000000000000000000000000000c
next_id: 00000001000000000000000000000025
versiid: 00000003201711181458
next_va: 20
val_cha: 1000
nod_cha: 00000000000000000000000000000000
startid: 0000000100000000000000000000000d
next_id: 00000001000000000000000000000025
versiid: 00000003201711181458
next_va: 20
val_cha: 1000
nod_cha: 00000000000000000000000000000000
startid: 0000000200000000000000000000000e
next_id: 00000001000000000000000000000025
versiid: 00000003201711181458
next_va: 20
val_cha: 1000
nod_cha: 00000000000000000000000000000000
startid: 0000000000000000000000000000000f
next_id: 00000001000000000000000000000025
versiid: 00000003201711181458
next_va: 20
val_cha: 1000
nod_cha: 00000000000000000000000000000000
startid: 00000001000000000000000000000010
next_id: 00000001000000000000000000000025
versiid: 00000003201711181458
next_va: 20
val_cha: 1000
nod_cha: 00000000000000000000000000000000
startid: 00000002000000000000000000000011
next_id: 00000001000000000000000000000025
versiid: 00000003201711181458
next_va: 20
val_cha: 1000
nod_cha: 00000000000000000000000000000000
startid: 00000000000000000000000000000012
next_id: 00000001000000000000000000000025
versiid: 00000003201711181458
next_va: 20
val_cha: 1000
nod_cha: 00000000000000000000000000000000
startid: 00000001000000000000000000000013
next_id: 00000001000000000000000000000025
versiid: 00000003201711181458
next_va: 20
val_cha: 1000
nod_cha: 00000000000000000000000000000000
startid: 00000002000000000000000000000014
next_id: 00000001000000000000000000000025
versiid: 00000003201711181458
next_va: 20
val_cha: 1000
nod_cha: 00000000000000000000000000000000
startid: 00000000000000000000000000000015
next_id: 00000001000000000000000000000025
versiid: 00000003201711181458
next_va: 20
val_cha: 1000
nod_cha: 00000000000000000000000000000000
startid: 00000001000000000000000000000016
next_id: 00000001000000000000000000000025
versiid: 00000003201711181458
next_va: 20
val_cha: 1000
nod_cha: 00000000000000000000000000000000
startid: 00000002000000000000000000000017
next_id: 00000001000000000000000000000025
versiid: 00000003201711181458
next_va: 20
val_cha: 1000
nod_cha: 00000000000000000000000000000000
startid: 00000000000000000000000000000018
next_id: 00000001000000000000000000000025
versiid: 00000003201711181458
next_va: 20
val_cha: 1000
nod_cha: 00000000000000000000000000000000
startid: 00000001000000000000000000000019
next_id: 00000001000000000000000000000025
versiid: 00000003201711181458
next_va: 20
val_cha: 1000
nod_cha: 00000000000000000000000000000000
startid: 0000000200000000000000000000001a
next_id: 00000001000000000000000000000025
versiid: 00000003201711181458
next_va: 20
val_cha: 1000
nod_cha: 00000000000000000000000000000000
startid: 0000000000000000000000000000001b
next_id: 00000001000000000000000000000025
versiid: 00000003201711181458
next_va: 20
val_cha: 1000
nod_cha: 00000000000000000000000000000000
startid: 0000000100000000000000000000001c
next_id: 00000001000000000000000000000025
versiid: 00000003201711181458
next_va: 20
val_cha: 1000
nod_cha: 00000000000000000000000000000000
startid: 0000000200000000000000000000001d
next_id: 00000001000000000000000000000025
versiid: 00000003201711181458
next_va: 20
val_cha: 1000
nod_cha: 00000000000000000000000000000000
startid: 0000000000000000000000000000001e
next_id: 00000001000000000000000000000025
versiid: 00000003201711181458
next_va: 20
val_cha: 1000
nod_cha: 00000000000000000000000000000000
startid: 0000000100000000000000000000001f
next_id: 00000001000000000000000000000025
versiid: 00000003201711181458
next_va: 20
val_cha: 1000
nod_cha: 00000000000000000000000000000000
startid: 00000002000000000000000000000020
next_id: 00000001000000000000000000000025
versiid: 00000003201711181458
next_va: 20
val_cha: 1000
nod_cha: 00000000000000000000000000000000
startid: 00000000000000000000000000000021
next_id: 00000001000000000000000000000025
versiid: 00000003201711181458
next_va: 20
val_cha: 1000
nod_cha: 00000000000000000000000000000000
startid: 00000001000000000000000000000022
next_id: 00000001000000000000000000000025
versiid: 00000003201711181458
next_va: 20
val_cha: 1000
nod_cha: 00000000000000000000000000000000
startid: 00000002000000000000000000000023
next_id: 00000001000000000000000000000025
versiid: 00000003201711181458
next_va: 20
val_cha: 1000
nod_cha: 00000000000000000000000000000000
startid: 00000000000000000000000000000024
next_id: 00000001000000000000000000000025
versiid: 00000003201711181458
next_va: 20
val_cha: 1000
nod_cha: 00000000000000000000000000000000
startid: 00000001000000000000000000000025
next_id: 00000001000000000000000000000025
versiid: 00000003201711181458
next_va: 20
val_cha: 1000
nod_cha: 00000000000000000000000000000000
startid: 00000002000000000000000000000026
next_id: 00000001000000000000000000000025
versiid: 00000003201711181458
next_va: 20
val_cha: 1000
nod_cha: 00000000000000000000000000000000
startid: 00000000000000000000000000000027
next_id: 00000001000000000000000000000025
versiid: 00000003201711181458
next_va: 20
val_cha: 1000
nod_cha: 00000000000000000000000000000000
startid: 00000001000000000000000000000028
next_id: 00000001000000000000000000000025
versiid: 00000003201711181458
next_va: 20
val_cha: 1000
nod_cha: 00000000000000000000000000000000
startid: 00000002000000000000000000000029
next_id: 00000001000000000000000000000025
versiid: 00000003201711181458
next_va: 20
val_cha: 1000
nod_cha: 00000000000000000000000000000000
startid: 0000000000000000000000000000002a
next_id: 00000001000000000000000000000025
versiid: 00000003201711181458
next_va: 20
val_cha: 1000
nod_cha: 00000000000000000000000000000000
startid: 0000000100000000000000000000002b
next_id: 00000001000000000000000000000025
versiid: 00000003201711181458
next_va: 20
val_cha: 1000
nod_cha: 00000000000000000000000000000000
startid: 0000000200000000000000000000002c
next_id: 00000001000000000000000000000025
versiid: 00000003201711181458
next_va: 20
val_cha: 1000
nod_cha: 00000000000000000000000000000000
startid: 0000000000000000000000000000002d
next_id: 00000001000000000000000000000025
versiid: 00000003201711181458
next_va: 20
val_cha: 1000
nod_cha: 00000000000000000000000000000000
startid: 0000000100000000000000000000002e
next_id: 00000001000000000000000000000025
versiid: 00000003201711181458
next_va: 20
val_cha: 1000
nod_cha: 00000000000000000000000000000000
startid: 0000000200000000000000000000002f
next_id: 00000001000000000000000000000025
versiid: 00000003201711181458
next_va: 20
val_cha: 1000
nod_cha: 00000000000000000000000000000000
startid: 00000000000000000000000000000030
next_id: 00000001000000000000000000000025
versiid: 00000003201711181458
next_va: 20
val_cha: 1000
nod_cha: 00000000000000000000000000000000
startid: 00000001000000000000000000000031
next_id: 00000001000000000000000000000025
versiid: 00000003201711181458
next_va: 20
val_cha: 1000
nod_cha: 00000000000000000000000000000000
startid: 00000002000000000000000000000032
next_id: 00000001000000000000000000000025
versiid: 00000003201711181458
next_va: 20
val_cha: 1000
nod_cha: 00000000000000000000000000000000
startid: 00000001000000000000000000000001
next_id: 00000001000000000000000000000028
versiid: 00000003201711181458
next_va: 20
val_cha: 1000
nod_cha: 00000000000000000000000000000000
startid: 00000002000000000000000000000002
next_id: 00000001000000000000000000000028
versiid: 00000003201711181458
next_va: 20
val_cha: 1000
nod_cha: 00000000000000000000000000000000
startid: 00000000000000000000000000000003
next_id: 00000001000000000000000000000028
versiid: 00000003201711181458
next_va: 20
val_cha: 1000
nod_cha: 00000000000000000000000000000000
startid: 00000001000000000000000000000004
next_id: 00000001000000000000000000000028
versiid: 00000003201711181458
next_va: 20
val_cha: 1000
nod_cha: 00000000000000000000000000000000
startid: 00000002000000000000000000000005
next_id: 00000001000000000000000000000028
versiid: 00000003201711181458
next_va: 20
val_cha: 1000
nod_cha: 00000000000000000000000000000000
startid: 00000000000000000000000000000006
next_id: 00000001000000000000000000000028
versiid: 00000003201711181458
next_va: 20
val_cha: 1000
nod_cha: 00000000000000000000000000000000
startid: 00000001000000000000000000000007
next_id: 00000001000000000000000000000028
versiid: 00000003201711181458
next_va: 20
val_cha: 1000
nod_cha: 00000000000000000000000000000000
startid: 00000002000000000000000000000008
next_id: 00000001000000000000000000000028
versiid: 00000003201711181458
next_va: 20
val_cha: 1000
nod_cha: 00000000000000000000000000000000
startid: 00000000000000000000000000000009
next_id: 00000001000000000000000000000028
versiid: 00000003201711181458
next_va: 20
val_cha: 1000
nod_cha: 00000000000000000000000000000000
startid: 0000000100000000000000000000000a
next_id: 00000001000000000000000000000028
versiid: 00000003201711181458
next_va: 20
val_cha: 1000
nod_cha: 00000000000000000000000000000000
startid: 0000000200000000000000000000000b
next_id: 00000001000000000000000000000028
versiid: 00000003201711181458
next_va: 20
val_cha: 1000
nod_cha: 00000000000000000000000000000000
startid: 0000000000000000000000000000000c
next_id: 00000001000000000000000000000028
versiid: 00000003201711181458
next_va: 20
val_cha: 1000
nod_cha: 00000000000000000000000000000000
startid: 0000000100000000000000000000000d
next_id: 00000001000000000000000000000028
versiid: 00000003201711181458
next_va: 20
val_cha: 1000
nod_cha: 00000000000000000000000000000000
startid: 0000000200000000000000000000000e
next_id: 00000001000000000000000000000028
versiid: 00000003201711181458
next_va: 20
val_cha: 1000
nod_cha: 00000000000000000000000000000000
startid: 0000000000000000000000000000000f
next_id: 00000001000000000000000000000028
versiid: 00000003201711181458
next_va: 20
val_cha: 1000
nod_cha: 00000000000000000000000000000000
startid: 00000001000000000000000000000010
next_id: 00000001000000000000000000000028
versiid: 00000003201711181458
next_va: 20
val_cha: 1000
nod_cha: 00000000000000000000000000000000
startid: 00000002000000000000000000000011
next_id: 00000001000000000000000000000028
versiid: 00000003201711181458
next_va: 20
val_cha: 1000
nod_cha: 00000000000000000000000000000000
startid: 00000000000000000000000000000012
next_id: 00000001000000000000000000000028
versiid: 00000003201711181458
next_va: 20
val_cha: 1000
nod_cha: 00000000000000000000000000000000
startid: 00000001000000000000000000000013
next_id: 00000001000000000000000000000028
versiid: 00000003201711181458
next_va: 20
val_cha: 1000
nod_cha: 00000000000000000000000000000000
startid: 00000002000000000000000000000014
next_id: 00000001000000000000000000000028
versiid: 00000003201711181458
next_va: 20
val_cha: 1000
nod_cha: 00000000000000000000000000000000
startid: 00000000000000000000000000000015
next_id: 00000001000000000000000000000028
versiid: 00000003201711181458
next_va: 20
val_cha: 1000
nod_cha: 00000000000000000000000000000000
startid: 00000001000000000000000000000016
next_id: 00000001000000000000000000000028
versiid: 00000003201711181458
next_va: 20
val_cha: 1000
nod_cha: 00000000000000000000000000000000
startid: 00000002000000000000000000000017
next_id: 00000001000000000000000000000028
versiid: 00000003201711181458
next_va: 20
val_cha: 1000
nod_cha: 00000000000000000000000000000000
startid: 00000000000000000000000000000018
next_id: 00000001000000000000000000000028
versiid: 00000003201711181458
next_va: 20
val_cha: 1000
nod_cha: 00000000000000000000000000000000
startid: 00000001000000000000000000000019
next_id: 00000001000000000000000000000028
versiid: 00000003201711181458
next_va: 20
val_cha: 1000
nod_cha: 00000000000000000000000000000000
startid: 0000000200000000000000000000001a
next_id: 00000001000000000000000000000028
versiid: 00000003201711181458
next_va: 20
val_cha: 1000
nod_cha: 00000000000000000000000000000000
startid: 0000000000000000000000000000001b
next_id: 00000001000000000000000000000028
versiid: 00000003201711181458
next_va: 20
val_cha: 1000
nod_cha: 00000000000000000000000000000000
startid: 0000000100000000000000000000001c
next_id: 00000001000000000000000000000028
versiid: 00000003201711181458
next_va: 20
val_cha: 1000
nod_cha: 00000000000000000000000000000000
startid: 0000000200000000000000000000001d
next_id: 00000001000000000000000000000028
versiid: 00000003201711181458
next_va: 20
val_cha: 1000
nod_cha: 00000000000000000000000000000000
startid: 0000000000000000000000000000001e
next_id: 00000001000000000000000000000028
versiid: 00000003201711181458
next_va: 20
val_cha: 1000
nod_cha: 00000000000000000000000000000000
startid: 0000000100000000000000000000001f
next_id: 00000001000000000000000000000028
versiid: 00000003201711181458
next_va: 20
val_cha: 1000
nod_cha: 00000000000000000000000000000000
startid: 00000002000000000000000000000020
next_id: 00000001000000000000000000000028
versiid: 00000003201711181458
next_va: 20
val_cha: 1000
nod_cha: 00000000000000000000000000000000
startid: 00000000000000000000000000000021
next_id: 00000001000000000000000000000028
versiid: 00000003201711181458
next_va: 20
val_cha: 1000
nod_cha: 00000000000000000000000000000000
startid: 00000001000000000000000000000022
next_id: 00000001000000000000000000000028
versiid: 00000003201711181458
next_va: 20
val_cha: 1000
nod_cha: 00000000000000000000000000000000
startid: 00000002000000000000000000000023
next_id: 00000001000000000000000000000028
versiid: 00000003201711181458
next_va: 20
val_cha: 1000
nod_cha: 00000000000000000000000000000000
startid: 00000000000000000000000000000024
next_id: 00000001000000000000000000000028
versiid: 00000003201711181458
next_va: 20
val_cha: 1000
nod_cha: 00000000000000000000000000000000
startid: 00000001000000000000000000000025
next_id: 00000001000000000000000000000028
versiid: 00000003201711181458
next_va: 20
val_cha: 1000
nod_cha: 00000000000000000000000000000000
startid: 00000002000000000000000000000026
next_id: 00000001000000000000000000000028
versiid: 00000003201711181458
next_va: 20
val_cha: 1000
nod_cha: 00000000000000000000000000000000
startid: 00000000000000000000000000000027
next_id: 00000001000000000000000000000028
versiid: 00000003201711181458
next_va: 20
val_cha: 1000
nod_cha: 00000000000000000000000000000000
startid: 00000001000000000000000000000028
next_id: 00000001000000000000000000000028
versiid: 00000003201711181458
next_va: 20
val_cha: 1000
nod_cha: 00000000000000000000000000000000
startid: 00000002000000000000000000000029
next_id: 00000001000000000000000000000028
versiid: 00000003201711181458
next_va: 20
val_cha: 1000
nod_cha: 00000000000000000000000000000000
startid: 0000000000000000000000000000002a
next_id: 00000001000000000000000000000028
versiid: 00000003201711181458
next_va: 20
val_cha: 1000
nod_cha: 00000000000000000000000000000000
startid: 0000000100000000000000000000002b
next_id: 00000001000000000000000000000028
versiid: 00000003201711181458
next_va: 20
val_cha: 1000
nod_cha: 00000000000000000000000000000000
startid: 0000000200000000000000000000002c
next_id: 00000001000000000000000000000028
versiid: 00000003201711181458
next_va: 20
val_cha: 1000
nod_cha: 00000000000000000000000000000000
startid: 0000000000000000000000000000002d
next_id: 00000001000000000000000000000028
versiid: 00000003201711181458
next_va: 20
val_cha: 1000
nod_cha: 00000000000000000000000000000000
startid: 0000000100000000000000000000002e
next_id: 00000001000000000000000000000028
versiid: 00000003201711181458
next_va: 20
val_cha: 1000
nod_cha: 00000000000000000000000000000000
startid: 0000000200000000000000000000002f
next_id: 00000001000000000000000000000028
versiid: 00000003201711181458
next_va: 20
val_cha: 1000
nod_cha: 00000000000000000000000000000000
startid: 00000000000000000000000000000030
next_id: 00000001000000000000000000000028
versiid: 00000003201711181458
next_va: 20
val_cha: 1000
nod_cha: 00000000000000000000000000000000
startid: 00000001000000000000000000000031
next_id: 00000001000000000000000000000028
versiid: 00000003201711181458
next_va: 20
val_cha: 1000
nod_cha: 00000000000000000000000000000000
startid: 00000002000000000000000000000032
next_id: 00000001000000000000000000000028
versiid: 00000003201711181458
next_va: 20
val_cha: 1000
nod_cha: 00000000000000000000000000000000
startid: 00000001000000000000000000000001
next_id: 0000000100000000000000000000002b
versiid: 00000003201711181458
next_va: 20
val_cha: 1000
nod_cha: 00000000000000000000000000000000
startid: 00000002000000000000000000000002
next_id: 0000000100000000000000000000002b
versiid: 00000003201711181458
next_va: 20
val_cha: 1000
nod_cha: 00000000000000000000000000000000
startid: 00000000000000000000000000000003
next_id: 0000000100000000000000000000002b
versiid: 00000003201711181458
next_va: 20
val_cha: 1000
nod_cha: 00000000000000000000000000000000
startid: 00000001000000000000000000000004
next_id: 0000000100000000000000000000002b
versiid: 00000003201711181458
next_va: 20
val_cha: 1000
nod_cha: 00000000000000000000000000000000
startid: 00000002000000000000000000000005
next_id: 0000000100000000000000000000002b
versiid: 00000003201711181458
next_va: 20
val_cha: 1000
nod_cha: 00000000000000000000000000000000
startid: 00000000000000000000000000000006
next_id: 0000000100000000000000000000002b
versiid: 00000003201711181458
next_va: 20
val_cha: 1000
nod_cha: 00000000000000000000000000000000
startid: 00000001000000000000000000000007
next_id: 0000000100000000000000000000002b
versiid: 00000003201711181458
next_va: 20
val_cha: 1000
nod_cha: 00000000000000000000000000000000
startid: 00000002000000000000000000000008
next_id: 0000000100000000000000000000002b
versiid: 00000003201711181458
next_va: 20
val_cha: 1000
nod_cha: 00000000000000000000000000000000
startid: 00000000000000000000000000000009
next_id: 0000000100000000000000000000002b
versiid: 00000003201711181458
next_va: 20
val_cha: 1000
nod_cha: 00000000000000000000000000000000
startid: 0000000100000000000000000000000a
next_id: 0000000100000000000000000000002b
versiid: 00000003201711181458
next_va: 20
val_cha: 1000
nod_cha: 00000000000000000000000000000000
startid: 0000000200000000000000000000000b
next_id: 0000000100000000000000000000002b
versiid: 00000003201711181458
next_va: 20
val_cha: 1000
nod_cha: 00000000000000000000000000000000
startid: 0000000000000000000000000000000c
next_id: 0000000100000000000000000000002b
versiid: 00000003201711181458
next_va: 20
val_cha: 1000
nod_cha: 00000000000000000000000000000000
startid: 0000000100000000000000000000000d
next_id: 0000000100000000000000000000002b
versiid: 00000003201711181458
next_va: 20
val_cha: 1000
nod_cha: 00000000000000000000000000000000
startid: 0000000200000000000000000000000e
next_id: 0000000100000000000000000000002b
versiid: 00000003201711181458
next_va: 20
val_cha: 1000
nod_cha: 00000000000000000000000000000000
startid: 0000000000000000000000000000000f
next_id: 0000000100000000000000000000002b
versiid: 00000003201711181458
next_va: 20
val_cha: 1000
nod_cha: 00000000000000000000000000000000
startid: 00000001000000000000000000000010
next_id: 0000000100000000000000000000002b
versiid: 00000003201711181458
next_va: 20
val_cha: 1000
nod_cha: 00000000000000000000000000000000
startid: 00000002000000000000000000000011
next_id: 0000000100000000000000000000002b
versiid: 00000003201711181458
next_va: 20
val_cha: 1000
nod_cha: 00000000000000000000000000000000
startid: 00000000000000000000000000000012
next_id: 0000000100000000000000000000002b
versiid: 00000003201711181458
next_va: 20
val_cha: 1000
nod_cha: 00000000000000000000000000000000
startid: 00000001000000000000000000000013
next_id: 0000000100000000000000000000002b
versiid: 00000003201711181458
next_va: 20
val_cha: 1000
nod_cha: 00000000000000000000000000000000
startid: 00000002000000000000000000000014
next_id: 0000000100000000000000000000002b
versiid: 00000003201711181458
next_va: 20
val_cha: 1000
nod_cha: 00000000000000000000000000000000
startid: 00000000000000000000000000000015
next_id: 0000000100000000000000000000002b
versiid: 00000003201711181458
next_va: 20
val_cha: 1000
nod_cha: 00000000000000000000000000000000
startid: 00000001000000000000000000000016
next_id: 0000000100000000000000000000002b
versiid: 00000003201711181458
next_va: 20
val_cha: 1000
nod_cha: 00000000000000000000000000000000
startid: 00000002000000000000000000000017
next_id: 0000000100000000000000000000002b
versiid: 00000003201711181458
next_va: 20
val_cha: 1000
nod_cha: 00000000000000000000000000000000
startid: 00000000000000000000000000000018
next_id: 0000000100000000000000000000002b
versiid: 00000003201711181458
next_va: 20
val_cha: 1000
nod_cha: 00000000000000000000000000000000
startid: 00000001000000000000000000000019
next_id: 0000000100000000000000000000002b
versiid: 00000003201711181458
next_va: 20
val_cha: 1000
nod_cha: 00000000000000000000000000000000
startid: 0000000200000000000000000000001a
next_id: 0000000100000000000000000000002b
versiid: 00000003201711181458
next_va: 20
val_cha: 1000
nod_cha: 00000000000000000000000000000000
startid: 0000000000000000000000000000001b
next_id: 0000000100000000000000000000002b
versiid: 00000003201711181458
next_va: 20
val_cha: 1000
nod_cha: 00000000000000000000000000000000
startid: 0000000100000000000000000000001c
next_id: 0000000100000000000000000000002b
versiid: 00000003201711181458
next_va: 20
val_cha: 1000
nod_cha: 00000000000000000000000000000000
startid: 0000000200000000000000000000001d
next_id: 0000000100000000000000000000002b
versiid: 00000003201711181458
next_va: 20
val_cha: 1000
nod_cha: 00000000000000000000000000000000
startid: 0000000000000000000000000000001e
next_id: 0000000100000000000000000000002b
versiid: 00000003201711181458
next_va: 20
val_cha: 1000
nod_cha: 00000000000000000000000000000000
startid: 0000000100000000000000000000001f
next_id: 0000000100000000000000000000002b
versiid: 00000003201711181458
next_va: 20
val_cha: 1000
nod_cha: 00000000000000000000000000000000
startid: 00000002000000000000000000000020
next_id: 0000000100000000000000000000002b
versiid: 00000003201711181458
next_va: 20
val_cha: 1000
nod_cha: 00000000000000000000000000000000
startid: 00000000000000000000000000000021
next_id: 0000000100000000000000000000002b
versiid: 00000003201711181458
next_va: 20
val_cha: 1000
nod_cha: 00000000000000000000000000000000
startid: 00000001000000000000000000000022
next_id: 0000000100000000000000000000002b
versiid: 00000003201711181458
next_va: 20
val_cha: 1000
nod_cha: 00000000000000000000000000000000
startid: 00000002000000000000000000000023
next_id: 0000000100000000000000000000002b
versiid: 00000003201711181458
next_va: 20
val_cha: 1000
nod_cha: 00000000000000000000000000000000
startid: 00000000000000000000000000000024
next_id: 0000000100000000000000000000002b
versiid: 00000003201711181458
next_va: 20
val_cha: 1000
nod_cha: 00000000000000000000000000000000
startid: 00000001000000000000000000000025
next_id: 0000000100000000000000000000002b
versiid: 00000003201711181458
next_va: 20
val_cha: 1000
nod_cha: 00000000000000000000000000000000
startid: 00000002000000000000000000000026
next_id: 0000000100000000000000000000002b
versiid: 00000003201711181458
next_va: 20
val_cha: 1000
nod_cha: 00000000000000000000000000000000
startid: 00000000000000000000000000000027
next_id: 0000000100000000000000000000002b
versiid: 00000003201711181458
next_va: 20
val_cha: 1000
nod_cha: 00000000000000000000000000000000
startid: 00000001000000000000000000000028
next_id: 0000000100000000000000000000002b
versiid: 00000003201711181458
next_va: 20
val_cha: 1000
nod_cha: 00000000000000000000000000000000
startid: 00000002000000000000000000000029
next_id: 0000000100000000000000000000002b
versiid: 00000003201711181458
next_va: 20
val_cha: 1000
nod_cha: 00000000000000000000000000000000
startid: 0000000000000000000000000000002a
next_id: 0000000100000000000000000000002b
versiid: 00000003201711181458
next_va: 20
val_cha: 1000
nod_cha: 00000000000000000000000000000000
startid: 0000000100000000000000000000002b
next_id: 0000000100000000000000000000002b
versiid: 00000003201711181458
next_va: 20
val_cha: 1000
nod_cha: 00000000000000000000000000000000
startid: 0000000200000000000000000000002c
next_id: 0000000100000000000000000000002b
versiid: 00000003201711181458
next_va: 20
val_cha: 1000
nod_cha: 00000000000000000000000000000000
startid: 0000000000000000000000000000002d
next_id: 0000000100000000000000000000002b
versiid: 00000003201711181458
next_va: 20
val_cha: 1000
nod_cha: 00000000000000000000000000000000
startid: 0000000100000000000000000000002e
next_id: 0000000100000000000000000000002b
versiid: 00000003201711181458
next_va: 20
val_cha: 1000
nod_cha: 00000000000000000000000000000000
startid: 0000000200000000000000000000002f
next_id: 0000000100000000000000000000002b
versiid: 00000003201711181458
next_va: 20
val_cha: 1000
nod_cha: 00000000000000000000000000000000
startid: 00000000000000000000000000000030
next_id: 0000000100000000000000000000002b
versiid: 00000003201711181458
next_va: 20
val_cha: 1000
nod_cha: 00000000000000000000000000000000
startid: 00000001000000000000000000000031
next_id: 0000000100000000000000000000002b
versiid: 00000003201711181458
next_va: 20
val_cha: 1000
nod_cha: 00000000000000000000000000000000
startid: 00000002000000000000000000000032
next_id: 0000000100000000000000000000002b
versiid: 00000003201711181458
next_va: 20
val_cha: 1000
nod_cha: 00000000000000000000000000000000
startid: 00000001000000000000000000000001
next_id: 0000000100000000000000000000002e
versiid: 00000003201711181458
next_va: 20
val_cha: 1000
nod_cha: 00000000000000000000000000000000
startid: 00000002000000000000000000000002
next_id: 0000000100000000000000000000002e
versiid: 00000003201711181458
next_va: 20
val_cha: 1000
nod_cha: 00000000000000000000000000000000
startid: 00000000000000000000000000000003
next_id: 0000000100000000000000000000002e
versiid: 00000003201711181458
next_va: 20
val_cha: 1000
nod_cha: 00000000000000000000000000000000
startid: 00000001000000000000000000000004
next_id: 0000000100000000000000000000002e
versiid: 00000003201711181458
next_va: 20
val_cha: 1000
nod_cha: 00000000000000000000000000000000
startid: 00000002000000000000000000000005
next_id: 0000000100000000000000000000002e
versiid: 00000003201711181458
next_va: 20
val_cha: 1000
nod_cha: 00000000000000000000000000000000
startid: 00000000000000000000000000000006
next_id: 0000000100000000000000000000002e
versiid: 00000003201711181458
next_va: 20
val_cha: 1000
nod_cha: 00000000000000000000000000000000
startid: 00000001000000000000000000000007
next_id: 0000000100000000000000000000002e
versiid: 00000003201711181458
next_va: 20
val_cha: 1000
nod_cha: 00000000000000000000000000000000
startid: 00000002000000000000000000000008
next_id: 0000000100000000000000000000002e
versiid: 00000003201711181458
next_va: 20
val_cha: 1000
nod_cha: 00000000000000000000000000000000
startid: 00000000000000000000000000000009
next_id: 0000000100000000000000000000002e
versiid: 00000003201711181458
next_va: 20
val_cha: 1000
nod_cha: 00000000000000000000000000000000
startid: 0000000100000000000000000000000a
next_id: 0000000100000000000000000000002e
versiid: 00000003201711181458
next_va: 20
val_cha: 1000
nod_cha: 00000000000000000000000000000000
startid: 0000000200000000000000000000000b
next_id: 0000000100000000000000000000002e
versiid: 00000003201711181458
next_va: 20
val_cha: 1000
nod_cha: 00000000000000000000000000000000
startid: 0000000000000000000000000000000c
next_id: 0000000100000000000000000000002e
versiid: 00000003201711181458
next_va: 20
val_cha: 1000
nod_cha: 00000000000000000000000000000000
startid: 0000000100000000000000000000000d
next_id: 0000000100000000000000000000002e
versiid: 00000003201711181458
next_va: 20
val_cha: 1000
nod_cha: 00000000000000000000000000000000
startid: 0000000200000000000000000000000e
next_id: 0000000100000000000000000000002e
versiid: 00000003201711181458
next_va: 20
val_cha: 1000
nod_cha: 00000000000000000000000000000000
startid: 0000000000000000000000000000000f
next_id: 0000000100000000000000000000002e
versiid: 00000003201711181458
next_va: 20
val_cha: 1000
nod_cha: 00000000000000000000000000000000
startid: 00000001000000000000000000000010
next_id: 0000000100000000000000000000002e
versiid: 00000003201711181458
next_va: 20
val_cha: 1000
nod_cha: 00000000000000000000000000000000
startid: 00000002000000000000000000000011
next_id: 0000000100000000000000000000002e
versiid: 00000003201711181458
next_va: 20
val_cha: 1000
nod_cha: 00000000000000000000000000000000
startid: 00000000000000000000000000000012
next_id: 0000000100000000000000000000002e
versiid: 00000003201711181458
next_va: 20
val_cha: 1000
nod_cha: 00000000000000000000000000000000
startid: 00000001000000000000000000000013
next_id: 0000000100000000000000000000002e
versiid: 00000003201711181458
next_va: 20
val_cha: 1000
nod_cha: 00000000000000000000000000000000
startid: 00000002000000000000000000000014
next_id: 0000000100000000000000000000002e
versiid: 00000003201711181458
next_va: 20
val_cha: 1000
nod_cha: 00000000000000000000000000000000
startid: 00000000000000000000000000000015
next_id: 0000000100000000000000000000002e
versiid: 00000003201711181458
next_va: 20
val_cha: 1000
nod_cha: 00000000000000000000000000000000
startid: 00000001000000000000000000000016
next_id: 0000000100000000000000000000002e
versiid: 00000003201711181458
next_va: 20
val_cha: 1000
nod_cha: 00000000000000000000000000000000
startid: 00000002000000000000000000000017
next_id: 0000000100000000000000000000002e
versiid: 00000003201711181458
next_va: 20
val_cha: 1000
nod_cha: 00000000000000000000000000000000
startid: 00000000000000000000000000000018
next_id: 0000000100000000000000000000002e
versiid: 00000003201711181458
next_va: 20
val_cha: 1000
nod_cha: 00000000000000000000000000000000
startid: 00000001000000000000000000000019
next_id: 0000000100000000000000000000002e
versiid: 00000003201711181458
next_va: 20
val_cha: 1000
nod_cha: 00000000000000000000000000000000
startid: 0000000200000000000000000000001a
next_id: 0000000100000000000000000000002e
versiid: 00000003201711181458
next_va: 20
val_cha: 1000
nod_cha: 00000000000000000000000000000000
startid: 0000000000000000000000000000001b
next_id: 0000000100000000000000000000002e
versiid: 00000003201711181458
next_va: 20
val_cha: 1000
nod_cha: 00000000000000000000000000000000
startid: 0000000100000000000000000000001c
next_id: 0000000100000000000000000000002e
versiid: 00000003201711181458
next_va: 20
val_cha: 1000
nod_cha: 00000000000000000000000000000000
startid: 0000000200000000000000000000001d
next_id: 0000000100000000000000000000002e
versiid: 00000003201711181458
next_va: 20
val_cha: 1000
nod_cha: 00000000000000000000000000000000
startid: 0000000000000000000000000000001e
next_id: 0000000100000000000000000000002e
versiid: 00000003201711181458
next_va: 20
val_cha: 1000
nod_cha: 00000000000000000000000000000000
startid: 0000000100000000000000000000001f
next_id: 0000000100000000000000000000002e
versiid: 00000003201711181458
next_va: 20
val_cha: 1000
nod_cha: 00000000000000000000000000000000
startid: 00000002000000000000000000000020
next_id: 0000000100000000000000000000002e
versiid: 00000003201711181458
next_va: 20
val_cha: 1000
nod_cha: 00000000000000000000000000000000
startid: 00000000000000000000000000000021
next_id: 0000000100000000000000000000002e
versiid: 00000003201711181458
next_va: 20
val_cha: 1000
nod_cha: 00000000000000000000000000000000
startid: 00000001000000000000000000000022
next_id: 0000000100000000000000000000002e
versiid: 00000003201711181458
next_va: 20
val_cha: 1000
nod_cha: 00000000000000000000000000000000
startid: 00000002000000000000000000000023
next_id: 0000000100000000000000000000002e
versiid: 00000003201711181458
next_va: 20
val_cha: 1000
nod_cha: 00000000000000000000000000000000
startid: 00000000000000000000000000000024
next_id: 0000000100000000000000000000002e
versiid: 00000003201711181458
next_va: 20
val_cha: 1000
nod_cha: 00000000000000000000000000000000
startid: 00000001000000000000000000000025
next_id: 0000000100000000000000000000002e
versiid: 00000003201711181458
next_va: 20
val_cha: 1000
nod_cha: 00000000000000000000000000000000
startid: 00000002000000000000000000000026
next_id: 0000000100000000000000000000002e
versiid: 00000003201711181458
next_va: 20
val_cha: 1000
nod_cha: 00000000000000000000000000000000
startid: 00000000000000000000000000000027
next_id: 0000000100000000000000000000002e
versiid: 00000003201711181458
next_va: 20
val_cha: 1000
nod_cha: 00000000000000000000000000000000
startid: 00000001000000000000000000000028
next_id: 0000000100000000000000000000002e
versiid: 00000003201711181458
next_va: 20
val_cha: 1000
nod_cha: 00000000000000000000000000000000
startid: 00000002000000000000000000000029
next_id: 0000000100000000000000000000002e
versiid: 00000003201711181458
next_va: 20
val_cha: 1000
nod_cha: 00000000000000000000000000000000
startid: 0000000000000000000000000000002a
next_id: 0000000100000000000000000000002e
versiid: 00000003201711181458
next_va: 20
val_cha: 1000
nod_cha: 00000000000000000000000000000000
startid: 0000000100000000000000000000002b
next_id: 0000000100000000000000000000002e
versiid: 00000003201711181458
next_va: 20
val_cha: 1000
nod_cha: 00000000000000000000000000000000
startid: 0000000200000000000000000000002c
next_id: 0000000100000000000000000000002e
versiid: 00000003201711181458
next_va: 20
val_cha: 1000
nod_cha: 00000000000000000000000000000000
startid: 0000000000000000000000000000002d
next_id: 0000000100000000000000000000002e
versiid: 00000003201711181458
next_va: 20
val_cha: 1000
nod_cha: 00000000000000000000000000000000
startid: 0000000100000000000000000000002e
next_id: 0000000100000000000000000000002e
versiid: 00000003201711181458
next_va: 20
val_cha: 1000
nod_cha: 00000000000000000000000000000000
startid: 0000000200000000000000000000002f
next_id: 0000000100000000000000000000002e
versiid: 00000003201711181458
next_va: 20
val_cha: 1000
nod_cha: 00000000000000000000000000000000
startid: 00000000000000000000000000000030
next_id: 0000000100000000000000000000002e
versiid: 00000003201711181458
next_va: 20
val_cha: 1000
nod_cha: 00000000000000000000000000000000
startid: 00000001000000000000000000000031
next_id: 0000000100000000000000000000002e
versiid: 00000003201711181458
next_va: 20
val_cha: 1000
nod_cha: 00000000000000000000000000000000
startid: 00000002000000000000000000000032
next_id: 0000000100000000000000000000002e
versiid: 00000003201711181458
next_va: 20
val_cha: 1000
nod_cha: 00000000000000000000000000000000
startid: 00000001000000000000000000000001
next_id: 00000001000000000000000000000031
versiid: 00000003201711181458
next_va: 20
val_cha: 1000
nod_cha: 00000000000000000000000000000000
startid: 00000002000000000000000000000002
next_id: 00000001000000000000000000000031
versiid: 00000003201711181458
next_va: 20
val_cha: 1000
nod_cha: 00000000000000000000000000000000
startid: 00000000000000000000000000000003
next_id: 00000001000000000000000000000031
versiid: 00000003201711181458
next_va: 20
val_cha: 1000
nod_cha: 00000000000000000000000000000000
startid: 00000001000000000000000000000004
next_id: 00000001000000000000000000000031
versiid: 00000003201711181458
next_va: 20
val_cha: 1000
nod_cha: 00000000000000000000000000000000
startid: 00000002000000000000000000000005
next_id: 00000001000000000000000000000031
versiid: 00000003201711181458
next_va: 20
val_cha: 1000
nod_cha: 00000000000000000000000000000000
startid: 00000000000000000000000000000006
next_id: 00000001000000000000000000000031
versiid: 00000003201711181458
next_va: 20
val_cha: 1000
nod_cha: 00000000000000000000000000000000
startid: 00000001000000000000000000000007
next_id: 00000001000000000000000000000031
versiid: 00000003201711181458
next_va: 20
val_cha: 1000
nod_cha: 00000000000000000000000000000000
startid: 00000002000000000000000000000008
next_id: 00000001000000000000000000000031
versiid: 00000003201711181458
next_va: 20
val_cha: 1000
nod_cha: 00000000000000000000000000000000
startid: 00000000000000000000000000000009
next_id: 00000001000000000000000000000031
versiid: 00000003201711181458
next_va: 20
val_cha: 1000
nod_cha: 00000000000000000000000000000000
startid: 0000000100000000000000000000000a
next_id: 00000001000000000000000000000031
versiid: 00000003201711181458
next_va: 20
val_cha: 1000
nod_cha: 00000000000000000000000000000000
startid: 0000000200000000000000000000000b
next_id: 00000001000000000000000000000031
versiid: 00000003201711181458
next_va: 20
val_cha: 1000
nod_cha: 00000000000000000000000000000000
startid: 0000000000000000000000000000000c
next_id: 00000001000000000000000000000031
versiid: 00000003201711181458
next_va: 20
val_cha: 1000
nod_cha: 00000000000000000000000000000000
startid: 0000000100000000000000000000000d
next_id: 00000001000000000000000000000031
versiid: 00000003201711181458
next_va: 20
val_cha: 1000
nod_cha: 00000000000000000000000000000000
startid: 0000000200000000000000000000000e
next_id: 00000001000000000000000000000031
versiid: 00000003201711181458
next_va: 20
val_cha: 1000
nod_cha: 00000000000000000000000000000000
startid: 0000000000000000000000000000000f
next_id: 00000001000000000000000000000031
versiid: 00000003201711181458
next_va: 20
val_cha: 1000
nod_cha: 00000000000000000000000000000000
startid: 00000001000000000000000000000010
next_id: 00000001000000000000000000000031
versiid: 00000003201711181458
next_va: 20
val_cha: 1000
nod_cha: 00000000000000000000000000000000
startid: 00000002000000000000000000000011
next_id: 00000001000000000000000000000031
versiid: 00000003201711181458
next_va: 20
val_cha: 1000
nod_cha: 00000000000000000000000000000000
startid: 00000000000000000000000000000012
next_id: 00000001000000000000000000000031
versiid: 00000003201711181458
next_va: 20
val_cha: 1000
nod_cha: 00000000000000000000000000000000
startid: 00000001000000000000000000000013
next_id: 00000001000000000000000000000031
versiid: 00000003201711181458
next_va: 20
val_cha: 1000
nod_cha: 00000000000000000000000000000000
startid: 00000002000000000000000000000014
next_id: 00000001000000000000000000000031
versiid: 00000003201711181458
next_va: 20
val_cha: 1000
nod_cha: 00000000000000000000000000000000
startid: 00000000000000000000000000000015
next_id: 00000001000000000000000000000031
versiid: 00000003201711181458
next_va: 20
val_cha: 1000
nod_cha: 00000000000000000000000000000000
startid: 00000001000000000000000000000016
next_id: 00000001000000000000000000000031
versiid: 00000003201711181458
next_va: 20
val_cha: 1000
nod_cha: 00000000000000000000000000000000
startid: 00000002000000000000000000000017
next_id: 00000001000000000000000000000031
versiid: 00000003201711181458
next_va: 20
val_cha: 1000
nod_cha: 00000000000000000000000000000000
startid: 00000000000000000000000000000018
next_id: 00000001000000000000000000000031
versiid: 00000003201711181458
next_va: 20
val_cha: 1000
nod_cha: 00000000000000000000000000000000
startid: 00000001000000000000000000000019
next_id: 00000001000000000000000000000031
versiid: 00000003201711181458
next_va: 20
val_cha: 1000
nod_cha: 00000000000000000000000000000000
startid: 0000000200000000000000000000001a
next_id: 00000001000000000000000000000031
versiid: 00000003201711181458
next_va: 20
val_cha: 1000
nod_cha: 00000000000000000000000000000000
startid: 0000000000000000000000000000001b
next_id: 00000001000000000000000000000031
versiid: 00000003201711181458
next_va: 20
val_cha: 1000
nod_cha: 00000000000000000000000000000000
startid: 0000000100000000000000000000001c
next_id: 00000001000000000000000000000031
versiid: 00000003201711181458
next_va: 20
val_cha: 1000
nod_cha: 00000000000000000000000000000000
startid: 0000000200000000000000000000001d
next_id: 00000001000000000000000000000031
versiid: 00000003201711181458
next_va: 20
val_cha: 1000
nod_cha: 00000000000000000000000000000000
startid: 0000000000000000000000000000001e
next_id: 00000001000000000000000000000031
versiid: 00000003201711181458
next_va: 20
val_cha: 1000
nod_cha: 00000000000000000000000000000000
startid: 0000000100000000000000000000001f
next_id: 00000001000000000000000000000031
versiid: 00000003201711181458
next_va: 20
val_cha: 1000
nod_cha: 00000000000000000000000000000000
startid: 00000002000000000000000000000020
next_id: 00000001000000000000000000000031
versiid: 00000003201711181458
next_va: 20
val_cha: 1000
nod_cha: 00000000000000000000000000000000
startid: 00000000000000000000000000000021
next_id: 00000001000000000000000000000031
versiid: 00000003201711181458
next_va: 20
val_cha: 1000
nod_cha: 00000000000000000000000000000000
startid: 00000001000000000000000000000022
next_id: 00000001000000000000000000000031
versiid: 00000003201711181458
next_va: 20
val_cha: 1000
nod_cha: 00000000000000000000000000000000
startid: 00000002000000000000000000000023
next_id: 00000001000000000000000000000031
versiid: 00000003201711181458
next_va: 20
val_cha: 1000
nod_cha: 00000000000000000000000000000000
startid: 00000000000000000000000000000024
next_id: 00000001000000000000000000000031
versiid: 00000003201711181458
next_va: 20
val_cha: 1000
nod_cha: 00000000000000000000000000000000
startid: 00000001000000000000000000000025
next_id: 00000001000000000000000000000031
versiid: 00000003201711181458
next_va: 20
val_cha: 1000
nod_cha: 00000000000000000000000000000000
startid: 00000002000000000000000000000026
next_id: 00000001000000000000000000000031
versiid: 00000003201711181458
next_va: 20
val_cha: 1000
nod_cha: 00000000000000000000000000000000
startid: 00000000000000000000000000000027
next_id: 00000001000000000000000000000031
versiid: 00000003201711181458
next_va: 20
val_cha: 1000
nod_cha: 00000000000000000000000000000000
startid: 00000001000000000000000000000028
next_id: 00000001000000000000000000000031
versiid: 00000003201711181458
next_va: 20
val_cha: 1000
nod_cha: 00000000000000000000000000000000
startid: 00000002000000000000000000000029
next_id: 00000001000000000000000000000031
versiid: 00000003201711181458
next_va: 20
val_cha: 1000
nod_cha: 00000000000000000000000000000000
startid: 0000000000000000000000000000002a
next_id: 00000001000000000000000000000031
versiid: 00000003201711181458
next_va: 20
val_cha: 1000
nod_cha: 00000000000000000000000000000000
startid: 0000000100000000000000000000002b
next_id: 00000001000000000000000000000031
versiid: 00000003201711181458
next_va: 20
val_cha: 1000
nod_cha: 00000000000000000000000000000000
startid: 0000000200000000000000000000002c
next_id: 00000001000000000000000000000031
versiid: 00000003201711181458
next_va: 20
val_cha: 1000
nod_cha: 00000000000000000000000000000000
startid: 0000000000000000000000000000002d
next_id: 00000001000000000000000000000031
versiid: 00000003201711181458
next_va: 20
val_cha: 1000
nod_cha: 00000000000000000000000000000000
startid: 0000000100000000000000000000002e
next_id: 00000001000000000000000000000031
versiid: 00000003201711181458
next_va: 20
val_cha: 1000
nod_cha: 00000000000000000000000000000000
startid: 0000000200000000000000000000002f
next_id: 00000001000000000000000000000031
versiid: 00000003201711181458
next_va: 20
val_cha: 1000
nod_cha: 00000000000000000000000000000000
startid: 00000000000000000000000000000030
next_id: 00000001000000000000000000000031
versiid: 00000003201711181458
next_va: 20
val_cha: 1000
nod_cha: 00000000000000000000000000000000
startid: 00000001000000000000000000000031
next_id: 00000001000000000000000000000031
versiid: 00000003201711181458
next_va: 20
val_cha: 1000
nod_cha: 00000000000000000000000000000000
startid: 00000002000000000000000000000032
next_id: 00000001000000000000000000000031
versiid: 00000003201711181458
next_va: 20
val_cha: 1000
nod_cha: 00000000000000000000000000000000
startid: 00000000000000000000000000000000
next_id: 00000001000000000000000000000019
versiid: 00000003201711181458
next_va: 250
val_cha: 1000
nod_cha: 00000000000000000000000000000003
startid: 00000000000000000000000000000009
next_id: 00000001000000000000000000000019
versiid: 00000003201711181458
next_va: 250
val_cha: 1000
nod_cha: 00000000000000000000000000000003
startid: 00000001000000000000000000000019
next_id: 00000001000000000000000000000019
versiid: 00000003201711181458
next_va: 250
val_cha: 1000
nod_cha: 00000000000000000000000000000003
startid: 0000000200000000000000000000001a
next_id: 00000001000000000000000000000019
versiid: 00000003201711181458
next_va: 250
val_cha: 1000
nod_cha: 00000000000000000000000000000003
startid: 00000000000000000000000000000000
next_id: 00000001000000000000000000000019
versiid: 00000003201711181458
next_va: 166.667
val_cha: 1000
nod_cha: 00000000000000000000000000000009
startid: 00000000000000000000000000000003
next_id: 00000001000000000000000000000019
versiid: 00000003201711181458
next_va: 166.667
val_cha: 1000
nod_cha: 00000000000000000000000000000009
startid: 00000000000000000000000000000015
next_id: 00000001000000000000000000000019
versiid: 00000003201711181458
next_va: 166.667
val_cha: 1000
nod_cha: 00000000000000000000000000000009
startid: 00000001000000000000000000000019
next_id: 00000001000000000000000000000019
versiid: 00000003201711181458
next_va: 166.667
val_cha: 1000
nod_cha: 00000000000000000000000000000009
startid: 0000000200000000000000000000001a
next_id: 00000001000000000000000000000019
versiid: 00000003201711181458
next_va: 166.667
val_cha: 1000
nod_cha: 00000000000000000000000000000009
startid: 0000000000000000000000000000001e
next_id: 00000001000000000000000000000019
versiid: 00000003201711181458
next_va: 166.667
val_cha: 1000
nod_cha: 00000000000000000000000000000009
startid: 00000000000000000000000000000000
next_id: 0000000100000000000000000000000d
versiid: 00000003201711181458
next_va: 125
val_cha: 1000
nod_cha: 00000000000000000000000000000015
startid: 00000000000000000000000000000009
next_id: 0000000100000000000000000000000d
versiid: 00000003201711181458
next_va: 125
val_cha: 1000
nod_cha: 00000000000000000000000000000015
startid: 0000000100000000000000000000000d
next_id: 0000000100000000000000000000000d
versiid: 00000003201711181458
next_va: 125
val_cha: 1000
nod_cha: 00000000000000000000000000000015
startid: 00000001000000000000000000000019
next_id: 0000000100000000000000000000000d
versiid: 00000003201711181458
next_va: 125
val_cha: 1000
nod_cha: 00000000000000000000000000000015
startid: 0000000200000000000000000000001a
next_id: 0000000100000000000000000000000d
versiid: 00000003201711181458
next_va: 125
val_cha: 1000
nod_cha: 00000000000000000000000000000015
startid: 0000000100000000000000000000001f
next_id: 0000000100000000000000000000000d
versiid: 00000003201711181458
next_va: 125
val_cha: 1000
nod_cha: 00000000000000000000000000000015
startid: 00000000000000000000000000000027
next_id: 0000000100000000000000000000000d
versiid: 00000003201711181458
next_va: 125
val_cha: 1000
nod_cha: 00000000000000000000000000000015
startid: 00000001000000000000000000000028
next_id: 0000000100000000000000000000000d
versiid: 00000003201711181458
next_va: 125
val_cha: 1000
nod_cha: 00000000000000000000000000000015
startid: 00000000000000000000000000000000
next_id: 00000001000000000000000000000019
versiid: 00000003201711181458
next_va: 125
val_cha: 1000
nod_cha: 00000000000000000000000000000015
startid: 00000000000000000000000000000009
next_id: 00000001000000000000000000000019
versiid: 00000003201711181458
next_va: 125
val_cha: 1000
nod_cha: 00000000000000000000000000000015
startid: 0000000100000000000000000000000d
next_id: 00000001000000000000000000000019
versiid: 00000003201711181458
next_va: 125
val_cha: 1000
nod_cha: 00000000000000000000000000000015
startid: 00000001000000000000000000000019
next_id: 00000001000000000000000000000019
versiid: 00000003201711181458
next_va: 125
val_cha: 1000
nod_cha: 00000000000000000000000000000015
startid: 0000000200000000000000000000001a
next_id: 00000001000000000000000000000019
versiid: 00000003201711181458
next_va: 125
val_cha: 1000
nod_cha: 00000000000000000000000000000015
startid: 0000000100000000000000000000001f
next_id: 00000001000000000000000000000019
versiid: 00000003201711181458
next_va: 125
val_cha: 1000
nod_cha: 00000000000000000000000000000015
startid: 00000000000000000000000000000027
next_id: 00000001000000000000000000000019
versiid: 00000003201711181458
next_va: 125
val_cha: 1000
nod_cha: 00000000000000000000000000000015
startid: 00000001000000000000000000000028
next_id: 00000001000000000000000000000019
versiid: 00000003201711181458
next_va: 125
val_cha: 1000
nod_cha: 00000000000000000000000000000015
startid: 00000000000000000000000000000000
next_id: 0000000100000000000000000000001f
versiid: 00000003201711181458
next_va: 125
val_cha: 1000
nod_cha: 00000000000000000000000000000015
startid: 00000000000000000000000000000009
next_id: 0000000100000000000000000000001f
versiid: 00000003201711181458
next_va: 125
val_cha: 1000
nod_cha: 00000000000000000000000000000015
startid: 0000000100000000000000000000000d
next_id: 0000000100000000000000000000001f
versiid: 00000003201711181458
next_va: 125
val_cha: 1000
nod_cha: 00000000000000000000000000000015
startid: 00000001000000000000000000000019
next_id: 0000000100000000000000000000001f
versiid: 00000003201711181458
next_va: 125
val_cha: 1000
nod_cha: 00000000000000000000000000000015
startid: 0000000200000000000000000000001a
next_id: 0000000100000000000000000000001f
versiid: 00000003201711181458
next_va: 125
val_cha: 1000
nod_cha: 00000000000000000000000000000015
startid: 0000000100000000000000000000001f
next_id: 0000000100000000000000000000001f
versiid: 00000003201711181458
next_va: 125
val_cha: 1000
nod_cha: 00000000000000000000000000000015
startid: 00000000000000000000000000000027
next_id: 0000000100000000000000000000001f
versiid: 00000003201711181458
next_va: 125
val_cha: 1000
nod_cha: 00000000000000000000000000000015
startid: 00000001000000000000000000000028
next_id: 0000000100000000000000000000001f
versiid: 00000003201711181458
next_va: 125
val_cha: 1000
nod_cha: 00000000000000000000000000000015
startid: 00000000000000000000000000000000
next_id: 00000001000000000000000000000028
versiid: 00000003201711181458
next_va: 125
val_cha: 1000
nod_cha: 00000000000000000000000000000015
startid: 00000000000000000000000000000009
next_id: 00000001000000000000000000000028
versiid: 00000003201711181458
next_va: 125
val_cha: 1000
nod_cha: 00000000000000000000000000000015
startid: 0000000100000000000000000000000d
next_id: 00000001000000000000000000000028
versiid: 00000003201711181458
next_va: 125
val_cha: 1000
nod_cha: 00000000000000000000000000000015
startid: 00000001000000000000000000000019
next_id: 00000001000000000000000000000028
versiid: 00000003201711181458
next_va: 125
val_cha: 1000
nod_cha: 00000000000000000000000000000015
startid: 0000000200000000000000000000001a
next_id: 00000001000000000000000000000028
versiid: 00000003201711181458
next_va: 125
val_cha: 1000
nod_cha: 00000000000000000000000000000015
startid: 0000000100000000000000000000001f
next_id: 00000001000000000000000000000028
versiid: 00000003201711181458
next_va: 125
val_cha: 1000
nod_cha: 00000000000000000000000000000015
startid: 00000000000000000000000000000027
next_id: 00000001000000000000000000000028
versiid: 00000003201711181458
next_va: 125
val_cha: 1000
nod_cha: 00000000000000000000000000000015
startid: 00000001000000000000000000000028
next_id: 00000001000000000000000000000028
versiid: 00000003201711181458
next_va: 125
val_cha: 1000
nod_cha: 00000000000000000000000000000015
startid: 00000000000000000000000000000000
next_id: 00000001000000000000000000000019
versiid: 00000003201711181458
next_va: 333.333
val_cha: 1000
nod_cha: 00000000000000000000000000000027
startid: 00000000000000000000000000000015
next_id: 00000001000000000000000000000019
versiid: 00000003201711181458
next_va: 333.333
val_cha: 1000
nod_cha: 00000000000000000000000000000027
startid: 00000001000000000000000000000019
next_id: 00000001000000000000000000000019
versiid: 00000003201711181458
next_va: 333.333
val_cha: 1000
nod_cha: 00000000000000000000000000000027
startid: 00000000000000000000000000000000
next_id: 00000001000000000000000000000001
versiid: 00000003201711181458
next_va: 333.333
val_cha: 1000
nod_cha: 00000000000000000000000000000030
startid: 00000001000000000000000000000001
next_id: 00000001000000000000000000000001
versiid: 00000003201711181458
next_va: 333.333
val_cha: 1000
nod_cha: 00000000000000000000000000000030
startid: 0000000000000000000000000000001e
next_id: 00000001000000000000000000000001
versiid: 00000003201711181458
next_va: 333.333
val_cha: 1000
nod_cha: 00000000000000000000000000000030
startid: 
next_id: 
versiid: 
next_va: 0
val_cha: 
nod_cha: 
startid: 00000001000000000000000000000001
next_id: 00000001000000000000000000000001
versiid: 00000003201711181458
next_va: 20
val_cha: 1000
nod_cha: 0000000000000000000000
startid: 0000000000000000000002
next_id: 0000000000000000000001
versiid: 1711181458
next_va: 3.14828e-307
val_cha: 00000000000000000000000000000000
nod_cha: 000000000000
startid: 000000000003
next_id: 000000000001
versiid: 
next_va: 1.39804e-76
val_cha: 0000000000000000000000
nod_cha: 00
startid: 04
next_id: 01
versiid: 
next_va: 1.39804e-76
val_cha: 000000000000
nod_cha: 02000000000000000000000005
startid: 01000000000000000000000001
next_id: 03201711181458
versiid: ULL
next_va: 1.39804e-76
val_cha: 00
nod_cha: 0000000000000006
startid: 0000000000000001
next_id: 1458
versiid: 00000000000000000000000000
next_va: 1.39804e-76
val_cha: 01000000000000000000000007
nod_cha: 000007
startid: 000001
next_id: 
versiid: 0000000000000000
next_va: 1.39804e-76
val_cha: 0000000000000008
nod_cha: 000001000000000000000000000001
startid: 000003201711181458
next_id: 00
versiid: 000000
next_va: 1.39804e-76
val_cha: 000009
nod_cha: 00000000000000000001
startid: 11181458
next_id: 000000000000000000000000000000
versiid: 00000100000000000000000000000a
next_va: 1.38179e-76
val_cha: 000001000000000000000000000001
nod_cha: 0000000001
startid: 
next_id: 00000000000000000000
versiid: 0000000000000000000b
next_va: 1.39804e-76
val_cha: 00000000000000000001
nod_cha: 
startid: 4@1000
next_id: 0000000000
versiid: 000000000c
next_va: 1.39804e-76
val_cha: 0000000001
nod_cha: 201711181458
startid: L
next_id: 
versiid: 
next_va: 9.16222e-72
val_cha: 
nod_cha: 58
startid: 000000000000000000000000
next_id: 00000000000000000000000e
versiid: 000000000000000000000001
next_va: 3.93514e-62
val_cha: 201711181458
nod_cha: 
startid: 00000000000000
next_id: 0000000000000f
versiid: 00000000000001
next_va: 2.74322e-57
val_cha: 58
nod_cha: 
startid: 0000
next_id: 0010
versiid: 0001
next_va: 0
val_cha: 
nod_cha: 0000000000000000000000000000
startid: 0002000000000000000000000011
next_id: 0001000000000000000000000001
versiid: 0003201711181458
next_va: 1.39804e-76
val_cha: 
nod_cha: 000000000000000000
startid: 000000000000000012
next_id: 000000000000000001
versiid: 181458
next_va: 1.39804e-76
val_cha: 0000000000000000000000000000
nod_cha: 00000000
startid: 00000013
next_id: 00000001
versiid: 
next_va: 1.39804e-76
val_cha: 000000000000000000
nod_cha: 00000002000000000000000000000014
startid: 00000001000000000000000000000001
next_id: 00000003201711181458
versiid: 1000
next_va: 1.39804e-76
val_cha: 00000000
nod_cha: 0000000000000000000015
startid: 0000000000000000000001
next_id: 1711181458
versiid: 00000000000000000000000000000000
next_va: 2.61773e-310
val_cha: 00000001000000000000000000000016
nod_cha: 000000000016
startid: 000000000001
next_id: 
versiid: 0000000000000000000000
next_va: 1.39872e-76
val_cha: 0000000000000000000017
nod_cha: 17
startid: 01
next_id: 
versiid: 000000000000
next_va: 1.39804e-76
val_cha: 000000000018
nod_cha: 01000000000000000000000001
startid: 03201711181458
next_id: ULL
versiid: 00
next_va: 1.39804e-76
val_cha: 19
nod_cha: 0000000000000001
startid: 1458
next_id: 00000000000000000000000000
versiid: 0200000000000000000000001a
next_va: 1.39804e-76
val_cha: 01000000000000000000000001
nod_cha: 000001
startid: 
next_id: 0000000000000000
versiid: 000000000000001b
next_va: 1.39804e-76
val_cha: 0000000000000001
nod_cha: 000003201711181458
startid: 00
next_id: 000000
versiid: 00001c
next_va: 1.39804e-76
val_cha: 000001
nod_cha: 11181458
startid: 000000000000000000000000000000
next_id: 00000200000000000000000000001d
versiid: 000001000000000000000000000001
next_va: 1.38179e-76
val_cha: 000003201711181458
nod_cha: 
startid: 00000000000000000000
next_id: 0000000000000000001e
versiid: 00000000000000000001
next_va: 7.70749e-43
val_cha: 11181458
nod_cha: 4@1000
startid: 0000000000
next_id: 000000001f
versiid: 0000000001
next_va: 3.05338e-310
val_cha: 
nod_cha: L
startid: 
next_id: 
versiid: 
next_va: 0
val_cha: 4@1000
nod_cha: 000000000000000000000000
startid: 000000000000000000000021
next_id: 000000000000000000000001
versiid: 201711181458
next_va: 5.34927e+59
val_cha: L
nod_cha: 00000000000000
startid: 00000000000022
next_id: 00000000000001
versiid: 58
next_va: 1.39804e-76
val_cha: 000000000000000000000000
nod_cha: 0000
startid: 0023
next_id: 0001
versiid: 
next_va: 1.39804e-76
val_cha: 00000000000000
nod_cha: 0000000000000000000000000024
startid: 0001000000000000000000000001
next_id: 0003201711181458
versiid: 
next_va: 1.39804e-76
val_cha: 0000
nod_cha: 000000000000000025
startid: 000000000000000001
next_id: 181458
versiid: 0000000000000000000000000000
next_va: 1.39804e-76
val_cha: 0002000000000000000000000026
nod_cha: 00000026
startid: 00000001
next_id: 
versiid: 000000000000000000
next_va: 1.39804e-76
val_cha: 000000000000000027
nod_cha: 00000001000000000000000000000001
startid: 00000003201711181458
next_id: 1000
versiid: 00000000
next_va: 1.39804e-76
val_cha: 00000028
nod_cha: 0000000000000000000001
startid: 1711181458
next_id: 00000000000000000000000000000000
versiid: 00000002000000000000000000000029
next_va: 3.10707e-310
val_cha: 00000001000000000000000000000001
nod_cha: 000000000001
startid: 
next_id: 0000000000000000000000
versiid: 000000000000000000002a
next_va: 1.39838e-76
val_cha: 0000000000000000000001
nod_cha: 01
startid: 
next_id: 000000000000
versiid: 00000000002b
next_va: 1.39804e-76
val_cha: 000000000001
nod_cha: 03201711181458
startid: ULL
next_id: 00
versiid: 2c
next_va: 1.39804e-76
val_cha: 01
nod_cha: 1458
startid: 00000000000000000000000000
next_id: 0000000000000000000000002d
versiid: 01000000000000000000000001
next_va: 1.39804e-76
val_cha: 03201711181458
nod_cha: 
startid: 0000000000000000
next_id: 000000000000002e
versiid: 0000000000000001
next_va: 5.05232e-38
val_cha: 1458
nod_cha: 00
startid: 000000
next_id: 00002f
versiid: 000001
next_va: 7.10911e-320
val_cha: 
nod_cha: 000000000000000000000000000000
startid: 000000000000000000000000000030
next_id: 000001000000000000000000000001
versiid: 000003201711181458
next_va: 1.48981e-76
val_cha: 00
nod_cha: 00000000000000000000
startid: 00000000000000000031
next_id: 00000000000000000001
versiid: 11181458
next_va: 1.38189e-76
val_cha: 000000000000000000000000000000
nod_cha: 0000000000
startid: 0000000032
next_id: 0000000001
versiid: 
next_va: 1.39804e-76
val_cha: 00000000000000000000
nod_cha: 
startid: 
next_id: 
versiid: 4@1000
next_va: 1.39804e-76
val_cha: 0000000000
nod_cha: 000000000000000000000002
startid: 000000000000000000000004
next_id: 201711181458
versiid: L
next_va: 1.39804e-76
val_cha: 
nod_cha: 00000000000003
startid: 00000000000004
next_id: 58
versiid: 000000000000000000000000
next_va: 9.16222e-72
val_cha: 000000000000000000000004
nod_cha: 0004
startid: 0004
next_id: 
versiid: 00000000000000
next_va: 1.39804e-76
val_cha: 00000000000005
nod_cha: 0001000000000000000000000004
startid: 0003201711181458
next_id: 
versiid: 0000
next_va: 1.39804e-76
val_cha: 0006
nod_cha: 000000000000000004
startid: 181458
next_id: 0000000000000000000000000000
versiid: 0001000000000000000000000007
next_va: 1.39804e-76
val_cha: 0001000000000000000000000004
nod_cha: 00000004
startid: 
next_id: 000000000000000000
versiid: 000000000000000008
next_va: 1.39804e-76
val_cha: 000000000000000004
nod_cha: 00000003201711181458
startid: 1000
next_id: 00000000
versiid: 00000009
next_va: 1.39804e-76
val_cha: 00000004
nod_cha: 1711181458
startid: 00000000000000000000000000000000
next_id: 0000000100000000000000000000000a
versiid: 00000001000000000000000000000004
next_va: 2.83503e-310
val_cha: 00000003201711181458
nod_cha: 
startid: 0000000000000000000000
next_id: 000000000000000000000b
versiid: 0000000000000000000004
next_va: 1.57178e-76
val_cha: 1711181458
nod_cha: 
startid: 000000000000
next_id: 00000000000c
versiid: 000000000004
next_va: 6.23126e-38
val_cha: 
nod_cha: ULL
startid: 00
next_id: 0d
versiid: 04
next_va: 0
val_cha: 
nod_cha: 00000000000000000000000000
startid: 0200000000000000000000000e
next_id: 01000000000000000000000004
versiid: 03201711181458
next_va: 5.45542e+67
val_cha: ULL
nod_cha: 0000000000000000
startid: 000000000000000f
next_id: 0000000000000004
versiid: 1458
next_va: 1.39804e-76
val_cha: 00000000000000000000000000
nod_cha: 000000
startid: 000010
next_id: 000004
versiid: 
next_va: 1.39804e-76
val_cha: 0000000000000000
nod_cha: 000002000000000000000000000011
startid: 000001000000000000000000000004
next_id: 000003201711181458
versiid: 00
next_va: 1.39804e-76
val_cha: 000000
nod_cha: 00000000000000000012
startid: 00000000000000000004
next_id: 11181458
versiid: 000000000000000000000000000000
next_va: 1.38179e-76
val_cha: 000001000000000000000000000013
nod_cha: 0000000013
startid: 0000000004
next_id: 
versiid: 00000000000000000000
next_va: 1.39804e-76
val_cha: 00000000000000000014
nod_cha: 
startid: 
next_id: 4@1000
versiid: 0000000000
next_va: 1.39804e-76
val_cha: 0000000015
nod_cha: 000000000000000000000004
startid: 201711181458
next_id: L
versiid: 
next_va: 1.17607e-47
val_cha: 
nod_cha: 00000000000004
startid: 58
next_id: 000000000000000000000000
versiid: 000000000000000000000017
next_va: 9.16222e-72
val_cha: 000000000000000000000004
nod_cha: 0004
startid: 
next_id: 00000000000000
versiid: 00000000000018
next_va: 1.39804e-76
val_cha: 00000000000004
nod_cha: 0003201711181458
startid: 
next_id: 0000
versiid: 0019
next_va: 1.39804e-76
val_cha: 0004
nod_cha: 181458
startid: 0000000000000000000000000000
next_id: 000200000000000000000000001a
versiid: 0001000000000000000000000004
next_va: 1.39804e-76
val_cha: 0003201711181458
nod_cha: 
startid: 000000000000000000
next_id: 00000000000000001b
versiid: 000000000000000004
next_va: 9.74368e-72
val_cha: 181458
nod_cha: 1000
startid: 00000000
next_id: 0000001c
versiid: 00000004
next_va: 4.65909e-315
val_cha: 
nod_cha: 00000000000000000000000000000000
startid: 0000000200000000000000000000001d
next_id: 00000001000000000000000000000004
versiid: 00000003201711181458
next_va: 20
val_cha: 1000
nod_cha: 0000000000000000000000
startid: 000000000000000000001e
next_id: 0000000000000000000004
versiid: 1711181458
next_va: 3.14828e-307
val_cha: 00000000000000000000000000000000
nod_cha: 000000000000
startid: 00000000001f
next_id: 000000000004
versiid: 
next_va: 1.39804e-76
val_cha: 0000000000000000000000
nod_cha: 00
startid: 20
next_id: 04
versiid: 
next_va: 1.39804e-76
val_cha: 000000000000
nod_cha: 00000000000000000000000021
startid: 01000000000000000000000004
next_id: 03201711181458
versiid: ULL
next_va: 1.39804e-76
val_cha: 00
nod_cha: 0000000000000022
startid: 0000000000000004
next_id: 1458
versiid: 00000000000000000000000000
next_va: 1.39804e-76
val_cha: 02000000000000000000000023
nod_cha: 000023
startid: 000004
next_id: 
versiid: 0000000000000000
next_va: 1.39804e-76
val_cha: 0000000000000024
nod_cha: 000001000000000000000000000004
startid: 000003201711181458
next_id: 00
versiid: 000000
next_va: 1.39804e-76
val_cha: 000025
nod_cha: 00000000000000000004
startid: 11181458
next_id: 000000000000000000000000000000
versiid: 000002000000000000000000000026
next_va: 1.38179e-76
val_cha: 000001000000000000000000000004
nod_cha: 0000000004
startid: 
next_id: 00000000000000000000
versiid: 00000000000000000027
next_va: 1.39804e-76
val_cha: 00000000000000000004
nod_cha: 
startid: 4@1000
next_id: 0000000000
versiid: 0000000028
next_va: 1.39804e-76
val_cha: 0000000004
nod_cha: 201711181458
startid: L
next_id: 
versiid: 
next_va: 2.57893e-57
val_cha: 
nod_cha: 58
startid: 000000000000000000000000
next_id: 00000000000000000000002a
versiid: 000000000000000000000004
next_va: 3.93514e-62
val_cha: 201711181458
nod_cha: 
startid: 00000000000000
next_id: 0000000000002b
versiid: 00000000000004
next_va: 2.74322e-57
val_cha: 58
nod_cha: 
startid: 0000
next_id: 002c
versiid: 0004
next_va: 0
val_cha: 
nod_cha: 0000000000000000000000000000
startid: 000000000000000000000000002d
next_id: 0001000000000000000000000004
versiid: 0003201711181458
next_va: 1.39804e-76
val_cha: 
nod_cha: 000000000000000000
startid: 00000000000000002e
next_id: 000000000000000004
versiid: 181458
next_va: 1.39804e-76
val_cha: 0000000000000000000000000000
nod_cha: 00000000
startid: 0000002f
next_id: 00000004
versiid: 
next_va: 1.39804e-76
val_cha: 000000000000000000
nod_cha: 00000000000000000000000000000030
startid: 00000001000000000000000000000004
next_id: 00000003201711181458
versiid: 1000
next_va: 1.39804e-76
val_cha: 00000000
nod_cha: 0000000000000000000031
startid: 0000000000000000000004
next_id: 1711181458
versiid: 00000000000000000000000000000000
next_va: 2.61773e-310
val_cha: 00000002000000000000000000000032
nod_cha: 000000000032
startid: 000000000004
next_id: 
versiid: 0000000000000000000000
next_va: 1.39838e-76
val_cha: 0000000000000000000001
nod_cha: 01
startid: 07
next_id: 
versiid: 000000000000
next_va: 1.39804e-76
val_cha: 000000000002
nod_cha: 01000000000000000000000007
startid: 03201711181458
next_id: ULL
versiid: 00
next_va: 1.39804e-76
val_cha: 03
nod_cha: 0000000000000007
startid: 1458
next_id: 00000000000000000000000000
versiid: 01000000000000000000000004
next_va: 1.39804e-76
val_cha: 01000000000000000000000007
nod_cha: 000007
startid: 
next_id: 0000000000000000
versiid: 0000000000000005
next_va: 1.39804e-76
val_cha: 0000000000000007
nod_cha: 000003201711181458
startid: 00
next_id: 000000
versiid: 000006
next_va: 1.39804e-76
val_cha: 000007
nod_cha: 11181458
startid: 000000000000000000000000000000
next_id: 000001000000000000000000000007
versiid: 000001000000000000000000000007
next_va: 1.38179e-76
val_cha: 000003201711181458
nod_cha: 
startid: 00000000000000000000
next_id: 00000000000000000008
versiid: 00000000000000000007
next_va: 7.70749e-43
val_cha: 11181458
nod_cha: 4@1000
startid: 0000000000
next_id: 0000000009
versiid: 0000000007
next_va: 3.05338e-310
val_cha: 
nod_cha: L
startid: 
next_id: 
versiid: 
next_va: 0
val_cha: 4@1000
nod_cha: 000000000000000000000000
startid: 00000000000000000000000b
next_id: 000000000000000000000007
versiid: 201711181458
next_va: 5.34927e+59
val_cha: L
nod_cha: 00000000000000
startid: 0000000000000c
next_id: 00000000000007
versiid: 58
next_va: 1.39804e-76
val_cha: 000000000000000000000000
nod_cha: 0000
startid: 000d
next_id: 0007
versiid: 
next_va: 1.39804e-76
val_cha: 00000000000000
nod_cha: 000200000000000000000000000e
startid: 0001000000000000000000000007
next_id: 0003201711181458
versiid: 
next_va: 1.39804e-76
val_cha: 0000
nod_cha: 00000000000000000f
startid: 000000000000000007
next_id: 181458
versiid: 0000000000000000000000000000
next_va: 1.39804e-76
val_cha: 0001000000000000000000000010
nod_cha: 00000010
startid: 00000007
next_id: 
versiid: 000000000000000000
next_va: 1.39804e-76
val_cha: 000000000000000011
nod_cha: 00000001000000000000000000000007
startid: 00000003201711181458
next_id: 1000
versiid: 00000000
next_va: 1.39804e-76
val_cha: 00000012
nod_cha: 0000000000000000000007
startid: 1711181458
next_id: 00000000000000000000000000000000
versiid: 00000001000000000000000000000013
next_va: 2.78092e-310
val_cha: 00000001000000000000000000000007
nod_cha: 000000000007
startid: 
next_id: 0000000000000000000000
versiid: 0000000000000000000014
next_va: 1.39838e-76
val_cha: 0000000000000000000007
nod_cha: 07
startid: 
next_id: 000000000000
versiid: 000000000015
next_va: 1.39804e-76
val_cha: 000000000007
nod_cha: 03201711181458
startid: ULL
next_id: 00
versiid: 16
next_va: 1.39804e-76
val_cha: 07
nod_cha: 1458
startid: 00000000000000000000000000
next_id: 02000000000000000000000017
versiid: 01000000000000000000000007
next_va: 1.39804e-76
val_cha: 03201711181458
nod_cha: 
startid: 0000000000000000
next_id: 0000000000000018
versiid: 0000000000000007
next_va: 5.05232e-38
val_cha: 1458
nod_cha: 00
startid: 000000
next_id: 000019
versiid: 000007
next_va: 7.10911e-320
val_cha: 
nod_cha: 000000000000000000000000000000
startid: 00000200000000000000000000001a
next_id: 000001000000000000000000000007
versiid: 000003201711181458
next_va: 1.48981e-76
val_cha: 00
nod_cha: 00000000000000000000
startid: 0000000000000000001b
next_id: 00000000000000000007
versiid: 11181458
next_va: 1.38189e-76
val_cha: 000000000000000000000000000000
nod_cha: 0000000000
startid: 000000001c
next_id: 0000000007
versiid: 
next_va: 1.39804e-76
val_cha: 00000000000000000000
nod_cha: 
startid: 
next_id: 
versiid: 4@1000
next_va: 1.39804e-76
val_cha: 0000000000
nod_cha: 00000000000000000000001e
startid: 000000000000000000000007
next_id: 201711181458
versiid: L
next_va: 1.39804e-76
val_cha: 
nod_cha: 0000000000001f
startid: 00000000000007
next_id: 58
versiid: 000000000000000000000000
next_va: 6.00455e-67
val_cha: 000000000000000000000020
nod_cha: 0020
startid: 0007
next_id: 
versiid: 00000000000000
next_va: 1.39804e-76
val_cha: 00000000000021
nod_cha: 0001000000000000000000000007
startid: 0003201711181458
next_id: 
versiid: 0000
next_va: 1.39804e-76
val_cha: 0022
nod_cha: 000000000000000007
startid: 181458
next_id: 0000000000000000000000000000
versiid: 0002000000000000000000000023
next_va: 1.39804e-76
val_cha: 0001000000000000000000000007
nod_cha: 00000007
startid: 
next_id: 000000000000000000
versiid: 000000000000000024
next_va: 1.39804e-76
val_cha: 000000000000000007
nod_cha: 00000003201711181458
startid: 1000
next_id: 00000000
versiid: 00000025
next_va: 1.39804e-76
val_cha: 00000007
nod_cha: 1711181458
startid: 00000000000000000000000000000000
next_id: 00000002000000000000000000000026
versiid: 00000001000000000000000000000007
next_va: 2.998e-310
val_cha: 00000003201711181458
nod_cha: 
startid: 0000000000000000000000
next_id: 0000000000000000000027
versiid: 0000000000000000000007
next_va: 1.57178e-76
val_cha: 1711181458
nod_cha: 
startid: 000000000000
next_id: 000000000028
versiid: 000000000007
next_va: 6.23126e-38
val_cha: 
nod_cha: ULL
startid: 00
next_id: 29
versiid: 07
next_va: 0
val_cha: 
nod_cha: 00000000000000000000000000
startid: 0000000000000000000000002a
next_id: 01000000000000000000000007
versiid: 03201711181458
next_va: 5.45542e+67
val_cha: ULL
nod_cha: 0000000000000000
startid: 000000000000002b
next_id: 0000000000000007
versiid: 1458
next_va: 1.39804e-76
val_cha: 00000000000000000000000000
nod_cha: 000000
startid: 00002c
next_id: 000007
versiid: 
next_va: 1.39804e-76
val_cha: 0000000000000000
nod_cha: 00000000000000000000000000002d
startid: 000001000000000000000000000007
next_id: 000003201711181458
versiid: 00
next_va: 1.39804e-76
val_cha: 000000
nod_cha: 0000000000000000002e
startid: 00000000000000000007
next_id: 11181458
versiid: 000000000000000000000000000000
next_va: 1.38179e-76
val_cha: 00000200000000000000000000002f
nod_cha: 000000002f
startid: 0000000007
next_id: 
versiid: 00000000000000000000
next_va: 1.39804e-76
val_cha: 00000000000000000030
nod_cha: 
startid: 
next_id: 4@1000
versiid: 0000000000
next_va: 1.39804e-76
val_cha: 0000000031
nod_cha: 000000000000000000000007
startid: 201711181458
next_id: L
versiid: 
next_va: 7.11731e-67
val_cha: 
nod_cha: 00000000000007
startid: 58
next_id: 000000000000000000000000
versiid: 000000000000000000000001
next_va: 9.16222e-72
val_cha: 00000000000000000000000a
nod_cha: 000a
startid: 
next_id: 00000000000000
versiid: 00000000000002
next_va: 1.39804e-76
val_cha: 0000000000000a
nod_cha: 0003201711181458
startid: 
next_id: 0000
versiid: 0003
next_va: 1.39804e-76
val_cha: 000a
nod_cha: 181458
startid: 0000000000000000000000000000
next_id: 0001000000000000000000000004
versiid: 000100000000000000000000000a
next_va: 1.39804e-76
val_cha: 0003201711181458
nod_cha: 
startid: 000000000000000000
next_id: 000000000000000005
versiid: 00000000000000000a
next_va: 9.74368e-72
val_cha: 181458
nod_cha: 1000
startid: 00000000
next_id: 00000006
versiid: 0000000a
next_va: 4.65909e-315
val_cha: 
nod_cha: 00000000000000000000000000000000
startid: 00000001000000000000000000000007
next_id: 0000000100000000000000000000000a
versiid: 00000003201711181458
next_va: 20
val_cha: 1000
nod_cha: 0000000000000000000000
startid: 0000000000000000000008
next_id: 000000000000000000000a
versiid: 1711181458
next_va: 3.14828e-307
val_cha: 00000000000000000000000000000000
nod_cha: 000000000000
startid: 000000000009
next_id: 00000000000a
versiid: 
next_va: 1.39804e-76
val_cha: 0000000000000000000000
nod_cha: 00
startid: 0a
next_id: 0a
versiid: 
next_va: 1.39804e-76
val_cha: 000000000000
nod_cha: 0200000000000000000000000b
startid: 0100000000000000000000000a
next_id: 03201711181458
versiid: ULL
next_va: 1.39804e-76
val_cha: 00
nod_cha: 000000000000000c
startid: 000000000000000a
next_id: 1458
versiid: 00000000000000000000000000
next_va: 1.39804e-76
val_cha: 0100000000000000000000000d
nod_cha: 00000d
startid: 00000a
next_id: 
versiid: 0000000000000000
next_va: 1.39804e-76
val_cha: 000000000000000e
nod_cha: 00000100000000000000000000000a
startid: 000003201711181458
next_id: 00
versiid: 000000
next_va: 1.39804e-76
val_cha: 00000f
nod_cha: 0000000000000000000a
startid: 11181458
next_id: 000000000000000000000000000000
versiid: 000001000000000000000000000010
next_va: 1.38179e-76
val_cha: 00000100000000000000000000000a
nod_cha: 000000000a
startid: 
next_id: 00000000000000000000
versiid: 00000000000000000011
next_va: 1.39804e-76
val_cha: 0000000000000000000a
nod_cha: 
startid: 4@1000
next_id: 0000000000
versiid: 0000000012
next_va: 1.39804e-76
val_cha: 000000000a
nod_cha: 201711181458
startid: L
next_id: 
versiid: 
next_va: 1.42245e+160
val_cha: 
nod_cha: 58
startid: 000000000000000000000000
next_id: 000000000000000000000014
versiid: 00000000000000000000000a
next_va: 3.93514e-62
val_cha: 201711181458
nod_cha: 
startid: 00000000000000
next_id: 00000000000015
versiid: 0000000000000a
next_va: 2.74322e-57
val_cha: 58
nod_cha: 
startid: 0000
next_id: 0016
versiid: 000a
next_va: 0
val_cha: 
nod_cha: 0000000000000000000000000000
startid: 0002000000000000000000000017
next_id: 000100000000000000000000000a
versiid: 0003201711181458
next_va: 1.39804e-76
val_cha: 
nod_cha: 000000000000000000
startid: 000000000000000018
next_id: 00000000000000000a
versiid: 181458
next_va: 1.39804e-76
val_cha: 0000000000000000000000000000
nod_cha: 00000000
startid: 00000019
next_id: 0000000a
versiid: 
next_va: 1.39804e-76
val_cha: 000000000000000000
nod_cha: 0000000200000000000000000000001a
startid: 0000000100000000000000000000000a
next_id: 00000003201711181458
versiid: 1000
next_va: 1.39804e-76
val_cha: 00000000
nod_cha: 000000000000000000001b
startid: 000000000000000000000a
next_id: 1711181458
versiid: 00000000000000000000000000000000
next_va: 2.61773e-310
val_cha: 0000000100000000000000000000001c
nod_cha: 00000000001c
startid: 00000000000a
next_id: 
versiid: 0000000000000000000000
next_va: 1.39872e-76
val_cha: 000000000000000000001d
nod_cha: 1d
startid: 0a
next_id: 
versiid: 000000000000
next_va: 1.39804e-76
val_cha: 00000000001e
nod_cha: 0100000000000000000000000a
startid: 03201711181458
next_id: ULL
versiid: 00
next_va: 1.39804e-76
val_cha: 1f
nod_cha: 000000000000000a
startid: 1458
next_id: 00000000000000000000000000
versiid: 02000000000000000000000020
next_va: 1.39804e-76
val_cha: 0100000000000000000000000a
nod_cha: 00000a
startid: 
next_id: 0000000000000000
versiid: 0000000000000021
next_va: 1.39804e-76
val_cha: 000000000000000a
nod_cha: 000003201711181458
startid: 00
next_id: 000000
versiid: 000022
next_va: 1.39804e-76
val_cha: 00000a
nod_cha: 11181458
startid: 000000000000000000000000000000
next_id: 000002000000000000000000000023
versiid: 00000100000000000000000000000a
next_va: 1.38179e-76
val_cha: 000003201711181458
nod_cha: 
startid: 00000000000000000000
next_id: 00000000000000000024
versiid: 0000000000000000000a
next_va: 7.70749e-43
val_cha: 11181458
nod_cha: 4@1000
startid: 0000000000
next_id: 0000000025
versiid: 000000000a
next_va: 3.05338e-310
val_cha: 
nod_cha: L
startid: 
next_id: 
versiid: 
next_va: 0
val_cha: 4@1000
nod_cha: 000000000000000000000000
startid: 000000000000000000000027
next_id: 00000000000000000000000a
versiid: 201711181458
next_va: 5.34927e+59
val_cha: L
nod_cha: 00000000000000
startid: 00000000000028
next_id: 0000000000000a
versiid: 58
next_va: 1.39804e-76
val_cha: 000000000000000000000000
nod_cha: 0000
startid: 0029
next_id: 000a
versiid: 
next_va: 1.39804e-76
val_cha: 00000000000000
nod_cha: 000000000000000000000000002a
startid: 000100000000000000000000000a
next_id: 0003201711181458
versiid: 
next_va: 1.39804e-76
val_cha: 0000
nod_cha: 00000000000000002b
startid: 00000000000000000a
next_id: 181458
versiid: 0000000000000000000000000000
next_va: 1.39804e-76
val_cha: 000200000000000000000000002c
nod_cha: 0000002c
startid: 0000000a
next_id: 
versiid: 000000000000000000
next_va: 1.39804e-76
val_cha: 00000000000000002d
nod_cha: 0000000100000000000000000000000a
startid: 00000003201711181458
next_id: 1000
versiid: 00000000
next_va: 1.39804e-76
val_cha: 0000002e
nod_cha: 000000000000000000000a
startid: 1711181458
next_id: 00000000000000000000000000000000
versiid: 0000000200000000000000000000002f
next_va: 5.55161e-310
val_cha: 0000000100000000000000000000000a
nod_cha: 00000000000a
startid: 
next_id: 0000000000000000000000
versiid: 0000000000000000000030
next_va: 1.39838e-76
val_cha: 000000000000000000000a
nod_cha: 0a
startid: 
next_id: 000000000000
versiid: 000000000031
next_va: 1.39804e-76
val_cha: 00000000000a
nod_cha: 03201711181458
startid: ULL
next_id: 00
versiid: 32
next_va: 1.39804e-76
val_cha: 0a
nod_cha: 1458
startid: 00000000000000000000000000
next_id: 01000000000000000000000001
versiid: 0100000000000000000000000d
next_va: 1.39804e-76
val_cha: 03201711181458
nod_cha: 
startid: 0000000000000000
next_id: 0000000000000002
versiid: 000000000000000d
next_va: 5.05232e-38
val_cha: 1458
nod_cha: 00
startid: 000000
next_id: 000003
versiid: 00000d
next_va: 7.10911e-320
val_cha: 
nod_cha: 000000000000000000000000000000
startid: 000001000000000000000000000004
next_id: 00000100000000000000000000000d
versiid: 000003201711181458
next_va: 1.48981e-76
val_cha: 00
nod_cha: 00000000000000000000
startid: 00000000000000000005
next_id: 0000000000000000000d
versiid: 11181458
next_va: 1.38189e-76
val_cha: 000000000000000000000000000000
nod_cha: 0000000000
startid: 0000000006
next_id: 000000000d
versiid: 
next_va: 1.39804e-76
val_cha: 00000000000000000000
nod_cha: 
startid: 
next_id: 
versiid: 4@1000
next_va: 1.39804e-76
val_cha: 0000000000
nod_cha: 000000000000000000000008
startid: 00000000000000000000000d
next_id: 201711181458
versiid: L
next_va: 1.39804e-76
val_cha: 
nod_cha: 00000000000009
startid: 0000000000000d
next_id: 58
versiid: 000000000000000000000000
next_va: 9.16222e-72
val_cha: 00000000000000000000000a
nod_cha: 000a
startid: 000d
next_id: 
versiid: 00000000000000
next_va: 1.39804e-76
val_cha: 0000000000000b
nod_cha: 000100000000000000000000000d
startid: 0003201711181458
next_id: 
versiid: 0000
next_va: 1.39804e-76
val_cha: 000c
nod_cha: 00000000000000000d
startid: 181458
next_id: 0000000000000000000000000000
versiid: 000100000000000000000000000d
next_va: 1.39804e-76
val_cha: 000100000000000000000000000d
nod_cha: 0000000d
startid: 
next_id: 000000000000000000
versiid: 00000000000000000e
next_va: 1.39804e-76
val_cha: 00000000000000000d
nod_cha: 00000003201711181458
startid: 1000
next_id: 00000000
versiid: 0000000f
next_va: 1.39804e-76
val_cha: 0000000d
nod_cha: 1711181458
startid: 00000000000000000000000000000000
next_id: 00000001000000000000000000000010
versiid: 0000000100000000000000000000000d
next_va: 5.44253e-310
val_cha: 00000003201711181458
nod_cha: 
startid: 0000000000000000000000
next_id: 0000000000000000000011
versiid: 000000000000000000000d
next_va: 1.57178e-76
val_cha: 1711181458
nod_cha: 
startid: 000000000000
next_id: 000000000012
versiid: 00000000000d
next_va: 6.23126e-38
val_cha: 
nod_cha: ULL
startid: 00
next_id: 13
versiid: 0d
next_va: 0
val_cha: 
nod_cha: 00000000000000000000000000
startid: 02000000000000000000000014
next_id: 0100000000000000000000000d
versiid: 03201711181458
next_va: 5.45542e+67
val_cha: ULL
nod_cha: 0000000000000000
startid: 0000000000000015
next_id: 000000000000000d
versiid: 1458
next_va: 1.39804e-76
val_cha: 00000000000000000000000000
nod_cha: 000000
startid: 000016
next_id: 00000d
versiid: 
next_va: 1.39804e-76
val_cha: 0000000000000000
nod_cha: 000002000000000000000000000017
startid: 00000100000000000000000000000d
next_id: 000003201711181458
versiid: 00
next_va: 1.39804e-76
val_cha: 000000
nod_cha: 00000000000000000018
startid: 0000000000000000000d
next_id: 11181458
versiid: 000000000000000000000000000000
next_va: 1.38179e-76
val_cha: 000001000000000000000000000019
nod_cha: 0000000019
startid: 000000000d
next_id: 
versiid: 00000000000000000000
next_va: 1.39804e-76
val_cha: 0000000000000000001a
nod_cha: 
startid: 
next_id: 4@1000
versiid: 0000000000
next_va: 1.39804e-76
val_cha: 000000001b
nod_cha: 00000000000000000000000d
startid: 201711181458
next_id: L
versiid: 
next_va: 6.48678e+169
val_cha: 
nod_cha: 0000000000000d
startid: 58
next_id: 000000000000000000000000
versiid: 00000000000000000000001d
next_va: 9.16222e-72
val_cha: 00000000000000000000000d
nod_cha: 000d
startid: 
next_id: 00000000000000
versiid: 0000000000001e
next_va: 1.39804e-76
val_cha: 0000000000000d
nod_cha: 0003201711181458
startid: 
next_id: 0000
versiid: 001f
next_va: 1.39804e-76
val_cha: 000d
nod_cha: 181458
startid: 0000000000000000000000000000
next_id: 0002000000000000000000000020
versiid: 000100000000000000000000000d
next_va: 1.39804e-76
val_cha: 0003201711181458
nod_cha: 
startid: 000000000000000000
next_id: 000000000000000021
versiid: 00000000000000000d
next_va: 9.74368e-72
val_cha: 181458
nod_cha: 1000
startid: 00000000
next_id: 00000022
versiid: 0000000d
next_va: 4.65909e-315
val_cha: 
nod_cha: 00000000000000000000000000000000
startid: 00000002000000000000000000000023
next_id: 0000000100000000000000000000000d
versiid: 00000003201711181458
next_va: 20
val_cha: 1000
nod_cha: 0000000000000000000000
startid: 0000000000000000000024
next_id: 000000000000000000000d
versiid: 1711181458
next_va: 3.14828e-307
val_cha: 00000000000000000000000000000000
nod_cha: 000000000000
startid: 000000000025
next_id: 00000000000d
versiid: 
next_va: 1.39804e-76
val_cha: 0000000000000000000000
nod_cha: 00
startid: 26
next_id: 0d
versiid: 
next_va: 1.39804e-76
val_cha: 000000000000
nod_cha: 00000000000000000000000027
startid: 0100000000000000000000000d
next_id: 03201711181458
versiid: ULL
next_va: 1.39804e-76
val_cha: 00
nod_cha: 0000000000000028
startid: 000000000000000d
next_id: 1458
versiid: 00000000000000000000000000
next_va: 1.39804e-76
val_cha: 02000000000000000000000029
nod_cha: 000029
startid: 00000d
next_id: 
versiid: 0000000000000000
next_va: 1.39804e-76
val_cha: 000000000000002a
nod_cha: 00000100000000000000000000000d
startid: 000003201711181458
next_id: 00
versiid: 000000
next_va: 1.39804e-76
val_cha: 00002b
nod_cha: 0000000000000000000d
startid: 11181458
next_id: 000000000000000000000000000000
versiid: 00000200000000000000000000002c
next_va: 1.38179e-76
val_cha: 00000100000000000000000000000d
nod_cha: 000000000d
startid: 
next_id: 00000000000000000000
versiid: 0000000000000000002d
next_va: 1.39804e-76
val_cha: 0000000000000000000d
nod_cha: 
startid: 4@1000
next_id: 0000000000
versiid: 000000002e
next_va: 1.39804e-76
val_cha: 000000000d
nod_cha: 201711181458
startid: L
next_id: 
versiid: 
next_va: 4.00384e+174
val_cha: 
nod_cha: 58
startid: 000000000000000000000000
next_id: 000000000000000000000030
versiid: 00000000000000000000000d
next_va: 3.93514e-62
val_cha: 201711181458
nod_cha: 
startid: 00000000000000
next_id: 00000000000031
versiid: 0000000000000d
next_va: 2.74322e-57
val_cha: 58
nod_cha: 
startid: 0000
next_id: 0032
versiid: 000d
next_va: 0
val_cha: 
nod_cha: 0000000000000000000000000000
startid: 0001000000000000000000000001
next_id: 0001000000000000000000000010
versiid: 0003201711181458
next_va: 1.39804e-76
val_cha: 
nod_cha: 000000000000000000
startid: 000000000000000002
next_id: 000000000000000010
versiid: 181458
next_va: 1.39804e-76
val_cha: 0000000000000000000000000000
nod_cha: 00000000
startid: 00000003
next_id: 00000010
versiid: 
next_va: 1.39804e-76
val_cha: 000000000000000000
nod_cha: 00000001000000000000000000000004
startid: 00000001000000000000000000000010
next_id: 00000003201711181458
versiid: 1000
next_va: 1.39804e-76
val_cha: 00000000
nod_cha: 0000000000000000000005
startid: 0000000000000000000010
next_id: 1711181458
versiid: 00000000000000000000000000000000
next_va: 2.61773e-310
val_cha: 00000000000000000000000000000006
nod_cha: 000000000006
startid: 000000000010
next_id: 
versiid: 0000000000000000000000
next_va: 1.39838e-76
val_cha: 0000000000000000000007
nod_cha: 07
startid: 10
next_id: 
versiid: 000000000000
next_va: 1.39804e-76
val_cha: 000000000008
nod_cha: 01000000000000000000000010
startid: 03201711181458
next_id: ULL
versiid: 00
next_va: 1.39804e-76
val_cha: 09
nod_cha: 0000000000000010
startid: 1458
next_id: 00000000000000000000000000
versiid: 0100000000000000000000000a
next_va: 1.39804e-76
val_cha: 01000000000000000000000010
nod_cha: 000010
startid: 
next_id: 0000000000000000
versiid: 000000000000000b
next_va: 1.39804e-76
val_cha: 0000000000000010
nod_cha: 000003201711181458
startid: 00
next_id: 000000
versiid: 00000c
next_va: 1.39804e-76
val_cha: 000010
nod_cha: 11181458
startid: 000000000000000000000000000000
next_id: 00000100000000000000000000000d
versiid: 000001000000000000000000000010
next_va: 1.38179e-76
val_cha: 000003201711181458
nod_cha: 
startid: 00000000000000000000
next_id: 0000000000000000000e
versiid: 00000000000000000010
next_va: 7.70749e-43
val_cha: 11181458
nod_cha: 4@1000
startid: 0000000000
next_id: 000000000f
versiid: 0000000010
next_va: 3.05338e-310
val_cha: 
nod_cha: L
startid: 
next_id: 
versiid: 
next_va: 0
val_cha: 4@1000
nod_cha: 000000000000000000000000
startid: 000000000000000000000011
next_id: 000000000000000000000010
versiid: 201711181458
next_va: 5.34927e+59
val_cha: L
nod_cha: 00000000000000
startid: 00000000000012
next_id: 00000000000010
versiid: 58
next_va: 1.39804e-76
val_cha: 000000000000000000000000
nod_cha: 0000
startid: 0013
next_id: 0010
versiid: 
next_va: 1.39804e-76
val_cha: 00000000000000
nod_cha: 0002000000000000000000000014
startid: 0001000000000000000000000010
next_id: 0003201711181458
versiid: 
next_va: 1.39804e-76
val_cha: 0000
nod_cha: 000000000000000015
startid: 000000000000000010
next_id: 181458
versiid: 0000000000000000000000000000
next_va: 1.39804e-76
val_cha: 0001000000000000000000000016
nod_cha: 00000016
startid: 00000010
next_id: 
versiid: 000000000000000000
next_va: 1.39804e-76
val_cha: 000000000000000017
nod_cha: 00000001000000000000000000000010
startid: 00000003201711181458
next_id: 1000
versiid: 00000000
next_va: 1.39804e-76
val_cha: 00000018
nod_cha: 0000000000000000000010
startid: 1711181458
next_id: 00000000000000000000000000000000
versiid: 00000001000000000000000000000019
next_va: 3.10685e-310
val_cha: 00000001000000000000000000000010
nod_cha: 000000000010
startid: 
next_id: 0000000000000000000000
versiid: 000000000000000000001a
next_va: 1.39838e-76
val_cha: 0000000000000000000010
nod_cha: 10
startid: 
next_id: 000000000000
versiid: 00000000001b
next_va: 1.39804e-76
val_cha: 000000000010
nod_cha: 03201711181458
startid: ULL
next_id: 00
versiid: 1c
next_va: 1.39804e-76
val_cha: 10
nod_cha: 1458
startid: 00000000000000000000000000
next_id: 0200000000000000000000001d
versiid: 01000000000000000000000010
next_va: 1.39804e-76
val_cha: 03201711181458
nod_cha: 
startid: 0000000000000000
next_id: 000000000000001e
versiid: 0000000000000010
next_va: 5.05232e-38
val_cha: 1458
nod_cha: 00
startid: 000000
next_id: 00001f
versiid: 000010
next_va: 7.10911e-320
val_cha: 
nod_cha: 000000000000000000000000000000
startid: 000002000000000000000000000020
next_id: 000001000000000000000000000010
versiid: 000003201711181458
next_va: 1.48981e-76
val_cha: 00
nod_cha: 00000000000000000000
startid: 00000000000000000021
next_id: 00000000000000000010
versiid: 11181458
next_va: 1.38189e-76
val_cha: 000000000000000000000000000000
nod_cha: 0000000000
startid: 0000000022
next_id: 0000000010
versiid: 
next_va: 1.39804e-76
val_cha: 00000000000000000000
nod_cha: 
startid: 
next_id: 
versiid: 4@1000
next_va: 1.39804e-76
val_cha: 0000000000
nod_cha: 000000000000000000000024
startid: 000000000000000000000010
next_id: 201711181458
versiid: L
next_va: 1.39804e-76
val_cha: 
nod_cha: 00000000000025
startid: 00000000000010
next_id: 58
versiid: 000000000000000000000000
next_va: 6.00455e-67
val_cha: 000000000000000000000026
nod_cha: 0026
startid: 0010
next_id: 
versiid: 00000000000000
next_va: 1.39804e-76
val_cha: 00000000000027
nod_cha: 0001000000000000000000000010
startid: 0003201711181458
next_id: 
versiid: 0000
next_va: 1.39804e-76
val_cha: 0028
nod_cha: 000000000000000010
startid: 181458
next_id: 0000000000000000000000000000
versiid: 0002000000000000000000000029
next_va: 1.39804e-76
val_cha: 0001000000000000000000000010
nod_cha: 00000010
startid: 
next_id: 000000000000000000
versiid: 00000000000000002a
next_va: 1.39804e-76
val_cha: 000000000000000010
nod_cha: 00000003201711181458
startid: 1000
next_id: 00000000
versiid: 0000002b
next_va: 1.39804e-76
val_cha: 00000010
nod_cha: 1711181458
startid: 00000000000000000000000000000000
next_id: 0000000200000000000000000000002c
versiid: 00000001000000000000000000000010
next_va: 2.61795e-310
val_cha: 00000003201711181458
nod_cha: 
startid: 0000000000000000000000
next_id: 000000000000000000002d
versiid: 0000000000000000000010
next_va: 1.57178e-76
val_cha: 1711181458
nod_cha: 
startid: 000000000000
next_id: 00000000002e
versiid: 000000000010
next_va: 6.23126e-38
val_cha: 
nod_cha: ULL
startid: 00
next_id: 2f
versiid: 10
next_va: 0
val_cha: 
nod_cha: 00000000000000000000000000
startid: 00000000000000000000000030
next_id: 01000000000000000000000010
versiid: 03201711181458
next_va: 5.45542e+67
val_cha: ULL
nod_cha: 0000000000000000
startid: 0000000000000031
next_id: 0000000000000010
versiid: 1458
next_va: 1.39804e-76
val_cha: 00000000000000000000000000
nod_cha: 000000
startid: 000032
next_id: 000010
versiid: 
next_va: 1.39804e-76
val_cha: 0000000000000000
nod_cha: 000001000000000000000000000001
startid: 000001000000000000000000000013
next_id: 000003201711181458
versiid: 00
next_va: 1.39804e-76
val_cha: 000000
nod_cha: 00000000000000000002
startid: 00000000000000000013
next_id: 11181458
versiid: 000000000000000000000000000000
next_va: 1.38179e-76
val_cha: 000000000000000000000000000003
nod_cha: 0000000003
startid: 0000000013
next_id: 
versiid: 00000000000000000000
next_va: 1.39804e-76
val_cha: 00000000000000000004
nod_cha: 
startid: 
next_id: 4@1000
versiid: 0000000000
next_va: 1.39804e-76
val_cha: 0000000005
nod_cha: 000000000000000000000013
startid: 201711181458
next_id: L
versiid: 
next_va: 1.10764e-47
val_cha: 
nod_cha: 00000000000013
startid: 58
next_id: 000000000000000000000000
versiid: 000000000000000000000007
next_va: 9.16222e-72
val_cha: 000000000000000000000013
nod_cha: 0013
startid: 
next_id: 00000000000000
versiid: 00000000000008
next_va: 1.39804e-76
val_cha: 00000000000013
nod_cha: 0003201711181458
startid: 
next_id: 0000
versiid: 0009
next_va: 1.39804e-76
val_cha: 0013
nod_cha: 181458
startid: 0000000000000000000000000000
next_id: 000100000000000000000000000a
versiid: 0001000000000000000000000013
next_va: 1.39804e-76
val_cha: 0003201711181458
nod_cha: 
startid: 000000000000000000
next_id: 00000000000000000b
versiid: 000000000000000013
next_va: 9.74368e-72
val_cha: 181458
nod_cha: 1000
startid: 00000000
next_id: 0000000c
versiid: 00000013
next_va: 4.65909e-315
val_cha: 
nod_cha: 00000000000000000000000000000000
startid: 0000000100000000000000000000000d
next_id: 00000001000000000000000000000013
versiid: 00000003201711181458
next_va: 20
val_cha: 1000
nod_cha: 0000000000000000000000
startid: 000000000000000000000e
next_id: 0000000000000000000013
versiid: 1711181458
next_va: 3.14828e-307
val_cha: 00000000000000000000000000000000
nod_cha: 000000000000
startid: 00000000000f
next_id: 000000000013
versiid: 
next_va: 1.39804e-76
val_cha: 0000000000000000000000
nod_cha: 00
startid: 10
next_id: 13
versiid: 
next_va: 1.39804e-76
val_cha: 000000000000
nod_cha: 02000000000000000000000011
startid: 01000000000000000000000013
next_id: 03201711181458
versiid: ULL
next_va: 1.39804e-76
val_cha: 00
nod_cha: 0000000000000012
startid: 0000000000000013
next_id: 1458
versiid: 00000000000000000000000000
next_va: 1.39804e-76
val_cha: 01000000000000000000000013
nod_cha: 000013
startid: 000013
next_id: 
versiid: 0000000000000000
next_va: 1.39804e-76
val_cha: 0000000000000014
nod_cha: 000001000000000000000000000013
startid: 000003201711181458
next_id: 00
versiid: 000000
next_va: 1.39804e-76
val_cha: 000015
nod_cha: 00000000000000000013
startid: 11181458
next_id: 000000000000000000000000000000
versiid: 000001000000000000000000000016
next_va: 1.38179e-76
val_cha: 000001000000000000000000000013
nod_cha: 0000000013
startid: 
next_id: 00000000000000000000
versiid: 00000000000000000017
next_va: 1.39804e-76
val_cha: 00000000000000000013
nod_cha: 
startid: 4@1000
next_id: 0000000000
versiid: 0000000018
next_va: 1.39804e-76
val_cha: 0000000013
nod_cha: 201711181458
startid: L
next_id: 
versiid: 
next_va: 4.17823e-62
val_cha: 
nod_cha: 58
startid: 000000000000000000000000
next_id: 00000000000000000000001a
versiid: 000000000000000000000013
next_va: 3.93514e-62
val_cha: 201711181458
nod_cha: 
startid: 00000000000000
next_id: 0000000000001b
versiid: 00000000000013
next_va: 2.74322e-57
val_cha: 58
nod_cha: 
startid: 0000
next_id: 001c
versiid: 0013
next_va: 0
val_cha: 
nod_cha: 0000000000000000000000000000
startid: 000200000000000000000000001d
next_id: 0001000000000000000000000013
versiid: 0003201711181458
next_va: 1.39804e-76
val_cha: 
nod_cha: 000000000000000000
startid: 00000000000000001e
next_id: 000000000000000013
versiid: 181458
next_va: 1.39804e-76
val_cha: 0000000000000000000000000000
nod_cha: 00000000
startid: 0000001f
next_id: 00000013
versiid: 
next_va: 1.39804e-76
val_cha: 000000000000000000
nod_cha: 00000002000000000000000000000020
startid: 00000001000000000000000000000013
next_id: 00000003201711181458
versiid: 1000
next_va: 1.39804e-76
val_cha: 00000000
nod_cha: 0000000000000000000021
startid: 0000000000000000000013
next_id: 1711181458
versiid: 00000000000000000000000000000000
next_va: 2.61773e-310
val_cha: 00000001000000000000000000000022
nod_cha: 000000000022
startid: 000000000013
next_id: 
versiid: 0000000000000000000000
next_va: 1.39872e-76
val_cha: 0000000000000000000023
nod_cha: 23
startid: 13
next_id: 
versiid: 000000000000
next_va: 1.39804e-76
val_cha: 000000000024
nod_cha: 01000000000000000000000013
startid: 03201711181458
next_id: ULL
versiid: 00
next_va: 1.39804e-76
val_cha: 25
nod_cha: 0000000000000013
startid: 1458
next_id: 00000000000000000000000000
versiid: 02000000000000000000000026
next_va: 1.39804e-76
val_cha: 01000000000000000000000013
nod_cha: 000013
startid: 
next_id: 0000000000000000
versiid: 0000000000000027
next_va: 1.39804e-76
val_cha: 0000000000000013
nod_cha: 000003201711181458
startid: 00
next_id: 000000
versiid: 000028
next_va: 1.39804e-76
val_cha: 000013
nod_cha: 11181458
startid: 000000000000000000000000000000
next_id: 000002000000000000000000000029
versiid: 000001000000000000000000000013
next_va: 1.38179e-76
val_cha: 000003201711181458
nod_cha: 
startid: 00000000000000000000
next_id: 0000000000000000002a
versiid: 00000000000000000013
next_va: 7.70749e-43
val_cha: 11181458
nod_cha: 4@1000
startid: 0000000000
next_id: 000000002b
versiid: 0000000013
next_va: 3.05338e-310
val_cha: 
nod_cha: L
startid: 
next_id: 
versiid: 
next_va: 0
val_cha: 4@1000
nod_cha: 000000000000000000000000
startid: 00000000000000000000002d
next_id: 000000000000000000000013
versiid: 201711181458
next_va: 5.34927e+59
val_cha: L
nod_cha: 00000000000000
startid: 0000000000002e
next_id: 00000000000013
versiid: 58
next_va: 1.39804e-76
val_cha: 000000000000000000000000
nod_cha: 0000
startid: 002f
next_id: 0013
versiid: 
next_va: 1.39804e-76
val_cha: 00000000000000
nod_cha: 0000000000000000000000000030
startid: 0001000000000000000000000013
next_id: 0003201711181458
versiid: 
next_va: 1.39804e-76
val_cha: 0000
nod_cha: 000000000000000031
startid: 000000000000000013
next_id: 181458
versiid: 0000000000000000000000000000
next_va: 1.39804e-76
val_cha: 0002000000000000000000000032
nod_cha: 00000032
startid: 00000013
next_id: 
versiid: 000000000000000000
next_va: 1.39804e-76
val_cha: 000000000000000001
nod_cha: 00000001000000000000000000000016
startid: 00000003201711181458
next_id: 1000
versiid: 00000000
next_va: 1.39804e-76
val_cha: 00000002
nod_cha: 0000000000000000000016
startid: 1711181458
next_id: 00000000000000000000000000000000
versiid: 00000000000000000000000000000003
next_va: 2.7807e-310
val_cha: 00000001000000000000000000000016
nod_cha: 000000000016
startid: 
next_id: 0000000000000000000000
versiid: 0000000000000000000004
next_va: 1.39838e-76
val_cha: 0000000000000000000016
nod_cha: 16
startid: 
next_id: 000000000000
versiid: 000000000005
next_va: 1.39804e-76
val_cha: 000000000016
nod_cha: 03201711181458
startid: ULL
next_id: 00
versiid: 06
next_va: 1.39804e-76
val_cha: 16
nod_cha: 1458
startid: 00000000000000000000000000
next_id: 01000000000000000000000007
versiid: 01000000000000000000000016
next_va: 1.39804e-76
val_cha: 03201711181458
nod_cha: 
startid: 0000000000000000
next_id: 0000000000000008
versiid: 0000000000000016
next_va: 5.05232e-38
val_cha: 1458
nod_cha: 00
startid: 000000
next_id: 000009
versiid: 000016
next_va: 7.10911e-320
val_cha: 
nod_cha: 000000000000000000000000000000
startid: 00000100000000000000000000000a
next_id: 000001000000000000000000000016
versiid: 000003201711181458
next_va: 1.48981e-76
val_cha: 00
nod_cha: 00000000000000000000
startid: 0000000000000000000b
next_id: 00000000000000000016
versiid: 11181458
next_va: 1.38189e-76
val_cha: 000000000000000000000000000000
nod_cha: 0000000000
startid: 000000000c
next_id: 0000000016
versiid: 
next_va: 1.39804e-76
val_cha: 00000000000000000000
nod_cha: 
startid: 
next_id: 
versiid: 4@1000
next_va: 1.39804e-76
val_cha: 0000000000
nod_cha: 00000000000000000000000e
startid: 000000000000000000000016
next_id: 201711181458
versiid: L
next_va: 1.39804e-76
val_cha: 
nod_cha: 0000000000000f
startid: 00000000000016
next_id: 58
versiid: 000000000000000000000000
next_va: 9.16222e-72
val_cha: 000000000000000000000010
nod_cha: 0010
startid: 0016
next_id: 
versiid: 00000000000000
next_va: 1.39804e-76
val_cha: 00000000000011
nod_cha: 0001000000000000000000000016
startid: 0003201711181458
next_id: 
versiid: 0000
next_va: 1.39804e-76
val_cha: 0012
nod_cha: 000000000000000016
startid: 181458
next_id: 0000000000000000000000000000
versiid: 0001000000000000000000000013
next_va: 1.39804e-76
val_cha: 0001000000000000000000000016
nod_cha: 00000016
startid: 
next_id: 000000000000000000
versiid: 000000000000000014
next_va: 1.39804e-76
val_cha: 000000000000000016
nod_cha: 00000003201711181458
startid: 1000
next_id: 00000000
versiid: 00000015
next_va: 1.39804e-76
val_cha: 00000016
nod_cha: 1711181458
startid: 00000000000000000000000000000000
next_id: 00000001000000000000000000000016
versiid: 00000001000000000000000000000016
next_va: 2.94388e-310
val_cha: 00000003201711181458
nod_cha: 
startid: 0000000000000000000000
next_id: 0000000000000000000017
versiid: 0000000000000000000016
next_va: 1.57178e-76
val_cha: 1711181458
nod_cha: 
startid: 000000000000
next_id: 000000000018
versiid: 000000000016
next_va: 6.23126e-38
val_cha: 
nod_cha: ULL
startid: 00
next_id: 19
versiid: 16
next_va: 0
val_cha: 
nod_cha: 00000000000000000000000000
startid: 0200000000000000000000001a
next_id: 01000000000000000000000016
versiid: 03201711181458
next_va: 5.45542e+67
val_cha: ULL
nod_cha: 0000000000000000
startid: 000000000000001b
next_id: 0000000000000016
versiid: 1458
next_va: 1.39804e-76
val_cha: 00000000000000000000000000
nod_cha: 000000
startid: 00001c
next_id: 000016
versiid: 
next_va: 1.39804e-76
val_cha: 0000000000000000
nod_cha: 00000200000000000000000000001d
startid: 000001000000000000000000000016
next_id: 000003201711181458
versiid: 00
next_va: 1.39804e-76
val_cha: 000000
nod_cha: 0000000000000000001e
startid: 00000000000000000016
next_id: 11181458
versiid: 000000000000000000000000000000
next_va: 1.38179e-76
val_cha: 00000100000000000000000000001f
nod_cha: 000000001f
startid: 0000000016
next_id: 
versiid: 00000000000000000000
next_va: 1.39804e-76
val_cha: 00000000000000000020
nod_cha: 
startid: 
next_id: 4@1000
versiid: 0000000000
next_va: 1.39804e-76
val_cha: 0000000021
nod_cha: 000000000000000000000016
startid: 201711181458
next_id: L
versiid: 
next_va: 6.74639e-67
val_cha: 
nod_cha: 00000000000016
startid: 58
next_id: 000000000000000000000000
versiid: 000000000000000000000023
next_va: 9.16222e-72
val_cha: 000000000000000000000016
nod_cha: 0016
startid: 
next_id: 00000000000000
versiid: 00000000000024
next_va: 1.39804e-76
val_cha: 00000000000016
nod_cha: 0003201711181458
startid: 
next_id: 0000
versiid: 0025
next_va: 1.39804e-76
val_cha: 0016
nod_cha: 181458
startid: 0000000000000000000000000000
next_id: 0002000000000000000000000026
versiid: 0001000000000000000000000016
next_va: 1.39804e-76
val_cha: 0003201711181458
nod_cha: 
startid: 000000000000000000
next_id: 000000000000000027
versiid: 000000000000000016
next_va: 9.74368e-72
val_cha: 181458
nod_cha: 1000
startid: 00000000
next_id: 00000028
versiid: 00000016
next_va: 4.65909e-315
val_cha: 
nod_cha: 00000000000000000000000000000000
startid: 00000002000000000000000000000029
next_id: 00000001000000000000000000000016
versiid: 00000003201711181458
next_va: 20
val_cha: 1000
nod_cha: 0000000000000000000000
startid: 000000000000000000002a
next_id: 0000000000000000000016
versiid: 1711181458
next_va: 3.14828e-307
val_cha: 00000000000000000000000000000000
nod_cha: 000000000000
startid: 00000000002b
next_id: 000000000016
versiid: 
next_va: 1.39804e-76
val_cha: 0000000000000000000000
nod_cha: 00
startid: 2c
next_id: 16
versiid: 
next_va: 1.39804e-76
val_cha: 000000000000
nod_cha: 0000000000000000000000002d
startid: 01000000000000000000000016
next_id: 03201711181458
versiid: ULL
next_va: 1.39804e-76
val_cha: 00
nod_cha: 000000000000002e
startid: 0000000000000016
next_id: 1458
versiid: 00000000000000000000000000
next_va: 1.39804e-76
val_cha: 0200000000000000000000002f
nod_cha: 00002f
startid: 000016
next_id: 
versiid: 0000000000000000
next_va: 1.39804e-76
val_cha: 0000000000000030
nod_cha: 000001000000000000000000000016
startid: 000003201711181458
next_id: 00
versiid: 000000
next_va: 1.39804e-76
val_cha: 000031
nod_cha: 00000000000000000016
startid: 11181458
next_id: 000000000000000000000000000000
versiid: 000002000000000000000000000032
next_va: 1.38179e-76
val_cha: 000001000000000000000000000016
nod_cha: 0000000016
startid: 
next_id: 00000000000000000000
versiid: 00000000000000000001
next_va: 1.39804e-76
val_cha: 00000000000000000019
nod_cha: 
startid: 4@1000
next_id: 0000000000
versiid: 0000000002
next_va: 1.39804e-76
val_cha: 0000000019
nod_cha: 201711181458
startid: L
next_id: 
versiid: 
next_va: 3.31033e-33
val_cha: 
nod_cha: 58
startid: 000000000000000000000000
next_id: 000000000000000000000004
versiid: 000000000000000000000019
next_va: 3.93514e-62
val_cha: 201711181458
nod_cha: 
startid: 00000000000000
next_id: 00000000000005
versiid: 00000000000019
next_va: 2.74322e-57
val_cha: 58
nod_cha: 
startid: 0000
next_id: 0006
versiid: 0019
next_va: 0
val_cha: 
nod_cha: 0000000000000000000000000000
startid: 0001000000000000000000000007
next_id: 0001000000000000000000000019
versiid: 0003201711181458
next_va: 1.39804e-76
val_cha: 
nod_cha: 000000000000000000
startid: 000000000000000008
next_id: 000000000000000019
versiid: 181458
next_va: 1.39804e-76
val_cha: 0000000000000000000000000000
nod_cha: 00000000
startid: 00000009
next_id: 00000019
versiid: 
next_va: 1.39804e-76
val_cha: 000000000000000000
nod_cha: 0000000100000000000000000000000a
startid: 00000001000000000000000000000019
next_id: 00000003201711181458
versiid: 1000
next_va: 1.39804e-76
val_cha: 00000000
nod_cha: 000000000000000000000b
startid: 0000000000000000000019
next_id: 1711181458
versiid: 00000000000000000000000000000000
next_va: 2.61773e-310
val_cha: 0000000000000000000000000000000c
nod_cha: 00000000000c
startid: 000000000019
next_id: 
versiid: 0000000000000000000000
next_va: 1.39838e-76
val_cha: 000000000000000000000d
nod_cha: 0d
startid: 19
next_id: 
versiid: 000000000000
next_va: 1.39804e-76
val_cha: 00000000000e
nod_cha: 01000000000000000000000019
startid: 03201711181458
next_id: ULL
versiid: 00
next_va: 1.39804e-76
val_cha: 0f
nod_cha: 0000000000000019
startid: 1458
next_id: 00000000000000000000000000
versiid: 01000000000000000000000010
next_va: 1.39804e-76
val_cha: 01000000000000000000000019
nod_cha: 000019
startid: 
next_id: 0000000000000000
versiid: 0000000000000011
next_va: 1.39804e-76
val_cha: 0000000000000019
nod_cha: 000003201711181458
startid: 00
next_id: 000000
versiid: 000012
next_va: 1.39804e-76
val_cha: 000019
nod_cha: 11181458
startid: 000000000000000000000000000000
next_id: 000001000000000000000000000013
versiid: 000001000000000000000000000019
next_va: 1.38179e-76
val_cha: 000003201711181458
nod_cha: 
startid: 00000000000000000000
next_id: 00000000000000000014
versiid: 00000000000000000019
next_va: 7.70749e-43
val_cha: 11181458
nod_cha: 4@1000
startid: 0000000000
next_id: 0000000015
versiid: 0000000019
next_va: 3.05338e-310
val_cha: 
nod_cha: L
startid: 
next_id: 
versiid: 
next_va: 0
val_cha: 4@1000
nod_cha: 000000000000000000000000
startid: 000000000000000000000017
next_id: 000000000000000000000019
versiid: 201711181458
next_va: 5.34927e+59
val_cha: L
nod_cha: 00000000000000
startid: 00000000000018
next_id: 00000000000019
versiid: 58
next_va: 1.39804e-76
val_cha: 000000000000000000000000
nod_cha: 0000
startid: 0019
next_id: 0019
versiid: 
next_va: 1.39804e-76
val_cha: 00000000000000
nod_cha: 000200000000000000000000001a
startid: 0001000000000000000000000019
next_id: 0003201711181458
versiid: 
next_va: 1.39804e-76
val_cha: 0000
nod_cha: 00000000000000001b
startid: 000000000000000019
next_id: 181458
versiid: 0000000000000000000000000000
next_va: 1.39804e-76
val_cha: 000100000000000000000000001c
nod_cha: 0000001c
startid: 00000019
next_id: 
versiid: 000000000000000000
next_va: 1.39804e-76
val_cha: 00000000000000001d
nod_cha: 00000001000000000000000000000019
startid: 00000003201711181458
next_id: 1000
versiid: 00000000
next_va: 1.39804e-76
val_cha: 0000001e
nod_cha: 0000000000000000000019
startid: 1711181458
next_id: 00000000000000000000000000000000
versiid: 0000000100000000000000000000001f
next_va: 5.55139e-310
val_cha: 00000001000000000000000000000019
nod_cha: 000000000019
startid: 
next_id: 0000000000000000000000
versiid: 0000000000000000000020
next_va: 1.39838e-76
val_cha: 0000000000000000000019
nod_cha: 19
startid: 
next_id: 000000000000
versiid: 000000000021
next_va: 1.39804e-76
val_cha: 000000000019
nod_cha: 03201711181458
startid: ULL
next_id: 00
versiid: 22
next_va: 1.39804e-76
val_cha: 19
nod_cha: 1458
startid: 00000000000000000000000000
next_id: 02000000000000000000000023
versiid: 01000000000000000000000019
next_va: 1.39804e-76
val_cha: 03201711181458
nod_cha: 
startid: 0000000000000000
next_id: 0000000000000024
versiid: 0000000000000019
next_va: 5.05232e-38
val_cha: 1458
nod_cha: 00
startid: 000000
next_id: 000025
versiid: 000019
next_va: 7.10911e-320
val_cha: 
nod_cha: 000000000000000000000000000000
startid: 000002000000000000000000000026
next_id: 000001000000000000000000000019
versiid: 000003201711181458
next_va: 1.48981e-76
val_cha: 00
nod_cha: 00000000000000000000
startid: 00000000000000000027
next_id: 00000000000000000019
versiid: 11181458
next_va: 1.38189e-76
val_cha: 000000000000000000000000000000
nod_cha: 0000000000
startid: 0000000028
next_id: 0000000019
versiid: 
next_va: 1.39804e-76
val_cha: 00000000000000000000
nod_cha: 
startid: 
next_id: 
versiid: 4@1000
next_va: 1.39804e-76
val_cha: 0000000000
nod_cha: 00000000000000000000002a
startid: 000000000000000000000019
next_id: 201711181458
versiid: L
next_va: 1.39804e-76
val_cha: 
nod_cha: 0000000000002b
startid: 00000000000019
next_id: 58
versiid: 000000000000000000000000
next_va: 6.00455e-67
val_cha: 00000000000000000000002c
nod_cha: 002c
startid: 0019
next_id: 
versiid: 00000000000000
next_va: 1.39804e-76
val_cha: 0000000000002d
nod_cha: 0001000000000000000000000019
startid: 0003201711181458
next_id: 
versiid: 0000
next_va: 1.39804e-76
val_cha: 002e
nod_cha: 000000000000000019
startid: 181458
next_id: 0000000000000000000000000000
versiid: 000200000000000000000000002f
next_va: 1.39804e-76
val_cha: 0001000000000000000000000019
nod_cha: 00000019
startid: 
next_id: 000000000000000000
versiid: 000000000000000030
next_va: 1.39804e-76
val_cha: 000000000000000019
nod_cha: 00000003201711181458
startid: 1000
next_id: 00000000
versiid: 00000031
next_va: 1.39804e-76
val_cha: 00000019
nod_cha: 1711181458
startid: 00000000000000000000000000000000
next_id: 00000002000000000000000000000032
versiid: 00000001000000000000000000000019
next_va: 3.10685e-310
val_cha: 00000003201711181458
nod_cha: 
startid: 0000000000000000000000
next_id: 0000000000000000000001
versiid: 000000000000000000001c
next_va: 1.57178e-76
val_cha: 1711181458
nod_cha: 
startid: 000000000000
next_id: 000000000002
versiid: 00000000001c
next_va: 6.23126e-38
val_cha: 
nod_cha: ULL
startid: 00
next_id: 03
versiid: 1c
next_va: 0
val_cha: 
nod_cha: 00000000000000000000000000
startid: 01000000000000000000000004
next_id: 0100000000000000000000001c
versiid: 03201711181458
next_va: 5.45542e+67
val_cha: ULL
nod_cha: 0000000000000000
startid: 0000000000000005
next_id: 000000000000001c
versiid: 1458
next_va: 1.39804e-76
val_cha: 00000000000000000000000000
nod_cha: 000000
startid: 000006
next_id: 00001c
versiid: 
next_va: 1.39804e-76
val_cha: 0000000000000000
nod_cha: 000001000000000000000000000007
startid: 00000100000000000000000000001c
next_id: 000003201711181458
versiid: 00
next_va: 1.39804e-76
val_cha: 000000
nod_cha: 00000000000000000008
startid: 0000000000000000001c
next_id: 11181458
versiid: 000000000000000000000000000000
next_va: 1.38179e-76
val_cha: 000000000000000000000000000009
nod_cha: 0000000009
startid: 000000001c
next_id: 
versiid: 00000000000000000000
next_va: 1.39804e-76
val_cha: 0000000000000000000a
nod_cha: 
startid: 
next_id: 4@1000
versiid: 0000000000
next_va: 1.39804e-76
val_cha: 000000000b
nod_cha: 00000000000000000000001c
startid: 201711181458
next_id: L
versiid: 
next_va: 6.10938e+169
val_cha: 
nod_cha: 0000000000001c
startid: 58
next_id: 000000000000000000000000
versiid: 00000000000000000000000d
next_va: 9.16222e-72
val_cha: 00000000000000000000001c
nod_cha: 001c
startid: 
next_id: 00000000000000
versiid: 0000000000000e
next_va: 1.39804e-76
val_cha: 0000000000001c
nod_cha: 0003201711181458
startid: 
next_id: 0000
versiid: 000f
next_va: 1.39804e-76
val_cha: 001c
nod_cha: 181458
startid: 0000000000000000000000000000
next_id: 0001000000000000000000000010
versiid: 000100000000000000000000001c
next_va: 1.39804e-76
val_cha: 0003201711181458
nod_cha: 
startid: 000000000000000000
next_id: 000000000000000011
versiid: 00000000000000001c
next_va: 9.74368e-72
val_cha: 181458
nod_cha: 1000
startid: 00000000
next_id: 00000012
versiid: 0000001c
next_va: 4.65909e-315
val_cha: 
nod_cha: 00000000000000000000000000000000
startid: 00000001000000000000000000000013
next_id: 0000000100000000000000000000001c
versiid: 00000003201711181458
next_va: 20
val_cha: 1000
nod_cha: 0000000000000000000000
startid: 0000000000000000000014
next_id: 000000000000000000001c
versiid: 1711181458
next_va: 3.14828e-307
val_cha: 00000000000000000000000000000000
nod_cha: 000000000000
startid: 000000000015
next_id: 00000000001c
versiid: 
next_va: 1.39804e-76
val_cha: 0000000000000000000000
nod_cha: 00
startid: 16
next_id: 1c
versiid: 
next_va: 1.39804e-76
val_cha: 000000000000
nod_cha: 02000000000000000000000017
startid: 0100000000000000000000001c
next_id: 03201711181458
versiid: ULL
next_va: 1.39804e-76
val_cha: 00
nod_cha: 0000000000000018
startid: 000000000000001c
next_id: 1458
versiid: 00000000000000000000000000
next_va: 1.39804e-76
val_cha: 01000000000000000000000019
nod_cha: 000019
startid: 00001c
next_id: 
versiid: 0000000000000000
next_va: 1.39804e-76
val_cha: 000000000000001a
nod_cha: 00000100000000000000000000001c
startid: 000003201711181458
next_id: 00
versiid: 000000
next_va: 1.39804e-76
val_cha: 00001b
nod_cha: 0000000000000000001c
startid: 11181458
next_id: 000000000000000000000000000000
versiid: 00000100000000000000000000001c
next_va: 1.38179e-76
val_cha: 00000100000000000000000000001c
nod_cha: 000000001c
startid: 
next_id: 00000000000000000000
versiid: 0000000000000000001d
next_va: 1.39804e-76
val_cha: 0000000000000000001c
nod_cha: 
startid: 4@1000
next_id: 0000000000
versiid: 000000001e
next_va: 1.39804e-76
val_cha: 000000001c
nod_cha: 201711181458
startid: L
next_id: 
versiid: 
next_va: 6.48678e+169
val_cha: 
nod_cha: 58
startid: 000000000000000000000000
next_id: 000000000000000000000020
versiid: 00000000000000000000001c
next_va: 3.93514e-62
val_cha: 201711181458
nod_cha: 
startid: 00000000000000
next_id: 00000000000021
versiid: 0000000000001c
next_va: 2.74322e-57
val_cha: 58
nod_cha: 
startid: 0000
next_id: 0022
versiid: 001c
next_va: 0
val_cha: 
nod_cha: 0000000000000000000000000000
startid: 0002000000000000000000000023
next_id: 000100000000000000000000001c
versiid: 0003201711181458
next_va: 1.39804e-76
val_cha: 
nod_cha: 000000000000000000
startid: 000000000000000024
next_id: 00000000000000001c
versiid: 181458
next_va: 1.39804e-76
val_cha: 0000000000000000000000000000
nod_cha: 00000000
startid: 00000025
next_id: 0000001c
versiid: 
next_va: 1.39804e-76
val_cha: 000000000000000000
nod_cha: 00000002000000000000000000000026
startid: 0000000100000000000000000000001c
next_id: 00000003201711181458
versiid: 1000
next_va: 1.39804e-76
val_cha: 00000000
nod_cha: 0000000000000000000027
startid: 000000000000000000001c
next_id: 1711181458
versiid: 00000000000000000000000000000000
next_va: 2.61773e-310
val_cha: 00000001000000000000000000000028
nod_cha: 000000000028
startid: 00000000001c
next_id: 
versiid: 0000000000000000000000
next_va: 1.39872e-76
val_cha: 0000000000000000000029
nod_cha: 29
startid: 1c
next_id: 
versiid: 000000000000
next_va: 1.39804e-76
val_cha: 00000000002a
nod_cha: 0100000000000000000000001c
startid: 03201711181458
next_id: ULL
versiid: 00
next_va: 1.39804e-76
val_cha: 2b
nod_cha: 000000000000001c
startid: 1458
next_id: 00000000000000000000000000
versiid: 0200000000000000000000002c
next_va: 1.39804e-76
val_cha: 0100000000000000000000001c
nod_cha: 00001c
startid: 
next_id: 0000000000000000
versiid: 000000000000002d
next_va: 1.39804e-76
val_cha: 000000000000001c
nod_cha: 000003201711181458
startid: 00
next_id: 000000
versiid: 00002e
next_va: 1.39804e-76
val_cha: 00001c
nod_cha: 11181458
startid: 000000000000000000000000000000
next_id: 00000200000000000000000000002f
versiid: 00000100000000000000000000001c
next_va: 1.38179e-76
val_cha: 000003201711181458
nod_cha: 
startid: 00000000000000000000
next_id: 00000000000000000030
versiid: 0000000000000000001c
next_va: 7.70749e-43
val_cha: 11181458
nod_cha: 4@1000
startid: 0000000000
next_id: 0000000031
versiid: 000000001c
next_va: 3.05338e-310
val_cha: 
nod_cha: L
startid: 
next_id: 
versiid: 
next_va: 0
val_cha: 4@1000
nod_cha: 000000000000000000000000
startid: 000000000000000000000001
next_id: 00000000000000000000001f
versiid: 201711181458
next_va: 5.34927e+59
val_cha: L
nod_cha: 00000000000000
startid: 00000000000002
next_id: 0000000000001f
versiid: 58
next_va: 1.39804e-76
val_cha: 000000000000000000000000
nod_cha: 0000
startid: 0003
next_id: 001f
versiid: 
next_va: 1.39804e-76
val_cha: 00000000000000
nod_cha: 0001000000000000000000000004
startid: 000100000000000000000000001f
next_id: 0003201711181458
versiid: 
next_va: 1.39804e-76
val_cha: 0000
nod_cha: 000000000000000005
startid: 00000000000000001f
next_id: 181458
versiid: 0000000000000000000000000000
next_va: 1.39804e-76
val_cha: 0000000000000000000000000006
nod_cha: 00000006
startid: 0000001f
next_id: 
versiid: 000000000000000000
next_va: 1.39804e-76
val_cha: 000000000000000007
nod_cha: 0000000100000000000000000000001f
startid: 00000003201711181458
next_id: 1000
versiid: 00000000
next_va: 1.39804e-76
val_cha: 00000008
nod_cha: 000000000000000000001f
startid: 1711181458
next_id: 00000000000000000000000000000000
versiid: 00000000000000000000000000000009
next_va: 3.10664e-310
val_cha: 0000000100000000000000000000001f
nod_cha: 00000000001f
startid: 
next_id: 0000000000000000000000
versiid: 000000000000000000000a
next_va: 1.39838e-76
val_cha: 000000000000000000001f
nod_cha: 1f
startid: 
next_id: 000000000000
versiid: 00000000000b
next_va: 1.39804e-76
val_cha: 00000000001f
nod_cha: 03201711181458
startid: ULL
next_id: 00
versiid: 0c
next_va: 1.39804e-76
val_cha: 1f
nod_cha: 1458
startid: 00000000000000000000000000
next_id: 0100000000000000000000000d
versiid: 0100000000000000000000001f
next_va: 1.39804e-76
val_cha: 03201711181458
nod_cha: 
startid: 0000000000000000
next_id: 000000000000000e
versiid: 000000000000001f
next_va: 5.05232e-38
val_cha: 1458
nod_cha: 00
startid: 000000
next_id: 00000f
versiid: 00001f
next_va: 7.10911e-320
val_cha: 
nod_cha: 000000000000000000000000000000
startid: 000001000000000000000000000010
next_id: 00000100000000000000000000001f
versiid: 000003201711181458
next_va: 1.48981e-76
val_cha: 00
nod_cha: 00000000000000000000
startid: 00000000000000000011
next_id: 0000000000000000001f
versiid: 11181458
next_va: 1.38189e-76
val_cha: 000000000000000000000000000000
nod_cha: 0000000000
startid: 0000000012
next_id: 000000001f
versiid: 
next_va: 1.39804e-76
val_cha: 00000000000000000000
nod_cha: 
startid: 
next_id: 
versiid: 4@1000
next_va: 1.39804e-76
val_cha: 0000000000
nod_cha: 000000000000000000000014
startid: 00000000000000000000001f
next_id: 201711181458
versiid: L
next_va: 1.39804e-76
val_cha: 
nod_cha: 00000000000015
startid: 0000000000001f
next_id: 58
versiid: 000000000000000000000000
next_va: 9.16222e-72
val_cha: 000000000000000000000016
nod_cha: 0016
startid: 001f
next_id: 
versiid: 00000000000000
next_va: 1.39804e-76
val_cha: 00000000000017
nod_cha: 000100000000000000000000001f
startid: 0003201711181458
next_id: 
versiid: 0000
next_va: 1.39804e-76
val_cha: 0018
nod_cha: 00000000000000001f
startid: 181458
next_id: 0000000000000000000000000000
versiid: 0001000000000000000000000019
next_va: 1.39804e-76
val_cha: 000100000000000000000000001f
nod_cha: 0000001f
startid: 
next_id: 000000000000000000
versiid: 00000000000000001a
next_va: 1.39804e-76
val_cha: 00000000000000001f
nod_cha: 00000003201711181458
startid: 1000
next_id: 00000000
versiid: 0000001b
next_va: 1.39804e-76
val_cha: 0000001f
nod_cha: 1711181458
startid: 00000000000000000000000000000000
next_id: 0000000100000000000000000000001c
versiid: 0000000100000000000000000000001f
next_va: 5.55139e-310
val_cha: 00000003201711181458
nod_cha: 
startid: 0000000000000000000000
next_id: 000000000000000000001d
versiid: 000000000000000000001f
next_va: 1.57178e-76
val_cha: 1711181458
nod_cha: 
startid: 000000000000
next_id: 00000000001e
versiid: 00000000001f
next_va: 6.23126e-38
val_cha: 
nod_cha: ULL
startid: 00
next_id: 1f
versiid: 1f
next_va: 0
val_cha: 
nod_cha: 00000000000000000000000000
startid: 02000000000000000000000020
next_id: 0100000000000000000000001f
versiid: 03201711181458
next_va: 5.45542e+67
val_cha: ULL
nod_cha: 0000000000000000
startid: 0000000000000021
next_id: 000000000000001f
versiid: 1458
next_va: 1.39804e-76
val_cha: 00000000000000000000000000
nod_cha: 000000
startid: 000022
next_id: 00001f
versiid: 
next_va: 1.39804e-76
val_cha: 0000000000000000
nod_cha: 000002000000000000000000000023
startid: 00000100000000000000000000001f
next_id: 000003201711181458
versiid: 00
next_va: 1.39804e-76
val_cha: 000000
nod_cha: 00000000000000000024
startid: 0000000000000000001f
next_id: 11181458
versiid: 000000000000000000000000000000
next_va: 1.38179e-76
val_cha: 000001000000000000000000000025
nod_cha: 0000000025
startid: 000000001f
next_id: 
versiid: 00000000000000000000
next_va: 1.39804e-76
val_cha: 00000000000000000026
nod_cha: 
startid: 
next_id: 4@1000
versiid: 0000000000
next_va: 1.39804e-76
val_cha: 0000000027
nod_cha: 00000000000000000000001f
startid: 201711181458
next_id: L
versiid: 
next_va: 5.34504e-38
val_cha: 
nod_cha: 0000000000001f
startid: 58
next_id: 000000000000000000000000
versiid: 000000000000000000000029
next_va: 9.16222e-72
val_cha: 00000000000000000000001f
nod_cha: 001f
startid: 
next_id: 00000000000000
versiid: 0000000000002a
next_va: 1.39804e-76
val_cha: 0000000000001f
nod_cha: 0003201711181458
startid: 
next_id: 0000
versiid: 002b
next_va: 1.39804e-76
val_cha: 001f
nod_cha: 181458
startid: 0000000000000000000000000000
next_id: 000200000000000000000000002c
versiid: 000100000000000000000000001f
next_va: 1.39804e-76
val_cha: 0003201711181458
nod_cha: 
startid: 000000000000000000
next_id: 00000000000000002d
versiid: 00000000000000001f
next_va: 9.74368e-72
val_cha: 181458
nod_cha: 1000
startid: 00000000
next_id: 0000002e
versiid: 0000001f
next_va: 4.65909e-315
val_cha: 
nod_cha: 00000000000000000000000000000000
startid: 0000000200000000000000000000002f
next_id: 0000000100000000000000000000001f
versiid: 00000003201711181458
next_va: 20
val_cha: 1000
nod_cha: 0000000000000000000000
startid: 0000000000000000000030
next_id: 000000000000000000001f
versiid: 1711181458
next_va: 3.14828e-307
val_cha: 00000000000000000000000000000000
nod_cha: 000000000000
startid: 000000000031
next_id: 00000000001f
versiid: 
next_va: 1.39804e-76
val_cha: 0000000000000000000000
nod_cha: 00
startid: 32
next_id: 1f
versiid: 
next_va: 1.39804e-76
val_cha: 000000000000
nod_cha: 01000000000000000000000001
startid: 01000000000000000000000022
next_id: 03201711181458
versiid: ULL
next_va: 1.39804e-76
val_cha: 00
nod_cha: 0000000000000002
startid: 0000000000000022
next_id: 1458
versiid: 00000000000000000000000000
next_va: 1.39804e-76
val_cha: 00000000000000000000000003
nod_cha: 000003
startid: 000022
next_id: 
versiid: 0000000000000000
next_va: 1.39804e-76
val_cha: 0000000000000004
nod_cha: 000001000000000000000000000022
startid: 000003201711181458
next_id: 00
versiid: 000000
next_va: 1.39804e-76
val_cha: 000005
nod_cha: 00000000000000000022
startid: 11181458
next_id: 000000000000000000000000000000
versiid: 000000000000000000000000000006
next_va: 1.38179e-76
val_cha: 000001000000000000000000000022
nod_cha: 0000000022
startid: 
next_id: 00000000000000000000
versiid: 00000000000000000007
next_va: 1.39804e-76
val_cha: 00000000000000000022
nod_cha: 
startid: 4@1000
next_id: 0000000000
versiid: 0000000008
next_va: 1.39804e-76
val_cha: 0000000022
nod_cha: 201711181458
startid: L
next_id: 
versiid: 
next_va: 6.74639e-67
val_cha: 
nod_cha: 58
startid: 000000000000000000000000
next_id: 00000000000000000000000a
versiid: 000000000000000000000022
next_va: 3.93514e-62
val_cha: 201711181458
nod_cha: 
startid: 00000000000000
next_id: 0000000000000b
versiid: 00000000000022
next_va: 2.74322e-57
val_cha: 58
nod_cha: 
startid: 0000
next_id: 000c
versiid: 0022
next_va: 0
val_cha: 
nod_cha: 0000000000000000000000000000
startid: 000100000000000000000000000d
next_id: 0001000000000000000000000022
versiid: 0003201711181458
next_va: 1.39804e-76
val_cha: 
nod_cha: 000000000000000000
startid: 00000000000000000e
next_id: 000000000000000022
versiid: 181458
next_va: 1.39804e-76
val_cha: 0000000000000000000000000000
nod_cha: 00000000
startid: 0000000f
next_id: 00000022
versiid: 
next_va: 1.39804e-76
val_cha: 000000000000000000
nod_cha: 00000001000000000000000000000010
startid: 00000001000000000000000000000022
next_id: 00000003201711181458
versiid: 1000
next_va: 1.39804e-76
val_cha: 00000000
nod_cha: 0000000000000000000011
startid: 0000000000000000000022
next_id: 1711181458
versiid: 00000000000000000000000000000000
next_va: 2.61773e-310
val_cha: 00000000000000000000000000000012
nod_cha: 000000000012
startid: 000000000022
next_id: 
versiid: 0000000000000000000000
next_va: 1.39838e-76
val_cha: 0000000000000000000013
nod_cha: 13
startid: 22
next_id: 
versiid: 000000000000
next_va: 1.39804e-76
val_cha: 000000000014
nod_cha: 01000000000000000000000022
startid: 03201711181458
next_id: ULL
versiid: 00
next_va: 1.39804e-76
val_cha: 15
nod_cha: 0000000000000022
startid: 1458
next_id: 00000000000000000000000000
versiid: 01000000000000000000000016
next_va: 1.39804e-76
val_cha: 01000000000000000000000022
nod_cha: 000022
startid: 
next_id: 0000000000000000
versiid: 0000000000000017
next_va: 1.39804e-76
val_cha: 0000000000000022
nod_cha: 000003201711181458
startid: 00
next_id: 000000
versiid: 000018
next_va: 1.39804e-76
val_cha: 000022
nod_cha: 11181458
startid: 000000000000000000000000000000
next_id: 000001000000000000000000000019
versiid: 000001000000000000000000000022
next_va: 1.38179e-76
val_cha: 000003201711181458
nod_cha: 
startid: 00000000000000000000
next_id: 0000000000000000001a
versiid: 00000000000000000022
next_va: 7.70749e-43
val_cha: 11181458
nod_cha: 4@1000
startid: 0000000000
next_id: 000000001b
versiid: 0000000022
next_va: 3.05338e-310
val_cha: 
nod_cha: L
startid: 
next_id: 
versiid: 
next_va: 0
val_cha: 4@1000
nod_cha: 000000000000000000000000
startid: 00000000000000000000001d
next_id: 000000000000000000000022
versiid: 201711181458
next_va: 5.34927e+59
val_cha: L
nod_cha: 00000000000000
startid: 0000000000001e
next_id: 00000000000022
versiid: 58
next_va: 1.39804e-76
val_cha: 000000000000000000000000
nod_cha: 0000
startid: 001f
next_id: 0022
versiid: 
next_va: 1.39804e-76
val_cha: 00000000000000
nod_cha: 0002000000000000000000000020
startid: 0001000000000000000000000022
next_id: 0003201711181458
versiid: 
next_va: 1.39804e-76
val_cha: 0000
nod_cha: 000000000000000021
startid: 000000000000000022
next_id: 181458
versiid: 0000000000000000000000000000
next_va: 1.39804e-76
val_cha: 0001000000000000000000000022
nod_cha: 00000022
startid: 00000022
next_id: 
versiid: 000000000000000000
next_va: 1.39804e-76
val_cha: 000000000000000023
nod_cha: 00000001000000000000000000000022
startid: 00000003201711181458
next_id: 1000
versiid: 00000000
next_va: 1.39804e-76
val_cha: 00000024
nod_cha: 0000000000000000000022
startid: 1711181458
next_id: 00000000000000000000000000000000
versiid: 00000001000000000000000000000025
next_va: 2.88977e-310
val_cha: 00000001000000000000000000000022
nod_cha: 000000000022
startid: 
next_id: 0000000000000000000000
versiid: 0000000000000000000026
next_va: 1.39838e-76
val_cha: 0000000000000000000022
nod_cha: 22
startid: 
next_id: 000000000000
versiid: 000000000027
next_va: 1.39804e-76
val_cha: 000000000022
nod_cha: 03201711181458
startid: ULL
next_id: 00
versiid: 28
next_va: 1.39804e-76
val_cha: 22
nod_cha: 1458
startid: 00000000000000000000000000
next_id: 02000000000000000000000029
versiid: 01000000000000000000000022
next_va: 1.39804e-76
val_cha: 03201711181458
nod_cha: 
startid: 0000000000000000
next_id: 000000000000002a
versiid: 0000000000000022
next_va: 5.05232e-38
val_cha: 1458
nod_cha: 00
startid: 000000
next_id: 00002b
versiid: 000022
next_va: 7.10911e-320
val_cha: 
nod_cha: 000000000000000000000000000000
startid: 00000200000000000000000000002c
next_id: 000001000000000000000000000022
versiid: 000003201711181458
next_va: 1.48981e-76
val_cha: 00
nod_cha: 00000000000000000000
startid: 0000000000000000002d
next_id: 00000000000000000022
versiid: 11181458
next_va: 1.38189e-76
val_cha: 000000000000000000000000000000
nod_cha: 0000000000
startid: 000000002e
next_id: 0000000022
versiid: 
next_va: 1.39804e-76
val_cha: 00000000000000000000
nod_cha: 
startid: 
next_id: 
versiid: 4@1000
next_va: 1.39804e-76
val_cha: 0000000000
nod_cha: 000000000000000000000030
startid: 000000000000000000000022
next_id: 201711181458
versiid: L
next_va: 1.39804e-76
val_cha: 
nod_cha: 00000000000031
startid: 00000000000022
next_id: 58
versiid: 000000000000000000000000
next_va: 6.00455e-67
val_cha: 000000000000000000000032
nod_cha: 0032
startid: 0022
next_id: 
versiid: 00000000000000
next_va: 1.39804e-76
val_cha: 00000000000001
nod_cha: 0001000000000000000000000025
startid: 0003201711181458
next_id: 
versiid: 0000
next_va: 1.39804e-76
val_cha: 0002
nod_cha: 000000000000000025
startid: 181458
next_id: 0000000000000000000000000000
versiid: 0000000000000000000000000003
next_va: 1.39804e-76
val_cha: 0001000000000000000000000025
nod_cha: 00000025
startid: 
next_id: 000000000000000000
versiid: 000000000000000004
next_va: 1.39804e-76
val_cha: 000000000000000025
nod_cha: 00000003201711181458
startid: 1000
next_id: 00000000
versiid: 00000005
next_va: 1.39804e-76
val_cha: 00000025
nod_cha: 1711181458
startid: 00000000000000000000000000000000
next_id: 00000000000000000000000000000006
versiid: 00000001000000000000000000000025
next_va: 2.88977e-310
val_cha: 00000003201711181458
nod_cha: 
startid: 0000000000000000000000
next_id: 0000000000000000000007
versiid: 0000000000000000000025
next_va: 1.57178e-76
val_cha: 1711181458
nod_cha: 
startid: 000000000000
next_id: 000000000008
versiid: 000000000025
next_va: 6.23126e-38
val_cha: 
nod_cha: ULL
startid: 00
next_id: 09
versiid: 25
next_va: 0
val_cha: 
nod_cha: 00000000000000000000000000
startid: 0100000000000000000000000a
next_id: 01000000000000000000000025
versiid: 03201711181458
next_va: 5.45542e+67
val_cha: ULL
nod_cha: 0000000000000000
startid: 000000000000000b
next_id: 0000000000000025
versiid: 1458
next_va: 1.39804e-76
val_cha: 00000000000000000000000000
nod_cha: 000000
startid: 00000c
next_id: 000025
versiid: 
next_va: 1.39804e-76
val_cha: 0000000000000000
nod_cha: 00000100000000000000000000000d
startid: 000001000000000000000000000025
next_id: 000003201711181458
versiid: 00
next_va: 1.39804e-76
val_cha: 000000
nod_cha: 0000000000000000000e
startid: 00000000000000000025
next_id: 11181458
versiid: 000000000000000000000000000000
next_va: 1.38179e-76
val_cha: 00000000000000000000000000000f
nod_cha: 000000000f
startid: 0000000025
next_id: 
versiid: 00000000000000000000
next_va: 1.39804e-76
val_cha: 00000000000000000010
nod_cha: 
startid: 
next_id: 4@1000
versiid: 0000000000
next_va: 1.39804e-76
val_cha: 0000000011
nod_cha: 000000000000000000000025
startid: 201711181458
next_id: L
versiid: 
next_va: 6.37547e-67
val_cha: 
nod_cha: 00000000000025
startid: 58
next_id: 000000000000000000000000
versiid: 000000000000000000000013
next_va: 9.16222e-72
val_cha: 000000000000000000000025
nod_cha: 0025
startid: 
next_id: 00000000000000
versiid: 00000000000014
next_va: 1.39804e-76
val_cha: 00000000000025
nod_cha: 0003201711181458
startid: 
next_id: 0000
versiid: 0015
next_va: 1.39804e-76
val_cha: 0025
nod_cha: 181458
startid: 0000000000000000000000000000
next_id: 0001000000000000000000000016
versiid: 0001000000000000000000000025
next_va: 1.39804e-76
val_cha: 0003201711181458
nod_cha: 
startid: 000000000000000000
next_id: 000000000000000017
versiid: 000000000000000025
next_va: 9.74368e-72
val_cha: 181458
nod_cha: 1000
startid: 00000000
next_id: 00000018
versiid: 00000025
next_va: 4.65909e-315
val_cha: 
nod_cha: 00000000000000000000000000000000
startid: 00000001000000000000000000000019
next_id: 00000001000000000000000000000025
versiid: 00000003201711181458
next_va: 20
val_cha: 1000
nod_cha: 0000000000000000000000
startid: 000000000000000000001a
next_id: 0000000000000000000025
versiid: 1711181458
next_va: 3.14828e-307
val_cha: 00000000000000000000000000000000
nod_cha: 000000000000
startid: 00000000001b
next_id: 000000000025
versiid: 
next_va: 1.39804e-76
val_cha: 0000000000000000000000
nod_cha: 00
startid: 1c
next_id: 25
versiid: 
next_va: 1.39804e-76
val_cha: 000000000000
nod_cha: 0200000000000000000000001d
startid: 01000000000000000000000025
next_id: 03201711181458
versiid: ULL
next_va: 1.39804e-76
val_cha: 00
nod_cha: 000000000000001e
startid: 0000000000000025
next_id: 1458
versiid: 00000000000000000000000000
next_va: 1.39804e-76
val_cha: 0100000000000000000000001f
nod_cha: 00001f
startid: 000025
next_id: 
versiid: 0000000000000000
next_va: 1.39804e-76
val_cha: 0000000000000020
nod_cha: 000001000000000000000000000025
startid: 000003201711181458
next_id: 00
versiid: 000000
next_va: 1.39804e-76
val_cha: 000021
nod_cha: 00000000000000000025
startid: 11181458
next_id: 000000000000000000000000000000
versiid: 000001000000000000000000000022
next_va: 1.38179e-76
val_cha: 000001000000000000000000000025
nod_cha: 0000000025
startid: 
next_id: 00000000000000000000
versiid: 00000000000000000023
next_va: 1.39804e-76
val_cha: 00000000000000000025
nod_cha: 
startid: 4@1000
next_id: 0000000000
versiid: 0000000024
next_va: 1.39804e-76
val_cha: 0000000025
nod_cha: 201711181458
startid: L
next_id: 
versiid: 
next_va: 1.89894e-52
val_cha: 
nod_cha: 58
startid: 000000000000000000000000
next_id: 000000000000000000000026
versiid: 000000000000000000000025
next_va: 3.93514e-62
val_cha: 201711181458
nod_cha: 
startid: 00000000000000
next_id: 00000000000027
versiid: 00000000000025
next_va: 2.74322e-57
val_cha: 58
nod_cha: 
startid: 0000
next_id: 0028
versiid: 0025
next_va: 0
val_cha: 
nod_cha: 0000000000000000000000000000
startid: 0002000000000000000000000029
next_id: 0001000000000000000000000025
versiid: 0003201711181458
next_va: 1.39804e-76
val_cha: 
nod_cha: 000000000000000000
startid: 00000000000000002a
next_id: 000000000000000025
versiid: 181458
next_va: 1.39804e-76
val_cha: 0000000000000000000000000000
nod_cha: 00000000
startid: 0000002b
next_id: 00000025
versiid: 
next_va: 1.39804e-76
val_cha: 000000000000000000
nod_cha: 0000000200000000000000000000002c
startid: 00000001000000000000000000000025
next_id: 00000003201711181458
versiid: 1000
next_va: 1.39804e-76
val_cha: 00000000
nod_cha: 000000000000000000002d
startid: 0000000000000000000025
next_id: 1711181458
versiid: 00000000000000000000000000000000
next_va: 2.61773e-310
val_cha: 0000000100000000000000000000002e
nod_cha: 00000000002e
startid: 000000000025
next_id: 
versiid: 0000000000000000000000
next_va: 1.39872e-76
val_cha: 000000000000000000002f
nod_cha: 2f
startid: 25
next_id: 
versiid: 000000000000
next_va: 1.39804e-76
val_cha: 000000000030
nod_cha: 01000000000000000000000025
startid: 03201711181458
next_id: ULL
versiid: 00
next_va: 1.39804e-76
val_cha: 31
nod_cha: 0000000000000025
startid: 1458
next_id: 00000000000000000000000000
versiid: 02000000000000000000000032
next_va: 1.39804e-76
val_cha: 01000000000000000000000025
nod_cha: 000025
startid: 
next_id: 0000000000000000
versiid: 0000000000000001
next_va: 1.39804e-76
val_cha: 0000000000000028
nod_cha: 000003201711181458
startid: 00
next_id: 000000
versiid: 000002
next_va: 1.39804e-76
val_cha: 000028
nod_cha: 11181458
startid: 000000000000000000000000000000
next_id: 000000000000000000000000000003
versiid: 000001000000000000000000000028
next_va: 1.38179e-76
val_cha: 000003201711181458
nod_cha: 
startid: 00000000000000000000
next_id: 00000000000000000004
versiid: 00000000000000000028
next_va: 7.70749e-43
val_cha: 11181458
nod_cha: 4@1000
startid: 0000000000
next_id: 0000000005
versiid: 0000000028
next_va: 3.05338e-310
val_cha: 
nod_cha: L
startid: 
next_id: 
versiid: 
next_va: 0
val_cha: 4@1000
nod_cha: 000000000000000000000000
startid: 000000000000000000000007
next_id: 000000000000000000000028
versiid: 201711181458
next_va: 5.34927e+59
val_cha: L
nod_cha: 00000000000000
startid: 00000000000008
next_id: 00000000000028
versiid: 58
next_va: 1.39804e-76
val_cha: 000000000000000000000000
nod_cha: 0000
startid: 0009
next_id: 0028
versiid: 
next_va: 1.39804e-76
val_cha: 00000000000000
nod_cha: 000100000000000000000000000a
startid: 0001000000000000000000000028
next_id: 0003201711181458
versiid: 
next_va: 1.39804e-76
val_cha: 0000
nod_cha: 00000000000000000b
startid: 000000000000000028
next_id: 181458
versiid: 0000000000000000000000000000
next_va: 1.39804e-76
val_cha: 000000000000000000000000000c
nod_cha: 0000000c
startid: 00000028
next_id: 
versiid: 000000000000000000
next_va: 1.39804e-76
val_cha: 00000000000000000d
nod_cha: 00000001000000000000000000000028
startid: 00000003201711181458
next_id: 1000
versiid: 00000000
next_va: 1.39804e-76
val_cha: 0000000e
nod_cha: 0000000000000000000028
startid: 1711181458
next_id: 00000000000000000000000000000000
versiid: 0000000000000000000000000000000f
next_va: 5.55118e-310
val_cha: 00000001000000000000000000000028
nod_cha: 000000000028
startid: 
next_id: 0000000000000000000000
versiid: 0000000000000000000010
next_va: 1.39838e-76
val_cha: 0000000000000000000028
nod_cha: 28
startid: 
next_id: 000000000000
versiid: 000000000011
next_va: 1.39804e-76
val_cha: 000000000028
nod_cha: 03201711181458
startid: ULL
next_id: 00
versiid: 12
next_va: 1.39804e-76
val_cha: 28
nod_cha: 1458
startid: 00000000000000000000000000
next_id: 01000000000000000000000013
versiid: 01000000000000000000000028
next_va: 1.39804e-76
val_cha: 03201711181458
nod_cha: 
startid: 0000000000000000
next_id: 0000000000000014
versiid: 0000000000000028
next_va: 5.05232e-38
val_cha: 1458
nod_cha: 00
startid: 000000
next_id: 000015
versiid: 000028
next_va: 7.10911e-320
val_cha: 
nod_cha: 000000000000000000000000000000
startid: 000001000000000000000000000016
next_id: 000001000000000000000000000028
versiid: 000003201711181458
next_va: 1.48981e-76
val_cha: 00
nod_cha: 00000000000000000000
startid: 00000000000000000017
next_id: 00000000000000000028
versiid: 11181458
next_va: 1.38189e-76
val_cha: 000000000000000000000000000000
nod_cha: 0000000000
startid: 0000000018
next_id: 0000000028
versiid: 
next_va: 1.39804e-76
val_cha: 00000000000000000000
nod_cha: 
startid: 
next_id: 
versiid: 4@1000
next_va: 1.39804e-76
val_cha: 0000000000
nod_cha: 00000000000000000000001a
startid: 000000000000000000000028
next_id: 201711181458
versiid: L
next_va: 1.39804e-76
val_cha: 
nod_cha: 0000000000001b
startid: 00000000000028
next_id: 58
versiid: 000000000000000000000000
next_va: 9.16222e-72
val_cha: 00000000000000000000001c
nod_cha: 001c
startid: 0028
next_id: 
versiid: 00000000000000
next_va: 1.39804e-76
val_cha: 0000000000001d
nod_cha: 0001000000000000000000000028
startid: 0003201711181458
next_id: 
versiid: 0000
next_va: 1.39804e-76
val_cha: 001e
nod_cha: 000000000000000028
startid: 181458
next_id: 0000000000000000000000000000
versiid: 000100000000000000000000001f
next_va: 1.39804e-76
val_cha: 0001000000000000000000000028
nod_cha: 00000028
startid: 
next_id: 000000000000000000
versiid: 000000000000000020
next_va: 1.39804e-76
val_cha: 000000000000000028
nod_cha: 00000003201711181458
startid: 1000
next_id: 00000000
versiid: 00000021
next_va: 1.39804e-76
val_cha: 00000028
nod_cha: 1711181458
startid: 00000000000000000000000000000000
next_id: 00000001000000000000000000000022
versiid: 00000001000000000000000000000028
next_va: 3.05274e-310
val_cha: 00000003201711181458
nod_cha: 
startid: 0000000000000000000000
next_id: 0000000000000000000023
versiid: 0000000000000000000028
next_va: 1.57178e-76
val_cha: 1711181458
nod_cha: 
startid: 000000000000
next_id: 000000000024
versiid: 000000000028
next_va: 6.23126e-38
val_cha: 
nod_cha: ULL
startid: 00
next_id: 25
versiid: 28
next_va: 0
val_cha: 
nod_cha: 00000000000000000000000000
startid: 02000000000000000000000026
next_id: 01000000000000000000000028
versiid: 03201711181458
next_va: 5.45542e+67
val_cha: ULL
nod_cha: 0000000000000000
startid: 0000000000000027
next_id: 0000000000000028
versiid: 1458
next_va: 1.39804e-76
val_cha: 00000000000000000000000000
nod_cha: 000000
startid: 000028
next_id: 000028
versiid: 
next_va: 1.39804e-76
val_cha: 0000000000000000
nod_cha: 000002000000000000000000000029
startid: 000001000000000000000000000028
next_id: 000003201711181458
versiid: 00
next_va: 1.39804e-76
val_cha: 000000
nod_cha: 0000000000000000002a
startid: 00000000000000000028
next_id: 11181458
versiid: 000000000000000000000000000000
next_va: 1.38179e-76
val_cha: 00000100000000000000000000002b
nod_cha: 000000002b
startid: 0000000028
next_id: 
versiid: 00000000000000000000
next_va: 1.39804e-76
val_cha: 0000000000000000002c
nod_cha: 
startid: 
next_id: 4@1000
versiid: 0000000000
next_va: 1.39804e-76
val_cha: 000000002d
nod_cha: 000000000000000000000028
startid: 201711181458
next_id: L
versiid: 
next_va: 2.94814e+179
val_cha: 
nod_cha: 00000000000028
startid: 58
next_id: 000000000000000000000000
versiid: 00000000000000000000002f
next_va: 9.16222e-72
val_cha: 000000000000000000000028
nod_cha: 0028
startid: 
next_id: 00000000000000
versiid: 00000000000030
next_va: 1.39804e-76
val_cha: 00000000000028
nod_cha: 0003201711181458
startid: 
next_id: 0000
versiid: 0031
next_va: 1.39804e-76
val_cha: 0028
nod_cha: 181458
startid: 0000000000000000000000000000
next_id: 0002000000000000000000000032
versiid: 0001000000000000000000000028
next_va: 1.39804e-76
val_cha: 0003201711181458
nod_cha: 
startid: 000000000000000000
next_id: 000000000000000001
versiid: 00000000000000002b
next_va: 9.74368e-72
val_cha: 181458
nod_cha: 1000
startid: 00000000
next_id: 00000002
versiid: 0000002b
next_va: 4.65909e-315
val_cha: 
nod_cha: 00000000000000000000000000000000
startid: 00000000000000000000000000000003
next_id: 0000000100000000000000000000002b
versiid: 00000003201711181458
next_va: 20
val_cha: 1000
nod_cha: 0000000000000000000000
startid: 0000000000000000000004
next_id: 000000000000000000002b
versiid: 1711181458
next_va: 3.14828e-307
val_cha: 00000000000000000000000000000000
nod_cha: 000000000000
startid: 000000000005
next_id: 00000000002b
versiid: 
next_va: 1.39804e-76
val_cha: 0000000000000000000000
nod_cha: 00
startid: 06
next_id: 2b
versiid: 
next_va: 1.39804e-76
val_cha: 000000000000
nod_cha: 01000000000000000000000007
startid: 0100000000000000000000002b
next_id: 03201711181458
versiid: ULL
next_va: 1.39804e-76
val_cha: 00
nod_cha: 0000000000000008
startid: 000000000000002b
next_id: 1458
versiid: 00000000000000000000000000
next_va: 1.39804e-76
val_cha: 00000000000000000000000009
nod_cha: 000009
startid: 00002b
next_id: 
versiid: 0000000000000000
next_va: 1.39804e-76
val_cha: 000000000000000a
nod_cha: 00000100000000000000000000002b
startid: 000003201711181458
next_id: 00
versiid: 000000
next_va: 1.39804e-76
val_cha: 00000b
nod_cha: 0000000000000000002b
startid: 11181458
next_id: 000000000000000000000000000000
versiid: 00000000000000000000000000000c
next_va: 1.38179e-76
val_cha: 00000100000000000000000000002b
nod_cha: 000000002b
startid: 
next_id: 00000000000000000000
versiid: 0000000000000000000d
next_va: 1.39804e-76
val_cha: 0000000000000000002b
nod_cha: 
startid: 4@1000
next_id: 0000000000
versiid: 000000000e
next_va: 1.39804e-76
val_cha: 000000002b
nod_cha: 201711181458
startid: L
next_id: 
versiid: 
next_va: 1.04739e+165
val_cha: 
nod_cha: 58
startid: 000000000000000000000000
next_id: 000000000000000000000010
versiid: 00000000000000000000002b
next_va: 3.93514e-62
val_cha: 201711181458
nod_cha: 
startid: 00000000000000
next_id: 00000000000011
versiid: 0000000000002b
next_va: 2.74322e-57
val_cha: 58
nod_cha: 
startid: 0000
next_id: 0012
versiid: 002b
next_va: 0
val_cha: 
nod_cha: 0000000000000000000000000000
startid: 0001000000000000000000000013
next_id: 000100000000000000000000002b
versiid: 0003201711181458
next_va: 1.39804e-76
val_cha: 
nod_cha: 000000000000000000
startid: 000000000000000014
next_id: 00000000000000002b
versiid: 181458
next_va: 1.39804e-76
val_cha: 0000000000000000000000000000
nod_cha: 00000000
startid: 00000015
next_id: 0000002b
versiid: 
next_va: 1.39804e-76
val_cha: 000000000000000000
nod_cha: 00000001000000000000000000000016
startid: 0000000100000000000000000000002b
next_id: 00000003201711181458
versiid: 1000
next_va: 1.39804e-76
val_cha: 00000000
nod_cha: 0000000000000000000017
startid: 000000000000000000002b
next_id: 1711181458
versiid: 00000000000000000000000000000000
next_va: 2.61773e-310
val_cha: 00000000000000000000000000000018
nod_cha: 000000000018
startid: 00000000002b
next_id: 
versiid: 0000000000000000000000
next_va: 1.39838e-76
val_cha: 0000000000000000000019
nod_cha: 19
startid: 2b
next_id: 
versiid: 000000000000
next_va: 1.39804e-76
val_cha: 00000000001a
nod_cha: 0100000000000000000000002b
startid: 03201711181458
next_id: ULL
versiid: 00
next_va: 1.39804e-76
val_cha: 1b
nod_cha: 000000000000002b
startid: 1458
next_id: 00000000000000000000000000
versiid: 0100000000000000000000001c
next_va: 1.39804e-76
val_cha: 0100000000000000000000002b
nod_cha: 00002b
startid: 
next_id: 0000000000000000
versiid: 000000000000001d
next_va: 1.39804e-76
val_cha: 000000000000002b
nod_cha: 000003201711181458
startid: 00
next_id: 000000
versiid: 00001e
next_va: 1.39804e-76
val_cha: 00002b
nod_cha: 11181458
startid: 000000000000000000000000000000
next_id: 00000100000000000000000000001f
versiid: 00000100000000000000000000002b
next_va: 1.38179e-76
val_cha: 000003201711181458
nod_cha: 
startid: 00000000000000000000
next_id: 00000000000000000020
versiid: 0000000000000000002b
next_va: 7.70749e-43
val_cha: 11181458
nod_cha: 4@1000
startid: 0000000000
next_id: 0000000021
versiid: 000000002b
next_va: 3.05338e-310
val_cha: 
nod_cha: L
startid: 
next_id: 
versiid: 
next_va: 0
val_cha: 4@1000
nod_cha: 000000000000000000000000
startid: 000000000000000000000023
next_id: 00000000000000000000002b
versiid: 201711181458
next_va: 5.34927e+59
val_cha: L
nod_cha: 00000000000000
startid: 00000000000024
next_id: 0000000000002b
versiid: 58
next_va: 1.39804e-76
val_cha: 000000000000000000000000
nod_cha: 0000
startid: 0025
next_id: 002b
versiid: 
next_va: 1.39804e-76
val_cha: 00000000000000
nod_cha: 0002000000000000000000000026
startid: 000100000000000000000000002b
next_id: 0003201711181458
versiid: 
next_va: 1.39804e-76
val_cha: 0000
nod_cha: 000000000000000027
startid: 00000000000000002b
next_id: 181458
versiid: 0000000000000000000000000000
next_va: 1.39804e-76
val_cha: 0001000000000000000000000028
nod_cha: 00000028
startid: 0000002b
next_id: 
versiid: 000000000000000000
next_va: 1.39804e-76
val_cha: 000000000000000029
nod_cha: 0000000100000000000000000000002b
startid: 00000003201711181458
next_id: 1000
versiid: 00000000
next_va: 1.39804e-76
val_cha: 0000002a
nod_cha: 000000000000000000002b
startid: 1711181458
next_id: 00000000000000000000000000000000
versiid: 0000000100000000000000000000002b
next_va: 5.33431e-310
val_cha: 0000000100000000000000000000002b
nod_cha: 00000000002b
startid: 
next_id: 0000000000000000000000
versiid: 000000000000000000002c
next_va: 1.39838e-76
val_cha: 000000000000000000002b
nod_cha: 2b
startid: 
next_id: 000000000000
versiid: 00000000002d
next_va: 1.39804e-76
val_cha: 00000000002b
nod_cha: 03201711181458
startid: ULL
next_id: 00
versiid: 2e
next_va: 1.39804e-76
val_cha: 2b
nod_cha: 1458
startid: 00000000000000000000000000
next_id: 0200000000000000000000002f
versiid: 0100000000000000000000002b
next_va: 1.39804e-76
val_cha: 03201711181458
nod_cha: 
startid: 0000000000000000
next_id: 0000000000000030
versiid: 000000000000002b
next_va: 5.05232e-38
val_cha: 1458
nod_cha: 00
startid: 000000
next_id: 000031
versiid: 00002b
next_va: 7.10911e-320
val_cha: 
nod_cha: 000000000000000000000000000000
startid: 000002000000000000000000000032
next_id: 00000100000000000000000000002b
versiid: 000003201711181458
next_va: 1.48981e-76
val_cha: 00
nod_cha: 00000000000000000000
startid: 00000000000000000001
next_id: 0000000000000000002e
versiid: 11181458
next_va: 1.38189e-76
val_cha: 000000000000000000000000000000
nod_cha: 0000000000
startid: 0000000002
next_id: 000000002e
versiid: 
next_va: 1.39804e-76
val_cha: 00000000000000000000
nod_cha: 
startid: 
next_id: 
versiid: 4@1000
next_va: 1.39804e-76
val_cha: 0000000000
nod_cha: 000000000000000000000004
startid: 00000000000000000000002e
next_id: 201711181458
versiid: L
next_va: 1.39804e-76
val_cha: 
nod_cha: 00000000000005
startid: 0000000000002e
next_id: 58
versiid: 000000000000000000000000
next_va: 1.39804e-76
val_cha: 000000000000000000000006
nod_cha: 0006
startid: 002e
next_id: 
versiid: 00000000000000
next_va: 1.39804e-76
val_cha: 00000000000007
nod_cha: 000100000000000000000000002e
startid: 0003201711181458
next_id: 
versiid: 0000
next_va: 1.39804e-76
val_cha: 0008
nod_cha: 00000000000000002e
startid: 181458
next_id: 0000000000000000000000000000
versiid: 0000000000000000000000000009
next_va: 1.39804e-76
val_cha: 000100000000000000000000002e
nod_cha: 0000002e
startid: 
next_id: 000000000000000000
versiid: 00000000000000000a
next_va: 1.39804e-76
val_cha: 00000000000000002e
nod_cha: 00000003201711181458
startid: 1000
next_id: 00000000
versiid: 0000000b
next_va: 1.39804e-76
val_cha: 0000002e
nod_cha: 1711181458
startid: 00000000000000000000000000000000
next_id: 0000000000000000000000000000000c
versiid: 0000000100000000000000000000002e
next_va: 5.49728e-310
val_cha: 00000003201711181458
nod_cha: 
startid: 0000000000000000000000
next_id: 000000000000000000000d
versiid: 000000000000000000002e
next_va: 1.57178e-76
val_cha: 1711181458
nod_cha: 
startid: 000000000000
next_id: 00000000000e
versiid: 00000000002e
next_va: 6.23126e-38
val_cha: 
nod_cha: ULL
startid: 00
next_id: 0f
versiid: 2e
next_va: 0
val_cha: 
nod_cha: 00000000000000000000000000
startid: 01000000000000000000000010
next_id: 0100000000000000000000002e
versiid: 03201711181458
next_va: 5.45542e+67
val_cha: ULL
nod_cha: 0000000000000000
startid: 0000000000000011
next_id: 000000000000002e
versiid: 1458
next_va: 1.39804e-76
val_cha: 00000000000000000000000000
nod_cha: 000000
startid: 000012
next_id: 00002e
versiid: 
next_va: 1.39804e-76
val_cha: 0000000000000000
nod_cha: 000001000000000000000000000013
startid: 00000100000000000000000000002e
next_id: 000003201711181458
versiid: 00
next_va: 1.39804e-76
val_cha: 000000
nod_cha: 00000000000000000014
startid: 0000000000000000002e
next_id: 11181458
versiid: 000000000000000000000000000000
next_va: 1.38179e-76
val_cha: 000000000000000000000000000015
nod_cha: 0000000015
startid: 000000002e
next_id: 
versiid: 00000000000000000000
next_va: 1.39804e-76
val_cha: 00000000000000000016
nod_cha: 
startid: 
next_id: 4@1000
versiid: 0000000000
next_va: 1.39804e-76
val_cha: 0000000017
nod_cha: 00000000000000000000002e
startid: 201711181458
next_id: L
versiid: 
next_va: 5.05117e-38
val_cha: 
nod_cha: 0000000000002e
startid: 58
next_id: 000000000000000000000000
versiid: 000000000000000000000019
next_va: 9.16222e-72
val_cha: 00000000000000000000002e
nod_cha: 002e
startid: 
next_id: 00000000000000
versiid: 0000000000001a
next_va: 1.39804e-76
val_cha: 0000000000002e
nod_cha: 0003201711181458
startid: 
next_id: 0000
versiid: 001b
next_va: 1.39804e-76
val_cha: 002e
nod_cha: 181458
startid: 0000000000000000000000000000
next_id: 000100000000000000000000001c
versiid: 000100000000000000000000002e
next_va: 1.39804e-76
val_cha: 0003201711181458
nod_cha: 
startid: 000000000000000000
next_id: 00000000000000001d
versiid: 00000000000000002e
next_va: 9.74368e-72
val_cha: 181458
nod_cha: 1000
startid: 00000000
next_id: 0000001e
versiid: 0000002e
next_va: 4.65909e-315
val_cha: 
nod_cha: 00000000000000000000000000000000
startid: 0000000100000000000000000000001f
next_id: 0000000100000000000000000000002e
versiid: 00000003201711181458
next_va: 20
val_cha: 1000
nod_cha: 0000000000000000000000
startid: 0000000000000000000020
next_id: 000000000000000000002e
versiid: 1711181458
next_va: 3.14828e-307
val_cha: 00000000000000000000000000000000
nod_cha: 000000000000
startid: 000000000021
next_id: 00000000002e
versiid: 
next_va: 1.39804e-76
val_cha: 0000000000000000000000
nod_cha: 00
startid: 22
next_id: 2e
versiid: 
next_va: 1.39804e-76
val_cha: 000000000000
nod_cha: 02000000000000000000000023
startid: 0100000000000000000000002e
next_id: 03201711181458
versiid: ULL
next_va: 1.39804e-76
val_cha: 00
nod_cha: 0000000000000024
startid: 000000000000002e
next_id: 1458
versiid: 00000000000000000000000000
next_va: 1.39804e-76
val_cha: 01000000000000000000000025
nod_cha: 000025
startid: 00002e
next_id: 
versiid: 0000000000000000
next_va: 1.39804e-76
val_cha: 0000000000000026
nod_cha: 00000100000000000000000000002e
startid: 000003201711181458
next_id: 00
versiid: 000000
next_va: 1.39804e-76
val_cha: 000027
nod_cha: 0000000000000000002e
startid: 11181458
next_id: 000000000000000000000000000000
versiid: 000001000000000000000000000028
next_va: 1.38179e-76
val_cha: 00000100000000000000000000002e
nod_cha: 000000002e
startid: 
next_id: 00000000000000000000
versiid: 00000000000000000029
next_va: 1.39804e-76
val_cha: 0000000000000000002e
nod_cha: 
startid: 4@1000
next_id: 0000000000
versiid: 000000002a
next_va: 1.39804e-76
val_cha: 000000002e
nod_cha: 201711181458
startid: L
next_id: 
versiid: 
next_va: 2.94814e+179
val_cha: 
nod_cha: 58
startid: 000000000000000000000000
next_id: 00000000000000000000002c
versiid: 00000000000000000000002e
next_va: 3.93514e-62
val_cha: 201711181458
nod_cha: 
startid: 00000000000000
next_id: 0000000000002d
versiid: 0000000000002e
next_va: 2.74322e-57
val_cha: 58
nod_cha: 
startid: 0000
next_id: 002e
versiid: 002e
next_va: 0
val_cha: 
nod_cha: 0000000000000000000000000000
startid: 000200000000000000000000002f
next_id: 000100000000000000000000002e
versiid: 0003201711181458
next_va: 1.39804e-76
val_cha: 
nod_cha: 000000000000000000
startid: 000000000000000030
next_id: 00000000000000002e
versiid: 181458
next_va: 1.39804e-76
val_cha: 0000000000000000000000000000
nod_cha: 00000000
startid: 00000031
next_id: 0000002e
versiid: 
next_va: 1.39804e-76
val_cha: 000000000000000000
nod_cha: 00000002000000000000000000000032
startid: 0000000100000000000000000000002e
next_id: 00000003201711181458
versiid: 1000
next_va: 1.39804e-76
val_cha: 00000000
nod_cha: 0000000000000000000001
startid: 0000000000000000000031
next_id: 1711181458
versiid: 00000000000000000000000000000000
next_va: 2.61773e-310
val_cha: 00000002000000000000000000000002
nod_cha: 000000000002
startid: 000000000031
next_id: 
versiid: 0000000000000000000000
next_va: 1.39804e-76
val_cha: 0000000000000000000003
nod_cha: 03
startid: 31
next_id: 
versiid: 000000000000
next_va: 1.39804e-76
val_cha: 000000000004
nod_cha: 01000000000000000000000031
startid: 03201711181458
next_id: ULL
versiid: 00
next_va: 1.39804e-76
val_cha: 05
nod_cha: 0000000000000031
startid: 1458
next_id: 00000000000000000000000000
versiid: 00000000000000000000000006
next_va: 1.39804e-76
val_cha: 01000000000000000000000031
nod_cha: 000031
startid: 
next_id: 0000000000000000
versiid: 0000000000000007
next_va: 1.39804e-76
val_cha: 0000000000000031
nod_cha: 000003201711181458
startid: 00
next_id: 000000
versiid: 000008
next_va: 1.39804e-76
val_cha: 000031
nod_cha: 11181458
startid: 000000000000000000000000000000
next_id: 000000000000000000000000000009
versiid: 000001000000000000000000000031
next_va: 1.38179e-76
val_cha: 000003201711181458
nod_cha: 
startid: 00000000000000000000
next_id: 0000000000000000000a
versiid: 00000000000000000031
next_va: 7.70749e-43
val_cha: 11181458
nod_cha: 4@1000
startid: 0000000000
next_id: 000000000b
versiid: 0000000031
next_va: 3.05338e-310
val_cha: 
nod_cha: L
startid: 
next_id: 
versiid: 
next_va: 0
val_cha: 4@1000
nod_cha: 000000000000000000000000
startid: 00000000000000000000000d
next_id: 000000000000000000000031
versiid: 201711181458
next_va: 5.34927e+59
val_cha: L
nod_cha: 00000000000000
startid: 0000000000000e
next_id: 00000000000031
versiid: 58
next_va: 1.39804e-76
val_cha: 000000000000000000000000
nod_cha: 0000
startid: 000f
next_id: 0031
versiid: 
next_va: 1.39804e-76
val_cha: 00000000000000
nod_cha: 0001000000000000000000000010
startid: 0001000000000000000000000031
next_id: 0003201711181458
versiid: 
next_va: 1.39804e-76
val_cha: 0000
nod_cha: 000000000000000011
startid: 000000000000000031
next_id: 181458
versiid: 0000000000000000000000000000
next_va: 1.39804e-76
val_cha: 0000000000000000000000000012
nod_cha: 00000012
startid: 00000031
next_id: 
versiid: 000000000000000000
next_va: 1.39804e-76
val_cha: 000000000000000013
nod_cha: 00000001000000000000000000000031
startid: 00000003201711181458
next_id: 1000
versiid: 00000000
next_va: 1.39804e-76
val_cha: 00000014
nod_cha: 0000000000000000000031
startid: 1711181458
next_id: 00000000000000000000000000000000
versiid: 00000000000000000000000000000015
next_va: 2.88956e-310
val_cha: 00000001000000000000000000000031
nod_cha: 000000000031
startid: 
next_id: 0000000000000000000000
versiid: 0000000000000000000016
next_va: 1.39838e-76
val_cha: 0000000000000000000031
nod_cha: 31
startid: 
next_id: 000000000000
versiid: 000000000017
next_va: 1.39804e-76
val_cha: 000000000031
nod_cha: 03201711181458
startid: ULL
next_id: 00
versiid: 18
next_va: 1.39804e-76
val_cha: 31
nod_cha: 1458
startid: 00000000000000000000000000
next_id: 01000000000000000000000019
versiid: 01000000000000000000000031
next_va: 1.39804e-76
val_cha: 03201711181458
nod_cha: 
startid: 0000000000000000
next_id: 000000000000001a
versiid: 0000000000000031
next_va: 5.05232e-38
val_cha: 1458
nod_cha: 00
startid: 000000
next_id: 00001b
versiid: 000031
next_va: 7.10911e-320
val_cha: 
nod_cha: 000000000000000000000000000000
startid: 00000100000000000000000000001c
next_id: 000001000000000000000000000031
versiid: 000003201711181458
next_va: 1.48981e-76
val_cha: 00
nod_cha: 00000000000000000000
startid: 0000000000000000001d
next_id: 00000000000000000031
versiid: 11181458
next_va: 1.38189e-76
val_cha: 000000000000000000000000000000
nod_cha: 0000000000
startid: 000000001e
next_id: 0000000031
versiid: 
next_va: 1.39804e-76
val_cha: 00000000000000000000
nod_cha: 
startid: 
next_id: 
versiid: 4@1000
next_va: 1.39804e-76
val_cha: 0000000000
nod_cha: 000000000000000000000020
startid: 000000000000000000000031
next_id: 201711181458
versiid: L
next_va: 1.39804e-76
val_cha: 
nod_cha: 00000000000021
startid: 00000000000031
next_id: 58
versiid: 000000000000000000000000
next_va: 9.16222e-72
val_cha: 000000000000000000000022
nod_cha: 0022
startid: 0031
next_id: 
versiid: 00000000000000
next_va: 1.39804e-76
val_cha: 00000000000023
nod_cha: 0001000000000000000000000031
startid: 0003201711181458
next_id: 
versiid: 0000
next_va: 1.39804e-76
val_cha: 0024
nod_cha: 000000000000000031
startid: 181458
next_id: 0000000000000000000000000000
versiid: 0001000000000000000000000025
next_va: 1.39804e-76
val_cha: 0001000000000000000000000031
nod_cha: 00000031
startid: 
next_id: 000000000000000000
versiid: 000000000000000026
next_va: 1.39804e-76
val_cha: 000000000000000031
nod_cha: 00000003201711181458
startid: 1000
next_id: 00000000
versiid: 00000027
next_va: 1.39804e-76
val_cha: 00000031
nod_cha: 1711181458
startid: 00000000000000000000000000000000
next_id: 00000001000000000000000000000028
versiid: 00000001000000000000000000000031
next_va: 2.67269e-310
val_cha: 00000003201711181458
nod_cha: 
startid: 0000000000000000000000
next_id: 0000000000000000000029
versiid: 0000000000000000000031
next_va: 1.57178e-76
val_cha: 1711181458
nod_cha: 
startid: 000000000000
next_id: 00000000002a
versiid: 000000000031
next_va: 6.23126e-38
val_cha: 
nod_cha: ULL
startid: 00
next_id: 2b
versiid: 31
next_va: 0
val_cha: 
nod_cha: 00000000000000000000000000
startid: 0200000000000000000000002c
next_id: 01000000000000000000000031
versiid: 03201711181458
next_va: 5.45542e+67
val_cha: ULL
nod_cha: 0000000000000000
startid: 000000000000002d
next_id: 0000000000000031
versiid: 1458
next_va: 1.39804e-76
val_cha: 00000000000000000000000000
nod_cha: 000000
startid: 00002e
next_id: 000031
versiid: 
next_va: 1.39804e-76
val_cha: 0000000000000000
nod_cha: 00000200000000000000000000002f
startid: 000001000000000000000000000031
next_id: 000003201711181458
versiid: 00
next_va: 1.39804e-76
val_cha: 000000
nod_cha: 00000000000000000030
startid: 00000000000000000031
next_id: 11181458
versiid: 000000000000000000000000000000
next_va: 1.38179e-76
val_cha: 000001000000000000000000000031
nod_cha: 0000000031
startid: 0000000031
next_id: 
versiid: 00000000000000000000
next_va: 1.39804e-76
val_cha: 00000000000000000032
nod_cha: 
startid: 
next_id: 4@1000
versiid: 0000000000
next_va: 1.39804e-76
val_cha: 0000000000
nod_cha: 000000000000000000000019
startid: 201711181458
next_id: L
versiid: 
next_va: 3.11774e-33
val_cha: 
nod_cha: 00000000000019
startid: 58
next_id: 000000000000000000000003
versiid: 000000000000000000000019
next_va: 9.16222e-72
val_cha: 000000000000000000000019
nod_cha: 0019
startid: 
next_id: 00000000000003
versiid: 0000000000001a
next_va: 1.39804e-76
val_cha: 00000000000019
nod_cha: 0003201711181458
startid: 
next_id: 0003
versiid: 0000
next_va: 1.39804e-76
val_cha: 0019
nod_cha: 181458
startid: 0000000000000000000000000009
next_id: 0000000000000000000000000003
versiid: 0001000000000000000000000019
next_va: 1.39804e-76
val_cha: 0003201711181458
nod_cha: 
startid: 000000000000000009
next_id: 000000000000000015
versiid: 000000000000000019
next_va: 9.74368e-72
val_cha: 181458
nod_cha: 1000
startid: 00000009
next_id: 00000019
versiid: 00000019
next_va: 4.65909e-315
val_cha: 
nod_cha: 00000000000000000000000000000009
startid: 0000000200000000000000000000001a
next_id: 00000001000000000000000000000019
versiid: 00000003201711181458
next_va: 166.667
val_cha: 1000
nod_cha: 0000000000000000000009
startid: 000000000000000000001e
next_id: 0000000000000000000019
versiid: 1711181458
next_va: 3.14828e-307
val_cha: 00000000000000000000000000000009
nod_cha: 000000000009
startid: 000000000000
next_id: 00000000000d
versiid: 
next_va: 1.39804e-76
val_cha: 0000000000000000000015
nod_cha: 15
startid: 09
next_id: 0d
versiid: 
next_va: 1.39804e-76
val_cha: 000000000015
nod_cha: 0100000000000000000000000d
startid: 0100000000000000000000000d
next_id: 03201711181458
versiid: ULL
next_va: 1.39804e-76
val_cha: 15
nod_cha: 0000000000000019
startid: 000000000000000d
next_id: 1458
versiid: 00000000000000000000000015
next_va: 1.39804e-76
val_cha: 0200000000000000000000001a
nod_cha: 00001a
startid: 00000d
next_id: 
versiid: 0000000000000015
next_va: 1.39804e-76
val_cha: 000000000000001f
nod_cha: 00000100000000000000000000000d
startid: 000003201711181458
next_id: 00
versiid: 000015
next_va: 1.39804e-76
val_cha: 000027
nod_cha: 0000000000000000000d
startid: 11181458
next_id: 000000000000000000000000000015
versiid: 000001000000000000000000000028
next_va: 1.38179e-76
val_cha: 00000100000000000000000000000d
nod_cha: 000000000d
startid: 
next_id: 00000000000000000015
versiid: 00000000000000000000
next_va: 1.39804e-76
val_cha: 00000000000000000019
nod_cha: 
startid: _@1000
next_id: 0000000015
versiid: 0000000009
next_va: 1.39804e-76
val_cha: 0000000019
nod_cha: 201711181458
startid: L
next_id: 
versiid: 
next_va: 3.31033e-33
val_cha: 
nod_cha: 58
startid: 000000000000000000000015
next_id: 000000000000000000000019
versiid: 000000000000000000000019
next_va: 3.93514e-62
val_cha: 201711181458
nod_cha: 
startid: 00000000000015
next_id: 0000000000001a
versiid: 00000000000019
next_va: 2.74322e-57
val_cha: 58
nod_cha: 
startid: 0015
next_id: 001f
versiid: 0019
next_va: 0
val_cha: 
nod_cha: 0000000000000000000000000015
startid: 0000000000000000000000000027
next_id: 0001000000000000000000000019
versiid: 0003201711181458
next_va: 1.39804e-76
val_cha: 
nod_cha: 000000000000000015
startid: 000000000000000028
next_id: 000000000000000019
versiid: 181458
next_va: 1.39804e-76
val_cha: 0000000000000000000000000015
nod_cha: 00000015
startid: 00000000
next_id: 0000001f
versiid: 
next_va: 1.39804e-76
val_cha: 000000000000000015
nod_cha: 00000000000000000000000000000009
startid: 0000000100000000000000000000001f
next_id: 00000003201711181458
versiid: 1000
next_va: 1.39804e-76
val_cha: 00000015
nod_cha: 000000000000000000000d
startid: 000000000000000000001f
next_id: 1711181458
versiid: 00000000000000000000000000000015
next_va: 2.88956e-310
val_cha: 00000001000000000000000000000019
nod_cha: 000000000019
startid: 00000000001f
next_id: 
versiid: 0000000000000000000015
next_va: 1.39872e-76
val_cha: 000000000000000000001a
nod_cha: 1a
startid: 1f
next_id: 
versiid: 000000000015
next_va: 1.39804e-76
val_cha: 00000000001f
nod_cha: 0100000000000000000000001f
startid: 03201711181458
next_id: ULL
versiid: 15
next_va: 1.39804e-76
val_cha: 27
nod_cha: 000000000000001f
startid: 1458
next_id: 00000000000000000000000015
versiid: 01000000000000000000000028
next_va: 1.39804e-76
val_cha: 0100000000000000000000001f
nod_cha: 00001f
startid: 
next_id: 0000000000000015
versiid: 0000000000000000
next_va: 1.39804e-76
val_cha: 0000000000000028
nod_cha: 000003201711181458
startid: 00
next_id: 000015
versiid: 000009
next_va: 1.39804e-76
val_cha: 000028
nod_cha: 11181458
startid: 000000000000000000000000000015
next_id: 00000100000000000000000000000d
versiid: 000001000000000000000000000028
next_va: 1.38179e-76
val_cha: 000003201711181458
nod_cha: 
startid: 00000000000000000015
next_id: 00000000000000000019
versiid: 00000000000000000028
next_va: 7.70749e-43
val_cha: 11181458
nod_cha: _@1000
startid: 0000000015
next_id: 000000001a
versiid: 0000000028
next_va: 3.05338e-310
val_cha: 
nod_cha: L
startid: 
next_id: 
versiid: 
next_va: 2
val_cha: _@1000
nod_cha: 000000000000000000000015
startid: 000000000000000000000027
next_id: 000000000000000000000028
versiid: 201711181458
next_va: 5.34927e+59
val_cha: L
nod_cha: 00000000000015
startid: 00000000000028
next_id: 00000000000028
versiid: 58
next_va: 1.39804e-76
val_cha: 000000000000000000000015
nod_cha: 0015
startid: 0000
next_id: 0019
versiid: ÷QU’t@1000
next_va: 1.39804e-76
val_cha: 00000000000027
nod_cha: 0000000000000000000000000015
startid: 0001000000000000000000000019
next_id: 0003201711181458
versiid: 
next_va: 1.39804e-76
val_cha: 0027
nod_cha: 000000000000000019
startid: 000000000000000019
next_id: 181458
versiid: 0000000000000000000000000027
next_va: 1.39804e-76
val_cha: 0000000000000000000000000000
nod_cha: 00000000
startid: 00000001
next_id: 
versiid: 000000000000000030
next_va: 1.39804e-76
val_cha: 000000000000000001
nod_cha: 00000001000000000000000000000001
startid: 00000003201711181458
next_id: 1000
versiid: 00000030
next_va: 1.39804e-76
val_cha: 0000001e
nod_cha: 0000000000000000000001
startid: 1711181458
next_id: 00000000000000000000000000000030
versiid: 
next_va: 0
val_cha: 
nod_cha: 
startid: 00000001000000000000000000000001
next_id: 00000001000000000000000000000001
versiid: 00000003201711181458
next_va: 20
val_cha: 1000
nod_cha: 000000000000
startid: 000000000002
next_id: 000000000001
versiid: 
next_va: 1.39804e-76
val_cha: 0000000000000000000000
nod_cha: 00000000000000000000000003
startid: 01000000000000000000000001
next_id: 03201711181458
versiid: ULL
next_va: 1.39804e-76
val_cha: 00
nod_cha: 000004
startid: 000001
next_id: 
versiid: 0000000000000000
next_va: 1.39804e-76
val_cha: 0000000000000005
nod_cha: 00000000000000000001
startid: 11181458
next_id: 000000000000000000000000000000
versiid: 000000000000000000000000000006
next_va: 1.38179e-76
val_cha: 000001000000000000000000000001
nod_cha: 
startid: 4@1000
next_id: 0000000000
versiid: 0000000007
next_va: 1.39804e-76
val_cha: 0000000001
nod_cha: 58
startid: 000000000000000000000000
next_id: 000000000000000000000008
versiid: 000000000000000000000001
next_va: 3.93514e-62
val_cha: 201711181458
nod_cha: 
startid: 0000
next_id: 0009
versiid: 0001
next_va: 0
val_cha: 
nod_cha: 000000000000000000
startid: 00000000000000000a
next_id: 000000000000000001
versiid: 181458
next_va: 1.39804e-76
val_cha: 0000000000000000000000000000
nod_cha: 0000000200000000000000000000000b
startid: 00000001000000000000000000000001
next_id: 00000003201711181458
versiid: 1000
next_va: 1.39804e-76
val_cha: 00000000
nod_cha: 00000000000c
startid: 000000000001
next_id: 
versiid: 0000000000000000000000
next_va: 1.39838e-76
val_cha: 000000000000000000000d
nod_cha: 01000000000000000000000001
startid: 03201711181458
next_id: ULL
versiid: 00
next_va: 1.39804e-76
val_cha: 0e
nod_cha: 000001
startid: 
next_id: 0000000000000000
versiid: 000000000000000f
next_va: 1.39804e-76
val_cha: 0000000000000001
nod_cha: 11181458
startid: 000000000000000000000000000000
next_id: 000001000000000000000000000010
versiid: 000001000000000000000000000001
next_va: 1.38179e-76
val_cha: 000003201711181458
nod_cha: 4@1000
startid: 0000000000
next_id: 0000000011
versiid: 0000000001
next_va: 3.05338e-310
val_cha: 
nod_cha: 000000000000000000000000
startid: 000000000000000000000012
next_id: 000000000000000000000001
versiid: 201711181458
next_va: 5.34927e+59
val_cha: L
nod_cha: 0000
startid: 0013
next_id: 0001
versiid: 
next_va: 1.39804e-76
val_cha: 00000000000000
nod_cha: 000000000000000014
startid: 000000000000000001
next_id: 181458
versiid: 0000000000000000000000000000
next_va: 1.39804e-76
val_cha: 0000000000000000000000000015
nod_cha: 00000001000000000000000000000001
startid: 00000003201711181458
next_id: 1000
versiid: 00000000
next_va: 1.39804e-76
val_cha: 00000016
nod_cha: 000000000001
startid: 
next_id: 0000000000000000000000
versiid: 0000000000000000000017
next_va: 1.39838e-76
val_cha: 0000000000000000000001
nod_cha: 03201711181458
startid: ULL
next_id: 00
versiid: 18
next_va: 1.39804e-76
val_cha: 01
nod_cha: 
startid: 0000000000000000
next_id: 0000000000000019
versiid: 0000000000000001
next_va: 5.05232e-38
val_cha: 1458
nod_cha: 000000000000000000000000000000
startid: 00000200000000000000000000001a
next_id: 000001000000000000000000000001
versiid: 000003201711181458
next_va: 1.48981e-76
val_cha: 00
nod_cha: 0000000000
startid: 000000001b
next_id: 0000000001
versiid: 
next_va: 1.39804e-76
val_cha: 00000000000000000000
nod_cha: 00000000000000000000001c
startid: 000000000000000000000001
next_id: 201711181458
versiid: L
next_va: 1.39804e-76
val_cha: 
nod_cha: 001d
startid: 0001
next_id: 
versiid: 00000000000000
next_va: 1.39804e-76
val_cha: 0000000000001e
nod_cha: 000000000000000001
startid: 181458
next_id: 0000000000000000000000000000
versiid: 000100000000000000000000001f
next_va: 1.39804e-76
val_cha: 0001000000000000000000000001
nod_cha: 00000003201711181458
startid: 1000
next_id: 00000000
versiid: 00000020
next_va: 1.39804e-76
val_cha: 00000001
nod_cha: 
startid: 0000000000000000000000
next_id: 0000000000000000000021
versiid: 0000000000000000000001
next_va: 1.57178e-76
val_cha: 1711181458
nod_cha: ULL
startid: 00
next_id: 22
versiid: 01
next_va: 0
val_cha: 
nod_cha: 0000000000000000
startid: 0000000000000023
next_id: 0000000000000001
versiid: 1458
next_va: 1.39804e-76
val_cha: 00000000000000000000000000
nod_cha: 000000000000000000000000000024
startid: 000001000000000000000000000001
next_id: 000003201711181458
versiid: 00
next_va: 1.39804e-76
val_cha: 000000
nod_cha: 0000000025
startid: 0000000001
next_id: 
versiid: 00000000000000000000
next_va: 1.39804e-76
val_cha: 00000000000000000026
nod_cha: 000000000000000000000001
startid: 201711181458
next_id: L
versiid: 
next_va: 8.15589e-43
val_cha: 
nod_cha: 0001
startid: 
next_id: 00000000000000
versiid: 00000000000028
next_va: 1.39804e-76
val_cha: 00000000000001
nod_cha: 181458
startid: 0000000000000000000000000000
next_id: 0002000000000000000000000029
versiid: 0001000000000000000000000001
next_va: 1.39804e-76
val_cha: 0003201711181458
nod_cha: 1000
startid: 00000000
next_id: 0000002a
versiid: 00000001
next_va: 4.65909e-315
val_cha: 
nod_cha: 0000000000000000000000
startid: 000000000000000000002b
next_id: 0000000000000000000001
versiid: 1711181458
next_va: 3.14828e-307
val_cha: 00000000000000000000000000000000
nod_cha: 00
startid: 2c
next_id: 01
versiid: 
next_va: 1.39804e-76
val_cha: 000000000000
nod_cha: 000000000000002d
startid: 0000000000000001
next_id: 1458
versiid: 00000000000000000000000000
next_va: 1.39804e-76
val_cha: 0100000000000000000000002e
nod_cha: 000001000000000000000000000001
startid: 000003201711181458
next_id: 00
versiid: 000000
next_va: 1.39804e-76
val_cha: 00002f
nod_cha: 0000000001
startid: 
next_id: 00000000000000000000
versiid: 00000000000000000030
next_va: 1.39804e-76
val_cha: 00000000000000000001
nod_cha: 201711181458
startid: L
next_id: 
versiid: 
next_va: 9.16222e-72
val_cha: 
nod_cha: 
startid: 00000000000000
next_id: 00000000000032
versiid: 00000000000001
next_va: 2.74322e-57
val_cha: 58
nod_cha: 0000000000000000000000000000
startid: 0001000000000000000000000001
next_id: 0001000000000000000000000004
versiid: 0003201711181458
next_va: 1.39804e-76
val_cha: 
nod_cha: 00000000
startid: 00000002
next_id: 00000004
versiid: 
next_va: 1.39804e-76
val_cha: 000000000000000000
nod_cha: 0000000000000000000003
startid: 0000000000000000000004
next_id: 1711181458
versiid: 00000000000000000000000000000000
next_va: 2.61773e-310
val_cha: 00000001000000000000000000000004
nod_cha: 04
startid: 04
next_id: 
versiid: 000000000000
next_va: 1.39804e-76
val_cha: 000000000005
nod_cha: 0000000000000004
startid: 1458
next_id: 00000000000000000000000000
versiid: 00000000000000000000000006
next_va: 1.39804e-76
val_cha: 01000000000000000000000004
nod_cha: 000003201711181458
startid: 00
next_id: 000000
versiid: 000007
next_va: 1.39804e-76
val_cha: 000004
nod_cha: 
startid: 00000000000000000000
next_id: 00000000000000000008
versiid: 00000000000000000004
next_va: 7.70749e-43
val_cha: 11181458
nod_cha: L
startid: 
next_id: 
versiid: 
next_va: 0
val_cha: 4@1000
nod_cha: 00000000000000
startid: 0000000000000a
next_id: 00000000000004
versiid: 58
next_va: 1.39804e-76
val_cha: 000000000000000000000000
nod_cha: 000200000000000000000000000b
startid: 0001000000000000000000000004
next_id: 0003201711181458
versiid: 
next_va: 1.39804e-76
val_cha: 0000
nod_cha: 0000000c
startid: 00000004
next_id: 
versiid: 000000000000000000
next_va: 1.39804e-76
val_cha: 00000000000000000d
nod_cha: 0000000000000000000004
startid: 1711181458
next_id: 00000000000000000000000000000000
versiid: 0000000200000000000000000000000e
next_va: 5.49686e-310
val_cha: 00000001000000000000000000000004
nod_cha: 04
startid: 
next_id: 000000000000
versiid: 00000000000f
next_va: 1.39804e-76
val_cha: 000000000004
nod_cha: 1458
startid: 00000000000000000000000000
next_id: 01000000000000000000000010
versiid: 01000000000000000000000004
next_va: 1.39804e-76
val_cha: 03201711181458
nod_cha: 00
startid: 000000
next_id: 000011
versiid: 000004
next_va: 7.10911e-320
val_cha: 
nod_cha: 00000000000000000000
startid: 00000000000000000012
next_id: 00000000000000000004
versiid: 11181458
next_va: 1.38189e-76
val_cha: 000000000000000000000000000000
nod_cha: 
startid: 
next_id: 
versiid: 4@1000
next_va: 1.39804e-76
val_cha: 0000000000
nod_cha: 00000000000014
startid: 00000000000004
next_id: 58
versiid: 000000000000000000000000
next_va: 1.39804e-76
val_cha: 000000000000000000000015
nod_cha: 0001000000000000000000000004
startid: 0003201711181458
next_id: 
versiid: 0000
next_va: 1.39804e-76
val_cha: 0016
nod_cha: 00000004
startid: 
next_id: 000000000000000000
versiid: 000000000000000017
next_va: 1.39804e-76
val_cha: 000000000000000004
nod_cha: 1711181458
startid: 00000000000000000000000000000000
next_id: 00000000000000000000000000000018
versiid: 00000001000000000000000000000004
next_va: 2.83503e-310
val_cha: 00000003201711181458
nod_cha: 
startid: 000000000000
next_id: 000000000019
versiid: 000000000004
next_va: 6.23126e-38
val_cha: 
nod_cha: 00000000000000000000000000
startid: 0200000000000000000000001a
next_id: 01000000000000000000000004
versiid: 03201711181458
next_va: 5.45542e+67
val_cha: ULL
nod_cha: 000000
startid: 00001b
next_id: 000004
versiid: 
next_va: 1.39804e-76
val_cha: 0000000000000000
nod_cha: 0000000000000000001c
startid: 00000000000000000004
next_id: 11181458
versiid: 000000000000000000000000000000
next_va: 1.38179e-76
val_cha: 00000200000000000000000000001d
nod_cha: 
startid: 
next_id: 4@1000
versiid: 0000000000
next_va: 1.39804e-76
val_cha: 000000001e
nod_cha: 00000000000004
startid: 58
next_id: 000000000000000000000000
versiid: 00000000000000000000001f
next_va: 9.16222e-72
val_cha: 000000000000000000000004
nod_cha: 0003201711181458
startid: 
next_id: 0000
versiid: 0020
next_va: 1.39804e-76
val_cha: 0004
nod_cha: 
startid: 000000000000000000
next_id: 000000000000000021
versiid: 000000000000000004
next_va: 9.74368e-72
val_cha: 181458
nod_cha: 00000000000000000000000000000000
startid: 00000001000000000000000000000022
next_id: 00000001000000000000000000000004
versiid: 00000003201711181458
next_va: 20
val_cha: 1000
nod_cha: 000000000000
startid: 000000000023
next_id: 000000000004
versiid: 
next_va: 1.39804e-76
val_cha: 0000000000000000000000
nod_cha: 00000000000000000000000024
startid: 01000000000000000000000004
next_id: 03201711181458
versiid: ULL
next_va: 1.39804e-76
val_cha: 00
nod_cha: 000025
startid: 000004
next_id: 
versiid: 0000000000000000
next_va: 1.39804e-76
val_cha: 0000000000000026
nod_cha: 00000000000000000004
startid: 11181458
next_id: 000000000000000000000000000000
versiid: 000000000000000000000000000027
next_va: 1.38179e-76
val_cha: 000001000000000000000000000004
nod_cha: 
startid: 4@1000
next_id: 0000000000
versiid: 0000000028
next_va: 1.39804e-76
val_cha: 0000000004
nod_cha: 58
startid: 000000000000000000000000
next_id: 000000000000000000000029
versiid: 000000000000000000000004
next_va: 3.93514e-62
val_cha: 201711181458
nod_cha: 
startid: 0000
next_id: 002a
versiid: 0004
next_va: 0
val_cha: 
nod_cha: 000000000000000000
startid: 00000000000000002b
next_id: 000000000000000004
versiid: 181458
next_va: 1.39804e-76
val_cha: 0000000000000000000000000000
nod_cha: 0000000200000000000000000000002c
startid: 00000001000000000000000000000004
next_id: 00000003201711181458
versiid: 1000
next_va: 1.39804e-76
val_cha: 00000000
nod_cha: 00000000002d
startid: 000000000004
next_id: 
versiid: 0000000000000000000000
next_va: 1.39838e-76
val_cha: 000000000000000000002e
nod_cha: 01000000000000000000000004
startid: 03201711181458
next_id: ULL
versiid: 00
next_va: 1.39804e-76
val_cha: 2f
nod_cha: 000004
startid: 
next_id: 0000000000000000
versiid: 0000000000000030
next_va: 1.39804e-76
val_cha: 0000000000000004
nod_cha: 11181458
startid: 000000000000000000000000000000
next_id: 000001000000000000000000000031
versiid: 000001000000000000000000000004
next_va: 1.38179e-76
val_cha: 000003201711181458
nod_cha: 4@1000
startid: 0000000000
next_id: 0000000032
versiid: 0000000004
next_va: 3.05338e-310
val_cha: 
nod_cha: 000000000000000000000000
startid: 000000000000000000000001
next_id: 000000000000000000000007
versiid: 201711181458
next_va: 5.34927e+59
val_cha: L
nod_cha: 0000
startid: 0002
next_id: 0007
versiid: 
next_va: 1.39804e-76
val_cha: 00000000000000
nod_cha: 000000000000000003
startid: 000000000000000007
next_id: 181458
versiid: 0000000000000000000000000000
next_va: 1.39804e-76
val_cha: 0001000000000000000000000004
nod_cha: 00000001000000000000000000000007
startid: 00000003201711181458
next_id: 1000
versiid: 00000000
next_va: 1.39804e-76
val_cha: 00000005
nod_cha: 000000000007
startid: 
next_id: 0000000000000000000000
versiid: 0000000000000000000006
next_va: 1.39838e-76
val_cha: 0000000000000000000007
nod_cha: 03201711181458
startid: ULL
next_id: 00
versiid: 07
next_va: 1.39804e-76
val_cha: 07
nod_cha: 
startid: 0000000000000000
next_id: 0000000000000008
versiid: 0000000000000007
next_va: 5.05232e-38
val_cha: 1458
nod_cha: 000000000000000000000000000000
startid: 000000000000000000000000000009
next_id: 000001000000000000000000000007
versiid: 000003201711181458
next_va: 1.48981e-76
val_cha: 00
nod_cha: 0000000000
startid: 000000000a
next_id: 0000000007
versiid: 
next_va: 1.39804e-76
val_cha: 00000000000000000000
nod_cha: 00000000000000000000000b
startid: 000000000000000000000007
next_id: 201711181458
versiid: L
next_va: 1.39804e-76
val_cha: 
nod_cha: 000c
startid: 0007
next_id: 
versiid: 00000000000000
next_va: 1.39804e-76
val_cha: 0000000000000d
nod_cha: 000000000000000007
startid: 181458
next_id: 0000000000000000000000000000
versiid: 000200000000000000000000000e
next_va: 1.39804e-76
val_cha: 0001000000000000000000000007
nod_cha: 00000003201711181458
startid: 1000
next_id: 00000000
versiid: 0000000f
next_va: 1.39804e-76
val_cha: 00000007
nod_cha: 
startid: 0000000000000000000000
next_id: 0000000000000000000010
versiid: 0000000000000000000007
next_va: 1.57178e-76
val_cha: 1711181458
nod_cha: ULL
startid: 00
next_id: 11
versiid: 07
next_va: 0
val_cha: 
nod_cha: 0000000000000000
startid: 0000000000000012
next_id: 0000000000000007
versiid: 1458
next_va: 1.39804e-76
val_cha: 00000000000000000000000000
nod_cha: 000001000000000000000000000013
startid: 000001000000000000000000000007
next_id: 000003201711181458
versiid: 00
next_va: 1.39804e-76
val_cha: 000000
nod_cha: 0000000014
startid: 0000000007
next_id: 
versiid: 00000000000000000000
next_va: 1.39804e-76
val_cha: 00000000000000000015
nod_cha: 000000000000000000000007
startid: 201711181458
next_id: L
versiid: 
next_va: 1.17607e-47
val_cha: 
nod_cha: 0007
startid: 
next_id: 00000000000000
versiid: 00000000000017
next_va: 1.39804e-76
val_cha: 00000000000007
nod_cha: 181458
startid: 0000000000000000000000000000
next_id: 0000000000000000000000000018
versiid: 0001000000000000000000000007
next_va: 1.39804e-76
val_cha: 0003201711181458
nod_cha: 1000
startid: 00000000
next_id: 00000019
versiid: 00000007
next_va: 4.65909e-315
val_cha: 
nod_cha: 0000000000000000000000
startid: 000000000000000000001a
next_id: 0000000000000000000007
versiid: 1711181458
next_va: 3.14828e-307
val_cha: 00000000000000000000000000000000
nod_cha: 00
startid: 1b
next_id: 07
versiid: 
next_va: 1.39804e-76
val_cha: 000000000000
nod_cha: 000000000000001c
startid: 0000000000000007
next_id: 1458
versiid: 00000000000000000000000000
next_va: 1.39804e-76
val_cha: 0200000000000000000000001d
nod_cha: 000001000000000000000000000007
startid: 000003201711181458
next_id: 00
versiid: 000000
next_va: 1.39804e-76
val_cha: 00001e
nod_cha: 0000000007
startid: 
next_id: 00000000000000000000
versiid: 0000000000000000001f
next_va: 1.39804e-76
val_cha: 00000000000000000007
nod_cha: 201711181458
startid: L
next_id: 
versiid: 
next_va: 7.25906e-43
val_cha: 
nod_cha: 
startid: 00000000000000
next_id: 00000000000021
versiid: 00000000000007
next_va: 2.74322e-57
val_cha: 58
nod_cha: 0000000000000000000000000000
startid: 0001000000000000000000000022
next_id: 0001000000000000000000000007
versiid: 0003201711181458
next_va: 1.39804e-76
val_cha: 
nod_cha: 00000000
startid: 00000023
next_id: 00000007
versiid: 
next_va: 1.39804e-76
val_cha: 000000000000000000
nod_cha: 0000000000000000000024
startid: 0000000000000000000007
next_id: 1711181458
versiid: 00000000000000000000000000000000
next_va: 2.61773e-310
val_cha: 00000001000000000000000000000025
nod_cha: 25
startid: 07
next_id: 
versiid: 000000000000
next_va: 1.39804e-76
val_cha: 000000000026
nod_cha: 0000000000000007
startid: 1458
next_id: 00000000000000000000000000
versiid: 00000000000000000000000027
next_va: 1.39804e-76
val_cha: 01000000000000000000000007
nod_cha: 000003201711181458
startid: 00
next_id: 000000
versiid: 000028
next_va: 1.39804e-76
val_cha: 000007
nod_cha: 
startid: 00000000000000000000
next_id: 00000000000000000029
versiid: 00000000000000000007
next_va: 7.70749e-43
val_cha: 11181458
nod_cha: L
startid: 
next_id: 
versiid: 
next_va: 0
val_cha: 4@1000
nod_cha: 00000000000000
startid: 0000000000002b
next_id: 00000000000007
versiid: 58
next_va: 1.39804e-76
val_cha: 000000000000000000000000
nod_cha: 000200000000000000000000002c
startid: 0001000000000000000000000007
next_id: 0003201711181458
versiid: 
next_va: 1.39804e-76
val_cha: 0000
nod_cha: 0000002d
startid: 00000007
next_id: 
versiid: 000000000000000000
next_va: 1.39804e-76
val_cha: 00000000000000002e
nod_cha: 0000000000000000000007
startid: 1711181458
next_id: 00000000000000000000000000000000
versiid: 0000000200000000000000000000002f
next_va: 5.55161e-310
val_cha: 00000001000000000000000000000007
nod_cha: 07
startid: 
next_id: 000000000000
versiid: 000000000030
next_va: 1.39804e-76
val_cha: 000000000007
nod_cha: 1458
startid: 00000000000000000000000000
next_id: 01000000000000000000000031
versiid: 01000000000000000000000007
next_va: 1.39804e-76
val_cha: 03201711181458
nod_cha: 00
startid: 000000
next_id: 000032
versiid: 000007
next_va: 7.10911e-320
val_cha: 
nod_cha: 00000000000000000000
startid: 00000000000000000001
next_id: 0000000000000000000a
versiid: 11181458
next_va: 1.38189e-76
val_cha: 000000000000000000000000000000
nod_cha: 
startid: 
next_id: 
versiid: 4@1000
next_va: 1.39804e-76
val_cha: 0000000000
nod_cha: 00000000000003
startid: 0000000000000a
next_id: 58
versiid: 000000000000000000000000
next_va: 9.16222e-72
val_cha: 000000000000000000000004
nod_cha: 000100000000000000000000000a
startid: 0003201711181458
next_id: 
versiid: 0000
next_va: 1.39804e-76
val_cha: 0005
nod_cha: 0000000a
startid: 
next_id: 000000000000000000
versiid: 000000000000000006
next_va: 1.39804e-76
val_cha: 00000000000000000a
nod_cha: 1711181458
startid: 00000000000000000000000000000000
next_id: 00000001000000000000000000000007
versiid: 0000000100000000000000000000000a
next_va: 5.27957e-310
val_cha: 00000003201711181458
nod_cha: 
startid: 000000000000
next_id: 000000000008
versiid: 00000000000a
next_va: 6.23126e-38
val_cha: 
nod_cha: 00000000000000000000000000
startid: 00000000000000000000000009
next_id: 0100000000000000000000000a
versiid: 03201711181458
next_va: 5.45542e+67
val_cha: ULL
nod_cha: 000000
startid: 00000a
next_id: 00000a
versiid: 
next_va: 1.39804e-76
val_cha: 0000000000000000
nod_cha: 0000000000000000000b
startid: 0000000000000000000a
next_id: 11181458
versiid: 000000000000000000000000000000
next_va: 1.38179e-76
val_cha: 00000000000000000000000000000c
nod_cha: 
startid: 
next_id: 4@1000
versiid: 0000000000
next_va: 1.39804e-76
val_cha: 000000000d
nod_cha: 0000000000000a
startid: 58
next_id: 000000000000000000000000
versiid: 00000000000000000000000e
next_va: 9.16222e-72
val_cha: 00000000000000000000000a
nod_cha: 0003201711181458
startid: 
next_id: 0000
versiid: 000f
next_va: 1.39804e-76
val_cha: 000a
nod_cha: 
startid: 000000000000000000
next_id: 000000000000000010
versiid: 00000000000000000a
next_va: 9.74368e-72
val_cha: 181458
nod_cha: 00000000000000000000000000000000
startid: 00000002000000000000000000000011
next_id: 0000000100000000000000000000000a
versiid: 00000003201711181458
next_va: 20
val_cha: 1000
nod_cha: 000000000000
startid: 000000000012
next_id: 00000000000a
versiid: 
next_va: 1.39804e-76
val_cha: 0000000000000000000000
nod_cha: 01000000000000000000000013
startid: 0100000000000000000000000a
next_id: 03201711181458
versiid: ULL
next_va: 1.39804e-76
val_cha: 00
nod_cha: 000014
startid: 00000a
next_id: 
versiid: 0000000000000000
next_va: 1.39804e-76
val_cha: 0000000000000015
nod_cha: 0000000000000000000a
startid: 11181458
next_id: 000000000000000000000000000000
versiid: 000001000000000000000000000016
next_va: 1.38179e-76
val_cha: 00000100000000000000000000000a
nod_cha: 
startid: 4@1000
next_id: 0000000000
versiid: 0000000017
next_va: 1.39804e-76
val_cha: 000000000a
nod_cha: 58
startid: 000000000000000000000000
next_id: 000000000000000000000018
versiid: 00000000000000000000000a
next_va: 3.93514e-62
val_cha: 201711181458
nod_cha: 
startid: 0000
next_id: 0019
versiid: 000a
next_va: 0
val_cha: 
nod_cha: 000000000000000000
startid: 00000000000000001a
next_id: 00000000000000000a
versiid: 181458
next_va: 1.39804e-76
val_cha: 0000000000000000000000000000
nod_cha: 0000000000000000000000000000001b
startid: 0000000100000000000000000000000a
next_id: 00000003201711181458
versiid: 1000
next_va: 1.39804e-76
val_cha: 00000000
nod_cha: 00000000001c
startid: 00000000000a
next_id: 
versiid: 0000000000000000000000
next_va: 1.39872e-76
val_cha: 000000000000000000001d
nod_cha: 0100000000000000000000000a
startid: 03201711181458
next_id: ULL
versiid: 00
next_va: 1.39804e-76
val_cha: 1e
nod_cha: 00000a
startid: 
next_id: 0000000000000000
versiid: 000000000000001f
next_va: 1.39804e-76
val_cha: 000000000000000a
nod_cha: 11181458
startid: 000000000000000000000000000000
next_id: 000002000000000000000000000020
versiid: 00000100000000000000000000000a
next_va: 1.38179e-76
val_cha: 000003201711181458
nod_cha: 4@1000
startid: 0000000000
next_id: 0000000021
versiid: 000000000a
next_va: 3.05338e-310
val_cha: 
nod_cha: 000000000000000000000000
startid: 000000000000000000000022
next_id: 00000000000000000000000a
versiid: 201711181458
next_va: 5.34927e+59
val_cha: L
nod_cha: 0000
startid: 0023
next_id: 000a
versiid: 
next_va: 1.39804e-76
val_cha: 00000000000000
nod_cha: 000000000000000024
startid: 00000000000000000a
next_id: 181458
versiid: 0000000000000000000000000000
next_va: 1.39804e-76
val_cha: 0001000000000000000000000025
nod_cha: 0000000100000000000000000000000a
startid: 00000003201711181458
next_id: 1000
versiid: 00000000
next_va: 1.39804e-76
val_cha: 00000026
nod_cha: 00000000000a
startid: 
next_id: 0000000000000000000000
versiid: 0000000000000000000027
next_va: 1.39838e-76
val_cha: 000000000000000000000a
nod_cha: 03201711181458
startid: ULL
next_id: 00
versiid: 28
next_va: 1.39804e-76
val_cha: 0a
nod_cha: 
startid: 0000000000000000
next_id: 0000000000000029
versiid: 000000000000000a
next_va: 5.05232e-38
val_cha: 1458
nod_cha: 000000000000000000000000000000
startid: 00000000000000000000000000002a
next_id: 00000100000000000000000000000a
versiid: 000003201711181458
next_va: 1.48981e-76
val_cha: 00
nod_cha: 0000000000
startid: 000000002b
next_id: 000000000a
versiid: 
next_va: 1.39804e-76
val_cha: 00000000000000000000
nod_cha: 00000000000000000000002c
startid: 00000000000000000000000a
next_id: 201711181458
versiid: L
next_va: 1.39804e-76
val_cha: 
nod_cha: 002d
startid: 000a
next_id: 
versiid: 00000000000000
next_va: 1.39804e-76
val_cha: 0000000000002e
nod_cha: 00000000000000000a
startid: 181458
next_id: 0000000000000000000000000000
versiid: 000200000000000000000000002f
next_va: 1.39804e-76
val_cha: 000100000000000000000000000a
nod_cha: 00000003201711181458
startid: 1000
next_id: 00000000
versiid: 00000030
next_va: 1.39804e-76
val_cha: 0000000a
nod_cha: 
startid: 0000000000000000000000
next_id: 0000000000000000000031
versiid: 000000000000000000000a
next_va: 1.57178e-76
val_cha: 1711181458
nod_cha: ULL
startid: 00
next_id: 32
versiid: 0a
next_va: 0
val_cha: 
nod_cha: 0000000000000000
startid: 0000000000000001
next_id: 000000000000000d
versiid: 1458
next_va: 1.39804e-76
val_cha: 00000000000000000000000000
nod_cha: 000002000000000000000000000002
startid: 00000100000000000000000000000d
next_id: 000003201711181458
versiid: 00
next_va: 1.39804e-76
val_cha: 000000
nod_cha: 0000000003
startid: 000000000d
next_id: 
versiid: 00000000000000000000
next_va: 1.39804e-76
val_cha: 00000000000000000004
nod_cha: 00000000000000000000000d
startid: 201711181458
next_id: L
versiid: 
next_va: 1.69013e-52
val_cha: 
nod_cha: 000d
startid: 
next_id: 00000000000000
versiid: 00000000000006
next_va: 1.39804e-76
val_cha: 0000000000000d
nod_cha: 181458
startid: 0000000000000000000000000000
next_id: 0001000000000000000000000007
versiid: 000100000000000000000000000d
next_va: 1.39804e-76
val_cha: 0003201711181458
nod_cha: 1000
startid: 00000000
next_id: 00000008
versiid: 0000000d
next_va: 4.65909e-315
val_cha: 
nod_cha: 0000000000000000000000
startid: 0000000000000000000009
next_id: 000000000000000000000d
versiid: 1711181458
next_va: 3.14828e-307
val_cha: 00000000000000000000000000000000
nod_cha: 00
startid: 0a
next_id: 0d
versiid: 
next_va: 1.39804e-76
val_cha: 000000000000
nod_cha: 000000000000000b
startid: 000000000000000d
next_id: 1458
versiid: 00000000000000000000000000
next_va: 1.39804e-76
val_cha: 0000000000000000000000000c
nod_cha: 00000100000000000000000000000d
startid: 000003201711181458
next_id: 00
versiid: 000000
next_va: 1.39804e-76
val_cha: 00000d
nod_cha: 000000000d
startid: 
next_id: 00000000000000000000
versiid: 0000000000000000000e
next_va: 1.39804e-76
val_cha: 0000000000000000000d
nod_cha: 201711181458
startid: L
next_id: 
versiid: 
next_va: 4.00384e+174
val_cha: 
nod_cha: 
startid: 00000000000000
next_id: 00000000000010
versiid: 0000000000000d
next_va: 2.74322e-57
val_cha: 58
nod_cha: 0000000000000000000000000000
startid: 0002000000000000000000000011
next_id: 000100000000000000000000000d
versiid: 0003201711181458
next_va: 1.39804e-76
val_cha: 
nod_cha: 00000000
startid: 00000012
next_id: 0000000d
versiid: 
next_va: 1.39804e-76
val_cha: 000000000000000000
nod_cha: 0000000000000000000013
startid: 000000000000000000000d
next_id: 1711181458
versiid: 00000000000000000000000000000000
next_va: 2.61773e-310
val_cha: 00000002000000000000000000000014
nod_cha: 14
startid: 0d
next_id: 
versiid: 000000000000
next_va: 1.39804e-76
val_cha: 000000000015
nod_cha: 000000000000000d
startid: 1458
next_id: 00000000000000000000000000
versiid: 01000000000000000000000016
next_va: 1.39804e-76
val_cha: 0100000000000000000000000d
nod_cha: 000003201711181458
startid: 00
next_id: 000000
versiid: 000017
next_va: 1.39804e-76
val_cha: 00000d
nod_cha: 
startid: 00000000000000000000
next_id: 00000000000000000018
versiid: 0000000000000000000d
next_va: 7.70749e-43
val_cha: 11181458
nod_cha: L
startid: 
next_id: 
versiid: 
next_va: 0
val_cha: 4@1000
nod_cha: 00000000000000
startid: 0000000000001a
next_id: 0000000000000d
versiid: 58
next_va: 1.39804e-76
val_cha: 000000000000000000000000
nod_cha: 000000000000000000000000001b
startid: 000100000000000000000000000d
next_id: 0003201711181458
versiid: 
next_va: 1.39804e-76
val_cha: 0000
nod_cha: 0000001c
startid: 0000000d
next_id: 
versiid: 000000000000000000
next_va: 1.39804e-76
val_cha: 00000000000000001d
nod_cha: 000000000000000000000d
startid: 1711181458
next_id: 00000000000000000000000000000000
versiid: 0000000000000000000000000000001e
next_va: 5.49707e-310
val_cha: 0000000100000000000000000000000d
nod_cha: 0d
startid: 
next_id: 000000000000
versiid: 00000000001f
next_va: 1.39804e-76
val_cha: 00000000000d
nod_cha: 1458
startid: 00000000000000000000000000
next_id: 02000000000000000000000020
versiid: 0100000000000000000000000d
next_va: 1.39804e-76
val_cha: 03201711181458
nod_cha: 00
startid: 000000
next_id: 000021
versiid: 00000d
next_va: 7.10911e-320
val_cha: 
nod_cha: 00000000000000000000
startid: 00000000000000000022
next_id: 0000000000000000000d
versiid: 11181458
next_va: 1.38189e-76
val_cha: 000000000000000000000000000000
nod_cha: 
startid: 
next_id: 
versiid: 4@1000
next_va: 1.39804e-76
val_cha: 0000000000
nod_cha: 00000000000024
startid: 0000000000000d
next_id: 58
versiid: 000000000000000000000000
next_va: 9.16222e-72
val_cha: 000000000000000000000025
nod_cha: 000100000000000000000000000d
startid: 0003201711181458
next_id: 
versiid: 0000
next_va: 1.39804e-76
val_cha: 0026
nod_cha: 0000000d
startid: 
next_id: 000000000000000000
versiid: 000000000000000027
next_va: 1.39804e-76
val_cha: 00000000000000000d
nod_cha: 1711181458
startid: 00000000000000000000000000000000
next_id: 00000001000000000000000000000028
versiid: 0000000100000000000000000000000d
next_va: 5.44253e-310
val_cha: 00000003201711181458
nod_cha: 
startid: 000000000000
next_id: 000000000029
versiid: 00000000000d
next_va: 6.23126e-38
val_cha: 
nod_cha: 00000000000000000000000000
startid: 0000000000000000000000002a
next_id: 0100000000000000000000000d
versiid: 03201711181458
next_va: 5.45542e+67
val_cha: ULL
nod_cha: 000000
startid: 00002b
next_id: 00000d
versiid: 
next_va: 1.39804e-76
val_cha: 0000000000000000
nod_cha: 0000000000000000002c
startid: 0000000000000000000d
next_id: 11181458
versiid: 000000000000000000000000000000
next_va: 1.38179e-76
val_cha: 00000000000000000000000000002d
nod_cha: 
startid: 
next_id: 4@1000
versiid: 0000000000
next_va: 1.39804e-76
val_cha: 000000002e
nod_cha: 0000000000000d
startid: 58
next_id: 000000000000000000000000
versiid: 00000000000000000000002f
next_va: 9.16222e-72
val_cha: 00000000000000000000000d
nod_cha: 0003201711181458
startid: 
next_id: 0000
versiid: 0030
next_va: 1.39804e-76
val_cha: 000d
nod_cha: 
startid: 000000000000000000
next_id: 000000000000000031
versiid: 00000000000000000d
next_va: 9.74368e-72
val_cha: 181458
nod_cha: 00000000000000000000000000000000
startid: 00000002000000000000000000000032
next_id: 0000000100000000000000000000000d
versiid: 00000003201711181458
next_va: 20
val_cha: 1000
nod_cha: 000000000000
startid: 000000000001
next_id: 000000000010
versiid: 
next_va: 1.39804e-76
val_cha: 0000000000000000000000
nod_cha: 02000000000000000000000002
startid: 01000000000000000000000010
next_id: 03201711181458
versiid: ULL
next_va: 1.39804e-76
val_cha: 00
nod_cha: 000003
startid: 000010
next_id: 
versiid: 0000000000000000
next_va: 1.39804e-76
val_cha: 0000000000000004
nod_cha: 00000000000000000010
startid: 11181458
next_id: 000000000000000000000000000000
versiid: 000002000000000000000000000005
next_va: 1.38179e-76
val_cha: 000001000000000000000000000010
nod_cha: 
startid: 4@1000
next_id: 0000000000
versiid: 0000000006
next_va: 1.39804e-76
val_cha: 0000000010
nod_cha: 58
startid: 000000000000000000000000
next_id: 000000000000000000000007
versiid: 000000000000000000000010
next_va: 3.93514e-62
val_cha: 201711181458
nod_cha: 
startid: 0000
next_id: 0008
versiid: 0010
next_va: 0
val_cha: 
nod_cha: 000000000000000000
startid: 000000000000000009
next_id: 000000000000000010
versiid: 181458
next_va: 1.39804e-76
val_cha: 0000000000000000000000000000
nod_cha: 0000000100000000000000000000000a
startid: 00000001000000000000000000000010
next_id: 00000003201711181458
versiid: 1000
next_va: 1.39804e-76
val_cha: 00000000
nod_cha: 00000000000b
startid: 000000000010
next_id: 
versiid: 0000000000000000000000
next_va: 1.39804e-76
val_cha: 000000000000000000000c
nod_cha: 01000000000000000000000010
startid: 03201711181458
next_id: ULL
versiid: 00
next_va: 1.39804e-76
val_cha: 0d
nod_cha: 000010
startid: 
next_id: 0000000000000000
versiid: 000000000000000e
next_va: 1.39804e-76
val_cha: 0000000000000010
nod_cha: 11181458
startid: 000000000000000000000000000000
next_id: 00000000000000000000000000000f
versiid: 000001000000000000000000000010
next_va: 1.38179e-76
val_cha: 000003201711181458
nod_cha: 4@1000
startid: 0000000000
next_id: 0000000010
versiid: 0000000010
next_va: 3.05338e-310
val_cha: 
nod_cha: 000000000000000000000000
startid: 000000000000000000000011
next_id: 000000000000000000000010
versiid: 201711181458
next_va: 5.34927e+59
val_cha: L
nod_cha: 0000
startid: 0012
next_id: 0010
versiid: 
next_va: 1.39804e-76
val_cha: 00000000000000
nod_cha: 000000000000000013
startid: 000000000000000010
next_id: 181458
versiid: 0000000000000000000000000000
next_va: 1.39804e-76
val_cha: 0002000000000000000000000014
nod_cha: 00000001000000000000000000000010
startid: 00000003201711181458
next_id: 1000
versiid: 00000000
next_va: 1.39804e-76
val_cha: 00000015
nod_cha: 000000000010
startid: 
next_id: 0000000000000000000000
versiid: 0000000000000000000016
next_va: 1.39838e-76
val_cha: 0000000000000000000010
nod_cha: 03201711181458
startid: ULL
next_id: 00
versiid: 17
next_va: 1.39804e-76
val_cha: 10
nod_cha: 
startid: 0000000000000000
next_id: 0000000000000018
versiid: 0000000000000010
next_va: 5.05232e-38
val_cha: 1458
nod_cha: 000000000000000000000000000000
startid: 000001000000000000000000000019
next_id: 000001000000000000000000000010
versiid: 000003201711181458
next_va: 1.48981e-76
val_cha: 00
nod_cha: 0000000000
startid: 000000001a
next_id: 0000000010
versiid: 
next_va: 1.39804e-76
val_cha: 00000000000000000000
nod_cha: 00000000000000000000001b
startid: 000000000000000000000010
next_id: 201711181458
versiid: L
next_va: 1.39804e-76
val_cha: 
nod_cha: 001c
startid: 0010
next_id: 
versiid: 00000000000000
next_va: 1.39804e-76
val_cha: 0000000000001d
nod_cha: 000000000000000010
startid: 181458
next_id: 0000000000000000000000000000
versiid: 000000000000000000000000001e
next_va: 1.39804e-76
val_cha: 0001000000000000000000000010
nod_cha: 00000003201711181458
startid: 1000
next_id: 00000000
versiid: 0000001f
next_va: 1.39804e-76
val_cha: 00000010
nod_cha: 
startid: 0000000000000000000000
next_id: 0000000000000000000020
versiid: 0000000000000000000010
next_va: 1.57178e-76
val_cha: 1711181458
nod_cha: ULL
startid: 00
next_id: 21
versiid: 10
next_va: 0
val_cha: 
nod_cha: 0000000000000000
startid: 0000000000000022
next_id: 0000000000000010
versiid: 1458
next_va: 1.39804e-76
val_cha: 00000000000000000000000000
nod_cha: 000002000000000000000000000023
startid: 000001000000000000000000000010
next_id: 000003201711181458
versiid: 00
next_va: 1.39804e-76
val_cha: 000000
nod_cha: 0000000024
startid: 0000000010
next_id: 
versiid: 00000000000000000000
next_va: 1.39804e-76
val_cha: 00000000000000000025
nod_cha: 000000000000000000000010
startid: 201711181458
next_id: L
versiid: 
next_va: 1.24449e-47
val_cha: 
nod_cha: 0010
startid: 
next_id: 00000000000000
versiid: 00000000000027
next_va: 1.39804e-76
val_cha: 00000000000010
nod_cha: 181458
startid: 0000000000000000000000000000
next_id: 0001000000000000000000000028
versiid: 0001000000000000000000000010
next_va: 1.39804e-76
val_cha: 0003201711181458
nod_cha: 1000
startid: 00000000
next_id: 00000029
versiid: 00000010
next_va: 4.65909e-315
val_cha: 
nod_cha: 0000000000000000000000
startid: 000000000000000000002a
next_id: 0000000000000000000010
versiid: 1711181458
next_va: 3.14828e-307
val_cha: 00000000000000000000000000000000
nod_cha: 00
startid: 2b
next_id: 10
versiid: 
next_va: 1.39804e-76
val_cha: 000000000000
nod_cha: 000000000000002c
startid: 0000000000000010
next_id: 1458
versiid: 00000000000000000000000000
next_va: 1.39804e-76
val_cha: 0000000000000000000000002d
nod_cha: 000001000000000000000000000010
startid: 000003201711181458
next_id: 00
versiid: 000000
next_va: 1.39804e-76
val_cha: 00002e
nod_cha: 0000000010
startid: 
next_id: 00000000000000000000
versiid: 0000000000000000002f
next_va: 1.39804e-76
val_cha: 00000000000000000010
nod_cha: 201711181458
startid: L
next_id: 
versiid: 
next_va: 1.4844e-76
val_cha: 
nod_cha: 
startid: 00000000000000
next_id: 00000000000031
versiid: 00000000000010
next_va: 2.74322e-57
val_cha: 58
nod_cha: 0000000000000000000000000000
startid: 0002000000000000000000000032
next_id: 0001000000000000000000000010
versiid: 0003201711181458
next_va: 1.39804e-76
val_cha: 
nod_cha: 00000000
startid: 00000001
next_id: 00000013
versiid: 
next_va: 1.39804e-76
val_cha: 000000000000000000
nod_cha: 0000000000000000000002
startid: 0000000000000000000013
next_id: 1711181458
versiid: 00000000000000000000000000000000
next_va: 2.61773e-310
val_cha: 00000000000000000000000000000003
nod_cha: 03
startid: 13
next_id: 
versiid: 000000000000
next_va: 1.39804e-76
val_cha: 000000000004
nod_cha: 0000000000000013
startid: 1458
next_id: 00000000000000000000000000
versiid: 02000000000000000000000005
next_va: 1.39804e-76
val_cha: 01000000000000000000000013
nod_cha: 000003201711181458
startid: 00
next_id: 000000
versiid: 000006
next_va: 1.39804e-76
val_cha: 000013
nod_cha: 
startid: 00000000000000000000
next_id: 00000000000000000007
versiid: 00000000000000000013
next_va: 7.70749e-43
val_cha: 11181458
nod_cha: L
startid: 
next_id: 
versiid: 
next_va: 0
val_cha: 4@1000
nod_cha: 00000000000000
startid: 00000000000009
next_id: 00000000000013
versiid: 58
next_va: 1.39804e-76
val_cha: 000000000000000000000000
nod_cha: 000100000000000000000000000a
startid: 0001000000000000000000000013
next_id: 0003201711181458
versiid: 
next_va: 1.39804e-76
val_cha: 0000
nod_cha: 0000000b
startid: 00000013
next_id: 
versiid: 000000000000000000
next_va: 1.39804e-76
val_cha: 00000000000000000c
nod_cha: 0000000000000000000013
startid: 1711181458
next_id: 00000000000000000000000000000000
versiid: 0000000100000000000000000000000d
next_va: 5.44253e-310
val_cha: 00000001000000000000000000000013
nod_cha: 13
startid: 
next_id: 000000000000
versiid: 00000000000e
next_va: 1.39804e-76
val_cha: 000000000013
nod_cha: 1458
startid: 00000000000000000000000000
next_id: 0000000000000000000000000f
versiid: 01000000000000000000000013
next_va: 1.39804e-76
val_cha: 03201711181458
nod_cha: 00
startid: 000000
next_id: 000010
versiid: 000013
next_va: 7.10911e-320
val_cha: 
nod_cha: 00000000000000000000
startid: 00000000000000000011
next_id: 00000000000000000013
versiid: 11181458
next_va: 1.38189e-76
val_cha: 000000000000000000000000000000
nod_cha: 
startid: 
next_id: 
versiid: 4@1000
next_va: 1.39804e-76
val_cha: 0000000000
nod_cha: 00000000000013
startid: 00000000000013
next_id: 58
versiid: 000000000000000000000000
next_va: 6.00455e-67
val_cha: 000000000000000000000014
nod_cha: 0001000000000000000000000013
startid: 0003201711181458
next_id: 
versiid: 0000
next_va: 1.39804e-76
val_cha: 0015
nod_cha: 00000013
startid: 
next_id: 000000000000000000
versiid: 000000000000000016
next_va: 1.39804e-76
val_cha: 000000000000000013
nod_cha: 1711181458
startid: 00000000000000000000000000000000
next_id: 00000002000000000000000000000017
versiid: 00000001000000000000000000000013
next_va: 2.78092e-310
val_cha: 00000003201711181458
nod_cha: 
startid: 000000000000
next_id: 000000000018
versiid: 000000000013
next_va: 6.23126e-38
val_cha: 
nod_cha: 00000000000000000000000000
startid: 01000000000000000000000019
next_id: 01000000000000000000000013
versiid: 03201711181458
next_va: 5.45542e+67
val_cha: ULL
nod_cha: 000000
startid: 00001a
next_id: 000013
versiid: 
next_va: 1.39804e-76
val_cha: 0000000000000000
nod_cha: 0000000000000000001b
startid: 00000000000000000013
next_id: 11181458
versiid: 000000000000000000000000000000
next_va: 1.38179e-76
val_cha: 00000100000000000000000000001c
nod_cha: 
startid: 
next_id: 4@1000
versiid: 0000000000
next_va: 1.39804e-76
val_cha: 000000001d
nod_cha: 00000000000013
startid: 58
next_id: 000000000000000000000000
versiid: 00000000000000000000001e
next_va: 9.16222e-72
val_cha: 000000000000000000000013
nod_cha: 0003201711181458
startid: 
next_id: 0000
versiid: 001f
next_va: 1.39804e-76
val_cha: 0013
nod_cha: 
startid: 000000000000000000
next_id: 000000000000000020
versiid: 000000000000000013
next_va: 9.74368e-72
val_cha: 181458
nod_cha: 00000000000000000000000000000000
startid: 00000000000000000000000000000021
next_id: 00000001000000000000000000000013
versiid: 00000003201711181458
next_va: 20
val_cha: 1000
nod_cha: 000000000000
startid: 000000000022
next_id: 000000000013
versiid: 
next_va: 1.39804e-76
val_cha: 0000000000000000000000
nod_cha: 02000000000000000000000023
startid: 01000000000000000000000013
next_id: 03201711181458
versiid: ULL
next_va: 1.39804e-76
val_cha: 00
nod_cha: 000024
startid: 000013
next_id: 
versiid: 0000000000000000
next_va: 1.39804e-76
val_cha: 0000000000000025
nod_cha: 00000000000000000013
startid: 11181458
next_id: 000000000000000000000000000000
versiid: 000002000000000000000000000026
next_va: 1.38179e-76
val_cha: 000001000000000000000000000013
nod_cha: 
startid: 4@1000
next_id: 0000000000
versiid: 0000000027
next_va: 1.39804e-76
val_cha: 0000000013
nod_cha: 58
startid: 000000000000000000000000
next_id: 000000000000000000000028
versiid: 000000000000000000000013
next_va: 3.93514e-62
val_cha: 201711181458
nod_cha: 
startid: 0000
next_id: 0029
versiid: 0013
next_va: 0
val_cha: 
nod_cha: 000000000000000000
startid: 00000000000000002a
next_id: 000000000000000013
versiid: 181458
next_va: 1.39804e-76
val_cha: 0000000000000000000000000000
nod_cha: 0000000100000000000000000000002b
startid: 00000001000000000000000000000013
next_id: 00000003201711181458
versiid: 1000
next_va: 1.39804e-76
val_cha: 00000000
nod_cha: 00000000002c
startid: 000000000013
next_id: 
versiid: 0000000000000000000000
next_va: 1.39804e-76
val_cha: 000000000000000000002d
nod_cha: 01000000000000000000000013
startid: 03201711181458
next_id: ULL
versiid: 00
next_va: 1.39804e-76
val_cha: 2e
nod_cha: 000013
startid: 
next_id: 0000000000000000
versiid: 000000000000002f
next_va: 1.39804e-76
val_cha: 0000000000000013
nod_cha: 11181458
startid: 000000000000000000000000000000
next_id: 000000000000000000000000000030
versiid: 000001000000000000000000000013
next_va: 1.38179e-76
val_cha: 000003201711181458
nod_cha: 4@1000
startid: 0000000000
next_id: 0000000031
versiid: 0000000013
next_va: 3.05338e-310
val_cha: 
nod_cha: 000000000000000000000000
startid: 000000000000000000000032
next_id: 000000000000000000000013
versiid: 201711181458
next_va: 5.34927e+59
val_cha: L
nod_cha: 0000
startid: 0001
next_id: 0016
versiid: 
next_va: 1.39804e-76
val_cha: 00000000000000
nod_cha: 000000000000000002
startid: 000000000000000016
next_id: 181458
versiid: 0000000000000000000000000000
next_va: 1.39804e-76
val_cha: 0000000000000000000000000003
nod_cha: 00000001000000000000000000000016
startid: 00000003201711181458
next_id: 1000
versiid: 00000000
next_va: 1.39804e-76
val_cha: 00000004
nod_cha: 000000000016
startid: 
next_id: 0000000000000000000000
versiid: 0000000000000000000005
next_va: 1.39838e-76
val_cha: 0000000000000000000016
nod_cha: 03201711181458
startid: ULL
next_id: 00
versiid: 06
next_va: 1.39804e-76
val_cha: 16
nod_cha: 
startid: 0000000000000000
next_id: 0000000000000007
versiid: 0000000000000016
next_va: 5.05232e-38
val_cha: 1458
nod_cha: 000000000000000000000000000000
startid: 000002000000000000000000000008
next_id: 000001000000000000000000000016
versiid: 000003201711181458
next_va: 1.48981e-76
val_cha: 00
nod_cha: 0000000000
startid: 0000000009
next_id: 0000000016
versiid: 
next_va: 1.39804e-76
val_cha: 00000000000000000000
nod_cha: 00000000000000000000000a
startid: 000000000000000000000016
next_id: 201711181458
versiid: L
next_va: 1.39804e-76
val_cha: 
nod_cha: 000b
startid: 0016
next_id: 
versiid: 00000000000000
next_va: 1.39804e-76
val_cha: 0000000000000c
nod_cha: 000000000000000016
startid: 181458
next_id: 0000000000000000000000000000
versiid: 000100000000000000000000000d
next_va: 1.39804e-76
val_cha: 0001000000000000000000000016
nod_cha: 00000003201711181458
startid: 1000
next_id: 00000000
versiid: 0000000e
next_va: 1.39804e-76
val_cha: 00000016
nod_cha: 
startid: 0000000000000000000000
next_id: 000000000000000000000f
versiid: 0000000000000000000016
next_va: 1.57178e-76
val_cha: 1711181458
nod_cha: ULL
startid: 00
next_id: 10
versiid: 16
next_va: 0
val_cha: 
nod_cha: 0000000000000000
startid: 0000000000000011
next_id: 0000000000000016
versiid: 1458
next_va: 1.39804e-76
val_cha: 00000000000000000000000000
nod_cha: 000000000000000000000000000012
startid: 000001000000000000000000000016
next_id: 000003201711181458
versiid: 00
next_va: 1.39804e-76
val_cha: 000000
nod_cha: 0000000013
startid: 0000000016
next_id: 
versiid: 00000000000000000000
next_va: 1.39804e-76
val_cha: 00000000000000000014
nod_cha: 000000000000000000000016
startid: 201711181458
next_id: L
versiid: 
next_va: 1.79454e-52
val_cha: 
nod_cha: 0016
startid: 
next_id: 00000000000000
versiid: 00000000000016
next_va: 1.39804e-76
val_cha: 00000000000016
nod_cha: 181458
startid: 0000000000000000000000000000
next_id: 0002000000000000000000000017
versiid: 0001000000000000000000000016
next_va: 1.39804e-76
val_cha: 0003201711181458
nod_cha: 1000
startid: 00000000
next_id: 00000018
versiid: 00000016
next_va: 4.65909e-315
val_cha: 
nod_cha: 0000000000000000000000
startid: 0000000000000000000019
next_id: 0000000000000000000016
versiid: 1711181458
next_va: 3.14828e-307
val_cha: 00000000000000000000000000000000
nod_cha: 00
startid: 1a
next_id: 16
versiid: 
next_va: 1.39804e-76
val_cha: 000000000000
nod_cha: 000000000000001b
startid: 0000000000000016
next_id: 1458
versiid: 00000000000000000000000000
next_va: 1.39804e-76
val_cha: 0100000000000000000000001c
nod_cha: 000001000000000000000000000016
startid: 000003201711181458
next_id: 00
versiid: 000000
next_va: 1.39804e-76
val_cha: 00001d
nod_cha: 0000000016
startid: 
next_id: 00000000000000000000
versiid: 0000000000000000001e
next_va: 1.39804e-76
val_cha: 00000000000000000016
nod_cha: 201711181458
startid: L
next_id: 
versiid: 
next_va: 1.17607e-47
val_cha: 
nod_cha: 
startid: 00000000000000
next_id: 00000000000020
versiid: 00000000000016
next_va: 2.74322e-57
val_cha: 58
nod_cha: 0000000000000000000000000000
startid: 0000000000000000000000000021
next_id: 0001000000000000000000000016
versiid: 0003201711181458
next_va: 1.39804e-76
val_cha: 
nod_cha: 00000000
startid: 00000022
next_id: 00000016
versiid: 
next_va: 1.39804e-76
val_cha: 000000000000000000
nod_cha: 0000000000000000000023
startid: 0000000000000000000016
next_id: 1711181458
versiid: 00000000000000000000000000000000
next_va: 2.61773e-310
val_cha: 00000000000000000000000000000024
nod_cha: 24
startid: 16
next_id: 
versiid: 000000000000
next_va: 1.39804e-76
val_cha: 000000000025
nod_cha: 0000000000000016
startid: 1458
next_id: 00000000000000000000000000
versiid: 02000000000000000000000026
next_va: 1.39804e-76
val_cha: 01000000000000000000000016
nod_cha: 000003201711181458
startid: 00
next_id: 000000
versiid: 000027
next_va: 1.39804e-76
val_cha: 000016
nod_cha: 
startid: 00000000000000000000
next_id: 00000000000000000028
versiid: 00000000000000000016
next_va: 7.70749e-43
val_cha: 11181458
nod_cha: L
startid: 
next_id: 
versiid: 
next_va: 0
val_cha: 4@1000
nod_cha: 00000000000000
startid: 0000000000002a
next_id: 00000000000016
versiid: 58
next_va: 1.39804e-76
val_cha: 000000000000000000000000
nod_cha: 000100000000000000000000002b
startid: 0001000000000000000000000016
next_id: 0003201711181458
versiid: 
next_va: 1.39804e-76
val_cha: 0000
nod_cha: 0000002c
startid: 00000016
next_id: 
versiid: 000000000000000000
next_va: 1.39804e-76
val_cha: 00000000000000002d
nod_cha: 0000000000000000000016
startid: 1711181458
next_id: 00000000000000000000000000000000
versiid: 0000000100000000000000000000002e
next_va: 5.49728e-310
val_cha: 00000001000000000000000000000016
nod_cha: 16
startid: 
next_id: 000000000000
versiid: 00000000002f
next_va: 1.39804e-76
val_cha: 000000000016
nod_cha: 1458
startid: 00000000000000000000000000
next_id: 00000000000000000000000030
versiid: 01000000000000000000000016
next_va: 1.39804e-76
val_cha: 03201711181458
nod_cha: 00
startid: 000000
next_id: 000031
versiid: 000016
next_va: 7.10911e-320
val_cha: 
nod_cha: 00000000000000000000
startid: 00000000000000000032
next_id: 00000000000000000016
versiid: 11181458
next_va: 1.38189e-76
val_cha: 000000000000000000000000000000
nod_cha: 
startid: 
next_id: 
versiid: 4@1000
next_va: 1.39804e-76
val_cha: 0000000000
nod_cha: 00000000000002
startid: 00000000000019
next_id: 58
versiid: 000000000000000000000000
next_va: 1.39804e-76
val_cha: 000000000000000000000003
nod_cha: 0001000000000000000000000019
startid: 0003201711181458
next_id: 
versiid: 0000
next_va: 1.39804e-76
val_cha: 0004
nod_cha: 00000019
startid: 
next_id: 000000000000000000
versiid: 000000000000000005
next_va: 1.39804e-76
val_cha: 000000000000000019
nod_cha: 1711181458
startid: 00000000000000000000000000000000
next_id: 00000000000000000000000000000006
versiid: 00000001000000000000000000000019
next_va: 3.10685e-310
val_cha: 00000003201711181458
nod_cha: 
startid: 000000000000
next_id: 000000000007
versiid: 000000000019
next_va: 6.23126e-38
val_cha: 
nod_cha: 00000000000000000000000000
startid: 02000000000000000000000008
next_id: 01000000000000000000000019
versiid: 03201711181458
next_va: 5.45542e+67
val_cha: ULL
nod_cha: 000000
startid: 000009
next_id: 000019
versiid: 
next_va: 1.39804e-76
val_cha: 0000000000000000
nod_cha: 0000000000000000000a
startid: 00000000000000000019
next_id: 11181458
versiid: 000000000000000000000000000000
next_va: 1.38179e-76
val_cha: 00000200000000000000000000000b
nod_cha: 
startid: 
next_id: 4@1000
versiid: 0000000000
next_va: 1.39804e-76
val_cha: 000000000c
nod_cha: 00000000000019
startid: 58
next_id: 000000000000000000000000
versiid: 00000000000000000000000d
next_va: 9.16222e-72
val_cha: 000000000000000000000019
nod_cha: 0003201711181458
startid: 
next_id: 0000
versiid: 000e
next_va: 1.39804e-76
val_cha: 0019
nod_cha: 
startid: 000000000000000000
next_id: 00000000000000000f
versiid: 000000000000000019
next_va: 9.74368e-72
val_cha: 181458
nod_cha: 00000000000000000000000000000000
startid: 00000001000000000000000000000010
next_id: 00000001000000000000000000000019
versiid: 00000003201711181458
next_va: 20
val_cha: 1000
nod_cha: 000000000000
startid: 000000000011
next_id: 000000000019
versiid: 
next_va: 1.39804e-76
val_cha: 0000000000000000000000
nod_cha: 00000000000000000000000012
startid: 01000000000000000000000019
next_id: 03201711181458
versiid: ULL
next_va: 1.39804e-76
val_cha: 00
nod_cha: 000013
startid: 000019
next_id: 
versiid: 0000000000000000
next_va: 1.39804e-76
val_cha: 0000000000000014
nod_cha: 00000000000000000019
startid: 11181458
next_id: 000000000000000000000000000000
versiid: 000000000000000000000000000015
next_va: 1.38179e-76
val_cha: 000001000000000000000000000019
nod_cha: 
startid: 4@1000
next_id: 0000000000
versiid: 0000000016
next_va: 1.39804e-76
val_cha: 0000000019
nod_cha: 58
startid: 000000000000000000000000
next_id: 000000000000000000000017
versiid: 000000000000000000000019
next_va: 3.93514e-62
val_cha: 201711181458
nod_cha: 
startid: 0000
next_id: 0018
versiid: 0019
next_va: 0
val_cha: 
nod_cha: 000000000000000000
startid: 000000000000000019
next_id: 000000000000000019
versiid: 181458
next_va: 1.39804e-76
val_cha: 0000000000000000000000000000
nod_cha: 0000000200000000000000000000001a
startid: 00000001000000000000000000000019
next_id: 00000003201711181458
versiid: 1000
next_va: 1.39804e-76
val_cha: 00000000
nod_cha: 00000000001b
startid: 000000000019
next_id: 
versiid: 0000000000000000000000
next_va: 1.39838e-76
val_cha: 000000000000000000001c
nod_cha: 01000000000000000000000019
startid: 03201711181458
next_id: ULL
versiid: 00
next_va: 1.39804e-76
val_cha: 1d
nod_cha: 000019
startid: 
next_id: 0000000000000000
versiid: 000000000000001e
next_va: 1.39804e-76
val_cha: 0000000000000019
nod_cha: 11181458
startid: 000000000000000000000000000000
next_id: 00000100000000000000000000001f
versiid: 000001000000000000000000000019
next_va: 1.38179e-76
val_cha: 000003201711181458
nod_cha: 4@1000
startid: 0000000000
next_id: 0000000020
versiid: 0000000019
next_va: 3.05338e-310
val_cha: 
nod_cha: 000000000000000000000000
startid: 000000000000000000000021
next_id: 000000000000000000000019
versiid: 201711181458
next_va: 5.34927e+59
val_cha: L
nod_cha: 0000
startid: 0022
next_id: 0019
versiid: 
next_va: 1.39804e-76
val_cha: 00000000000000
nod_cha: 000000000000000023
startid: 000000000000000019
next_id: 181458
versiid: 0000000000000000000000000000
next_va: 1.39804e-76
val_cha: 0000000000000000000000000024
nod_cha: 00000001000000000000000000000019
startid: 00000003201711181458
next_id: 1000
versiid: 00000000
next_va: 1.39804e-76
val_cha: 00000025
nod_cha: 000000000019
startid: 
next_id: 0000000000000000000000
versiid: 0000000000000000000026
next_va: 1.39838e-76
val_cha: 0000000000000000000019
nod_cha: 03201711181458
startid: ULL
next_id: 00
versiid: 27
next_va: 1.39804e-76
val_cha: 19
nod_cha: 
startid: 0000000000000000
next_id: 0000000000000028
versiid: 0000000000000019
next_va: 5.05232e-38
val_cha: 1458
nod_cha: 000000000000000000000000000000
startid: 000002000000000000000000000029
next_id: 000001000000000000000000000019
versiid: 000003201711181458
next_va: 1.48981e-76
val_cha: 00
nod_cha: 0000000000
startid: 000000002a
next_id: 0000000019
versiid: 
next_va: 1.39804e-76
val_cha: 00000000000000000000
nod_cha: 00000000000000000000002b
startid: 000000000000000000000019
next_id: 201711181458
versiid: L
next_va: 1.39804e-76
val_cha: 
nod_cha: 002c
startid: 0019
next_id: 
versiid: 00000000000000
next_va: 1.39804e-76
val_cha: 0000000000002d
nod_cha: 000000000000000019
startid: 181458
next_id: 0000000000000000000000000000
versiid: 000100000000000000000000002e
next_va: 1.39804e-76
val_cha: 0001000000000000000000000019
nod_cha: 00000003201711181458
startid: 1000
next_id: 00000000
versiid: 0000002f
next_va: 1.39804e-76
val_cha: 00000019
nod_cha: 
startid: 0000000000000000000000
next_id: 0000000000000000000030
versiid: 0000000000000000000019
next_va: 1.57178e-76
val_cha: 1711181458
nod_cha: ULL
startid: 00
next_id: 31
versiid: 19
next_va: 0
val_cha: 
nod_cha: 0000000000000000
startid: 0000000000000032
next_id: 0000000000000019
versiid: 1458
next_va: 1.39804e-76
val_cha: 00000000000000000000000000
nod_cha: 000001000000000000000000000001
startid: 00000100000000000000000000001c
next_id: 000003201711181458
versiid: 00
next_va: 1.39804e-76
val_cha: 000000
nod_cha: 0000000002
startid: 000000001c
next_id: 
versiid: 00000000000000000000
next_va: 1.39804e-76
val_cha: 00000000000000000003
nod_cha: 00000000000000000000001c
startid: 201711181458
next_id: L
versiid: 
next_va: 2.57893e-57
val_cha: 
nod_cha: 001c
startid: 
next_id: 00000000000000
versiid: 00000000000005
next_va: 1.39804e-76
val_cha: 0000000000001c
nod_cha: 181458
startid: 0000000000000000000000000000
next_id: 0000000000000000000000000006
versiid: 000100000000000000000000001c
next_va: 1.39804e-76
val_cha: 0003201711181458
nod_cha: 1000
startid: 00000000
next_id: 00000007
versiid: 0000001c
next_va: 4.65909e-315
val_cha: 
nod_cha: 0000000000000000000000
startid: 0000000000000000000008
next_id: 000000000000000000001c
versiid: 1711181458
next_va: 3.14828e-307
val_cha: 00000000000000000000000000000000
nod_cha: 00
startid: 09
next_id: 1c
versiid: 
next_va: 1.39804e-76
val_cha: 000000000000
nod_cha: 000000000000000a
startid: 000000000000001c
next_id: 1458
versiid: 00000000000000000000000000
next_va: 1.39804e-76
val_cha: 0200000000000000000000000b
nod_cha: 00000100000000000000000000001c
startid: 000003201711181458
next_id: 00
versiid: 000000
next_va: 1.39804e-76
val_cha: 00000c
nod_cha: 000000001c
startid: 
next_id: 00000000000000000000
versiid: 0000000000000000000d
next_va: 1.39804e-76
val_cha: 0000000000000000001c
nod_cha: 201711181458
startid: L
next_id: 
versiid: 
next_va: 6.48678e+169
val_cha: 
nod_cha: 
startid: 00000000000000
next_id: 0000000000000f
versiid: 0000000000001c
next_va: 2.74322e-57
val_cha: 58
nod_cha: 0000000000000000000000000000
startid: 0001000000000000000000000010
next_id: 000100000000000000000000001c
versiid: 0003201711181458
next_va: 1.39804e-76
val_cha: 
nod_cha: 00000000
startid: 00000011
next_id: 0000001c
versiid: 
next_va: 1.39804e-76
val_cha: 000000000000000000
nod_cha: 0000000000000000000012
startid: 000000000000000000001c
next_id: 1711181458
versiid: 00000000000000000000000000000000
next_va: 2.61773e-310
val_cha: 00000001000000000000000000000013
nod_cha: 13
startid: 1c
next_id: 
versiid: 000000000000
next_va: 1.39804e-76
val_cha: 000000000014
nod_cha: 000000000000001c
startid: 1458
next_id: 00000000000000000000000000
versiid: 00000000000000000000000015
next_va: 1.39804e-76
val_cha: 0100000000000000000000001c
nod_cha: 000003201711181458
startid: 00
next_id: 000000
versiid: 000016
next_va: 1.39804e-76
val_cha: 00001c
nod_cha: 
startid: 00000000000000000000
next_id: 00000000000000000017
versiid: 0000000000000000001c
next_va: 7.70749e-43
val_cha: 11181458
nod_cha: L
startid: 
next_id: 
versiid: 
next_va: 0
val_cha: 4@1000
nod_cha: 00000000000000
startid: 00000000000019
next_id: 0000000000001c
versiid: 58
next_va: 1.39804e-76
val_cha: 000000000000000000000000
nod_cha: 000200000000000000000000001a
startid: 000100000000000000000000001c
next_id: 0003201711181458
versiid: 
next_va: 1.39804e-76
val_cha: 0000
nod_cha: 0000001b
startid: 0000001c
next_id: 
versiid: 000000000000000000
next_va: 1.39804e-76
val_cha: 00000000000000001c
nod_cha: 000000000000000000001c
startid: 1711181458
next_id: 00000000000000000000000000000000
versiid: 0000000200000000000000000000001d
next_va: 5.44275e-310
val_cha: 0000000100000000000000000000001c
nod_cha: 1c
startid: 
next_id: 000000000000
versiid: 00000000001e
next_va: 1.39804e-76
val_cha: 00000000001c
nod_cha: 1458
startid: 00000000000000000000000000
next_id: 0100000000000000000000001f
versiid: 0100000000000000000000001c
next_va: 1.39804e-76
val_cha: 03201711181458
nod_cha: 00
startid: 000000
next_id: 000020
versiid: 00001c
next_va: 7.10911e-320
val_cha: 
nod_cha: 00000000000000000000
startid: 00000000000000000021
next_id: 0000000000000000001c
versiid: 11181458
next_va: 1.38189e-76
val_cha: 000000000000000000000000000000
nod_cha: 
startid: 
next_id: 
versiid: 4@1000
next_va: 1.39804e-76
val_cha: 0000000000
nod_cha: 00000000000023
startid: 0000000000001c
next_id: 58
versiid: 000000000000000000000000
next_va: 1.39804e-76
val_cha: 000000000000000000000024
nod_cha: 000100000000000000000000001c
startid: 0003201711181458
next_id: 
versiid: 0000
next_va: 1.39804e-76
val_cha: 0025
nod_cha: 0000001c
startid: 
next_id: 000000000000000000
versiid: 000000000000000026
next_va: 1.39804e-76
val_cha: 00000000000000001c
nod_cha: 1711181458
startid: 00000000000000000000000000000000
next_id: 00000000000000000000000000000027
versiid: 0000000100000000000000000000001c
next_va: 5.38842e-310
val_cha: 00000003201711181458
nod_cha: 
startid: 000000000000
next_id: 000000000028
versiid: 00000000001c
next_va: 6.23126e-38
val_cha: 
nod_cha: 00000000000000000000000000
startid: 02000000000000000000000029
next_id: 0100000000000000000000001c
versiid: 03201711181458
next_va: 5.45542e+67
val_cha: ULL
nod_cha: 000000
startid: 00002a
next_id: 00001c
versiid: 
next_va: 1.39804e-76
val_cha: 0000000000000000
nod_cha: 0000000000000000002b
startid: 0000000000000000001c
next_id: 11181458
versiid: 000000000000000000000000000000
next_va: 1.38179e-76
val_cha: 00000200000000000000000000002c
nod_cha: 
startid: 
next_id: 4@1000
versiid: 0000000000
next_va: 1.39804e-76
val_cha: 000000002d
nod_cha: 0000000000001c
startid: 58
next_id: 000000000000000000000000
versiid: 00000000000000000000002e
next_va: 9.16222e-72
val_cha: 00000000000000000000001c
nod_cha: 0003201711181458
startid: 
next_id: 0000
versiid: 002f
next_va: 1.39804e-76
val_cha: 001c
nod_cha: 
startid: 000000000000000000
next_id: 000000000000000030
versiid: 00000000000000001c
next_va: 9.74368e-72
val_cha: 181458
nod_cha: 00000000000000000000000000000000
startid: 00000001000000000000000000000031
next_id: 0000000100000000000000000000001c
versiid: 00000003201711181458
next_va: 20
val_cha: 1000
nod_cha: 000000000000
startid: 000000000032
next_id: 00000000001c
versiid: 
next_va: 1.39804e-76
val_cha: 0000000000000000000000
nod_cha: 01000000000000000000000001
startid: 0100000000000000000000001f
next_id: 03201711181458
versiid: ULL
next_va: 1.39804e-76
val_cha: 00
nod_cha: 000002
startid: 00001f
next_id: 
versiid: 0000000000000000
next_va: 1.39804e-76
val_cha: 0000000000000003
nod_cha: 0000000000000000001f
startid: 11181458
next_id: 000000000000000000000000000000
versiid: 000001000000000000000000000004
next_va: 1.38179e-76
val_cha: 00000100000000000000000000001f
nod_cha: 
startid: 4@1000
next_id: 0000000000
versiid: 0000000005
next_va: 1.39804e-76
val_cha: 000000001f
nod_cha: 58
startid: 000000000000000000000000
next_id: 000000000000000000000006
versiid: 00000000000000000000001f
next_va: 3.93514e-62
val_cha: 201711181458
nod_cha: 
startid: 0000
next_id: 0007
versiid: 001f
next_va: 0
val_cha: 
nod_cha: 000000000000000000
startid: 000000000000000008
next_id: 00000000000000001f
versiid: 181458
next_va: 1.39804e-76
val_cha: 0000000000000000000000000000
nod_cha: 00000000000000000000000000000009
startid: 0000000100000000000000000000001f
next_id: 00000003201711181458
versiid: 1000
next_va: 1.39804e-76
val_cha: 00000000
nod_cha: 00000000000a
startid: 00000000001f
next_id: 
versiid: 0000000000000000000000
next_va: 1.39872e-76
val_cha: 000000000000000000000b
nod_cha: 0100000000000000000000001f
startid: 03201711181458
next_id: ULL
versiid: 00
next_va: 1.39804e-76
val_cha: 0c
nod_cha: 00001f
startid: 
next_id: 0000000000000000
versiid: 000000000000000d
next_va: 1.39804e-76
val_cha: 000000000000001f
nod_cha: 11181458
startid: 000000000000000000000000000000
next_id: 00000200000000000000000000000e
versiid: 00000100000000000000000000001f
next_va: 1.38179e-76
val_cha: 000003201711181458
nod_cha: 4@1000
startid: 0000000000
next_id: 000000000f
versiid: 000000001f
next_va: 3.05338e-310
val_cha: 
nod_cha: 000000000000000000000000
startid: 000000000000000000000010
next_id: 00000000000000000000001f
versiid: 201711181458
next_va: 5.34927e+59
val_cha: L
nod_cha: 0000
startid: 0011
next_id: 001f
versiid: 
next_va: 1.39804e-76
val_cha: 00000000000000
nod_cha: 000000000000000012
startid: 00000000000000001f
next_id: 181458
versiid: 0000000000000000000000000000
next_va: 1.39804e-76
val_cha: 0001000000000000000000000013
nod_cha: 0000000100000000000000000000001f
startid: 00000003201711181458
next_id: 1000
versiid: 00000000
next_va: 1.39804e-76
val_cha: 00000014
nod_cha: 00000000001f
startid: 
next_id: 0000000000000000000000
versiid: 0000000000000000000015
next_va: 1.39838e-76
val_cha: 000000000000000000001f
nod_cha: 03201711181458
startid: ULL
next_id: 00
versiid: 16
next_va: 1.39804e-76
val_cha: 1f
nod_cha: 
startid: 0000000000000000
next_id: 0000000000000017
versiid: 000000000000001f
next_va: 5.05232e-38
val_cha: 1458
nod_cha: 000000000000000000000000000000
startid: 000000000000000000000000000018
next_id: 00000100000000000000000000001f
versiid: 000003201711181458
next_va: 1.48981e-76
val_cha: 00
nod_cha: 0000000000
startid: 0000000019
next_id: 000000001f
versiid: 
next_va: 1.39804e-76
val_cha: 00000000000000000000
nod_cha: 00000000000000000000001a
startid: 00000000000000000000001f
next_id: 201711181458
versiid: L
next_va: 1.39804e-76
val_cha: 
nod_cha: 001b
startid: 001f
next_id: 
versiid: 00000000000000
next_va: 1.39804e-76
val_cha: 0000000000001c
nod_cha: 00000000000000001f
startid: 181458
next_id: 0000000000000000000000000000
versiid: 000200000000000000000000001d
next_va: 1.39804e-76
val_cha: 000100000000000000000000001f
nod_cha: 00000003201711181458
startid: 1000
next_id: 00000000
versiid: 0000001e
next_va: 1.39804e-76
val_cha: 0000001f
nod_cha: 
startid: 0000000000000000000000
next_id: 000000000000000000001f
versiid: 000000000000000000001f
next_va: 1.57178e-76
val_cha: 1711181458
nod_cha: ULL
startid: 00
next_id: 20
versiid: 1f
next_va: 0
val_cha: 
nod_cha: 0000000000000000
startid: 0000000000000021
next_id: 000000000000001f
versiid: 1458
next_va: 1.39804e-76
val_cha: 00000000000000000000000000
nod_cha: 000001000000000000000000000022
startid: 00000100000000000000000000001f
next_id: 000003201711181458
versiid: 00
next_va: 1.39804e-76
val_cha: 000000
nod_cha: 0000000023
startid: 000000001f
next_id: 
versiid: 00000000000000000000
next_va: 1.39804e-76
val_cha: 00000000000000000024
nod_cha: 00000000000000000000001f
startid: 201711181458
next_id: L
versiid: 
next_va: 1.89894e-52
val_cha: 
nod_cha: 001f
startid: 
next_id: 00000000000000
versiid: 00000000000026
next_va: 1.39804e-76
val_cha: 0000000000001f
nod_cha: 181458
startid: 0000000000000000000000000000
next_id: 0000000000000000000000000027
versiid: 000100000000000000000000001f
next_va: 1.39804e-76
val_cha: 0003201711181458
nod_cha: 1000
startid: 00000000
next_id: 00000028
versiid: 0000001f
next_va: 4.65909e-315
val_cha: 
nod_cha: 0000000000000000000000
startid: 0000000000000000000029
next_id: 000000000000000000001f
versiid: 1711181458
next_va: 3.14828e-307
val_cha: 00000000000000000000000000000000
nod_cha: 00
startid: 2a
next_id: 1f
versiid: 
next_va: 1.39804e-76
val_cha: 000000000000
nod_cha: 000000000000002b
startid: 000000000000001f
next_id: 1458
versiid: 00000000000000000000000000
next_va: 1.39804e-76
val_cha: 0200000000000000000000002c
nod_cha: 00000100000000000000000000001f
startid: 000003201711181458
next_id: 00
versiid: 000000
next_va: 1.39804e-76
val_cha: 00002d
nod_cha: 000000001f
startid: 
next_id: 00000000000000000000
versiid: 0000000000000000002e
next_va: 1.39804e-76
val_cha: 0000000000000000001f
nod_cha: 201711181458
startid: L
next_id: 
versiid: 
next_va: 1.82586e+184
val_cha: 
nod_cha: 
startid: 00000000000000
next_id: 00000000000030
versiid: 0000000000001f
next_va: 2.74322e-57
val_cha: 58
nod_cha: 0000000000000000000000000000
startid: 0001000000000000000000000031
next_id: 000100000000000000000000001f
versiid: 0003201711181458
next_va: 1.39804e-76
val_cha: 
nod_cha: 00000000
startid: 00000032
next_id: 0000001f
versiid: 
next_va: 1.39804e-76
val_cha: 000000000000000000
nod_cha: 0000000000000000000001
startid: 0000000000000000000022
next_id: 1711181458
versiid: 00000000000000000000000000000000
next_va: 2.61773e-310
val_cha: 00000002000000000000000000000002
nod_cha: 02
startid: 22
next_id: 
versiid: 000000000000
next_va: 1.39804e-76
val_cha: 000000000003
nod_cha: 0000000000000022
startid: 1458
next_id: 00000000000000000000000000
versiid: 01000000000000000000000004
next_va: 1.39804e-76
val_cha: 01000000000000000000000022
nod_cha: 000003201711181458
startid: 00
next_id: 000000
versiid: 000005
next_va: 1.39804e-76
val_cha: 000022
nod_cha: 
startid: 00000000000000000000
next_id: 00000000000000000006
versiid: 00000000000000000022
next_va: 7.70749e-43
val_cha: 11181458
nod_cha: L
startid: 
next_id: 
versiid: 
next_va: 0
val_cha: 4@1000
nod_cha: 00000000000000
startid: 00000000000008
next_id: 00000000000022
versiid: 58
next_va: 1.39804e-76
val_cha: 000000000000000000000000
nod_cha: 0000000000000000000000000009
startid: 0001000000000000000000000022
next_id: 0003201711181458
versiid: 
next_va: 1.39804e-76
val_cha: 0000
nod_cha: 0000000a
startid: 00000022
next_id: 
versiid: 000000000000000000
next_va: 1.39804e-76
val_cha: 00000000000000000b
nod_cha: 0000000000000000000022
startid: 1711181458
next_id: 00000000000000000000000000000000
versiid: 0000000000000000000000000000000c
next_va: 5.38821e-310
val_cha: 00000001000000000000000000000022
nod_cha: 22
startid: 
next_id: 000000000000
versiid: 00000000000d
next_va: 1.39804e-76
val_cha: 000000000022
nod_cha: 1458
startid: 00000000000000000000000000
next_id: 0200000000000000000000000e
versiid: 01000000000000000000000022
next_va: 1.39804e-76
val_cha: 03201711181458
nod_cha: 00
startid: 000000
next_id: 00000f
versiid: 000022
next_va: 7.10911e-320
val_cha: 
nod_cha: 00000000000000000000
startid: 00000000000000000010
next_id: 00000000000000000022
versiid: 11181458
next_va: 1.38189e-76
val_cha: 000000000000000000000000000000
nod_cha: 
startid: 
next_id: 
versiid: 4@1000
next_va: 1.39804e-76
val_cha: 0000000000
nod_cha: 00000000000012
startid: 00000000000022
next_id: 58
versiid: 000000000000000000000000
next_va: 9.16222e-72
val_cha: 000000000000000000000013
nod_cha: 0001000000000000000000000022
startid: 0003201711181458
next_id: 
versiid: 0000
next_va: 1.39804e-76
val_cha: 0014
nod_cha: 00000022
startid: 
next_id: 000000000000000000
versiid: 000000000000000015
next_va: 1.39804e-76
val_cha: 000000000000000022
nod_cha: 1711181458
startid: 00000000000000000000000000000000
next_id: 00000001000000000000000000000016
versiid: 00000001000000000000000000000022
next_va: 2.7268e-310
val_cha: 00000003201711181458
nod_cha: 
startid: 000000000000
next_id: 000000000017
versiid: 000000000022
next_va: 6.23126e-38
val_cha: 
nod_cha: 00000000000000000000000000
startid: 00000000000000000000000018
next_id: 01000000000000000000000022
versiid: 03201711181458
next_va: 5.45542e+67
val_cha: ULL
nod_cha: 000000
startid: 000019
next_id: 000022
versiid: 
next_va: 1.39804e-76
val_cha: 0000000000000000
nod_cha: 0000000000000000001a
startid: 00000000000000000022
next_id: 11181458
versiid: 000000000000000000000000000000
next_va: 1.38179e-76
val_cha: 00000000000000000000000000001b
nod_cha: 
startid: 
next_id: 4@1000
versiid: 0000000000
next_va: 1.39804e-76
val_cha: 000000001c
nod_cha: 00000000000022
startid: 58
next_id: 000000000000000000000000
versiid: 00000000000000000000001d
next_va: 9.16222e-72
val_cha: 000000000000000000000022
nod_cha: 0003201711181458
startid: 
next_id: 0000
versiid: 001e
next_va: 1.39804e-76
val_cha: 0022
nod_cha: 
startid: 000000000000000000
next_id: 00000000000000001f
versiid: 000000000000000022
next_va: 9.74368e-72
val_cha: 181458
nod_cha: 00000000000000000000000000000000
startid: 00000002000000000000000000000020
next_id: 00000001000000000000000000000022
versiid: 00000003201711181458
next_va: 20
val_cha: 1000
nod_cha: 000000000000
startid: 000000000021
next_id: 000000000022
versiid: 
next_va: 1.39804e-76
val_cha: 0000000000000000000000
nod_cha: 01000000000000000000000022
startid: 01000000000000000000000022
next_id: 03201711181458
versiid: ULL
next_va: 1.39804e-76
val_cha: 00
nod_cha: 000023
startid: 000022
next_id: 
versiid: 0000000000000000
next_va: 1.39804e-76
val_cha: 0000000000000024
nod_cha: 00000000000000000022
startid: 11181458
next_id: 000000000000000000000000000000
versiid: 000001000000000000000000000025
next_va: 1.38179e-76
val_cha: 000001000000000000000000000022
nod_cha: 
startid: 4@1000
next_id: 0000000000
versiid: 0000000026
next_va: 1.39804e-76
val_cha: 0000000022
nod_cha: 58
startid: 000000000000000000000000
next_id: 000000000000000000000027
versiid: 000000000000000000000022
next_va: 3.93514e-62
val_cha: 201711181458
nod_cha: 
startid: 0000
next_id: 0028
versiid: 0022
next_va: 0
val_cha: 
nod_cha: 000000000000000000
startid: 000000000000000029
next_id: 000000000000000022
versiid: 181458
next_va: 1.39804e-76
val_cha: 0000000000000000000000000000
nod_cha: 0000000000000000000000000000002a
startid: 00000001000000000000000000000022
next_id: 00000003201711181458
versiid: 1000
next_va: 1.39804e-76
val_cha: 00000000
nod_cha: 00000000002b
startid: 000000000022
next_id: 
versiid: 0000000000000000000000
next_va: 1.39872e-76
val_cha: 000000000000000000002c
nod_cha: 01000000000000000000000022
startid: 03201711181458
next_id: ULL
versiid: 00
next_va: 1.39804e-76
val_cha: 2d
nod_cha: 000022
startid: 
next_id: 0000000000000000
versiid: 000000000000002e
next_va: 1.39804e-76
val_cha: 0000000000000022
nod_cha: 11181458
startid: 000000000000000000000000000000
next_id: 00000200000000000000000000002f
versiid: 000001000000000000000000000022
next_va: 1.38179e-76
val_cha: 000003201711181458
nod_cha: 4@1000
startid: 0000000000
next_id: 0000000030
versiid: 0000000022
next_va: 3.05338e-310
val_cha: 
nod_cha: 000000000000000000000000
startid: 000000000000000000000031
next_id: 000000000000000000000022
versiid: 201711181458
next_va: 5.34927e+59
val_cha: L
nod_cha: 0000
startid: 0032
next_id: 0022
versiid: 
next_va: 1.39804e-76
val_cha: 00000000000000
nod_cha: 000000000000000001
startid: 000000000000000025
next_id: 181458
versiid: 0000000000000000000000000000
next_va: 1.39804e-76
val_cha: 0002000000000000000000000002
nod_cha: 00000001000000000000000000000025
startid: 00000003201711181458
next_id: 1000
versiid: 00000000
next_va: 1.39804e-76
val_cha: 00000003
nod_cha: 000000000025
startid: 
next_id: 0000000000000000000000
versiid: 0000000000000000000004
next_va: 1.39838e-76
val_cha: 0000000000000000000025
nod_cha: 03201711181458
startid: ULL
next_id: 00
versiid: 05
next_va: 1.39804e-76
val_cha: 25
nod_cha: 
startid: 0000000000000000
next_id: 0000000000000006
versiid: 0000000000000025
next_va: 5.05232e-38
val_cha: 1458
nod_cha: 000000000000000000000000000000
startid: 000001000000000000000000000007
next_id: 000001000000000000000000000025
versiid: 000003201711181458
next_va: 1.48981e-76
val_cha: 00
nod_cha: 0000000000
startid: 0000000008
next_id: 0000000025
versiid: 
next_va: 1.39804e-76
val_cha: 00000000000000000000
nod_cha: 000000000000000000000009
startid: 000000000000000000000025
next_id: 201711181458
versiid: L
next_va: 1.39804e-76
val_cha: 
nod_cha: 000a
startid: 0025
next_id: 
versiid: 00000000000000
next_va: 1.39804e-76
val_cha: 0000000000000b
nod_cha: 000000000000000025
startid: 181458
next_id: 0000000000000000000000000000
versiid: 000000000000000000000000000c
next_va: 1.39804e-76
val_cha: 0001000000000000000000000025
nod_cha: 00000003201711181458
startid: 1000
next_id: 00000000
versiid: 0000000d
next_va: 1.39804e-76
val_cha: 00000025
nod_cha: 
startid: 0000000000000000000000
next_id: 000000000000000000000e
versiid: 0000000000000000000025
next_va: 1.57178e-76
val_cha: 1711181458
nod_cha: ULL
startid: 00
next_id: 0f
versiid: 25
next_va: 0
val_cha: 
nod_cha: 0000000000000000
startid: 0000000000000010
next_id: 0000000000000025
versiid: 1458
next_va: 1.39804e-76
val_cha: 00000000000000000000000000
nod_cha: 000002000000000000000000000011
startid: 000001000000000000000000000025
next_id: 000003201711181458
versiid: 00
next_va: 1.39804e-76
val_cha: 000000
nod_cha: 0000000012
startid: 0000000025
next_id: 
versiid: 00000000000000000000
next_va: 1.39804e-76
val_cha: 00000000000000000013
nod_cha: 000000000000000000000025
startid: 201711181458
next_id: L
versiid: 
next_va: 2.73824e-57
val_cha: 
nod_cha: 0025
startid: 
next_id: 00000000000000
versiid: 00000000000015
next_va: 1.39804e-76
val_cha: 00000000000025
nod_cha: 181458
startid: 0000000000000000000000000000
next_id: 0001000000000000000000000016
versiid: 0001000000000000000000000025
next_va: 1.39804e-76
val_cha: 0003201711181458
nod_cha: 1000
startid: 00000000
next_id: 00000017
versiid: 00000025
next_va: 4.65909e-315
val_cha: 
nod_cha: 0000000000000000000000
startid: 0000000000000000000018
next_id: 0000000000000000000025
versiid: 1711181458
next_va: 3.14828e-307
val_cha: 00000000000000000000000000000000
nod_cha: 00
startid: 19
next_id: 25
versiid: 
next_va: 1.39804e-76
val_cha: 000000000000
nod_cha: 000000000000001a
startid: 0000000000000025
next_id: 1458
versiid: 00000000000000000000000000
next_va: 1.39804e-76
val_cha: 0000000000000000000000001b
nod_cha: 000001000000000000000000000025
startid: 000003201711181458
next_id: 00
versiid: 000000
next_va: 1.39804e-76
val_cha: 00001c
nod_cha: 0000000025
startid: 
next_id: 00000000000000000000
versiid: 0000000000000000001d
next_va: 1.39804e-76
val_cha: 00000000000000000025
nod_cha: 201711181458
startid: L
next_id: 
versiid: 
next_va: 1.89894e-52
val_cha: 
nod_cha: 
startid: 00000000000000
next_id: 0000000000001f
versiid: 00000000000025
next_va: 2.74322e-57
val_cha: 58
nod_cha: 0000000000000000000000000000
startid: 0002000000000000000000000020
next_id: 0001000000000000000000000025
versiid: 0003201711181458
next_va: 1.39804e-76
val_cha: 
nod_cha: 00000000
startid: 00000021
next_id: 00000025
versiid: 
next_va: 1.39804e-76
val_cha: 000000000000000000
nod_cha: 0000000000000000000022
startid: 0000000000000000000025
next_id: 1711181458
versiid: 00000000000000000000000000000000
next_va: 2.61773e-310
val_cha: 00000002000000000000000000000023
nod_cha: 23
startid: 25
next_id: 
versiid: 000000000000
next_va: 1.39804e-76
val_cha: 000000000024
nod_cha: 0000000000000025
startid: 1458
next_id: 00000000000000000000000000
versiid: 01000000000000000000000025
next_va: 1.39804e-76
val_cha: 01000000000000000000000025
nod_cha: 000003201711181458
startid: 00
next_id: 000000
versiid: 000026
next_va: 1.39804e-76
val_cha: 000025
nod_cha: 
startid: 00000000000000000000
next_id: 00000000000000000027
versiid: 00000000000000000025
next_va: 7.70749e-43
val_cha: 11181458
nod_cha: L
startid: 
next_id: 
versiid: 
next_va: 0
val_cha: 4@1000
nod_cha: 00000000000000
startid: 00000000000029
next_id: 00000000000025
versiid: 58
next_va: 1.39804e-76
val_cha: 000000000000000000000000
nod_cha: 000000000000000000000000002a
startid: 0001000000000000000000000025
next_id: 0003201711181458
versiid: 
next_va: 1.39804e-76
val_cha: 0000
nod_cha: 0000002b
startid: 00000025
next_id: 
versiid: 000000000000000000
next_va: 1.39804e-76
val_cha: 00000000000000002c
nod_cha: 0000000000000000000025
startid: 1711181458
next_id: 00000000000000000000000000000000
versiid: 0000000000000000000000000000002d
next_va: 5.44296e-310
val_cha: 00000001000000000000000000000025
nod_cha: 25
startid: 
next_id: 000000000000
versiid: 00000000002e
next_va: 1.39804e-76
val_cha: 000000000025
nod_cha: 1458
startid: 00000000000000000000000000
next_id: 0200000000000000000000002f
versiid: 01000000000000000000000025
next_va: 1.39804e-76
val_cha: 03201711181458
nod_cha: 00
startid: 000000
next_id: 000030
versiid: 000025
next_va: 7.10911e-320
val_cha: 
nod_cha: 00000000000000000000
startid: 00000000000000000031
next_id: 00000000000000000025
versiid: 11181458
next_va: 1.38189e-76
val_cha: 000000000000000000000000000000
nod_cha: 
startid: 
next_id: 
versiid: 4@1000
next_va: 1.39804e-76
val_cha: 0000000000
nod_cha: 00000000000001
startid: 00000000000028
next_id: 58
versiid: 000000000000000000000000
next_va: 6.00455e-67
val_cha: 000000000000000000000002
nod_cha: 0001000000000000000000000028
startid: 0003201711181458
next_id: 
versiid: 0000
next_va: 1.39804e-76
val_cha: 0003
nod_cha: 00000028
startid: 
next_id: 000000000000000000
versiid: 000000000000000004
next_va: 1.39804e-76
val_cha: 000000000000000028
nod_cha: 1711181458
startid: 00000000000000000000000000000000
next_id: 00000002000000000000000000000005
versiid: 00000001000000000000000000000028
next_va: 3.05274e-310
val_cha: 00000003201711181458
nod_cha: 
startid: 000000000000
next_id: 000000000006
versiid: 000000000028
next_va: 6.23126e-38
val_cha: 
nod_cha: 00000000000000000000000000
startid: 01000000000000000000000007
next_id: 01000000000000000000000028
versiid: 03201711181458
next_va: 5.45542e+67
val_cha: ULL
nod_cha: 000000
startid: 000008
next_id: 000028
versiid: 
next_va: 1.39804e-76
val_cha: 0000000000000000
nod_cha: 00000000000000000009
startid: 00000000000000000028
next_id: 11181458
versiid: 000000000000000000000000000000
next_va: 1.38179e-76
val_cha: 00000100000000000000000000000a
nod_cha: 
startid: 
next_id: 4@1000
versiid: 0000000000
next_va: 1.39804e-76
val_cha: 000000000b
nod_cha: 00000000000028
startid: 58
next_id: 000000000000000000000000
versiid: 00000000000000000000000c
next_va: 9.16222e-72
val_cha: 000000000000000000000028
nod_cha: 0003201711181458
startid: 
next_id: 0000
versiid: 000d
next_va: 1.39804e-76
val_cha: 0028
nod_cha: 
startid: 000000000000000000
next_id: 00000000000000000e
versiid: 000000000000000028
next_va: 9.74368e-72
val_cha: 181458
nod_cha: 00000000000000000000000000000000
startid: 0000000000000000000000000000000f
next_id: 00000001000000000000000000000028
versiid: 00000003201711181458
next_va: 20
val_cha: 1000
nod_cha: 000000000000
startid: 000000000010
next_id: 000000000028
versiid: 
next_va: 1.39804e-76
val_cha: 0000000000000000000000
nod_cha: 02000000000000000000000011
startid: 01000000000000000000000028
next_id: 03201711181458
versiid: ULL
next_va: 1.39804e-76
val_cha: 00
nod_cha: 000012
startid: 000028
next_id: 
versiid: 0000000000000000
next_va: 1.39804e-76
val_cha: 0000000000000013
nod_cha: 00000000000000000028
startid: 11181458
next_id: 000000000000000000000000000000
versiid: 000002000000000000000000000014
next_va: 1.38179e-76
val_cha: 000001000000000000000000000028
nod_cha: 
startid: 4@1000
next_id: 0000000000
versiid: 0000000015
next_va: 1.39804e-76
val_cha: 0000000028
nod_cha: 58
startid: 000000000000000000000000
next_id: 000000000000000000000016
versiid: 000000000000000000000028
next_va: 3.93514e-62
val_cha: 201711181458
nod_cha: 
startid: 0000
next_id: 0017
versiid: 0028
next_va: 0
val_cha: 
nod_cha: 000000000000000000
startid: 000000000000000018
next_id: 000000000000000028
versiid: 181458
next_va: 1.39804e-76
val_cha: 0000000000000000000000000000
nod_cha: 00000001000000000000000000000019
startid: 00000001000000000000000000000028
next_id: 00000003201711181458
versiid: 1000
next_va: 1.39804e-76
val_cha: 00000000
nod_cha: 00000000001a
startid: 000000000028
next_id: 
versiid: 0000000000000000000000
next_va: 1.39804e-76
val_cha: 000000000000000000001b
nod_cha: 01000000000000000000000028
startid: 03201711181458
next_id: ULL
versiid: 00
next_va: 1.39804e-76
val_cha: 1c
nod_cha: 000028
startid: 
next_id: 0000000000000000
versiid: 000000000000001d
next_va: 1.39804e-76
val_cha: 0000000000000028
nod_cha: 11181458
startid: 000000000000000000000000000000
next_id: 00000000000000000000000000001e
versiid: 000001000000000000000000000028
next_va: 1.38179e-76
val_cha: 000003201711181458
nod_cha: 4@1000
startid: 0000000000
next_id: 000000001f
versiid: 0000000028
next_va: 3.05338e-310
val_cha: 
nod_cha: 000000000000000000000000
startid: 000000000000000000000020
next_id: 000000000000000000000028
versiid: 201711181458
next_va: 5.34927e+59
val_cha: L
nod_cha: 0000
startid: 0021
next_id: 0028
versiid: 
next_va: 1.39804e-76
val_cha: 00000000000000
nod_cha: 000000000000000022
startid: 000000000000000028
next_id: 181458
versiid: 0000000000000000000000000000
next_va: 1.39804e-76
val_cha: 0002000000000000000000000023
nod_cha: 00000001000000000000000000000028
startid: 00000003201711181458
next_id: 1000
versiid: 00000000
next_va: 1.39804e-76
val_cha: 00000024
nod_cha: 000000000028
startid: 
next_id: 0000000000000000000000
versiid: 0000000000000000000025
next_va: 1.39838e-76
val_cha: 0000000000000000000028
nod_cha: 03201711181458
startid: ULL
next_id: 00
versiid: 26
next_va: 1.39804e-76
val_cha: 28
nod_cha: 
startid: 0000000000000000
next_id: 0000000000000027
versiid: 0000000000000028
next_va: 5.05232e-38
val_cha: 1458
nod_cha: 000000000000000000000000000000
startid: 000001000000000000000000000028
next_id: 000001000000000000000000000028
versiid: 000003201711181458
next_va: 1.48981e-76
val_cha: 00
nod_cha: 0000000000
startid: 0000000029
next_id: 0000000028
versiid: 
next_va: 1.39804e-76
val_cha: 00000000000000000000
nod_cha: 00000000000000000000002a
startid: 000000000000000000000028
next_id: 201711181458
versiid: L
next_va: 1.39804e-76
val_cha: 
nod_cha: 002b
startid: 0028
next_id: 
versiid: 00000000000000
next_va: 1.39804e-76
val_cha: 0000000000002c
nod_cha: 000000000000000028
startid: 181458
next_id: 0000000000000000000000000000
versiid: 000000000000000000000000002d
next_va: 1.39804e-76
val_cha: 0001000000000000000000000028
nod_cha: 00000003201711181458
startid: 1000
next_id: 00000000
versiid: 0000002e
next_va: 1.39804e-76
val_cha: 00000028
nod_cha: 
startid: 0000000000000000000000
next_id: 000000000000000000002f
versiid: 0000000000000000000028
next_va: 1.57178e-76
val_cha: 1711181458
nod_cha: ULL
startid: 00
next_id: 30
versiid: 28
next_va: 0
val_cha: 
nod_cha: 0000000000000000
startid: 0000000000000031
next_id: 0000000000000028
versiid: 1458
next_va: 1.39804e-76
val_cha: 00000000000000000000000000
nod_cha: 000002000000000000000000000032
startid: 000001000000000000000000000028
next_id: 000003201711181458
versiid: 00
next_va: 1.39804e-76
val_cha: 000000
nod_cha: 0000000001
startid: 000000002b
next_id: 
versiid: 00000000000000000000
next_va: 1.39804e-76
val_cha: 00000000000000000002
nod_cha: 00000000000000000000002b
startid: 201711181458
next_id: L
versiid: 
next_va: 3.93514e-62
val_cha: 
nod_cha: 002b
startid: 
next_id: 00000000000000
versiid: 00000000000004
next_va: 1.39804e-76
val_cha: 0000000000002b
nod_cha: 181458
startid: 0000000000000000000000000000
next_id: 0002000000000000000000000005
versiid: 000100000000000000000000002b
next_va: 1.39804e-76
val_cha: 0003201711181458
nod_cha: 1000
startid: 00000000
next_id: 00000006
versiid: 0000002b
next_va: 4.65909e-315
val_cha: 
nod_cha: 0000000000000000000000
startid: 0000000000000000000007
next_id: 000000000000000000002b
versiid: 1711181458
next_va: 3.14828e-307
val_cha: 00000000000000000000000000000000
nod_cha: 00
startid: 08
next_id: 2b
versiid: 
next_va: 1.39804e-76
val_cha: 000000000000
nod_cha: 0000000000000009
startid: 000000000000002b
next_id: 1458
versiid: 00000000000000000000000000
next_va: 1.39804e-76
val_cha: 0100000000000000000000000a
nod_cha: 00000100000000000000000000002b
startid: 000003201711181458
next_id: 00
versiid: 000000
next_va: 1.39804e-76
val_cha: 00000b
nod_cha: 000000002b
startid: 
next_id: 00000000000000000000
versiid: 0000000000000000000c
next_va: 1.39804e-76
val_cha: 0000000000000000002b
nod_cha: 201711181458
startid: L
next_id: 
versiid: 
next_va: 1.04739e+165
val_cha: 
nod_cha: 
startid: 00000000000000
next_id: 0000000000000e
versiid: 0000000000002b
next_va: 2.74322e-57
val_cha: 58
nod_cha: 0000000000000000000000000000
startid: 000000000000000000000000000f
next_id: 000100000000000000000000002b
versiid: 0003201711181458
next_va: 1.39804e-76
val_cha: 
nod_cha: 00000000
startid: 00000010
next_id: 0000002b
versiid: 
next_va: 1.39804e-76
val_cha: 000000000000000000
nod_cha: 0000000000000000000011
startid: 000000000000000000002b
next_id: 1711181458
versiid: 00000000000000000000000000000000
next_va: 2.61773e-310
val_cha: 00000000000000000000000000000012
nod_cha: 12
startid: 2b
next_id: 
versiid: 000000000000
next_va: 1.39804e-76
val_cha: 000000000013
nod_cha: 000000000000002b
startid: 1458
next_id: 00000000000000000000000000
versiid: 02000000000000000000000014
next_va: 1.39804e-76
val_cha: 0100000000000000000000002b
nod_cha: 000003201711181458
startid: 00
next_id: 000000
versiid: 000015
next_va: 1.39804e-76
val_cha: 00002b
nod_cha: 
startid: 00000000000000000000
next_id: 00000000000000000016
versiid: 0000000000000000002b
next_va: 7.70749e-43
val_cha: 11181458
nod_cha: L
startid: 
next_id: 
versiid: 
next_va: 0
val_cha: 4@1000
nod_cha: 00000000000000
startid: 00000000000018
next_id: 0000000000002b
versiid: 58
next_va: 1.39804e-76
val_cha: 000000000000000000000000
nod_cha: 0001000000000000000000000019
startid: 000100000000000000000000002b
next_id: 0003201711181458
versiid: 
next_va: 1.39804e-76
val_cha: 0000
nod_cha: 0000001a
startid: 0000002b
next_id: 
versiid: 000000000000000000
next_va: 1.39804e-76
val_cha: 00000000000000001b
nod_cha: 000000000000000000002b
startid: 1711181458
next_id: 00000000000000000000000000000000
versiid: 0000000100000000000000000000001c
next_va: 5.38842e-310
val_cha: 0000000100000000000000000000002b
nod_cha: 2b
startid: 
next_id: 000000000000
versiid: 00000000001d
next_va: 1.39804e-76
val_cha: 00000000002b
nod_cha: 1458
startid: 00000000000000000000000000
next_id: 0000000000000000000000001e
versiid: 0100000000000000000000002b
next_va: 1.39804e-76
val_cha: 03201711181458
nod_cha: 00
startid: 000000
next_id: 00001f
versiid: 00002b
next_va: 7.10911e-320
val_cha: 
nod_cha: 00000000000000000000
startid: 00000000000000000020
next_id: 0000000000000000002b
versiid: 11181458
next_va: 1.38189e-76
val_cha: 000000000000000000000000000000
nod_cha: 
startid: 
next_id: 
versiid: 4@1000
next_va: 1.39804e-76
val_cha: 0000000000
nod_cha: 00000000000022
startid: 0000000000002b
next_id: 58
versiid: 000000000000000000000000
next_va: 6.00455e-67
val_cha: 000000000000000000000023
nod_cha: 000100000000000000000000002b
startid: 0003201711181458
next_id: 
versiid: 0000
next_va: 1.39804e-76
val_cha: 0024
nod_cha: 0000002b
startid: 
next_id: 000000000000000000
versiid: 000000000000000025
next_va: 1.39804e-76
val_cha: 00000000000000002b
nod_cha: 1711181458
startid: 00000000000000000000000000000000
next_id: 00000002000000000000000000000026
versiid: 0000000100000000000000000000002b
next_va: 5.33431e-310
val_cha: 00000003201711181458
nod_cha: 
startid: 000000000000
next_id: 000000000027
versiid: 00000000002b
next_va: 6.23126e-38
val_cha: 
nod_cha: 00000000000000000000000000
startid: 01000000000000000000000028
next_id: 0100000000000000000000002b
versiid: 03201711181458
next_va: 5.45542e+67
val_cha: ULL
nod_cha: 000000
startid: 000029
next_id: 00002b
versiid: 
next_va: 1.39804e-76
val_cha: 0000000000000000
nod_cha: 0000000000000000002a
startid: 0000000000000000002b
next_id: 11181458
versiid: 000000000000000000000000000000
next_va: 1.38179e-76
val_cha: 00000100000000000000000000002b
nod_cha: 
startid: 
next_id: 4@1000
versiid: 0000000000
next_va: 1.39804e-76
val_cha: 000000002c
nod_cha: 0000000000002b
startid: 58
next_id: 000000000000000000000000
versiid: 00000000000000000000002d
next_va: 9.16222e-72
val_cha: 00000000000000000000002b
nod_cha: 0003201711181458
startid: 
next_id: 0000
versiid: 002e
next_va: 1.39804e-76
val_cha: 002b
nod_cha: 
startid: 000000000000000000
next_id: 00000000000000002f
versiid: 00000000000000002b
next_va: 9.74368e-72
val_cha: 181458
nod_cha: 00000000000000000000000000000000
startid: 00000000000000000000000000000030
next_id: 0000000100000000000000000000002b
versiid: 00000003201711181458
next_va: 20
val_cha: 1000
nod_cha: 000000000000
startid: 000000000031
next_id: 00000000002b
versiid: 
next_va: 1.39804e-76
val_cha: 0000000000000000000000
nod_cha: 02000000000000000000000032
startid: 0100000000000000000000002b
next_id: 03201711181458
versiid: ULL
next_va: 1.39804e-76
val_cha: 00
nod_cha: 000001
startid: 00002e
next_id: 
versiid: 0000000000000000
next_va: 1.39804e-76
val_cha: 0000000000000002
nod_cha: 0000000000000000002e
startid: 11181458
next_id: 000000000000000000000000000000
versiid: 000000000000000000000000000003
next_va: 1.38179e-76
val_cha: 00000100000000000000000000002e
nod_cha: 
startid: 4@1000
next_id: 0000000000
versiid: 0000000004
next_va: 1.39804e-76
val_cha: 000000002e
nod_cha: 58
startid: 000000000000000000000000
next_id: 000000000000000000000005
versiid: 00000000000000000000002e
next_va: 3.93514e-62
val_cha: 201711181458
nod_cha: 
startid: 0000
next_id: 0006
versiid: 002e
next_va: 0
val_cha: 
nod_cha: 000000000000000000
startid: 000000000000000007
next_id: 00000000000000002e
versiid: 181458
next_va: 1.39804e-76
val_cha: 0000000000000000000000000000
nod_cha: 00000002000000000000000000000008
startid: 0000000100000000000000000000002e
next_id: 00000003201711181458
versiid: 1000
next_va: 1.39804e-76
val_cha: 00000000
nod_cha: 000000000009
startid: 00000000002e
next_id: 
versiid: 0000000000000000000000
next_va: 1.39838e-76
val_cha: 000000000000000000000a
nod_cha: 0100000000000000000000002e
startid: 03201711181458
next_id: ULL
versiid: 00
next_va: 1.39804e-76
val_cha: 0b
nod_cha: 00002e
startid: 
next_id: 0000000000000000
versiid: 000000000000000c
next_va: 1.39804e-76
val_cha: 000000000000002e
nod_cha: 11181458
startid: 000000000000000000000000000000
next_id: 00000100000000000000000000000d
versiid: 00000100000000000000000000002e
next_va: 1.38179e-76
val_cha: 000003201711181458
nod_cha: 4@1000
startid: 0000000000
next_id: 000000000e
versiid: 000000002e
next_va: 3.05338e-310
val_cha: 
nod_cha: 000000000000000000000000
startid: 00000000000000000000000f
next_id: 00000000000000000000002e
versiid: 201711181458
next_va: 5.34927e+59
val_cha: L
nod_cha: 0000
startid: 0010
next_id: 002e
versiid: 
next_va: 1.39804e-76
val_cha: 00000000000000
nod_cha: 000000000000000011
startid: 00000000000000002e
next_id: 181458
versiid: 0000000000000000000000000000
next_va: 1.39804e-76
val_cha: 0000000000000000000000000012
nod_cha: 0000000100000000000000000000002e
startid: 00000003201711181458
next_id: 1000
versiid: 00000000
next_va: 1.39804e-76
val_cha: 00000013
nod_cha: 00000000002e
startid: 
next_id: 0000000000000000000000
versiid: 0000000000000000000014
next_va: 1.39838e-76
val_cha: 000000000000000000002e
nod_cha: 03201711181458
startid: ULL
next_id: 00
versiid: 15
next_va: 1.39804e-76
val_cha: 2e
nod_cha: 
startid: 0000000000000000
next_id: 0000000000000016
versiid: 000000000000002e
next_va: 5.05232e-38
val_cha: 1458
nod_cha: 000000000000000000000000000000
startid: 000002000000000000000000000017
next_id: 00000100000000000000000000002e
versiid: 000003201711181458
next_va: 1.48981e-76
val_cha: 00
nod_cha: 0000000000
startid: 0000000018
next_id: 000000002e
versiid: 
next_va: 1.39804e-76
val_cha: 00000000000000000000
nod_cha: 000000000000000000000019
startid: 00000000000000000000002e
next_id: 201711181458
versiid: L
next_va: 1.39804e-76
val_cha: 
nod_cha: 001a
startid: 002e
next_id: 
versiid: 00000000000000
next_va: 1.39804e-76
val_cha: 0000000000001b
nod_cha: 00000000000000002e
startid: 181458
next_id: 0000000000000000000000000000
versiid: 000100000000000000000000001c
next_va: 1.39804e-76
val_cha: 000100000000000000000000002e
nod_cha: 00000003201711181458
startid: 1000
next_id: 00000000
versiid: 0000001d
next_va: 1.39804e-76
val_cha: 0000002e
nod_cha: 
startid: 0000000000000000000000
next_id: 000000000000000000001e
versiid: 000000000000000000002e
next_va: 1.57178e-76
val_cha: 1711181458
nod_cha: ULL
startid: 00
next_id: 1f
versiid: 2e
next_va: 0
val_cha: 
nod_cha: 0000000000000000
startid: 0000000000000020
next_id: 000000000000002e
versiid: 1458
next_va: 1.39804e-76
val_cha: 00000000000000000000000000
nod_cha: 000000000000000000000000000021
startid: 00000100000000000000000000002e
next_id: 000003201711181458
versiid: 00
next_va: 1.39804e-76
val_cha: 000000
nod_cha: 0000000022
startid: 000000002e
next_id: 
versiid: 00000000000000000000
next_va: 1.39804e-76
val_cha: 00000000000000000023
nod_cha: 00000000000000000000002e
startid: 201711181458
next_id: L
versiid: 
next_va: 2.89755e-57
val_cha: 
nod_cha: 002e
startid: 
next_id: 00000000000000
versiid: 00000000000025
next_va: 1.39804e-76
val_cha: 0000000000002e
nod_cha: 181458
startid: 0000000000000000000000000000
next_id: 0002000000000000000000000026
versiid: 000100000000000000000000002e
next_va: 1.39804e-76
val_cha: 0003201711181458
nod_cha: 1000
startid: 00000000
next_id: 00000027
versiid: 0000002e
next_va: 4.65909e-315
val_cha: 
nod_cha: 0000000000000000000000
startid: 0000000000000000000028
next_id: 000000000000000000002e
versiid: 1711181458
next_va: 3.14828e-307
val_cha: 00000000000000000000000000000000
nod_cha: 00
startid: 29
next_id: 2e
versiid: 
next_va: 1.39804e-76
val_cha: 000000000000
nod_cha: 000000000000002a
startid: 000000000000002e
next_id: 1458
versiid: 00000000000000000000000000
next_va: 1.39804e-76
val_cha: 0100000000000000000000002b
nod_cha: 00000100000000000000000000002e
startid: 000003201711181458
next_id: 00
versiid: 000000
next_va: 1.39804e-76
val_cha: 00002c
nod_cha: 000000002e
startid: 
next_id: 00000000000000000000
versiid: 0000000000000000002d
next_va: 1.39804e-76
val_cha: 0000000000000000002e
nod_cha: 201711181458
startid: L
next_id: 
versiid: 
next_va: 2.94814e+179
val_cha: 
nod_cha: 
startid: 00000000000000
next_id: 0000000000002f
versiid: 0000000000002e
next_va: 2.74322e-57
val_cha: 58
nod_cha: 0000000000000000000000000000
startid: 0000000000000000000000000030
next_id: 000100000000000000000000002e
versiid: 0003201711181458
next_va: 1.39804e-76
val_cha: 
nod_cha: 00000000
startid: 00000031
next_id: 0000002e
versiid: 
next_va: 1.39804e-76
val_cha: 000000000000000000
nod_cha: 0000000000000000000032
startid: 000000000000000000002e
next_id: 1711181458
versiid: 00000000000000000000000000000000
next_va: 2.61773e-310
val_cha: 00000001000000000000000000000001
nod_cha: 01
startid: 31
next_id: 
versiid: 000000000000
next_va: 1.39804e-76
val_cha: 000000000002
nod_cha: 0000000000000031
startid: 1458
next_id: 00000000000000000000000000
versiid: 00000000000000000000000003
next_va: 1.39804e-76
val_cha: 01000000000000000000000031
nod_cha: 000003201711181458
startid: 00
next_id: 000000
versiid: 000004
next_va: 1.39804e-76
val_cha: 000031
nod_cha: 
startid: 00000000000000000000
next_id: 00000000000000000005
versiid: 00000000000000000031
next_va: 7.70749e-43
val_cha: 11181458
nod_cha: L
startid: 
next_id: 
versiid: 
next_va: 0
val_cha: 4@1000
nod_cha: 00000000000000
startid: 00000000000007
next_id: 00000000000031
versiid: 58
next_va: 1.39804e-76
val_cha: 000000000000000000000000
nod_cha: 0002000000000000000000000008
startid: 0001000000000000000000000031
next_id: 0003201711181458
versiid: 
next_va: 1.39804e-76
val_cha: 0000
nod_cha: 00000009
startid: 00000031
next_id: 
versiid: 000000000000000000
next_va: 1.39804e-76
val_cha: 00000000000000000a
nod_cha: 0000000000000000000031
startid: 1711181458
next_id: 00000000000000000000000000000000
versiid: 0000000200000000000000000000000b
next_va: 5.33389e-310
val_cha: 00000001000000000000000000000031
nod_cha: 31
startid: 
next_id: 000000000000
versiid: 00000000000c
next_va: 1.39804e-76
val_cha: 000000000031
nod_cha: 1458
startid: 00000000000000000000000000
next_id: 0100000000000000000000000d
versiid: 01000000000000000000000031
next_va: 1.39804e-76
val_cha: 03201711181458
nod_cha: 00
startid: 000000
next_id: 00000e
versiid: 000031
next_va: 7.10911e-320
val_cha: 
nod_cha: 00000000000000000000
startid: 0000000000000000000f
next_id: 00000000000000000031
versiid: 11181458
next_va: 1.38189e-76
val_cha: 000000000000000000000000000000
nod_cha: 
startid: 
next_id: 
versiid: 4@1000
next_va: 1.39804e-76
val_cha: 0000000000
nod_cha: 00000000000011
startid: 00000000000031
next_id: 58
versiid: 000000000000000000000000
next_va: 1.39804e-76
val_cha: 000000000000000000000012
nod_cha: 0001000000000000000000000031
startid: 0003201711181458
next_id: 
versiid: 0000
next_va: 1.39804e-76
val_cha: 0013
nod_cha: 00000031
startid: 
next_id: 000000000000000000
versiid: 000000000000000014
next_va: 1.39804e-76
val_cha: 000000000000000031
nod_cha: 1711181458
startid: 00000000000000000000000000000000
next_id: 00000000000000000000000000000015
versiid: 00000001000000000000000000000031
next_va: 2.67269e-310
val_cha: 00000003201711181458
nod_cha: 
startid: 000000000000
next_id: 000000000016
versiid: 000000000031
next_va: 6.23126e-38
val_cha: 
nod_cha: 00000000000000000000000000
startid: 02000000000000000000000017
next_id: 01000000000000000000000031
versiid: 03201711181458
next_va: 5.45542e+67
val_cha: ULL
nod_cha: 000000
startid: 000018
next_id: 000031
versiid: 
next_va: 1.39804e-76
val_cha: 0000000000000000
nod_cha: 00000000000000000019
startid: 00000000000000000031
next_id: 11181458
versiid: 000000000000000000000000000000
next_va: 1.38179e-76
val_cha: 00000200000000000000000000001a
nod_cha: 
startid: 
next_id: 4@1000
versiid: 0000000000
next_va: 1.39804e-76
val_cha: 000000001b
nod_cha: 00000000000031
startid: 58
next_id: 000000000000000000000000
versiid: 00000000000000000000001c
next_va: 9.16222e-72
val_cha: 000000000000000000000031
nod_cha: 0003201711181458
startid: 
next_id: 0000
versiid: 001d
next_va: 1.39804e-76
val_cha: 0031
nod_cha: 
startid: 000000000000000000
next_id: 00000000000000001e
versiid: 000000000000000031
next_va: 9.74368e-72
val_cha: 181458
nod_cha: 00000000000000000000000000000000
startid: 0000000100000000000000000000001f
next_id: 00000001000000000000000000000031
versiid: 00000003201711181458
next_va: 20
val_cha: 1000
nod_cha: 000000000000
startid: 000000000020
next_id: 000000000031
versiid: 
next_va: 1.39804e-76
val_cha: 0000000000000000000000
nod_cha: 00000000000000000000000021
startid: 01000000000000000000000031
next_id: 03201711181458
versiid: ULL
next_va: 1.39804e-76
val_cha: 00
nod_cha: 000022
startid: 000031
next_id: 
versiid: 0000000000000000
next_va: 1.39804e-76
val_cha: 0000000000000023
nod_cha: 00000000000000000031
startid: 11181458
next_id: 000000000000000000000000000000
versiid: 000000000000000000000000000024
next_va: 1.38179e-76
val_cha: 000001000000000000000000000031
nod_cha: 
startid: 4@1000
next_id: 0000000000
versiid: 0000000025
next_va: 1.39804e-76
val_cha: 0000000031
nod_cha: 58
startid: 000000000000000000000000
next_id: 000000000000000000000026
versiid: 000000000000000000000031
next_va: 3.93514e-62
val_cha: 201711181458
nod_cha: 
startid: 0000
next_id: 0027
versiid: 0031
next_va: 0
val_cha: 
nod_cha: 000000000000000000
startid: 000000000000000028
next_id: 000000000000000031
versiid: 181458
next_va: 1.39804e-76
val_cha: 0000000000000000000000000000
nod_cha: 00000002000000000000000000000029
startid: 00000001000000000000000000000031
next_id: 00000003201711181458
versiid: 1000
next_va: 1.39804e-76
val_cha: 00000000
nod_cha: 00000000002a
startid: 000000000031
next_id: 
versiid: 0000000000000000000000
next_va: 1.39838e-76
val_cha: 000000000000000000002b
nod_cha: 01000000000000000000000031
startid: 03201711181458
next_id: ULL
versiid: 00
next_va: 1.39804e-76
val_cha: 2c
nod_cha: 000031
startid: 
next_id: 0000000000000000
versiid: 000000000000002d
next_va: 1.39804e-76
val_cha: 0000000000000031
nod_cha: 11181458
startid: 000000000000000000000000000000
next_id: 00000100000000000000000000002e
versiid: 000001000000000000000000000031
next_va: 1.38179e-76
val_cha: 000003201711181458
nod_cha: 4@1000
startid: 0000000000
next_id: 000000002f
versiid: 0000000031
next_va: 3.05338e-310
val_cha: 
nod_cha: 000000000000000000000000
startid: 000000000000000000000030
next_id: 000000000000000000000031
versiid: 201711181458
next_va: 5.34927e+59
val_cha: L
nod_cha: 0000
startid: 0031
next_id: 0031
versiid: 
next_va: 1.39804e-76
val_cha: 00000000000000
nod_cha: 000000000000000032
startid: 000000000000000031
next_id: 181458
versiid: 0000000000000000000000000000
next_va: 1.39804e-76
val_cha: 0000000000000000000000000000
nod_cha: 00000001000000000000000000000019
startid: 00000003201711181458
next_id: 1000
versiid: 00000003
next_va: 1.39804e-76
val_cha: 00000009
nod_cha: 000000000019
startid: 
next_id: 0000000000000000000003
versiid: 0000000000000000000019
next_va: 1.39838e-76
val_cha: 0000000000000000000019
nod_cha: 03201711181458
startid: ULL
next_id: 03
versiid: 1a
next_va: 1.39804e-76
val_cha: 19
nod_cha: 
startid: 0000000000000003
next_id: 0000000000000000
versiid: 0000000000000019
next_va: 5.05232e-38
val_cha: 1458
nod_cha: 000000000000000000000000000009
startid: 000000000000000000000000000003
next_id: 000001000000000000000000000019
versiid: 000003201711181458
next_va: 1.48987e-76
val_cha: 00
nod_cha: 0000000009
startid: 0000000015
next_id: 0000000019
versiid: 
next_va: 1.39804e-76
val_cha: 00000000000000000009
nod_cha: 000000000000000000000019
startid: 000000000000000000000019
next_id: 201711181458
versiid: L
next_va: 3.11774e-33
val_cha: 
nod_cha: 001a
startid: 0019
next_id: R\U’d@1000
versiid: 00000000000009
next_va: 1.39804e-76
val_cha: 0000000000001e
nod_cha: 000000000000000019
startid: 181458
next_id: 0000000000000000000000000009
versiid: 0000000000000000000000000000
next_va: 1.39804e-76
val_cha: 000100000000000000000000000d
nod_cha: 00000003201711181458
startid: 1000
next_id: 00000015
versiid: 00000009
next_va: 1.39804e-76
val_cha: 0000000d
nod_cha: 
startid: 0000000000000000000015
next_id: 000000000000000000000d
versiid: 000000000000000000000d
next_va: 1.57178e-76
val_cha: 1711181458
nod_cha: ULL
startid: 15
next_id: 19
versiid: 0d
next_va: 0
val_cha: 
nod_cha: 0000000000000015
startid: 000000000000001a
next_id: 000000000000000d
versiid: 1458
next_va: 1.39804e-76
val_cha: 00000000000000000000000015
nod_cha: 00000100000000000000000000001f
startid: 00000100000000000000000000000d
next_id: 000003201711181458
versiid: 00
next_va: 1.39804e-76
val_cha: 000015
nod_cha: 0000000027
startid: 000000000d
next_id: 
versiid: 00000000000000000015
next_va: 1.39804e-76
val_cha: 00000000000000000028
nod_cha: 00000000000000000000000d
startid: 201711181458
next_id: L
versiid: 
next_va: 1.39804e-76
val_cha: 
nod_cha: 0019
startid: 
next_id: 00000000000015
versiid: 00000000000009
next_va: 1.39804e-76
val_cha: 00000000000019
nod_cha: 181458
startid: 0000000000000000000000000015
next_id: 000100000000000000000000000d
versiid: 0001000000000000000000000019
next_va: 1.39804e-76
val_cha: 0003201711181458
nod_cha: 1000
startid: 00000015
next_id: 00000019
versiid: 00000019
next_va: 4.65909e-315
val_cha: 
nod_cha: 0000000000000000000015
startid: 000000000000000000001a
next_id: 0000000000000000000019
versiid: 1711181458
next_va: 3.14828e-307
val_cha: 00000000000000000000000000000015
nod_cha: 15
startid: 1f
next_id: 19
versiid: 
next_va: 1.39804e-76
val_cha: 000000000015
nod_cha: 0000000000000027
startid: 0000000000000019
next_id: 1458
versiid: 00000000000000000000000015
next_va: 1.39804e-76
val_cha: 01000000000000000000000028
nod_cha: 000001000000000000000000000019
startid: 000003201711181458
next_id: 00
versiid: 000015
next_va: 1.39804e-76
val_cha: 000000
nod_cha: 000000001f
startid: 
next_id: 00000000000000000015
versiid: 00000000000000000009
next_va: 1.39804e-76
val_cha: 0000000000000000001f
nod_cha: 201711181458
startid: L
next_id: 
versiid: 
next_va: 1.82586e+184
val_cha: 
nod_cha: 
startid: 00000000000015
next_id: 00000000000019
versiid: 0000000000001f
next_va: 2.74322e-57
val_cha: 58
nod_cha: 0000000000000000000000000015
startid: 000200000000000000000000001a
next_id: 000100000000000000000000001f
versiid: 0003201711181458
next_va: 1.39804e-76
val_cha: 
nod_cha: 00000015
startid: 0000001f
next_id: 0000001f
versiid: 
next_va: 1.39804e-76
val_cha: 000000000000000015
nod_cha: 0000000000000000000027
startid: 000000000000000000001f
next_id: 1711181458
versiid: 00000000000000000000000000000015
next_va: 2.88956e-310
val_cha: 00000001000000000000000000000028
nod_cha: 28
startid: 1f
next_id: 
versiid: 000000000015
next_va: 1.39804e-76
val_cha: 000000000000
nod_cha: 0000000000000028
startid: 1458
next_id: 00000000000000000000000015
versiid: 00000000000000000000000009
next_va: 1.39804e-76
val_cha: 01000000000000000000000028
nod_cha: 000003201711181458
startid: 00
next_id: 000015
versiid: 00000d
next_va: 1.39804e-76
val_cha: 000028
nod_cha: 
startid: 00000000000000000015
next_id: 00000000000000000019
versiid: 00000000000000000028
next_va: 7.70749e-43
val_cha: 11181458
nod_cha: L
startid: 
next_id: 
versiid: 
next_va: 2
val_cha: _@1000
nod_cha: 00000000000015
startid: 0000000000001f
next_id: 00000000000028
versiid: 58
next_va: 1.39804e-76
val_cha: 000000000000000000000015
nod_cha: 0000000000000000000000000027
startid: 0001000000000000000000000028
next_id: 0003201711181458
versiid: 
next_va: 1.39804e-76
val_cha: 0015
nod_cha: 00000028
startid: 00000028
next_id: 
versiid: 000000000000000015
next_va: 1.39804e-76
val_cha: 000000000000000000
nod_cha: 0000000000000000000019
startid: 1711181458
next_id: 00000000000000000000000000000027
versiid: 00000000000000000000000000000015
next_va: 2.88956e-310
val_cha: 00000001000000000000000000000019
nod_cha: 19
startid: U’t@1000
next_id: 000000000027
versiid: 000000000019
next_va: 1.39804e-76
val_cha: 000000000019
nod_cha: 1458
startid: 00000000000000000000000027
next_id: 00000000000000000000000000
versiid: 01000000000000000000000001
next_va: 1.39804e-76
val_cha: 03201711181458
nod_cha: 00
startid: 000030
next_id: 000001
versiid: 000001
next_va: 7.10911e-320
val_cha: iå÷QU’t@1000
nod_cha: 00000000000000000030
startid: 0000000000000000001e
next_id: 00000000000000000001
versiid: 11181458
next_va: 1.38189e-76
val_cha: 000000000000000000000000000030
nod_cha: 
end: 10.58.58.3
ip: 10.58.58.4
startid: 00000001000000000000000000000001
next_id: 00000002000000000000000000000002
versiid: 00000003201711181458
next_va: 20
val_cha: 1000
nod_cha: 00000000000000000000000000000000
startid: 00000002000000000000000000000002
next_id: 00000002000000000000000000000002
versiid: 00000003201711181458
next_va: 20
val_cha: 1000
nod_cha: 00000000000000000000000000000000
startid: 00000000000000000000000000000003
next_id: 00000002000000000000000000000002
versiid: 00000003201711181458
next_va: 20
val_cha: 1000
nod_cha: 00000000000000000000000000000000
startid: 00000001000000000000000000000004
next_id: 00000002000000000000000000000002
versiid: 00000003201711181458
next_va: 20
val_cha: 1000
nod_cha: 00000000000000000000000000000000
startid: 00000002000000000000000000000005
next_id: 00000002000000000000000000000002
versiid: 00000003201711181458
next_va: 20
val_cha: 1000
nod_cha: 00000000000000000000000000000000
startid: 00000000000000000000000000000006
next_id: 00000002000000000000000000000002
versiid: 00000003201711181458
next_va: 20
val_cha: 1000
nod_cha: 00000000000000000000000000000000
startid: 00000001000000000000000000000007
next_id: 00000002000000000000000000000002
versiid: 00000003201711181458
next_va: 20
val_cha: 1000
nod_cha: 00000000000000000000000000000000
startid: 00000002000000000000000000000008
next_id: 00000002000000000000000000000002
versiid: 00000003201711181458
next_va: 20
val_cha: 1000
nod_cha: 00000000000000000000000000000000
startid: 00000000000000000000000000000009
next_id: 00000002000000000000000000000002
versiid: 00000003201711181458
next_va: 20
val_cha: 1000
nod_cha: 00000000000000000000000000000000
startid: 0000000100000000000000000000000a
next_id: 00000002000000000000000000000002
versiid: 00000003201711181458
next_va: 20
val_cha: 1000
nod_cha: 00000000000000000000000000000000
startid: 0000000200000000000000000000000b
next_id: 00000002000000000000000000000002
versiid: 00000003201711181458
next_va: 20
val_cha: 1000
nod_cha: 00000000000000000000000000000000
startid: 0000000000000000000000000000000c
next_id: 00000002000000000000000000000002
versiid: 00000003201711181458
next_va: 20
val_cha: 1000
nod_cha: 00000000000000000000000000000000
startid: 0000000100000000000000000000000d
next_id: 00000002000000000000000000000002
versiid: 00000003201711181458
next_va: 20
val_cha: 1000
nod_cha: 00000000000000000000000000000000
startid: 0000000200000000000000000000000e
next_id: 00000002000000000000000000000002
versiid: 00000003201711181458
next_va: 20
val_cha: 1000
nod_cha: 00000000000000000000000000000000
startid: 0000000000000000000000000000000f
next_id: 00000002000000000000000000000002
versiid: 00000003201711181458
next_va: 20
val_cha: 1000
nod_cha: 00000000000000000000000000000000
startid: 00000001000000000000000000000010
next_id: 00000002000000000000000000000002
versiid: 00000003201711181458
next_va: 20
val_cha: 1000
nod_cha: 00000000000000000000000000000000
startid: 00000002000000000000000000000011
next_id: 00000002000000000000000000000002
versiid: 00000003201711181458
next_va: 20
val_cha: 1000
nod_cha: 00000000000000000000000000000000
startid: 00000000000000000000000000000012
next_id: 00000002000000000000000000000002
versiid: 00000003201711181458
next_va: 20
val_cha: 1000
nod_cha: 00000000000000000000000000000000
startid: 00000001000000000000000000000013
next_id: 00000002000000000000000000000002
versiid: 00000003201711181458
next_va: 20
val_cha: 1000
nod_cha: 00000000000000000000000000000000
startid: 00000002000000000000000000000014
next_id: 00000002000000000000000000000002
versiid: 00000003201711181458
next_va: 20
val_cha: 1000
nod_cha: 00000000000000000000000000000000
startid: 00000000000000000000000000000015
next_id: 00000002000000000000000000000002
versiid: 00000003201711181458
next_va: 20
val_cha: 1000
nod_cha: 00000000000000000000000000000000
startid: 00000001000000000000000000000016
next_id: 00000002000000000000000000000002
versiid: 00000003201711181458
next_va: 20
val_cha: 1000
nod_cha: 00000000000000000000000000000000
startid: 00000002000000000000000000000017
next_id: 00000002000000000000000000000002
versiid: 00000003201711181458
next_va: 20
val_cha: 1000
nod_cha: 00000000000000000000000000000000
startid: 00000000000000000000000000000018
next_id: 00000002000000000000000000000002
versiid: 00000003201711181458
next_va: 20
val_cha: 1000
nod_cha: 00000000000000000000000000000000
startid: 00000001000000000000000000000019
next_id: 00000002000000000000000000000002
versiid: 00000003201711181458
next_va: 20
val_cha: 1000
nod_cha: 00000000000000000000000000000000
startid: 0000000200000000000000000000001a
next_id: 00000002000000000000000000000002
versiid: 00000003201711181458
next_va: 20
val_cha: 1000
nod_cha: 00000000000000000000000000000000
startid: 0000000000000000000000000000001b
next_id: 00000002000000000000000000000002
versiid: 00000003201711181458
next_va: 20
val_cha: 1000
nod_cha: 00000000000000000000000000000000
startid: 0000000100000000000000000000001c
next_id: 00000002000000000000000000000002
versiid: 00000003201711181458
next_va: 20
val_cha: 1000
nod_cha: 00000000000000000000000000000000
startid: 0000000200000000000000000000001d
next_id: 00000002000000000000000000000002
versiid: 00000003201711181458
next_va: 20
val_cha: 1000
nod_cha: 00000000000000000000000000000000
startid: 0000000000000000000000000000001e
next_id: 00000002000000000000000000000002
versiid: 00000003201711181458
next_va: 20
val_cha: 1000
nod_cha: 00000000000000000000000000000000
startid: 0000000100000000000000000000001f
next_id: 00000002000000000000000000000002
versiid: 00000003201711181458
next_va: 20
val_cha: 1000
nod_cha: 00000000000000000000000000000000
startid: 00000002000000000000000000000020
next_id: 00000002000000000000000000000002
versiid: 00000003201711181458
next_va: 20
val_cha: 1000
nod_cha: 00000000000000000000000000000000
startid: 00000000000000000000000000000021
next_id: 00000002000000000000000000000002
versiid: 00000003201711181458
next_va: 20
val_cha: 1000
nod_cha: 00000000000000000000000000000000
startid: 00000001000000000000000000000022
next_id: 00000002000000000000000000000002
versiid: 00000003201711181458
next_va: 20
val_cha: 1000
nod_cha: 00000000000000000000000000000000
startid: 00000002000000000000000000000023
next_id: 00000002000000000000000000000002
versiid: 00000003201711181458
next_va: 20
val_cha: 1000
nod_cha: 00000000000000000000000000000000
startid: 00000000000000000000000000000024
next_id: 00000002000000000000000000000002
versiid: 00000003201711181458
next_va: 20
val_cha: 1000
nod_cha: 00000000000000000000000000000000
startid: 00000001000000000000000000000025
next_id: 00000002000000000000000000000002
versiid: 00000003201711181458
next_va: 20
val_cha: 1000
nod_cha: 00000000000000000000000000000000
startid: 00000002000000000000000000000026
next_id: 00000002000000000000000000000002
versiid: 00000003201711181458
next_va: 20
val_cha: 1000
nod_cha: 00000000000000000000000000000000
startid: 00000000000000000000000000000027
next_id: 00000002000000000000000000000002
versiid: 00000003201711181458
next_va: 20
val_cha: 1000
nod_cha: 00000000000000000000000000000000
startid: 00000001000000000000000000000028
next_id: 00000002000000000000000000000002
versiid: 00000003201711181458
next_va: 20
val_cha: 1000
nod_cha: 00000000000000000000000000000000
startid: 00000002000000000000000000000029
next_id: 00000002000000000000000000000002
versiid: 00000003201711181458
next_va: 20
val_cha: 1000
nod_cha: 00000000000000000000000000000000
startid: 0000000000000000000000000000002a
next_id: 00000002000000000000000000000002
versiid: 00000003201711181458
next_va: 20
val_cha: 1000
nod_cha: 00000000000000000000000000000000
startid: 0000000100000000000000000000002b
next_id: 00000002000000000000000000000002
versiid: 00000003201711181458
next_va: 20
val_cha: 1000
nod_cha: 00000000000000000000000000000000
startid: 0000000200000000000000000000002c
next_id: 00000002000000000000000000000002
versiid: 00000003201711181458
next_va: 20
val_cha: 1000
nod_cha: 00000000000000000000000000000000
startid: 0000000000000000000000000000002d
next_id: 00000002000000000000000000000002
versiid: 00000003201711181458
next_va: 20
val_cha: 1000
nod_cha: 00000000000000000000000000000000
startid: 0000000100000000000000000000002e
next_id: 00000002000000000000000000000002
versiid: 00000003201711181458
next_va: 20
val_cha: 1000
nod_cha: 00000000000000000000000000000000
startid: 0000000200000000000000000000002f
next_id: 00000002000000000000000000000002
versiid: 00000003201711181458
next_va: 20
val_cha: 1000
nod_cha: 00000000000000000000000000000000
startid: 00000000000000000000000000000030
next_id: 00000002000000000000000000000002
versiid: 00000003201711181458
next_va: 20
val_cha: 1000
nod_cha: 00000000000000000000000000000000
startid: 00000001000000000000000000000031
next_id: 00000002000000000000000000000002
versiid: 00000003201711181458
next_va: 20
val_cha: 1000
nod_cha: 00000000000000000000000000000000
startid: 00000002000000000000000000000032
next_id: 00000002000000000000000000000002
versiid: 00000003201711181458
next_va: 20
val_cha: 1000
nod_cha: 00000000000000000000000000000000
startid: 00000001000000000000000000000001
next_id: 00000002000000000000000000000005
versiid: 00000003201711181458
next_va: 20
val_cha: 1000
nod_cha: 00000000000000000000000000000000
startid: 00000002000000000000000000000002
next_id: 00000002000000000000000000000005
versiid: 00000003201711181458
next_va: 20
val_cha: 1000
nod_cha: 00000000000000000000000000000000
startid: 00000000000000000000000000000003
next_id: 00000002000000000000000000000005
versiid: 00000003201711181458
next_va: 20
val_cha: 1000
nod_cha: 00000000000000000000000000000000
startid: 00000001000000000000000000000004
next_id: 00000002000000000000000000000005
versiid: 00000003201711181458
next_va: 20
val_cha: 1000
nod_cha: 00000000000000000000000000000000
startid: 00000002000000000000000000000005
next_id: 00000002000000000000000000000005
versiid: 00000003201711181458
next_va: 20
val_cha: 1000
nod_cha: 00000000000000000000000000000000
startid: 00000000000000000000000000000006
next_id: 00000002000000000000000000000005
versiid: 00000003201711181458
next_va: 20
val_cha: 1000
nod_cha: 00000000000000000000000000000000
startid: 00000001000000000000000000000007
next_id: 00000002000000000000000000000005
versiid: 00000003201711181458
next_va: 20
val_cha: 1000
nod_cha: 00000000000000000000000000000000
startid: 00000002000000000000000000000008
next_id: 00000002000000000000000000000005
versiid: 00000003201711181458
next_va: 20
val_cha: 1000
nod_cha: 00000000000000000000000000000000
startid: 00000000000000000000000000000009
next_id: 00000002000000000000000000000005
versiid: 00000003201711181458
next_va: 20
val_cha: 1000
nod_cha: 00000000000000000000000000000000
startid: 0000000100000000000000000000000a
next_id: 00000002000000000000000000000005
versiid: 00000003201711181458
next_va: 20
val_cha: 1000
nod_cha: 00000000000000000000000000000000
startid: 0000000200000000000000000000000b
next_id: 00000002000000000000000000000005
versiid: 00000003201711181458
next_va: 20
val_cha: 1000
nod_cha: 00000000000000000000000000000000
startid: 0000000000000000000000000000000c
next_id: 00000002000000000000000000000005
versiid: 00000003201711181458
next_va: 20
val_cha: 1000
nod_cha: 00000000000000000000000000000000
startid: 0000000100000000000000000000000d
next_id: 00000002000000000000000000000005
versiid: 00000003201711181458
next_va: 20
val_cha: 1000
nod_cha: 00000000000000000000000000000000
startid: 0000000200000000000000000000000e
next_id: 00000002000000000000000000000005
versiid: 00000003201711181458
next_va: 20
val_cha: 1000
nod_cha: 00000000000000000000000000000000
startid: 0000000000000000000000000000000f
next_id: 00000002000000000000000000000005
versiid: 00000003201711181458
next_va: 20
val_cha: 1000
nod_cha: 00000000000000000000000000000000
startid: 00000001000000000000000000000010
next_id: 00000002000000000000000000000005
versiid: 00000003201711181458
next_va: 20
val_cha: 1000
nod_cha: 00000000000000000000000000000000
startid: 00000002000000000000000000000011
next_id: 00000002000000000000000000000005
versiid: 00000003201711181458
next_va: 20
val_cha: 1000
nod_cha: 00000000000000000000000000000000
startid: 00000000000000000000000000000012
next_id: 00000002000000000000000000000005
versiid: 00000003201711181458
next_va: 20
val_cha: 1000
nod_cha: 00000000000000000000000000000000
startid: 00000001000000000000000000000013
next_id: 00000002000000000000000000000005
versiid: 00000003201711181458
next_va: 20
val_cha: 1000
nod_cha: 00000000000000000000000000000000
startid: 00000002000000000000000000000014
next_id: 00000002000000000000000000000005
versiid: 00000003201711181458
next_va: 20
val_cha: 1000
nod_cha: 00000000000000000000000000000000
startid: 00000000000000000000000000000015
next_id: 00000002000000000000000000000005
versiid: 00000003201711181458
next_va: 20
val_cha: 1000
nod_cha: 00000000000000000000000000000000
startid: 00000001000000000000000000000016
next_id: 00000002000000000000000000000005
versiid: 00000003201711181458
next_va: 20
val_cha: 1000
nod_cha: 00000000000000000000000000000000
startid: 00000002000000000000000000000017
next_id: 00000002000000000000000000000005
versiid: 00000003201711181458
next_va: 20
val_cha: 1000
nod_cha: 00000000000000000000000000000000
startid: 00000000000000000000000000000018
next_id: 00000002000000000000000000000005
versiid: 00000003201711181458
next_va: 20
val_cha: 1000
nod_cha: 00000000000000000000000000000000
startid: 00000001000000000000000000000019
next_id: 00000002000000000000000000000005
versiid: 00000003201711181458
next_va: 20
val_cha: 1000
nod_cha: 00000000000000000000000000000000
startid: 0000000200000000000000000000001a
next_id: 00000002000000000000000000000005
versiid: 00000003201711181458
next_va: 20
val_cha: 1000
nod_cha: 00000000000000000000000000000000
startid: 0000000000000000000000000000001b
next_id: 00000002000000000000000000000005
versiid: 00000003201711181458
next_va: 20
val_cha: 1000
nod_cha: 00000000000000000000000000000000
startid: 0000000100000000000000000000001c
next_id: 00000002000000000000000000000005
versiid: 00000003201711181458
next_va: 20
val_cha: 1000
nod_cha: 00000000000000000000000000000000
startid: 0000000200000000000000000000001d
next_id: 00000002000000000000000000000005
versiid: 00000003201711181458
next_va: 20
val_cha: 1000
nod_cha: 00000000000000000000000000000000
startid: 0000000000000000000000000000001e
next_id: 00000002000000000000000000000005
versiid: 00000003201711181458
next_va: 20
val_cha: 1000
nod_cha: 00000000000000000000000000000000
startid: 0000000100000000000000000000001f
next_id: 00000002000000000000000000000005
versiid: 00000003201711181458
next_va: 20
val_cha: 1000
nod_cha: 00000000000000000000000000000000
startid: 00000002000000000000000000000020
next_id: 00000002000000000000000000000005
versiid: 00000003201711181458
next_va: 20
val_cha: 1000
nod_cha: 00000000000000000000000000000000
startid: 00000000000000000000000000000021
next_id: 00000002000000000000000000000005
versiid: 00000003201711181458
next_va: 20
val_cha: 1000
nod_cha: 00000000000000000000000000000000
startid: 00000001000000000000000000000022
next_id: 00000002000000000000000000000005
versiid: 00000003201711181458
next_va: 20
val_cha: 1000
nod_cha: 00000000000000000000000000000000
startid: 00000002000000000000000000000023
next_id: 00000002000000000000000000000005
versiid: 00000003201711181458
next_va: 20
val_cha: 1000
nod_cha: 00000000000000000000000000000000
startid: 00000000000000000000000000000024
next_id: 00000002000000000000000000000005
versiid: 00000003201711181458
next_va: 20
val_cha: 1000
nod_cha: 00000000000000000000000000000000
startid: 00000001000000000000000000000025
next_id: 00000002000000000000000000000005
versiid: 00000003201711181458
next_va: 20
val_cha: 1000
nod_cha: 00000000000000000000000000000000
startid: 00000002000000000000000000000026
next_id: 00000002000000000000000000000005
versiid: 00000003201711181458
next_va: 20
val_cha: 1000
nod_cha: 00000000000000000000000000000000
startid: 00000000000000000000000000000027
next_id: 00000002000000000000000000000005
versiid: 00000003201711181458
next_va: 20
val_cha: 1000
nod_cha: 00000000000000000000000000000000
startid: 00000001000000000000000000000028
next_id: 00000002000000000000000000000005
versiid: 00000003201711181458
next_va: 20
val_cha: 1000
nod_cha: 00000000000000000000000000000000
startid: 00000002000000000000000000000029
next_id: 00000002000000000000000000000005
versiid: 00000003201711181458
next_va: 20
val_cha: 1000
nod_cha: 00000000000000000000000000000000
startid: 0000000000000000000000000000002a
next_id: 00000002000000000000000000000005
versiid: 00000003201711181458
next_va: 20
val_cha: 1000
nod_cha: 00000000000000000000000000000000
startid: 0000000100000000000000000000002b
next_id: 00000002000000000000000000000005
versiid: 00000003201711181458
next_va: 20
val_cha: 1000
nod_cha: 00000000000000000000000000000000
startid: 0000000200000000000000000000002c
next_id: 00000002000000000000000000000005
versiid: 00000003201711181458
next_va: 20
val_cha: 1000
nod_cha: 00000000000000000000000000000000
startid: 0000000000000000000000000000002d
next_id: 00000002000000000000000000000005
versiid: 00000003201711181458
next_va: 20
val_cha: 1000
nod_cha: 00000000000000000000000000000000
startid: 0000000100000000000000000000002e
next_id: 00000002000000000000000000000005
versiid: 00000003201711181458
next_va: 20
val_cha: 1000
nod_cha: 00000000000000000000000000000000
startid: 0000000200000000000000000000002f
next_id: 00000002000000000000000000000005
versiid: 00000003201711181458
next_va: 20
val_cha: 1000
nod_cha: 00000000000000000000000000000000
startid: 00000000000000000000000000000030
next_id: 00000002000000000000000000000005
versiid: 00000003201711181458
next_va: 20
val_cha: 1000
nod_cha: 00000000000000000000000000000000
startid: 00000001000000000000000000000031
next_id: 00000002000000000000000000000005
versiid: 00000003201711181458
next_va: 20
val_cha: 1000
nod_cha: 00000000000000000000000000000000
startid: 00000002000000000000000000000032
next_id: 00000002000000000000000000000005
versiid: 00000003201711181458
next_va: 20
val_cha: 1000
nod_cha: 00000000000000000000000000000000
startid: 00000001000000000000000000000001
next_id: 00000002000000000000000000000008
versiid: 00000003201711181458
next_va: 20
val_cha: 1000
nod_cha: 00000000000000000000000000000000
startid: 00000002000000000000000000000002
next_id: 00000002000000000000000000000008
versiid: 00000003201711181458
next_va: 20
val_cha: 1000
nod_cha: 00000000000000000000000000000000
startid: 00000000000000000000000000000003
next_id: 00000002000000000000000000000008
versiid: 00000003201711181458
next_va: 20
val_cha: 1000
nod_cha: 00000000000000000000000000000000
startid: 00000001000000000000000000000004
next_id: 00000002000000000000000000000008
versiid: 00000003201711181458
next_va: 20
val_cha: 1000
nod_cha: 00000000000000000000000000000000
startid: 00000002000000000000000000000005
next_id: 00000002000000000000000000000008
versiid: 00000003201711181458
next_va: 20
val_cha: 1000
nod_cha: 00000000000000000000000000000000
startid: 00000000000000000000000000000006
next_id: 00000002000000000000000000000008
versiid: 00000003201711181458
next_va: 20
val_cha: 1000
nod_cha: 00000000000000000000000000000000
startid: 00000001000000000000000000000007
next_id: 00000002000000000000000000000008
versiid: 00000003201711181458
next_va: 20
val_cha: 1000
nod_cha: 00000000000000000000000000000000
startid: 00000002000000000000000000000008
next_id: 00000002000000000000000000000008
versiid: 00000003201711181458
next_va: 20
val_cha: 1000
nod_cha: 00000000000000000000000000000000
startid: 00000000000000000000000000000009
next_id: 00000002000000000000000000000008
versiid: 00000003201711181458
next_va: 20
val_cha: 1000
nod_cha: 00000000000000000000000000000000
startid: 0000000100000000000000000000000a
next_id: 00000002000000000000000000000008
versiid: 00000003201711181458
next_va: 20
val_cha: 1000
nod_cha: 00000000000000000000000000000000
startid: 0000000200000000000000000000000b
next_id: 00000002000000000000000000000008
versiid: 00000003201711181458
next_va: 20
val_cha: 1000
nod_cha: 00000000000000000000000000000000
startid: 0000000000000000000000000000000c
next_id: 00000002000000000000000000000008
versiid: 00000003201711181458
next_va: 20
val_cha: 1000
nod_cha: 00000000000000000000000000000000
startid: 0000000100000000000000000000000d
next_id: 00000002000000000000000000000008
versiid: 00000003201711181458
next_va: 20
val_cha: 1000
nod_cha: 00000000000000000000000000000000
startid: 0000000200000000000000000000000e
next_id: 00000002000000000000000000000008
versiid: 00000003201711181458
next_va: 20
val_cha: 1000
nod_cha: 00000000000000000000000000000000
startid: 0000000000000000000000000000000f
next_id: 00000002000000000000000000000008
versiid: 00000003201711181458
next_va: 20
val_cha: 1000
nod_cha: 00000000000000000000000000000000
startid: 00000001000000000000000000000010
next_id: 00000002000000000000000000000008
versiid: 00000003201711181458
next_va: 20
val_cha: 1000
nod_cha: 00000000000000000000000000000000
startid: 00000002000000000000000000000011
next_id: 00000002000000000000000000000008
versiid: 00000003201711181458
next_va: 20
val_cha: 1000
nod_cha: 00000000000000000000000000000000
startid: 00000000000000000000000000000012
next_id: 00000002000000000000000000000008
versiid: 00000003201711181458
next_va: 20
val_cha: 1000
nod_cha: 00000000000000000000000000000000
startid: 00000001000000000000000000000013
next_id: 00000002000000000000000000000008
versiid: 00000003201711181458
next_va: 20
val_cha: 1000
nod_cha: 00000000000000000000000000000000
startid: 00000002000000000000000000000014
next_id: 00000002000000000000000000000008
versiid: 00000003201711181458
next_va: 20
val_cha: 1000
nod_cha: 00000000000000000000000000000000
startid: 00000000000000000000000000000015
next_id: 00000002000000000000000000000008
versiid: 00000003201711181458
next_va: 20
val_cha: 1000
nod_cha: 00000000000000000000000000000000
startid: 00000001000000000000000000000016
next_id: 00000002000000000000000000000008
versiid: 00000003201711181458
next_va: 20
val_cha: 1000
nod_cha: 00000000000000000000000000000000
startid: 00000002000000000000000000000017
next_id: 00000002000000000000000000000008
versiid: 00000003201711181458
next_va: 20
val_cha: 1000
nod_cha: 00000000000000000000000000000000
startid: 00000000000000000000000000000018
next_id: 00000002000000000000000000000008
versiid: 00000003201711181458
next_va: 20
val_cha: 1000
nod_cha: 00000000000000000000000000000000
startid: 00000001000000000000000000000019
next_id: 00000002000000000000000000000008
versiid: 00000003201711181458
next_va: 20
val_cha: 1000
nod_cha: 00000000000000000000000000000000
startid: 0000000200000000000000000000001a
next_id: 00000002000000000000000000000008
versiid: 00000003201711181458
next_va: 20
val_cha: 1000
nod_cha: 00000000000000000000000000000000
startid: 0000000000000000000000000000001b
next_id: 00000002000000000000000000000008
versiid: 00000003201711181458
next_va: 20
val_cha: 1000
nod_cha: 00000000000000000000000000000000
startid: 0000000100000000000000000000001c
next_id: 00000002000000000000000000000008
versiid: 00000003201711181458
next_va: 20
val_cha: 1000
nod_cha: 00000000000000000000000000000000
startid: 0000000200000000000000000000001d
next_id: 00000002000000000000000000000008
versiid: 00000003201711181458
next_va: 20
val_cha: 1000
nod_cha: 00000000000000000000000000000000
startid: 0000000000000000000000000000001e
next_id: 00000002000000000000000000000008
versiid: 00000003201711181458
next_va: 20
val_cha: 1000
nod_cha: 00000000000000000000000000000000
startid: 0000000100000000000000000000001f
next_id: 00000002000000000000000000000008
versiid: 00000003201711181458
next_va: 20
val_cha: 1000
nod_cha: 00000000000000000000000000000000
startid: 00000002000000000000000000000020
next_id: 00000002000000000000000000000008
versiid: 00000003201711181458
next_va: 20
val_cha: 1000
nod_cha: 00000000000000000000000000000000
startid: 00000000000000000000000000000021
next_id: 00000002000000000000000000000008
versiid: 00000003201711181458
next_va: 20
val_cha: 1000
nod_cha: 00000000000000000000000000000000
startid: 00000001000000000000000000000022
next_id: 00000002000000000000000000000008
versiid: 00000003201711181458
next_va: 20
val_cha: 1000
nod_cha: 00000000000000000000000000000000
startid: 00000002000000000000000000000023
next_id: 00000002000000000000000000000008
versiid: 00000003201711181458
next_va: 20
val_cha: 1000
nod_cha: 00000000000000000000000000000000
startid: 00000000000000000000000000000024
next_id: 00000002000000000000000000000008
versiid: 00000003201711181458
next_va: 20
val_cha: 1000
nod_cha: 00000000000000000000000000000000
startid: 00000001000000000000000000000025
next_id: 00000002000000000000000000000008
versiid: 00000003201711181458
next_va: 20
val_cha: 1000
nod_cha: 00000000000000000000000000000000
startid: 00000002000000000000000000000026
next_id: 00000002000000000000000000000008
versiid: 00000003201711181458
next_va: 20
val_cha: 1000
nod_cha: 00000000000000000000000000000000
startid: 00000000000000000000000000000027
next_id: 00000002000000000000000000000008
versiid: 00000003201711181458
next_va: 20
val_cha: 1000
nod_cha: 00000000000000000000000000000000
startid: 00000001000000000000000000000028
next_id: 00000002000000000000000000000008
versiid: 00000003201711181458
next_va: 20
val_cha: 1000
nod_cha: 00000000000000000000000000000000
startid: 00000002000000000000000000000029
next_id: 00000002000000000000000000000008
versiid: 00000003201711181458
next_va: 20
val_cha: 1000
nod_cha: 00000000000000000000000000000000
startid: 0000000000000000000000000000002a
next_id: 00000002000000000000000000000008
versiid: 00000003201711181458
next_va: 20
val_cha: 1000
nod_cha: 00000000000000000000000000000000
startid: 0000000100000000000000000000002b
next_id: 00000002000000000000000000000008
versiid: 00000003201711181458
next_va: 20
val_cha: 1000
nod_cha: 00000000000000000000000000000000
startid: 0000000200000000000000000000002c
next_id: 00000002000000000000000000000008
versiid: 00000003201711181458
next_va: 20
val_cha: 1000
nod_cha: 00000000000000000000000000000000
startid: 0000000000000000000000000000002d
next_id: 00000002000000000000000000000008
versiid: 00000003201711181458
next_va: 20
val_cha: 1000
nod_cha: 00000000000000000000000000000000
startid: 0000000100000000000000000000002e
next_id: 00000002000000000000000000000008
versiid: 00000003201711181458
next_va: 20
val_cha: 1000
nod_cha: 00000000000000000000000000000000
startid: 0000000200000000000000000000002f
next_id: 00000002000000000000000000000008
versiid: 00000003201711181458
next_va: 20
val_cha: 1000
nod_cha: 00000000000000000000000000000000
startid: 00000000000000000000000000000030
next_id: 00000002000000000000000000000008
versiid: 00000003201711181458
next_va: 20
val_cha: 1000
nod_cha: 00000000000000000000000000000000
startid: 00000001000000000000000000000031
next_id: 00000002000000000000000000000008
versiid: 00000003201711181458
next_va: 20
val_cha: 1000
nod_cha: 00000000000000000000000000000000
startid: 00000002000000000000000000000032
next_id: 00000002000000000000000000000008
versiid: 00000003201711181458
next_va: 20
val_cha: 1000
nod_cha: 00000000000000000000000000000000
startid: 00000001000000000000000000000001
next_id: 0000000200000000000000000000000b
versiid: 00000003201711181458
next_va: 20
val_cha: 1000
nod_cha: 00000000000000000000000000000000
startid: 00000002000000000000000000000002
next_id: 0000000200000000000000000000000b
versiid: 00000003201711181458
next_va: 20
val_cha: 1000
nod_cha: 00000000000000000000000000000000
startid: 00000000000000000000000000000003
next_id: 0000000200000000000000000000000b
versiid: 00000003201711181458
next_va: 20
val_cha: 1000
nod_cha: 00000000000000000000000000000000
startid: 00000001000000000000000000000004
next_id: 0000000200000000000000000000000b
versiid: 00000003201711181458
next_va: 20
val_cha: 1000
nod_cha: 00000000000000000000000000000000
startid: 00000002000000000000000000000005
next_id: 0000000200000000000000000000000b
versiid: 00000003201711181458
next_va: 20
val_cha: 1000
nod_cha: 00000000000000000000000000000000
startid: 00000000000000000000000000000006
next_id: 0000000200000000000000000000000b
versiid: 00000003201711181458
next_va: 20
val_cha: 1000
nod_cha: 00000000000000000000000000000000
startid: 00000001000000000000000000000007
next_id: 0000000200000000000000000000000b
versiid: 00000003201711181458
next_va: 20
val_cha: 1000
nod_cha: 00000000000000000000000000000000
startid: 00000002000000000000000000000008
next_id: 0000000200000000000000000000000b
versiid: 00000003201711181458
next_va: 20
val_cha: 1000
nod_cha: 00000000000000000000000000000000
startid: 00000000000000000000000000000009
next_id: 0000000200000000000000000000000b
versiid: 00000003201711181458
next_va: 20
val_cha: 1000
nod_cha: 00000000000000000000000000000000
startid: 0000000100000000000000000000000a
next_id: 0000000200000000000000000000000b
versiid: 00000003201711181458
next_va: 20
val_cha: 1000
nod_cha: 00000000000000000000000000000000
startid: 0000000200000000000000000000000b
next_id: 0000000200000000000000000000000b
versiid: 00000003201711181458
next_va: 20
val_cha: 1000
nod_cha: 00000000000000000000000000000000
startid: 0000000000000000000000000000000c
next_id: 0000000200000000000000000000000b
versiid: 00000003201711181458
next_va: 20
val_cha: 1000
nod_cha: 00000000000000000000000000000000
startid: 0000000100000000000000000000000d
next_id: 0000000200000000000000000000000b
versiid: 00000003201711181458
next_va: 20
val_cha: 1000
nod_cha: 00000000000000000000000000000000
startid: 0000000200000000000000000000000e
next_id: 0000000200000000000000000000000b
versiid: 00000003201711181458
next_va: 20
val_cha: 1000
nod_cha: 00000000000000000000000000000000
startid: 0000000000000000000000000000000f
next_id: 0000000200000000000000000000000b
versiid: 00000003201711181458
next_va: 20
val_cha: 1000
nod_cha: 00000000000000000000000000000000
startid: 00000001000000000000000000000010
next_id: 0000000200000000000000000000000b
versiid: 00000003201711181458
next_va: 20
val_cha: 1000
nod_cha: 00000000000000000000000000000000
startid: 00000002000000000000000000000011
next_id: 0000000200000000000000000000000b
versiid: 00000003201711181458
next_va: 20
val_cha: 1000
nod_cha: 00000000000000000000000000000000
startid: 00000000000000000000000000000012
next_id: 0000000200000000000000000000000b
versiid: 00000003201711181458
next_va: 20
val_cha: 1000
nod_cha: 00000000000000000000000000000000
startid: 00000001000000000000000000000013
next_id: 0000000200000000000000000000000b
versiid: 00000003201711181458
next_va: 20
val_cha: 1000
nod_cha: 00000000000000000000000000000000
startid: 00000002000000000000000000000014
next_id: 0000000200000000000000000000000b
versiid: 00000003201711181458
next_va: 20
val_cha: 1000
nod_cha: 00000000000000000000000000000000
startid: 00000000000000000000000000000015
next_id: 0000000200000000000000000000000b
versiid: 00000003201711181458
next_va: 20
val_cha: 1000
nod_cha: 00000000000000000000000000000000
startid: 00000001000000000000000000000016
next_id: 0000000200000000000000000000000b
versiid: 00000003201711181458
next_va: 20
val_cha: 1000
nod_cha: 00000000000000000000000000000000
startid: 00000002000000000000000000000017
next_id: 0000000200000000000000000000000b
versiid: 00000003201711181458
next_va: 20
val_cha: 1000
nod_cha: 00000000000000000000000000000000
startid: 00000000000000000000000000000018
next_id: 0000000200000000000000000000000b
versiid: 00000003201711181458
next_va: 20
val_cha: 1000
nod_cha: 00000000000000000000000000000000
startid: 00000001000000000000000000000019
next_id: 0000000200000000000000000000000b
versiid: 00000003201711181458
next_va: 20
val_cha: 1000
nod_cha: 00000000000000000000000000000000
startid: 0000000200000000000000000000001a
next_id: 0000000200000000000000000000000b
versiid: 00000003201711181458
next_va: 20
val_cha: 1000
nod_cha: 00000000000000000000000000000000
startid: 0000000000000000000000000000001b
next_id: 0000000200000000000000000000000b
versiid: 00000003201711181458
next_va: 20
val_cha: 1000
nod_cha: 00000000000000000000000000000000
startid: 0000000100000000000000000000001c
next_id: 0000000200000000000000000000000b
versiid: 00000003201711181458
next_va: 20
val_cha: 1000
nod_cha: 00000000000000000000000000000000
startid: 0000000200000000000000000000001d
next_id: 0000000200000000000000000000000b
versiid: 00000003201711181458
next_va: 20
val_cha: 1000
nod_cha: 00000000000000000000000000000000
startid: 0000000000000000000000000000001e
next_id: 0000000200000000000000000000000b
versiid: 00000003201711181458
next_va: 20
val_cha: 1000
nod_cha: 00000000000000000000000000000000
startid: 0000000100000000000000000000001f
next_id: 0000000200000000000000000000000b
versiid: 00000003201711181458
next_va: 20
val_cha: 1000
nod_cha: 00000000000000000000000000000000
startid: 00000002000000000000000000000020
next_id: 0000000200000000000000000000000b
versiid: 00000003201711181458
next_va: 20
val_cha: 1000
nod_cha: 00000000000000000000000000000000
startid: 00000000000000000000000000000021
next_id: 0000000200000000000000000000000b
versiid: 00000003201711181458
next_va: 20
val_cha: 1000
nod_cha: 00000000000000000000000000000000
startid: 00000001000000000000000000000022
next_id: 0000000200000000000000000000000b
versiid: 00000003201711181458
next_va: 20
val_cha: 1000
nod_cha: 00000000000000000000000000000000
startid: 00000002000000000000000000000023
next_id: 0000000200000000000000000000000b
versiid: 00000003201711181458
next_va: 20
val_cha: 1000
nod_cha: 00000000000000000000000000000000
startid: 00000000000000000000000000000024
next_id: 0000000200000000000000000000000b
versiid: 00000003201711181458
next_va: 20
val_cha: 1000
nod_cha: 00000000000000000000000000000000
startid: 00000001000000000000000000000025
next_id: 0000000200000000000000000000000b
versiid: 00000003201711181458
next_va: 20
val_cha: 1000
nod_cha: 00000000000000000000000000000000
startid: 00000002000000000000000000000026
next_id: 0000000200000000000000000000000b
versiid: 00000003201711181458
next_va: 20
val_cha: 1000
nod_cha: 00000000000000000000000000000000
startid: 00000000000000000000000000000027
next_id: 0000000200000000000000000000000b
versiid: 00000003201711181458
next_va: 20
val_cha: 1000
nod_cha: 00000000000000000000000000000000
startid: 00000001000000000000000000000028
next_id: 0000000200000000000000000000000b
versiid: 00000003201711181458
next_va: 20
val_cha: 1000
nod_cha: 00000000000000000000000000000000
startid: 00000002000000000000000000000029
next_id: 0000000200000000000000000000000b
versiid: 00000003201711181458
next_va: 20
val_cha: 1000
nod_cha: 00000000000000000000000000000000
startid: 0000000000000000000000000000002a
next_id: 0000000200000000000000000000000b
versiid: 00000003201711181458
next_va: 20
val_cha: 1000
nod_cha: 00000000000000000000000000000000
startid: 0000000100000000000000000000002b
next_id: 0000000200000000000000000000000b
versiid: 00000003201711181458
next_va: 20
val_cha: 1000
nod_cha: 00000000000000000000000000000000
startid: 0000000200000000000000000000002c
next_id: 0000000200000000000000000000000b
versiid: 00000003201711181458
next_va: 20
val_cha: 1000
nod_cha: 00000000000000000000000000000000
startid: 0000000000000000000000000000002d
next_id: 0000000200000000000000000000000b
versiid: 00000003201711181458
next_va: 20
val_cha: 1000
nod_cha: 00000000000000000000000000000000
startid: 0000000100000000000000000000002e
next_id: 0000000200000000000000000000000b
versiid: 00000003201711181458
next_va: 20
val_cha: 1000
nod_cha: 00000000000000000000000000000000
startid: 0000000200000000000000000000002f
next_id: 0000000200000000000000000000000b
versiid: 00000003201711181458
next_va: 20
val_cha: 1000
nod_cha: 00000000000000000000000000000000
startid: 00000000000000000000000000000030
next_id: 0000000200000000000000000000000b
versiid: 00000003201711181458
next_va: 20
val_cha: 1000
nod_cha: 00000000000000000000000000000000
startid: 00000001000000000000000000000031
next_id: 0000000200000000000000000000000b
versiid: 00000003201711181458
next_va: 20
val_cha: 1000
nod_cha: 00000000000000000000000000000000
startid: 00000002000000000000000000000032
next_id: 0000000200000000000000000000000b
versiid: 00000003201711181458
next_va: 20
val_cha: 1000
nod_cha: 00000000000000000000000000000000
startid: 00000001000000000000000000000001
next_id: 0000000200000000000000000000000e
versiid: 00000003201711181458
next_va: 20
val_cha: 1000
nod_cha: 00000000000000000000000000000000
startid: 00000002000000000000000000000002
next_id: 0000000200000000000000000000000e
versiid: 00000003201711181458
next_va: 20
val_cha: 1000
nod_cha: 00000000000000000000000000000000
startid: 00000000000000000000000000000003
next_id: 0000000200000000000000000000000e
versiid: 00000003201711181458
next_va: 20
val_cha: 1000
nod_cha: 00000000000000000000000000000000
startid: 00000001000000000000000000000004
next_id: 0000000200000000000000000000000e
versiid: 00000003201711181458
next_va: 20
val_cha: 1000
nod_cha: 00000000000000000000000000000000
startid: 00000002000000000000000000000005
next_id: 0000000200000000000000000000000e
versiid: 00000003201711181458
next_va: 20
val_cha: 1000
nod_cha: 00000000000000000000000000000000
startid: 00000000000000000000000000000006
next_id: 0000000200000000000000000000000e
versiid: 00000003201711181458
next_va: 20
val_cha: 1000
nod_cha: 00000000000000000000000000000000
startid: 00000001000000000000000000000007
next_id: 0000000200000000000000000000000e
versiid: 00000003201711181458
next_va: 20
val_cha: 1000
nod_cha: 00000000000000000000000000000000
startid: 00000002000000000000000000000008
next_id: 0000000200000000000000000000000e
versiid: 00000003201711181458
next_va: 20
val_cha: 1000
nod_cha: 00000000000000000000000000000000
startid: 00000000000000000000000000000009
next_id: 0000000200000000000000000000000e
versiid: 00000003201711181458
next_va: 20
val_cha: 1000
nod_cha: 00000000000000000000000000000000
startid: 0000000100000000000000000000000a
next_id: 0000000200000000000000000000000e
versiid: 00000003201711181458
next_va: 20
val_cha: 1000
nod_cha: 00000000000000000000000000000000
startid: 0000000200000000000000000000000b
next_id: 0000000200000000000000000000000e
versiid: 00000003201711181458
next_va: 20
val_cha: 1000
nod_cha: 00000000000000000000000000000000
startid: 0000000000000000000000000000000c
next_id: 0000000200000000000000000000000e
versiid: 00000003201711181458
next_va: 20
val_cha: 1000
nod_cha: 00000000000000000000000000000000
startid: 0000000100000000000000000000000d
next_id: 0000000200000000000000000000000e
versiid: 00000003201711181458
next_va: 20
val_cha: 1000
nod_cha: 00000000000000000000000000000000
startid: 0000000200000000000000000000000e
next_id: 0000000200000000000000000000000e
versiid: 00000003201711181458
next_va: 20
val_cha: 1000
nod_cha: 00000000000000000000000000000000
startid: 0000000000000000000000000000000f
next_id: 0000000200000000000000000000000e
versiid: 00000003201711181458
next_va: 20
val_cha: 1000
nod_cha: 00000000000000000000000000000000
startid: 00000001000000000000000000000010
next_id: 0000000200000000000000000000000e
versiid: 00000003201711181458
next_va: 20
val_cha: 1000
nod_cha: 00000000000000000000000000000000
startid: 00000002000000000000000000000011
next_id: 0000000200000000000000000000000e
versiid: 00000003201711181458
next_va: 20
val_cha: 1000
nod_cha: 00000000000000000000000000000000
startid: 00000000000000000000000000000012
next_id: 0000000200000000000000000000000e
versiid: 00000003201711181458
next_va: 20
val_cha: 1000
nod_cha: 00000000000000000000000000000000
startid: 00000001000000000000000000000013
next_id: 0000000200000000000000000000000e
versiid: 00000003201711181458
next_va: 20
val_cha: 1000
nod_cha: 00000000000000000000000000000000
startid: 00000002000000000000000000000014
next_id: 0000000200000000000000000000000e
versiid: 00000003201711181458
next_va: 20
val_cha: 1000
nod_cha: 00000000000000000000000000000000
startid: 00000000000000000000000000000015
next_id: 0000000200000000000000000000000e
versiid: 00000003201711181458
next_va: 20
val_cha: 1000
nod_cha: 00000000000000000000000000000000
startid: 00000001000000000000000000000016
next_id: 0000000200000000000000000000000e
versiid: 00000003201711181458
next_va: 20
val_cha: 1000
nod_cha: 00000000000000000000000000000000
startid: 00000002000000000000000000000017
next_id: 0000000200000000000000000000000e
versiid: 00000003201711181458
next_va: 20
val_cha: 1000
nod_cha: 00000000000000000000000000000000
startid: 00000000000000000000000000000018
next_id: 0000000200000000000000000000000e
versiid: 00000003201711181458
next_va: 20
val_cha: 1000
nod_cha: 00000000000000000000000000000000
startid: 00000001000000000000000000000019
next_id: 0000000200000000000000000000000e
versiid: 00000003201711181458
next_va: 20
val_cha: 1000
nod_cha: 00000000000000000000000000000000
startid: 0000000200000000000000000000001a
next_id: 0000000200000000000000000000000e
versiid: 00000003201711181458
next_va: 20
val_cha: 1000
nod_cha: 00000000000000000000000000000000
startid: 0000000000000000000000000000001b
next_id: 0000000200000000000000000000000e
versiid: 00000003201711181458
next_va: 20
val_cha: 1000
nod_cha: 00000000000000000000000000000000
startid: 0000000100000000000000000000001c
next_id: 0000000200000000000000000000000e
versiid: 00000003201711181458
next_va: 20
val_cha: 1000
nod_cha: 00000000000000000000000000000000
startid: 0000000200000000000000000000001d
next_id: 0000000200000000000000000000000e
versiid: 00000003201711181458
next_va: 20
val_cha: 1000
nod_cha: 00000000000000000000000000000000
startid: 0000000000000000000000000000001e
next_id: 0000000200000000000000000000000e
versiid: 00000003201711181458
next_va: 20
val_cha: 1000
nod_cha: 00000000000000000000000000000000
startid: 0000000100000000000000000000001f
next_id: 0000000200000000000000000000000e
versiid: 00000003201711181458
next_va: 20
val_cha: 1000
nod_cha: 00000000000000000000000000000000
startid: 00000002000000000000000000000020
next_id: 0000000200000000000000000000000e
versiid: 00000003201711181458
next_va: 20
val_cha: 1000
nod_cha: 00000000000000000000000000000000
startid: 00000000000000000000000000000021
next_id: 0000000200000000000000000000000e
versiid: 00000003201711181458
next_va: 20
val_cha: 1000
nod_cha: 00000000000000000000000000000000
startid: 00000001000000000000000000000022
next_id: 0000000200000000000000000000000e
versiid: 00000003201711181458
next_va: 20
val_cha: 1000
nod_cha: 00000000000000000000000000000000
startid: 00000002000000000000000000000023
next_id: 0000000200000000000000000000000e
versiid: 00000003201711181458
next_va: 20
val_cha: 1000
nod_cha: 00000000000000000000000000000000
startid: 00000000000000000000000000000024
next_id: 0000000200000000000000000000000e
versiid: 00000003201711181458
next_va: 20
val_cha: 1000
nod_cha: 00000000000000000000000000000000
startid: 00000001000000000000000000000025
next_id: 0000000200000000000000000000000e
versiid: 00000003201711181458
next_va: 20
val_cha: 1000
nod_cha: 00000000000000000000000000000000
startid: 00000002000000000000000000000026
next_id: 0000000200000000000000000000000e
versiid: 00000003201711181458
next_va: 20
val_cha: 1000
nod_cha: 00000000000000000000000000000000
startid: 00000000000000000000000000000027
next_id: 0000000200000000000000000000000e
versiid: 00000003201711181458
next_va: 20
val_cha: 1000
nod_cha: 00000000000000000000000000000000
startid: 00000001000000000000000000000028
next_id: 0000000200000000000000000000000e
versiid: 00000003201711181458
next_va: 20
val_cha: 1000
nod_cha: 00000000000000000000000000000000
startid: 00000002000000000000000000000029
next_id: 0000000200000000000000000000000e
versiid: 00000003201711181458
next_va: 20
val_cha: 1000
nod_cha: 00000000000000000000000000000000
startid: 0000000000000000000000000000002a
next_id: 0000000200000000000000000000000e
versiid: 00000003201711181458
next_va: 20
val_cha: 1000
nod_cha: 00000000000000000000000000000000
startid: 0000000100000000000000000000002b
next_id: 0000000200000000000000000000000e
versiid: 00000003201711181458
next_va: 20
val_cha: 1000
nod_cha: 00000000000000000000000000000000
startid: 0000000200000000000000000000002c
next_id: 0000000200000000000000000000000e
versiid: 00000003201711181458
next_va: 20
val_cha: 1000
nod_cha: 00000000000000000000000000000000
startid: 0000000000000000000000000000002d
next_id: 0000000200000000000000000000000e
versiid: 00000003201711181458
next_va: 20
val_cha: 1000
nod_cha: 00000000000000000000000000000000
startid: 0000000100000000000000000000002e
next_id: 0000000200000000000000000000000e
versiid: 00000003201711181458
next_va: 20
val_cha: 1000
nod_cha: 00000000000000000000000000000000
startid: 0000000200000000000000000000002f
next_id: 0000000200000000000000000000000e
versiid: 00000003201711181458
next_va: 20
val_cha: 1000
nod_cha: 00000000000000000000000000000000
startid: 00000000000000000000000000000030
next_id: 0000000200000000000000000000000e
versiid: 00000003201711181458
next_va: 20
val_cha: 1000
nod_cha: 00000000000000000000000000000000
startid: 00000001000000000000000000000031
next_id: 0000000200000000000000000000000e
versiid: 00000003201711181458
next_va: 20
val_cha: 1000
nod_cha: 00000000000000000000000000000000
startid: 00000002000000000000000000000032
next_id: 0000000200000000000000000000000e
versiid: 00000003201711181458
next_va: 20
val_cha: 1000
nod_cha: 00000000000000000000000000000000
startid: 00000001000000000000000000000001
next_id: 00000002000000000000000000000011
versiid: 00000003201711181458
next_va: 20
val_cha: 1000
nod_cha: 00000000000000000000000000000000
startid: 00000002000000000000000000000002
next_id: 00000002000000000000000000000011
versiid: 00000003201711181458
next_va: 20
val_cha: 1000
nod_cha: 00000000000000000000000000000000
startid: 00000000000000000000000000000003
next_id: 00000002000000000000000000000011
versiid: 00000003201711181458
next_va: 20
val_cha: 1000
nod_cha: 00000000000000000000000000000000
startid: 00000001000000000000000000000004
next_id: 00000002000000000000000000000011
versiid: 00000003201711181458
next_va: 20
val_cha: 1000
nod_cha: 00000000000000000000000000000000
startid: 00000002000000000000000000000005
next_id: 00000002000000000000000000000011
versiid: 00000003201711181458
next_va: 20
val_cha: 1000
nod_cha: 00000000000000000000000000000000
startid: 00000000000000000000000000000006
next_id: 00000002000000000000000000000011
versiid: 00000003201711181458
next_va: 20
val_cha: 1000
nod_cha: 00000000000000000000000000000000
startid: 00000001000000000000000000000007
next_id: 00000002000000000000000000000011
versiid: 00000003201711181458
next_va: 20
val_cha: 1000
nod_cha: 00000000000000000000000000000000
startid: 00000002000000000000000000000008
next_id: 00000002000000000000000000000011
versiid: 00000003201711181458
next_va: 20
val_cha: 1000
nod_cha: 00000000000000000000000000000000
startid: 00000000000000000000000000000009
next_id: 00000002000000000000000000000011
versiid: 00000003201711181458
next_va: 20
val_cha: 1000
nod_cha: 00000000000000000000000000000000
startid: 0000000100000000000000000000000a
next_id: 00000002000000000000000000000011
versiid: 00000003201711181458
next_va: 20
val_cha: 1000
nod_cha: 00000000000000000000000000000000
startid: 0000000200000000000000000000000b
next_id: 00000002000000000000000000000011
versiid: 00000003201711181458
next_va: 20
val_cha: 1000
nod_cha: 00000000000000000000000000000000
startid: 0000000000000000000000000000000c
next_id: 00000002000000000000000000000011
versiid: 00000003201711181458
next_va: 20
val_cha: 1000
nod_cha: 00000000000000000000000000000000
startid: 0000000100000000000000000000000d
next_id: 00000002000000000000000000000011
versiid: 00000003201711181458
next_va: 20
val_cha: 1000
nod_cha: 00000000000000000000000000000000
startid: 0000000200000000000000000000000e
next_id: 00000002000000000000000000000011
versiid: 00000003201711181458
next_va: 20
val_cha: 1000
nod_cha: 00000000000000000000000000000000
startid: 0000000000000000000000000000000f
next_id: 00000002000000000000000000000011
versiid: 00000003201711181458
next_va: 20
val_cha: 1000
nod_cha: 00000000000000000000000000000000
startid: 00000001000000000000000000000010
next_id: 00000002000000000000000000000011
versiid: 00000003201711181458
next_va: 20
val_cha: 1000
nod_cha: 00000000000000000000000000000000
startid: 00000002000000000000000000000011
next_id: 00000002000000000000000000000011
versiid: 00000003201711181458
next_va: 20
val_cha: 1000
nod_cha: 00000000000000000000000000000000
startid: 00000000000000000000000000000012
next_id: 00000002000000000000000000000011
versiid: 00000003201711181458
next_va: 20
val_cha: 1000
nod_cha: 00000000000000000000000000000000
startid: 00000001000000000000000000000013
next_id: 00000002000000000000000000000011
versiid: 00000003201711181458
next_va: 20
val_cha: 1000
nod_cha: 00000000000000000000000000000000
startid: 00000002000000000000000000000014
next_id: 00000002000000000000000000000011
versiid: 00000003201711181458
next_va: 20
val_cha: 1000
nod_cha: 00000000000000000000000000000000
startid: 00000000000000000000000000000015
next_id: 00000002000000000000000000000011
versiid: 00000003201711181458
next_va: 20
val_cha: 1000
nod_cha: 00000000000000000000000000000000
startid: 00000001000000000000000000000016
next_id: 00000002000000000000000000000011
versiid: 00000003201711181458
next_va: 20
val_cha: 1000
nod_cha: 00000000000000000000000000000000
startid: 00000002000000000000000000000017
next_id: 00000002000000000000000000000011
versiid: 00000003201711181458
next_va: 20
val_cha: 1000
nod_cha: 00000000000000000000000000000000
startid: 00000000000000000000000000000018
next_id: 00000002000000000000000000000011
versiid: 00000003201711181458
next_va: 20
val_cha: 1000
nod_cha: 00000000000000000000000000000000
startid: 00000001000000000000000000000019
next_id: 00000002000000000000000000000011
versiid: 00000003201711181458
next_va: 20
val_cha: 1000
nod_cha: 00000000000000000000000000000000
startid: 0000000200000000000000000000001a
next_id: 00000002000000000000000000000011
versiid: 00000003201711181458
next_va: 20
val_cha: 1000
nod_cha: 00000000000000000000000000000000
startid: 0000000000000000000000000000001b
next_id: 00000002000000000000000000000011
versiid: 00000003201711181458
next_va: 20
val_cha: 1000
nod_cha: 00000000000000000000000000000000
startid: 0000000100000000000000000000001c
next_id: 00000002000000000000000000000011
versiid: 00000003201711181458
next_va: 20
val_cha: 1000
nod_cha: 00000000000000000000000000000000
startid: 0000000200000000000000000000001d
next_id: 00000002000000000000000000000011
versiid: 00000003201711181458
next_va: 20
val_cha: 1000
nod_cha: 00000000000000000000000000000000
startid: 0000000000000000000000000000001e
next_id: 00000002000000000000000000000011
versiid: 00000003201711181458
next_va: 20
val_cha: 1000
nod_cha: 00000000000000000000000000000000
startid: 0000000100000000000000000000001f
next_id: 00000002000000000000000000000011
versiid: 00000003201711181458
next_va: 20
val_cha: 1000
nod_cha: 00000000000000000000000000000000
startid: 00000002000000000000000000000020
next_id: 00000002000000000000000000000011
versiid: 00000003201711181458
next_va: 20
val_cha: 1000
nod_cha: 00000000000000000000000000000000
startid: 00000000000000000000000000000021
next_id: 00000002000000000000000000000011
versiid: 00000003201711181458
next_va: 20
val_cha: 1000
nod_cha: 00000000000000000000000000000000
startid: 00000001000000000000000000000022
next_id: 00000002000000000000000000000011
versiid: 00000003201711181458
next_va: 20
val_cha: 1000
nod_cha: 00000000000000000000000000000000
startid: 00000002000000000000000000000023
next_id: 00000002000000000000000000000011
versiid: 00000003201711181458
next_va: 20
val_cha: 1000
nod_cha: 00000000000000000000000000000000
startid: 00000000000000000000000000000024
next_id: 00000002000000000000000000000011
versiid: 00000003201711181458
next_va: 20
val_cha: 1000
nod_cha: 00000000000000000000000000000000
startid: 00000001000000000000000000000025
next_id: 00000002000000000000000000000011
versiid: 00000003201711181458
next_va: 20
val_cha: 1000
nod_cha: 00000000000000000000000000000000
startid: 00000002000000000000000000000026
next_id: 00000002000000000000000000000011
versiid: 00000003201711181458
next_va: 20
val_cha: 1000
nod_cha: 00000000000000000000000000000000
startid: 00000000000000000000000000000027
next_id: 00000002000000000000000000000011
versiid: 00000003201711181458
next_va: 20
val_cha: 1000
nod_cha: 00000000000000000000000000000000
startid: 00000001000000000000000000000028
next_id: 00000002000000000000000000000011
versiid: 00000003201711181458
next_va: 20
val_cha: 1000
nod_cha: 00000000000000000000000000000000
startid: 00000002000000000000000000000029
next_id: 00000002000000000000000000000011
versiid: 00000003201711181458
next_va: 20
val_cha: 1000
nod_cha: 00000000000000000000000000000000
startid: 0000000000000000000000000000002a
next_id: 00000002000000000000000000000011
versiid: 00000003201711181458
next_va: 20
val_cha: 1000
nod_cha: 00000000000000000000000000000000
startid: 0000000100000000000000000000002b
next_id: 00000002000000000000000000000011
versiid: 00000003201711181458
next_va: 20
val_cha: 1000
nod_cha: 00000000000000000000000000000000
startid: 0000000200000000000000000000002c
next_id: 00000002000000000000000000000011
versiid: 00000003201711181458
next_va: 20
val_cha: 1000
nod_cha: 00000000000000000000000000000000
startid: 0000000000000000000000000000002d
next_id: 00000002000000000000000000000011
versiid: 00000003201711181458
next_va: 20
val_cha: 1000
nod_cha: 00000000000000000000000000000000
startid: 0000000100000000000000000000002e
next_id: 00000002000000000000000000000011
versiid: 00000003201711181458
next_va: 20
val_cha: 1000
nod_cha: 00000000000000000000000000000000
startid: 0000000200000000000000000000002f
next_id: 00000002000000000000000000000011
versiid: 00000003201711181458
next_va: 20
val_cha: 1000
nod_cha: 00000000000000000000000000000000
startid: 00000000000000000000000000000030
next_id: 00000002000000000000000000000011
versiid: 00000003201711181458
next_va: 20
val_cha: 1000
nod_cha: 00000000000000000000000000000000
startid: 00000001000000000000000000000031
next_id: 00000002000000000000000000000011
versiid: 00000003201711181458
next_va: 20
val_cha: 1000
nod_cha: 00000000000000000000000000000000
startid: 00000002000000000000000000000032
next_id: 00000002000000000000000000000011
versiid: 00000003201711181458
next_va: 20
val_cha: 1000
nod_cha: 00000000000000000000000000000000
startid: 00000001000000000000000000000001
next_id: 00000002000000000000000000000014
versiid: 00000003201711181458
next_va: 20
val_cha: 1000
nod_cha: 00000000000000000000000000000000
startid: 00000002000000000000000000000002
next_id: 00000002000000000000000000000014
versiid: 00000003201711181458
next_va: 20
val_cha: 1000
nod_cha: 00000000000000000000000000000000
startid: 00000000000000000000000000000003
next_id: 00000002000000000000000000000014
versiid: 00000003201711181458
next_va: 20
val_cha: 1000
nod_cha: 00000000000000000000000000000000
startid: 00000001000000000000000000000004
next_id: 00000002000000000000000000000014
versiid: 00000003201711181458
next_va: 20
val_cha: 1000
nod_cha: 00000000000000000000000000000000
startid: 00000002000000000000000000000005
next_id: 00000002000000000000000000000014
versiid: 00000003201711181458
next_va: 20
val_cha: 1000
nod_cha: 00000000000000000000000000000000
startid: 00000000000000000000000000000006
next_id: 00000002000000000000000000000014
versiid: 00000003201711181458
next_va: 20
val_cha: 1000
nod_cha: 00000000000000000000000000000000
startid: 00000001000000000000000000000007
next_id: 00000002000000000000000000000014
versiid: 00000003201711181458
next_va: 20
val_cha: 1000
nod_cha: 00000000000000000000000000000000
startid: 00000002000000000000000000000008
next_id: 00000002000000000000000000000014
versiid: 00000003201711181458
next_va: 20
val_cha: 1000
nod_cha: 00000000000000000000000000000000
startid: 00000000000000000000000000000009
next_id: 00000002000000000000000000000014
versiid: 00000003201711181458
next_va: 20
val_cha: 1000
nod_cha: 00000000000000000000000000000000
startid: 0000000100000000000000000000000a
next_id: 00000002000000000000000000000014
versiid: 00000003201711181458
next_va: 20
val_cha: 1000
nod_cha: 00000000000000000000000000000000
startid: 0000000200000000000000000000000b
next_id: 00000002000000000000000000000014
versiid: 00000003201711181458
next_va: 20
val_cha: 1000
nod_cha: 00000000000000000000000000000000
startid: 0000000000000000000000000000000c
next_id: 00000002000000000000000000000014
versiid: 00000003201711181458
next_va: 20
val_cha: 1000
nod_cha: 00000000000000000000000000000000
startid: 0000000100000000000000000000000d
next_id: 00000002000000000000000000000014
versiid: 00000003201711181458
next_va: 20
val_cha: 1000
nod_cha: 00000000000000000000000000000000
startid: 0000000200000000000000000000000e
next_id: 00000002000000000000000000000014
versiid: 00000003201711181458
next_va: 20
val_cha: 1000
nod_cha: 00000000000000000000000000000000
startid: 0000000000000000000000000000000f
next_id: 00000002000000000000000000000014
versiid: 00000003201711181458
next_va: 20
val_cha: 1000
nod_cha: 00000000000000000000000000000000
startid: 00000001000000000000000000000010
next_id: 00000002000000000000000000000014
versiid: 00000003201711181458
next_va: 20
val_cha: 1000
nod_cha: 00000000000000000000000000000000
startid: 00000002000000000000000000000011
next_id: 00000002000000000000000000000014
versiid: 00000003201711181458
next_va: 20
val_cha: 1000
nod_cha: 00000000000000000000000000000000
startid: 00000000000000000000000000000012
next_id: 00000002000000000000000000000014
versiid: 00000003201711181458
next_va: 20
val_cha: 1000
nod_cha: 00000000000000000000000000000000
startid: 00000001000000000000000000000013
next_id: 00000002000000000000000000000014
versiid: 00000003201711181458
next_va: 20
val_cha: 1000
nod_cha: 00000000000000000000000000000000
startid: 00000002000000000000000000000014
next_id: 00000002000000000000000000000014
versiid: 00000003201711181458
next_va: 20
val_cha: 1000
nod_cha: 00000000000000000000000000000000
startid: 00000000000000000000000000000015
next_id: 00000002000000000000000000000014
versiid: 00000003201711181458
next_va: 20
val_cha: 1000
nod_cha: 00000000000000000000000000000000
startid: 00000001000000000000000000000016
next_id: 00000002000000000000000000000014
versiid: 00000003201711181458
next_va: 20
val_cha: 1000
nod_cha: 00000000000000000000000000000000
startid: 00000002000000000000000000000017
next_id: 00000002000000000000000000000014
versiid: 00000003201711181458
next_va: 20
val_cha: 1000
nod_cha: 00000000000000000000000000000000
startid: 00000000000000000000000000000018
next_id: 00000002000000000000000000000014
versiid: 00000003201711181458
next_va: 20
val_cha: 1000
nod_cha: 00000000000000000000000000000000
startid: 00000001000000000000000000000019
next_id: 00000002000000000000000000000014
versiid: 00000003201711181458
next_va: 20
val_cha: 1000
nod_cha: 00000000000000000000000000000000
startid: 0000000200000000000000000000001a
next_id: 00000002000000000000000000000014
versiid: 00000003201711181458
next_va: 20
val_cha: 1000
nod_cha: 00000000000000000000000000000000
startid: 0000000000000000000000000000001b
next_id: 00000002000000000000000000000014
versiid: 00000003201711181458
next_va: 20
val_cha: 1000
nod_cha: 00000000000000000000000000000000
startid: 0000000100000000000000000000001c
next_id: 00000002000000000000000000000014
versiid: 00000003201711181458
next_va: 20
val_cha: 1000
nod_cha: 00000000000000000000000000000000
startid: 0000000200000000000000000000001d
next_id: 00000002000000000000000000000014
versiid: 00000003201711181458
next_va: 20
val_cha: 1000
nod_cha: 00000000000000000000000000000000
startid: 0000000000000000000000000000001e
next_id: 00000002000000000000000000000014
versiid: 00000003201711181458
next_va: 20
val_cha: 1000
nod_cha: 00000000000000000000000000000000
startid: 0000000100000000000000000000001f
next_id: 00000002000000000000000000000014
versiid: 00000003201711181458
next_va: 20
val_cha: 1000
nod_cha: 00000000000000000000000000000000
startid: 00000002000000000000000000000020
next_id: 00000002000000000000000000000014
versiid: 00000003201711181458
next_va: 20
val_cha: 1000
nod_cha: 00000000000000000000000000000000
startid: 00000000000000000000000000000021
next_id: 00000002000000000000000000000014
versiid: 00000003201711181458
next_va: 20
val_cha: 1000
nod_cha: 00000000000000000000000000000000
startid: 00000001000000000000000000000022
next_id: 00000002000000000000000000000014
versiid: 00000003201711181458
next_va: 20
val_cha: 1000
nod_cha: 00000000000000000000000000000000
startid: 00000002000000000000000000000023
next_id: 00000002000000000000000000000014
versiid: 00000003201711181458
next_va: 20
val_cha: 1000
nod_cha: 00000000000000000000000000000000
startid: 00000000000000000000000000000024
next_id: 00000002000000000000000000000014
versiid: 00000003201711181458
next_va: 20
val_cha: 1000
nod_cha: 00000000000000000000000000000000
startid: 00000001000000000000000000000025
next_id: 00000002000000000000000000000014
versiid: 00000003201711181458
next_va: 20
val_cha: 1000
nod_cha: 00000000000000000000000000000000
startid: 00000002000000000000000000000026
next_id: 00000002000000000000000000000014
versiid: 00000003201711181458
next_va: 20
val_cha: 1000
nod_cha: 00000000000000000000000000000000
startid: 00000000000000000000000000000027
next_id: 00000002000000000000000000000014
versiid: 00000003201711181458
next_va: 20
val_cha: 1000
nod_cha: 00000000000000000000000000000000
startid: 00000001000000000000000000000028
next_id: 00000002000000000000000000000014
versiid: 00000003201711181458
next_va: 20
val_cha: 1000
nod_cha: 00000000000000000000000000000000
startid: 00000002000000000000000000000029
next_id: 00000002000000000000000000000014
versiid: 00000003201711181458
next_va: 20
val_cha: 1000
nod_cha: 00000000000000000000000000000000
startid: 0000000000000000000000000000002a
next_id: 00000002000000000000000000000014
versiid: 00000003201711181458
next_va: 20
val_cha: 1000
nod_cha: 00000000000000000000000000000000
startid: 0000000100000000000000000000002b
next_id: 00000002000000000000000000000014
versiid: 00000003201711181458
next_va: 20
val_cha: 1000
nod_cha: 00000000000000000000000000000000
startid: 0000000200000000000000000000002c
next_id: 00000002000000000000000000000014
versiid: 00000003201711181458
next_va: 20
val_cha: 1000
nod_cha: 00000000000000000000000000000000
startid: 0000000000000000000000000000002d
next_id: 00000002000000000000000000000014
versiid: 00000003201711181458
next_va: 20
val_cha: 1000
nod_cha: 00000000000000000000000000000000
startid: 0000000100000000000000000000002e
next_id: 00000002000000000000000000000014
versiid: 00000003201711181458
next_va: 20
val_cha: 1000
nod_cha: 00000000000000000000000000000000
startid: 0000000200000000000000000000002f
next_id: 00000002000000000000000000000014
versiid: 00000003201711181458
next_va: 20
val_cha: 1000
nod_cha: 00000000000000000000000000000000
startid: 00000000000000000000000000000030
next_id: 00000002000000000000000000000014
versiid: 00000003201711181458
next_va: 20
val_cha: 1000
nod_cha: 00000000000000000000000000000000
startid: 00000001000000000000000000000031
next_id: 00000002000000000000000000000014
versiid: 00000003201711181458
next_va: 20
val_cha: 1000
nod_cha: 00000000000000000000000000000000
startid: 00000002000000000000000000000032
next_id: 00000002000000000000000000000014
versiid: 00000003201711181458
next_va: 20
val_cha: 1000
nod_cha: 00000000000000000000000000000000
startid: 00000001000000000000000000000001
next_id: 00000002000000000000000000000017
versiid: 00000003201711181458
next_va: 20
val_cha: 1000
nod_cha: 00000000000000000000000000000000
startid: 00000002000000000000000000000002
next_id: 00000002000000000000000000000017
versiid: 00000003201711181458
next_va: 20
val_cha: 1000
nod_cha: 00000000000000000000000000000000
startid: 00000000000000000000000000000003
next_id: 00000002000000000000000000000017
versiid: 00000003201711181458
next_va: 20
val_cha: 1000
nod_cha: 00000000000000000000000000000000
startid: 00000001000000000000000000000004
next_id: 00000002000000000000000000000017
versiid: 00000003201711181458
next_va: 20
val_cha: 1000
nod_cha: 00000000000000000000000000000000
startid: 00000002000000000000000000000005
next_id: 00000002000000000000000000000017
versiid: 00000003201711181458
next_va: 20
val_cha: 1000
nod_cha: 00000000000000000000000000000000
startid: 00000000000000000000000000000006
next_id: 00000002000000000000000000000017
versiid: 00000003201711181458
next_va: 20
val_cha: 1000
nod_cha: 00000000000000000000000000000000
startid: 00000001000000000000000000000007
next_id: 00000002000000000000000000000017
versiid: 00000003201711181458
next_va: 20
val_cha: 1000
nod_cha: 00000000000000000000000000000000
startid: 00000002000000000000000000000008
next_id: 00000002000000000000000000000017
versiid: 00000003201711181458
next_va: 20
val_cha: 1000
nod_cha: 00000000000000000000000000000000
startid: 00000000000000000000000000000009
next_id: 00000002000000000000000000000017
versiid: 00000003201711181458
next_va: 20
val_cha: 1000
nod_cha: 00000000000000000000000000000000
startid: 0000000100000000000000000000000a
next_id: 00000002000000000000000000000017
versiid: 00000003201711181458
next_va: 20
val_cha: 1000
nod_cha: 00000000000000000000000000000000
startid: 0000000200000000000000000000000b
next_id: 00000002000000000000000000000017
versiid: 00000003201711181458
next_va: 20
val_cha: 1000
nod_cha: 00000000000000000000000000000000
startid: 0000000000000000000000000000000c
next_id: 00000002000000000000000000000017
versiid: 00000003201711181458
next_va: 20
val_cha: 1000
nod_cha: 00000000000000000000000000000000
startid: 0000000100000000000000000000000d
next_id: 00000002000000000000000000000017
versiid: 00000003201711181458
next_va: 20
val_cha: 1000
nod_cha: 00000000000000000000000000000000
startid: 0000000200000000000000000000000e
next_id: 00000002000000000000000000000017
versiid: 00000003201711181458
next_va: 20
val_cha: 1000
nod_cha: 00000000000000000000000000000000
startid: 0000000000000000000000000000000f
next_id: 00000002000000000000000000000017
versiid: 00000003201711181458
next_va: 20
val_cha: 1000
nod_cha: 00000000000000000000000000000000
startid: 00000001000000000000000000000010
next_id: 00000002000000000000000000000017
versiid: 00000003201711181458
next_va: 20
val_cha: 1000
nod_cha: 00000000000000000000000000000000
startid: 00000002000000000000000000000011
next_id: 00000002000000000000000000000017
versiid: 00000003201711181458
next_va: 20
val_cha: 1000
nod_cha: 00000000000000000000000000000000
startid: 00000000000000000000000000000012
next_id: 00000002000000000000000000000017
versiid: 00000003201711181458
next_va: 20
val_cha: 1000
nod_cha: 00000000000000000000000000000000
startid: 00000001000000000000000000000013
next_id: 00000002000000000000000000000017
versiid: 00000003201711181458
next_va: 20
val_cha: 1000
nod_cha: 00000000000000000000000000000000
startid: 00000002000000000000000000000014
next_id: 00000002000000000000000000000017
versiid: 00000003201711181458
next_va: 20
val_cha: 1000
nod_cha: 00000000000000000000000000000000
startid: 00000000000000000000000000000015
next_id: 00000002000000000000000000000017
versiid: 00000003201711181458
next_va: 20
val_cha: 1000
nod_cha: 00000000000000000000000000000000
startid: 00000001000000000000000000000016
next_id: 00000002000000000000000000000017
versiid: 00000003201711181458
next_va: 20
val_cha: 1000
nod_cha: 00000000000000000000000000000000
startid: 00000002000000000000000000000017
next_id: 00000002000000000000000000000017
versiid: 00000003201711181458
next_va: 20
val_cha: 1000
nod_cha: 00000000000000000000000000000000
startid: 00000000000000000000000000000018
next_id: 00000002000000000000000000000017
versiid: 00000003201711181458
next_va: 20
val_cha: 1000
nod_cha: 00000000000000000000000000000000
startid: 00000001000000000000000000000019
next_id: 00000002000000000000000000000017
versiid: 00000003201711181458
next_va: 20
val_cha: 1000
nod_cha: 00000000000000000000000000000000
startid: 0000000200000000000000000000001a
next_id: 00000002000000000000000000000017
versiid: 00000003201711181458
next_va: 20
val_cha: 1000
nod_cha: 00000000000000000000000000000000
startid: 0000000000000000000000000000001b
next_id: 00000002000000000000000000000017
versiid: 00000003201711181458
next_va: 20
val_cha: 1000
nod_cha: 00000000000000000000000000000000
startid: 0000000100000000000000000000001c
next_id: 00000002000000000000000000000017
versiid: 00000003201711181458
next_va: 20
val_cha: 1000
nod_cha: 00000000000000000000000000000000
startid: 0000000200000000000000000000001d
next_id: 00000002000000000000000000000017
versiid: 00000003201711181458
next_va: 20
val_cha: 1000
nod_cha: 00000000000000000000000000000000
startid: 0000000000000000000000000000001e
next_id: 00000002000000000000000000000017
versiid: 00000003201711181458
next_va: 20
val_cha: 1000
nod_cha: 00000000000000000000000000000000
startid: 0000000100000000000000000000001f
next_id: 00000002000000000000000000000017
versiid: 00000003201711181458
next_va: 20
val_cha: 1000
nod_cha: 00000000000000000000000000000000
startid: 00000002000000000000000000000020
next_id: 00000002000000000000000000000017
versiid: 00000003201711181458
next_va: 20
val_cha: 1000
nod_cha: 00000000000000000000000000000000
startid: 00000000000000000000000000000021
next_id: 00000002000000000000000000000017
versiid: 00000003201711181458
next_va: 20
val_cha: 1000
nod_cha: 00000000000000000000000000000000
startid: 00000001000000000000000000000022
next_id: 00000002000000000000000000000017
versiid: 00000003201711181458
next_va: 20
val_cha: 1000
nod_cha: 00000000000000000000000000000000
startid: 00000002000000000000000000000023
next_id: 00000002000000000000000000000017
versiid: 00000003201711181458
next_va: 20
val_cha: 1000
nod_cha: 00000000000000000000000000000000
startid: 00000000000000000000000000000024
next_id: 00000002000000000000000000000017
versiid: 00000003201711181458
next_va: 20
val_cha: 1000
nod_cha: 00000000000000000000000000000000
startid: 00000001000000000000000000000025
next_id: 00000002000000000000000000000017
versiid: 00000003201711181458
next_va: 20
val_cha: 1000
nod_cha: 00000000000000000000000000000000
startid: 00000002000000000000000000000026
next_id: 00000002000000000000000000000017
versiid: 00000003201711181458
next_va: 20
val_cha: 1000
nod_cha: 00000000000000000000000000000000
startid: 00000000000000000000000000000027
next_id: 00000002000000000000000000000017
versiid: 00000003201711181458
next_va: 20
val_cha: 1000
nod_cha: 00000000000000000000000000000000
startid: 00000001000000000000000000000028
next_id: 00000002000000000000000000000017
versiid: 00000003201711181458
next_va: 20
val_cha: 1000
nod_cha: 00000000000000000000000000000000
startid: 00000002000000000000000000000029
next_id: 00000002000000000000000000000017
versiid: 00000003201711181458
next_va: 20
val_cha: 1000
nod_cha: 00000000000000000000000000000000
startid: 0000000000000000000000000000002a
next_id: 00000002000000000000000000000017
versiid: 00000003201711181458
next_va: 20
val_cha: 1000
nod_cha: 00000000000000000000000000000000
startid: 0000000100000000000000000000002b
next_id: 00000002000000000000000000000017
versiid: 00000003201711181458
next_va: 20
val_cha: 1000
nod_cha: 00000000000000000000000000000000
startid: 0000000200000000000000000000002c
next_id: 00000002000000000000000000000017
versiid: 00000003201711181458
next_va: 20
val_cha: 1000
nod_cha: 00000000000000000000000000000000
startid: 0000000000000000000000000000002d
next_id: 00000002000000000000000000000017
versiid: 00000003201711181458
next_va: 20
val_cha: 1000
nod_cha: 00000000000000000000000000000000
startid: 0000000100000000000000000000002e
next_id: 00000002000000000000000000000017
versiid: 00000003201711181458
next_va: 20
val_cha: 1000
nod_cha: 00000000000000000000000000000000
startid: 0000000200000000000000000000002f
next_id: 00000002000000000000000000000017
versiid: 00000003201711181458
next_va: 20
val_cha: 1000
nod_cha: 00000000000000000000000000000000
startid: 00000000000000000000000000000030
next_id: 00000002000000000000000000000017
versiid: 00000003201711181458
next_va: 20
val_cha: 1000
nod_cha: 00000000000000000000000000000000
startid: 00000001000000000000000000000031
next_id: 00000002000000000000000000000017
versiid: 00000003201711181458
next_va: 20
val_cha: 1000
nod_cha: 00000000000000000000000000000000
startid: 00000002000000000000000000000032
next_id: 00000002000000000000000000000017
versiid: 00000003201711181458
next_va: 20
val_cha: 1000
nod_cha: 00000000000000000000000000000000
startid: 00000001000000000000000000000001
next_id: 0000000200000000000000000000001a
versiid: 00000003201711181458
next_va: 20
val_cha: 1000
nod_cha: 00000000000000000000000000000000
startid: 00000002000000000000000000000002
next_id: 0000000200000000000000000000001a
versiid: 00000003201711181458
next_va: 20
val_cha: 1000
nod_cha: 00000000000000000000000000000000
startid: 00000000000000000000000000000003
next_id: 0000000200000000000000000000001a
versiid: 00000003201711181458
next_va: 20
val_cha: 1000
nod_cha: 00000000000000000000000000000000
startid: 00000001000000000000000000000004
next_id: 0000000200000000000000000000001a
versiid: 00000003201711181458
next_va: 20
val_cha: 1000
nod_cha: 00000000000000000000000000000000
startid: 00000002000000000000000000000005
next_id: 0000000200000000000000000000001a
versiid: 00000003201711181458
next_va: 20
val_cha: 1000
nod_cha: 00000000000000000000000000000000
startid: 00000000000000000000000000000006
next_id: 0000000200000000000000000000001a
versiid: 00000003201711181458
next_va: 20
val_cha: 1000
nod_cha: 00000000000000000000000000000000
startid: 00000001000000000000000000000007
next_id: 0000000200000000000000000000001a
versiid: 00000003201711181458
next_va: 20
val_cha: 1000
nod_cha: 00000000000000000000000000000000
startid: 00000002000000000000000000000008
next_id: 0000000200000000000000000000001a
versiid: 00000003201711181458
next_va: 20
val_cha: 1000
nod_cha: 00000000000000000000000000000000
startid: 00000000000000000000000000000009
next_id: 0000000200000000000000000000001a
versiid: 00000003201711181458
next_va: 20
val_cha: 1000
nod_cha: 00000000000000000000000000000000
startid: 0000000100000000000000000000000a
next_id: 0000000200000000000000000000001a
versiid: 00000003201711181458
next_va: 20
val_cha: 1000
nod_cha: 00000000000000000000000000000000
startid: 0000000200000000000000000000000b
next_id: 0000000200000000000000000000001a
versiid: 00000003201711181458
next_va: 20
val_cha: 1000
nod_cha: 00000000000000000000000000000000
startid: 0000000000000000000000000000000c
next_id: 0000000200000000000000000000001a
versiid: 00000003201711181458
next_va: 20
val_cha: 1000
nod_cha: 00000000000000000000000000000000
startid: 0000000100000000000000000000000d
next_id: 0000000200000000000000000000001a
versiid: 00000003201711181458
next_va: 20
val_cha: 1000
nod_cha: 00000000000000000000000000000000
startid: 0000000200000000000000000000000e
next_id: 0000000200000000000000000000001a
versiid: 00000003201711181458
next_va: 20
val_cha: 1000
nod_cha: 00000000000000000000000000000000
startid: 0000000000000000000000000000000f
next_id: 0000000200000000000000000000001a
versiid: 00000003201711181458
next_va: 20
val_cha: 1000
nod_cha: 00000000000000000000000000000000
startid: 00000001000000000000000000000010
next_id: 0000000200000000000000000000001a
versiid: 00000003201711181458
next_va: 20
val_cha: 1000
nod_cha: 00000000000000000000000000000000
startid: 00000002000000000000000000000011
next_id: 0000000200000000000000000000001a
versiid: 00000003201711181458
next_va: 20
val_cha: 1000
nod_cha: 00000000000000000000000000000000
startid: 00000000000000000000000000000012
next_id: 0000000200000000000000000000001a
versiid: 00000003201711181458
next_va: 20
val_cha: 1000
nod_cha: 00000000000000000000000000000000
startid: 00000001000000000000000000000013
next_id: 0000000200000000000000000000001a
versiid: 00000003201711181458
next_va: 20
val_cha: 1000
nod_cha: 00000000000000000000000000000000
startid: 00000002000000000000000000000014
next_id: 0000000200000000000000000000001a
versiid: 00000003201711181458
next_va: 20
val_cha: 1000
nod_cha: 00000000000000000000000000000000
startid: 00000000000000000000000000000015
next_id: 0000000200000000000000000000001a
versiid: 00000003201711181458
next_va: 20
val_cha: 1000
nod_cha: 00000000000000000000000000000000
startid: 00000001000000000000000000000016
next_id: 0000000200000000000000000000001a
versiid: 00000003201711181458
next_va: 20
val_cha: 1000
nod_cha: 00000000000000000000000000000000
startid: 00000002000000000000000000000017
next_id: 0000000200000000000000000000001a
versiid: 00000003201711181458
next_va: 20
val_cha: 1000
nod_cha: 00000000000000000000000000000000
startid: 00000000000000000000000000000018
next_id: 0000000200000000000000000000001a
versiid: 00000003201711181458
next_va: 20
val_cha: 1000
nod_cha: 00000000000000000000000000000000
startid: 00000001000000000000000000000019
next_id: 0000000200000000000000000000001a
versiid: 00000003201711181458
next_va: 20
val_cha: 1000
nod_cha: 00000000000000000000000000000000
startid: 0000000200000000000000000000001a
next_id: 0000000200000000000000000000001a
versiid: 00000003201711181458
next_va: 20
val_cha: 1000
nod_cha: 00000000000000000000000000000000
startid: 0000000000000000000000000000001b
next_id: 0000000200000000000000000000001a
versiid: 00000003201711181458
next_va: 20
val_cha: 1000
nod_cha: 00000000000000000000000000000000
startid: 0000000100000000000000000000001c
next_id: 0000000200000000000000000000001a
versiid: 00000003201711181458
next_va: 20
val_cha: 1000
nod_cha: 00000000000000000000000000000000
startid: 0000000200000000000000000000001d
next_id: 0000000200000000000000000000001a
versiid: 00000003201711181458
next_va: 20
val_cha: 1000
nod_cha: 00000000000000000000000000000000
startid: 0000000000000000000000000000001e
next_id: 0000000200000000000000000000001a
versiid: 00000003201711181458
next_va: 20
val_cha: 1000
nod_cha: 00000000000000000000000000000000
startid: 0000000100000000000000000000001f
next_id: 0000000200000000000000000000001a
versiid: 00000003201711181458
next_va: 20
val_cha: 1000
nod_cha: 00000000000000000000000000000000
startid: 00000002000000000000000000000020
next_id: 0000000200000000000000000000001a
versiid: 00000003201711181458
next_va: 20
val_cha: 1000
nod_cha: 00000000000000000000000000000000
startid: 00000000000000000000000000000021
next_id: 0000000200000000000000000000001a
versiid: 00000003201711181458
next_va: 20
val_cha: 1000
nod_cha: 00000000000000000000000000000000
startid: 00000001000000000000000000000022
next_id: 0000000200000000000000000000001a
versiid: 00000003201711181458
next_va: 20
val_cha: 1000
nod_cha: 00000000000000000000000000000000
startid: 00000002000000000000000000000023
next_id: 0000000200000000000000000000001a
versiid: 00000003201711181458
next_va: 20
val_cha: 1000
nod_cha: 00000000000000000000000000000000
startid: 00000000000000000000000000000024
next_id: 0000000200000000000000000000001a
versiid: 00000003201711181458
next_va: 20
val_cha: 1000
nod_cha: 00000000000000000000000000000000
startid: 00000001000000000000000000000025
next_id: 0000000200000000000000000000001a
versiid: 00000003201711181458
next_va: 20
val_cha: 1000
nod_cha: 00000000000000000000000000000000
startid: 00000002000000000000000000000026
next_id: 0000000200000000000000000000001a
versiid: 00000003201711181458
next_va: 20
val_cha: 1000
nod_cha: 00000000000000000000000000000000
startid: 00000000000000000000000000000027
next_id: 0000000200000000000000000000001a
versiid: 00000003201711181458
next_va: 20
val_cha: 1000
nod_cha: 00000000000000000000000000000000
startid: 00000001000000000000000000000028
next_id: 0000000200000000000000000000001a
versiid: 00000003201711181458
next_va: 20
val_cha: 1000
nod_cha: 00000000000000000000000000000000
startid: 00000002000000000000000000000029
next_id: 0000000200000000000000000000001a
versiid: 00000003201711181458
next_va: 20
val_cha: 1000
nod_cha: 00000000000000000000000000000000
startid: 0000000000000000000000000000002a
next_id: 0000000200000000000000000000001a
versiid: 00000003201711181458
next_va: 20
val_cha: 1000
nod_cha: 00000000000000000000000000000000
startid: 0000000100000000000000000000002b
next_id: 0000000200000000000000000000001a
versiid: 00000003201711181458
next_va: 20
val_cha: 1000
nod_cha: 00000000000000000000000000000000
startid: 0000000200000000000000000000002c
next_id: 0000000200000000000000000000001a
versiid: 00000003201711181458
next_va: 20
val_cha: 1000
nod_cha: 00000000000000000000000000000000
startid: 0000000000000000000000000000002d
next_id: 0000000200000000000000000000001a
versiid: 00000003201711181458
next_va: 20
val_cha: 1000
nod_cha: 00000000000000000000000000000000
startid: 0000000100000000000000000000002e
next_id: 0000000200000000000000000000001a
versiid: 00000003201711181458
next_va: 20
val_cha: 1000
nod_cha: 00000000000000000000000000000000
startid: 0000000200000000000000000000002f
next_id: 0000000200000000000000000000001a
versiid: 00000003201711181458
next_va: 20
val_cha: 1000
nod_cha: 00000000000000000000000000000000
startid: 00000000000000000000000000000030
next_id: 0000000200000000000000000000001a
versiid: 00000003201711181458
next_va: 20
val_cha: 1000
nod_cha: 00000000000000000000000000000000
startid: 00000001000000000000000000000031
next_id: 0000000200000000000000000000001a
versiid: 00000003201711181458
next_va: 20
val_cha: 1000
nod_cha: 00000000000000000000000000000000
startid: 00000002000000000000000000000032
next_id: 0000000200000000000000000000001a
versiid: 00000003201711181458
next_va: 20
val_cha: 1000
nod_cha: 00000000000000000000000000000000
startid: 00000001000000000000000000000001
next_id: 0000000200000000000000000000001d
versiid: 00000003201711181458
next_va: 20
val_cha: 1000
nod_cha: 00000000000000000000000000000000
startid: 00000002000000000000000000000002
next_id: 0000000200000000000000000000001d
versiid: 00000003201711181458
next_va: 20
val_cha: 1000
nod_cha: 00000000000000000000000000000000
startid: 00000000000000000000000000000003
next_id: 0000000200000000000000000000001d
versiid: 00000003201711181458
next_va: 20
val_cha: 1000
nod_cha: 00000000000000000000000000000000
startid: 00000001000000000000000000000004
next_id: 0000000200000000000000000000001d
versiid: 00000003201711181458
next_va: 20
val_cha: 1000
nod_cha: 00000000000000000000000000000000
startid: 00000002000000000000000000000005
next_id: 0000000200000000000000000000001d
versiid: 00000003201711181458
next_va: 20
val_cha: 1000
nod_cha: 00000000000000000000000000000000
startid: 00000000000000000000000000000006
next_id: 0000000200000000000000000000001d
versiid: 00000003201711181458
next_va: 20
val_cha: 1000
nod_cha: 00000000000000000000000000000000
startid: 00000001000000000000000000000007
next_id: 0000000200000000000000000000001d
versiid: 00000003201711181458
next_va: 20
val_cha: 1000
nod_cha: 00000000000000000000000000000000
startid: 00000002000000000000000000000008
next_id: 0000000200000000000000000000001d
versiid: 00000003201711181458
next_va: 20
val_cha: 1000
nod_cha: 00000000000000000000000000000000
startid: 00000000000000000000000000000009
next_id: 0000000200000000000000000000001d
versiid: 00000003201711181458
next_va: 20
val_cha: 1000
nod_cha: 00000000000000000000000000000000
startid: 0000000100000000000000000000000a
next_id: 0000000200000000000000000000001d
versiid: 00000003201711181458
next_va: 20
val_cha: 1000
nod_cha: 00000000000000000000000000000000
startid: 0000000200000000000000000000000b
next_id: 0000000200000000000000000000001d
versiid: 00000003201711181458
next_va: 20
val_cha: 1000
nod_cha: 00000000000000000000000000000000
startid: 0000000000000000000000000000000c
next_id: 0000000200000000000000000000001d
versiid: 00000003201711181458
next_va: 20
val_cha: 1000
nod_cha: 00000000000000000000000000000000
startid: 0000000100000000000000000000000d
next_id: 0000000200000000000000000000001d
versiid: 00000003201711181458
next_va: 20
val_cha: 1000
nod_cha: 00000000000000000000000000000000
startid: 0000000200000000000000000000000e
next_id: 0000000200000000000000000000001d
versiid: 00000003201711181458
next_va: 20
val_cha: 1000
nod_cha: 00000000000000000000000000000000
startid: 0000000000000000000000000000000f
next_id: 0000000200000000000000000000001d
versiid: 00000003201711181458
next_va: 20
val_cha: 1000
nod_cha: 00000000000000000000000000000000
startid: 00000001000000000000000000000010
next_id: 0000000200000000000000000000001d
versiid: 00000003201711181458
next_va: 20
val_cha: 1000
nod_cha: 00000000000000000000000000000000
startid: 00000002000000000000000000000011
next_id: 0000000200000000000000000000001d
versiid: 00000003201711181458
next_va: 20
val_cha: 1000
nod_cha: 00000000000000000000000000000000
startid: 00000000000000000000000000000012
next_id: 0000000200000000000000000000001d
versiid: 00000003201711181458
next_va: 20
val_cha: 1000
nod_cha: 00000000000000000000000000000000
startid: 00000001000000000000000000000013
next_id: 0000000200000000000000000000001d
versiid: 00000003201711181458
next_va: 20
val_cha: 1000
nod_cha: 00000000000000000000000000000000
startid: 00000002000000000000000000000014
next_id: 0000000200000000000000000000001d
versiid: 00000003201711181458
next_va: 20
val_cha: 1000
nod_cha: 00000000000000000000000000000000
startid: 00000000000000000000000000000015
next_id: 0000000200000000000000000000001d
versiid: 00000003201711181458
next_va: 20
val_cha: 1000
nod_cha: 00000000000000000000000000000000
startid: 00000001000000000000000000000016
next_id: 0000000200000000000000000000001d
versiid: 00000003201711181458
next_va: 20
val_cha: 1000
nod_cha: 00000000000000000000000000000000
startid: 00000002000000000000000000000017
next_id: 0000000200000000000000000000001d
versiid: 00000003201711181458
next_va: 20
val_cha: 1000
nod_cha: 00000000000000000000000000000000
startid: 00000000000000000000000000000018
next_id: 0000000200000000000000000000001d
versiid: 00000003201711181458
next_va: 20
val_cha: 1000
nod_cha: 00000000000000000000000000000000
startid: 00000001000000000000000000000019
next_id: 0000000200000000000000000000001d
versiid: 00000003201711181458
next_va: 20
val_cha: 1000
nod_cha: 00000000000000000000000000000000
startid: 0000000200000000000000000000001a
next_id: 0000000200000000000000000000001d
versiid: 00000003201711181458
next_va: 20
val_cha: 1000
nod_cha: 00000000000000000000000000000000
startid: 0000000000000000000000000000001b
next_id: 0000000200000000000000000000001d
versiid: 00000003201711181458
next_va: 20
val_cha: 1000
nod_cha: 00000000000000000000000000000000
startid: 0000000100000000000000000000001c
next_id: 0000000200000000000000000000001d
versiid: 00000003201711181458
next_va: 20
val_cha: 1000
nod_cha: 00000000000000000000000000000000
startid: 0000000200000000000000000000001d
next_id: 0000000200000000000000000000001d
versiid: 00000003201711181458
next_va: 20
val_cha: 1000
nod_cha: 00000000000000000000000000000000
startid: 0000000000000000000000000000001e
next_id: 0000000200000000000000000000001d
versiid: 00000003201711181458
next_va: 20
val_cha: 1000
nod_cha: 00000000000000000000000000000000
startid: 0000000100000000000000000000001f
next_id: 0000000200000000000000000000001d
versiid: 00000003201711181458
next_va: 20
val_cha: 1000
nod_cha: 00000000000000000000000000000000
startid: 00000002000000000000000000000020
next_id: 0000000200000000000000000000001d
versiid: 00000003201711181458
next_va: 20
val_cha: 1000
nod_cha: 00000000000000000000000000000000
startid: 00000000000000000000000000000021
next_id: 0000000200000000000000000000001d
versiid: 00000003201711181458
next_va: 20
val_cha: 1000
nod_cha: 00000000000000000000000000000000
startid: 00000001000000000000000000000022
next_id: 0000000200000000000000000000001d
versiid: 00000003201711181458
next_va: 20
val_cha: 1000
nod_cha: 00000000000000000000000000000000
startid: 00000002000000000000000000000023
next_id: 0000000200000000000000000000001d
versiid: 00000003201711181458
next_va: 20
val_cha: 1000
nod_cha: 00000000000000000000000000000000
startid: 00000000000000000000000000000024
next_id: 0000000200000000000000000000001d
versiid: 00000003201711181458
next_va: 20
val_cha: 1000
nod_cha: 00000000000000000000000000000000
startid: 00000001000000000000000000000025
next_id: 0000000200000000000000000000001d
versiid: 00000003201711181458
next_va: 20
val_cha: 1000
nod_cha: 00000000000000000000000000000000
startid: 00000002000000000000000000000026
next_id: 0000000200000000000000000000001d
versiid: 00000003201711181458
next_va: 20
val_cha: 1000
nod_cha: 00000000000000000000000000000000
startid: 00000000000000000000000000000027
next_id: 0000000200000000000000000000001d
versiid: 00000003201711181458
next_va: 20
val_cha: 1000
nod_cha: 00000000000000000000000000000000
startid: 00000001000000000000000000000028
next_id: 0000000200000000000000000000001d
versiid: 00000003201711181458
next_va: 20
val_cha: 1000
nod_cha: 00000000000000000000000000000000
startid: 00000002000000000000000000000029
next_id: 0000000200000000000000000000001d
versiid: 00000003201711181458
next_va: 20
val_cha: 1000
nod_cha: 00000000000000000000000000000000
startid: 0000000000000000000000000000002a
next_id: 0000000200000000000000000000001d
versiid: 00000003201711181458
next_va: 20
val_cha: 1000
nod_cha: 00000000000000000000000000000000
startid: 0000000100000000000000000000002b
next_id: 0000000200000000000000000000001d
versiid: 00000003201711181458
next_va: 20
val_cha: 1000
nod_cha: 00000000000000000000000000000000
startid: 0000000200000000000000000000002c
next_id: 0000000200000000000000000000001d
versiid: 00000003201711181458
next_va: 20
val_cha: 1000
nod_cha: 00000000000000000000000000000000
startid: 0000000000000000000000000000002d
next_id: 0000000200000000000000000000001d
versiid: 00000003201711181458
next_va: 20
val_cha: 1000
nod_cha: 00000000000000000000000000000000
startid: 0000000100000000000000000000002e
next_id: 0000000200000000000000000000001d
versiid: 00000003201711181458
next_va: 20
val_cha: 1000
nod_cha: 00000000000000000000000000000000
startid: 0000000200000000000000000000002f
next_id: 0000000200000000000000000000001d
versiid: 00000003201711181458
next_va: 20
val_cha: 1000
nod_cha: 00000000000000000000000000000000
startid: 00000000000000000000000000000030
next_id: 0000000200000000000000000000001d
versiid: 00000003201711181458
next_va: 20
val_cha: 1000
nod_cha: 00000000000000000000000000000000
startid: 00000001000000000000000000000031
next_id: 0000000200000000000000000000001d
versiid: 00000003201711181458
next_va: 20
val_cha: 1000
nod_cha: 00000000000000000000000000000000
startid: 00000002000000000000000000000032
next_id: 0000000200000000000000000000001d
versiid: 00000003201711181458
next_va: 20
val_cha: 1000
nod_cha: 00000000000000000000000000000000
startid: 00000001000000000000000000000001
next_id: 00000002000000000000000000000020
versiid: 00000003201711181458
next_va: 20
val_cha: 1000
nod_cha: 00000000000000000000000000000000
startid: 00000002000000000000000000000002
next_id: 00000002000000000000000000000020
versiid: 00000003201711181458
next_va: 20
val_cha: 1000
nod_cha: 00000000000000000000000000000000
startid: 00000000000000000000000000000003
next_id: 00000002000000000000000000000020
versiid: 00000003201711181458
next_va: 20
val_cha: 1000
nod_cha: 00000000000000000000000000000000
startid: 00000001000000000000000000000004
next_id: 00000002000000000000000000000020
versiid: 00000003201711181458
next_va: 20
val_cha: 1000
nod_cha: 00000000000000000000000000000000
startid: 00000002000000000000000000000005
next_id: 00000002000000000000000000000020
versiid: 00000003201711181458
next_va: 20
val_cha: 1000
nod_cha: 00000000000000000000000000000000
startid: 00000000000000000000000000000006
next_id: 00000002000000000000000000000020
versiid: 00000003201711181458
next_va: 20
val_cha: 1000
nod_cha: 00000000000000000000000000000000
startid: 00000001000000000000000000000007
next_id: 00000002000000000000000000000020
versiid: 00000003201711181458
next_va: 20
val_cha: 1000
nod_cha: 00000000000000000000000000000000
startid: 00000002000000000000000000000008
next_id: 00000002000000000000000000000020
versiid: 00000003201711181458
next_va: 20
val_cha: 1000
nod_cha: 00000000000000000000000000000000
startid: 00000000000000000000000000000009
next_id: 00000002000000000000000000000020
versiid: 00000003201711181458
next_va: 20
val_cha: 1000
nod_cha: 00000000000000000000000000000000
startid: 0000000100000000000000000000000a
next_id: 00000002000000000000000000000020
versiid: 00000003201711181458
next_va: 20
val_cha: 1000
nod_cha: 00000000000000000000000000000000
startid: 0000000200000000000000000000000b
next_id: 00000002000000000000000000000020
versiid: 00000003201711181458
next_va: 20
val_cha: 1000
nod_cha: 00000000000000000000000000000000
startid: 0000000000000000000000000000000c
next_id: 00000002000000000000000000000020
versiid: 00000003201711181458
next_va: 20
val_cha: 1000
nod_cha: 00000000000000000000000000000000
startid: 0000000100000000000000000000000d
next_id: 00000002000000000000000000000020
versiid: 00000003201711181458
next_va: 20
val_cha: 1000
nod_cha: 00000000000000000000000000000000
startid: 0000000200000000000000000000000e
next_id: 00000002000000000000000000000020
versiid: 00000003201711181458
next_va: 20
val_cha: 1000
nod_cha: 00000000000000000000000000000000
startid: 0000000000000000000000000000000f
next_id: 00000002000000000000000000000020
versiid: 00000003201711181458
next_va: 20
val_cha: 1000
nod_cha: 00000000000000000000000000000000
startid: 00000001000000000000000000000010
next_id: 00000002000000000000000000000020
versiid: 00000003201711181458
next_va: 20
val_cha: 1000
nod_cha: 00000000000000000000000000000000
startid: 00000002000000000000000000000011
next_id: 00000002000000000000000000000020
versiid: 00000003201711181458
next_va: 20
val_cha: 1000
nod_cha: 00000000000000000000000000000000
startid: 00000000000000000000000000000012
next_id: 00000002000000000000000000000020
versiid: 00000003201711181458
next_va: 20
val_cha: 1000
nod_cha: 00000000000000000000000000000000
startid: 00000001000000000000000000000013
next_id: 00000002000000000000000000000020
versiid: 00000003201711181458
next_va: 20
val_cha: 1000
nod_cha: 00000000000000000000000000000000
startid: 00000002000000000000000000000014
next_id: 00000002000000000000000000000020
versiid: 00000003201711181458
next_va: 20
val_cha: 1000
nod_cha: 00000000000000000000000000000000
startid: 00000000000000000000000000000015
next_id: 00000002000000000000000000000020
versiid: 00000003201711181458
next_va: 20
val_cha: 1000
nod_cha: 00000000000000000000000000000000
startid: 00000001000000000000000000000016
next_id: 00000002000000000000000000000020
versiid: 00000003201711181458
next_va: 20
val_cha: 1000
nod_cha: 00000000000000000000000000000000
startid: 00000002000000000000000000000017
next_id: 00000002000000000000000000000020
versiid: 00000003201711181458
next_va: 20
val_cha: 1000
nod_cha: 00000000000000000000000000000000
startid: 00000000000000000000000000000018
next_id: 00000002000000000000000000000020
versiid: 00000003201711181458
next_va: 20
val_cha: 1000
nod_cha: 00000000000000000000000000000000
startid: 00000001000000000000000000000019
next_id: 00000002000000000000000000000020
versiid: 00000003201711181458
next_va: 20
val_cha: 1000
nod_cha: 00000000000000000000000000000000
startid: 0000000200000000000000000000001a
next_id: 00000002000000000000000000000020
versiid: 00000003201711181458
next_va: 20
val_cha: 1000
nod_cha: 00000000000000000000000000000000
startid: 0000000000000000000000000000001b
next_id: 00000002000000000000000000000020
versiid: 00000003201711181458
next_va: 20
val_cha: 1000
nod_cha: 00000000000000000000000000000000
startid: 0000000100000000000000000000001c
next_id: 00000002000000000000000000000020
versiid: 00000003201711181458
next_va: 20
val_cha: 1000
nod_cha: 00000000000000000000000000000000
startid: 0000000200000000000000000000001d
next_id: 00000002000000000000000000000020
versiid: 00000003201711181458
next_va: 20
val_cha: 1000
nod_cha: 00000000000000000000000000000000
startid: 0000000000000000000000000000001e
next_id: 00000002000000000000000000000020
versiid: 00000003201711181458
next_va: 20
val_cha: 1000
nod_cha: 00000000000000000000000000000000
startid: 0000000100000000000000000000001f
next_id: 00000002000000000000000000000020
versiid: 00000003201711181458
next_va: 20
val_cha: 1000
nod_cha: 00000000000000000000000000000000
startid: 00000002000000000000000000000020
next_id: 00000002000000000000000000000020
versiid: 00000003201711181458
next_va: 20
val_cha: 1000
nod_cha: 00000000000000000000000000000000
startid: 00000000000000000000000000000021
next_id: 00000002000000000000000000000020
versiid: 00000003201711181458
next_va: 20
val_cha: 1000
nod_cha: 00000000000000000000000000000000
startid: 00000001000000000000000000000022
next_id: 00000002000000000000000000000020
versiid: 00000003201711181458
next_va: 20
val_cha: 1000
nod_cha: 00000000000000000000000000000000
startid: 00000002000000000000000000000023
next_id: 00000002000000000000000000000020
versiid: 00000003201711181458
next_va: 20
val_cha: 1000
nod_cha: 00000000000000000000000000000000
startid: 00000000000000000000000000000024
next_id: 00000002000000000000000000000020
versiid: 00000003201711181458
next_va: 20
val_cha: 1000
nod_cha: 00000000000000000000000000000000
startid: 00000001000000000000000000000025
next_id: 00000002000000000000000000000020
versiid: 00000003201711181458
next_va: 20
val_cha: 1000
nod_cha: 00000000000000000000000000000000
startid: 00000002000000000000000000000026
next_id: 00000002000000000000000000000020
versiid: 00000003201711181458
next_va: 20
val_cha: 1000
nod_cha: 00000000000000000000000000000000
startid: 00000000000000000000000000000027
next_id: 00000002000000000000000000000020
versiid: 00000003201711181458
next_va: 20
val_cha: 1000
nod_cha: 00000000000000000000000000000000
startid: 00000001000000000000000000000028
next_id: 00000002000000000000000000000020
versiid: 00000003201711181458
next_va: 20
val_cha: 1000
nod_cha: 00000000000000000000000000000000
startid: 00000002000000000000000000000029
next_id: 00000002000000000000000000000020
versiid: 00000003201711181458
next_va: 20
val_cha: 1000
nod_cha: 00000000000000000000000000000000
startid: 0000000000000000000000000000002a
next_id: 00000002000000000000000000000020
versiid: 00000003201711181458
next_va: 20
val_cha: 1000
nod_cha: 00000000000000000000000000000000
startid: 0000000100000000000000000000002b
next_id: 00000002000000000000000000000020
versiid: 00000003201711181458
next_va: 20
val_cha: 1000
nod_cha: 00000000000000000000000000000000
startid: 0000000200000000000000000000002c
next_id: 00000002000000000000000000000020
versiid: 00000003201711181458
next_va: 20
val_cha: 1000
nod_cha: 00000000000000000000000000000000
startid: 0000000000000000000000000000002d
next_id: 00000002000000000000000000000020
versiid: 00000003201711181458
next_va: 20
val_cha: 1000
nod_cha: 00000000000000000000000000000000
startid: 0000000100000000000000000000002e
next_id: 00000002000000000000000000000020
versiid: 00000003201711181458
next_va: 20
val_cha: 1000
nod_cha: 00000000000000000000000000000000
startid: 0000000200000000000000000000002f
next_id: 00000002000000000000000000000020
versiid: 00000003201711181458
next_va: 20
val_cha: 1000
nod_cha: 00000000000000000000000000000000
startid: 00000000000000000000000000000030
next_id: 00000002000000000000000000000020
versiid: 00000003201711181458
next_va: 20
val_cha: 1000
nod_cha: 00000000000000000000000000000000
startid: 00000001000000000000000000000031
next_id: 00000002000000000000000000000020
versiid: 00000003201711181458
next_va: 20
val_cha: 1000
nod_cha: 00000000000000000000000000000000
startid: 00000002000000000000000000000032
next_id: 00000002000000000000000000000020
versiid: 00000003201711181458
next_va: 20
val_cha: 1000
nod_cha: 00000000000000000000000000000000
startid: 00000001000000000000000000000001
next_id: 00000002000000000000000000000023
versiid: 00000003201711181458
next_va: 20
val_cha: 1000
nod_cha: 00000000000000000000000000000000
startid: 00000002000000000000000000000002
next_id: 00000002000000000000000000000023
versiid: 00000003201711181458
next_va: 20
val_cha: 1000
nod_cha: 00000000000000000000000000000000
startid: 00000000000000000000000000000003
next_id: 00000002000000000000000000000023
versiid: 00000003201711181458
next_va: 20
val_cha: 1000
nod_cha: 00000000000000000000000000000000
startid: 00000001000000000000000000000004
next_id: 00000002000000000000000000000023
versiid: 00000003201711181458
next_va: 20
val_cha: 1000
nod_cha: 00000000000000000000000000000000
startid: 00000002000000000000000000000005
next_id: 00000002000000000000000000000023
versiid: 00000003201711181458
next_va: 20
val_cha: 1000
nod_cha: 00000000000000000000000000000000
startid: 00000000000000000000000000000006
next_id: 00000002000000000000000000000023
versiid: 00000003201711181458
next_va: 20
val_cha: 1000
nod_cha: 00000000000000000000000000000000
startid: 00000001000000000000000000000007
next_id: 00000002000000000000000000000023
versiid: 00000003201711181458
next_va: 20
val_cha: 1000
nod_cha: 00000000000000000000000000000000
startid: 00000002000000000000000000000008
next_id: 00000002000000000000000000000023
versiid: 00000003201711181458
next_va: 20
val_cha: 1000
nod_cha: 00000000000000000000000000000000
startid: 00000000000000000000000000000009
next_id: 00000002000000000000000000000023
versiid: 00000003201711181458
next_va: 20
val_cha: 1000
nod_cha: 00000000000000000000000000000000
startid: 0000000100000000000000000000000a
next_id: 00000002000000000000000000000023
versiid: 00000003201711181458
next_va: 20
val_cha: 1000
nod_cha: 00000000000000000000000000000000
startid: 0000000200000000000000000000000b
next_id: 00000002000000000000000000000023
versiid: 00000003201711181458
next_va: 20
val_cha: 1000
nod_cha: 00000000000000000000000000000000
startid: 0000000000000000000000000000000c
next_id: 00000002000000000000000000000023
versiid: 00000003201711181458
next_va: 20
val_cha: 1000
nod_cha: 00000000000000000000000000000000
startid: 0000000100000000000000000000000d
next_id: 00000002000000000000000000000023
versiid: 00000003201711181458
next_va: 20
val_cha: 1000
nod_cha: 00000000000000000000000000000000
startid: 0000000200000000000000000000000e
next_id: 00000002000000000000000000000023
versiid: 00000003201711181458
next_va: 20
val_cha: 1000
nod_cha: 00000000000000000000000000000000
startid: 0000000000000000000000000000000f
next_id: 00000002000000000000000000000023
versiid: 00000003201711181458
next_va: 20
val_cha: 1000
nod_cha: 00000000000000000000000000000000
startid: 00000001000000000000000000000010
next_id: 00000002000000000000000000000023
versiid: 00000003201711181458
next_va: 20
val_cha: 1000
nod_cha: 00000000000000000000000000000000
startid: 00000002000000000000000000000011
next_id: 00000002000000000000000000000023
versiid: 00000003201711181458
next_va: 20
val_cha: 1000
nod_cha: 00000000000000000000000000000000
startid: 00000000000000000000000000000012
next_id: 00000002000000000000000000000023
versiid: 00000003201711181458
next_va: 20
val_cha: 1000
nod_cha: 00000000000000000000000000000000
startid: 00000001000000000000000000000013
next_id: 00000002000000000000000000000023
versiid: 00000003201711181458
next_va: 20
val_cha: 1000
nod_cha: 00000000000000000000000000000000
startid: 00000002000000000000000000000014
next_id: 00000002000000000000000000000023
versiid: 00000003201711181458
next_va: 20
val_cha: 1000
nod_cha: 00000000000000000000000000000000
startid: 00000000000000000000000000000015
next_id: 00000002000000000000000000000023
versiid: 00000003201711181458
next_va: 20
val_cha: 1000
nod_cha: 00000000000000000000000000000000
startid: 00000001000000000000000000000016
next_id: 00000002000000000000000000000023
versiid: 00000003201711181458
next_va: 20
val_cha: 1000
nod_cha: 00000000000000000000000000000000
startid: 00000002000000000000000000000017
next_id: 00000002000000000000000000000023
versiid: 00000003201711181458
next_va: 20
val_cha: 1000
nod_cha: 00000000000000000000000000000000
startid: 00000000000000000000000000000018
next_id: 00000002000000000000000000000023
versiid: 00000003201711181458
next_va: 20
val_cha: 1000
nod_cha: 00000000000000000000000000000000
startid: 00000001000000000000000000000019
next_id: 00000002000000000000000000000023
versiid: 00000003201711181458
next_va: 20
val_cha: 1000
nod_cha: 00000000000000000000000000000000
startid: 0000000200000000000000000000001a
next_id: 00000002000000000000000000000023
versiid: 00000003201711181458
next_va: 20
val_cha: 1000
nod_cha: 00000000000000000000000000000000
startid: 0000000000000000000000000000001b
next_id: 00000002000000000000000000000023
versiid: 00000003201711181458
next_va: 20
val_cha: 1000
nod_cha: 00000000000000000000000000000000
startid: 0000000100000000000000000000001c
next_id: 00000002000000000000000000000023
versiid: 00000003201711181458
next_va: 20
val_cha: 1000
nod_cha: 00000000000000000000000000000000
startid: 0000000200000000000000000000001d
next_id: 00000002000000000000000000000023
versiid: 00000003201711181458
next_va: 20
val_cha: 1000
nod_cha: 00000000000000000000000000000000
startid: 0000000000000000000000000000001e
next_id: 00000002000000000000000000000023
versiid: 00000003201711181458
next_va: 20
val_cha: 1000
nod_cha: 00000000000000000000000000000000
startid: 0000000100000000000000000000001f
next_id: 00000002000000000000000000000023
versiid: 00000003201711181458
next_va: 20
val_cha: 1000
nod_cha: 00000000000000000000000000000000
startid: 00000002000000000000000000000020
next_id: 00000002000000000000000000000023
versiid: 00000003201711181458
next_va: 20
val_cha: 1000
nod_cha: 00000000000000000000000000000000
startid: 00000000000000000000000000000021
next_id: 00000002000000000000000000000023
versiid: 00000003201711181458
next_va: 20
val_cha: 1000
nod_cha: 00000000000000000000000000000000
startid: 00000001000000000000000000000022
next_id: 00000002000000000000000000000023
versiid: 00000003201711181458
next_va: 20
val_cha: 1000
nod_cha: 00000000000000000000000000000000
startid: 00000002000000000000000000000023
next_id: 00000002000000000000000000000023
versiid: 00000003201711181458
next_va: 20
val_cha: 1000
nod_cha: 00000000000000000000000000000000
startid: 00000000000000000000000000000024
next_id: 00000002000000000000000000000023
versiid: 00000003201711181458
next_va: 20
val_cha: 1000
nod_cha: 00000000000000000000000000000000
startid: 00000001000000000000000000000025
next_id: 00000002000000000000000000000023
versiid: 00000003201711181458
next_va: 20
val_cha: 1000
nod_cha: 00000000000000000000000000000000
startid: 00000002000000000000000000000026
next_id: 00000002000000000000000000000023
versiid: 00000003201711181458
next_va: 20
val_cha: 1000
nod_cha: 00000000000000000000000000000000
startid: 00000000000000000000000000000027
next_id: 00000002000000000000000000000023
versiid: 00000003201711181458
next_va: 20
val_cha: 1000
nod_cha: 00000000000000000000000000000000
startid: 00000001000000000000000000000028
next_id: 00000002000000000000000000000023
versiid: 00000003201711181458
next_va: 20
val_cha: 1000
nod_cha: 00000000000000000000000000000000
startid: 00000002000000000000000000000029
next_id: 00000002000000000000000000000023
versiid: 00000003201711181458
next_va: 20
val_cha: 1000
nod_cha: 00000000000000000000000000000000
startid: 0000000000000000000000000000002a
next_id: 00000002000000000000000000000023
versiid: 00000003201711181458
next_va: 20
val_cha: 1000
nod_cha: 00000000000000000000000000000000
startid: 0000000100000000000000000000002b
next_id: 00000002000000000000000000000023
versiid: 00000003201711181458
next_va: 20
val_cha: 1000
nod_cha: 00000000000000000000000000000000
startid: 0000000200000000000000000000002c
next_id: 00000002000000000000000000000023
versiid: 00000003201711181458
next_va: 20
val_cha: 1000
nod_cha: 00000000000000000000000000000000
startid: 0000000000000000000000000000002d
next_id: 00000002000000000000000000000023
versiid: 00000003201711181458
next_va: 20
val_cha: 1000
nod_cha: 00000000000000000000000000000000
startid: 0000000100000000000000000000002e
next_id: 00000002000000000000000000000023
versiid: 00000003201711181458
next_va: 20
val_cha: 1000
nod_cha: 00000000000000000000000000000000
startid: 0000000200000000000000000000002f
next_id: 00000002000000000000000000000023
versiid: 00000003201711181458
next_va: 20
val_cha: 1000
nod_cha: 00000000000000000000000000000000
startid: 00000000000000000000000000000030
next_id: 00000002000000000000000000000023
versiid: 00000003201711181458
next_va: 20
val_cha: 1000
nod_cha: 00000000000000000000000000000000
startid: 00000001000000000000000000000031
next_id: 00000002000000000000000000000023
versiid: 00000003201711181458
next_va: 20
val_cha: 1000
nod_cha: 00000000000000000000000000000000
startid: 00000002000000000000000000000032
next_id: 00000002000000000000000000000023
versiid: 00000003201711181458
next_va: 20
val_cha: 1000
nod_cha: 00000000000000000000000000000000
startid: 00000001000000000000000000000001
next_id: 00000002000000000000000000000026
versiid: 00000003201711181458
next_va: 20
val_cha: 1000
nod_cha: 00000000000000000000000000000000
startid: 00000002000000000000000000000002
next_id: 00000002000000000000000000000026
versiid: 00000003201711181458
next_va: 20
val_cha: 1000
nod_cha: 00000000000000000000000000000000
startid: 00000000000000000000000000000003
next_id: 00000002000000000000000000000026
versiid: 00000003201711181458
next_va: 20
val_cha: 1000
nod_cha: 00000000000000000000000000000000
startid: 00000001000000000000000000000004
next_id: 00000002000000000000000000000026
versiid: 00000003201711181458
next_va: 20
val_cha: 1000
nod_cha: 00000000000000000000000000000000
startid: 00000002000000000000000000000005
next_id: 00000002000000000000000000000026
versiid: 00000003201711181458
next_va: 20
val_cha: 1000
nod_cha: 00000000000000000000000000000000
startid: 00000000000000000000000000000006
next_id: 00000002000000000000000000000026
versiid: 00000003201711181458
next_va: 20
val_cha: 1000
nod_cha: 00000000000000000000000000000000
startid: 00000001000000000000000000000007
next_id: 00000002000000000000000000000026
versiid: 00000003201711181458
next_va: 20
val_cha: 1000
nod_cha: 00000000000000000000000000000000
startid: 00000002000000000000000000000008
next_id: 00000002000000000000000000000026
versiid: 00000003201711181458
next_va: 20
val_cha: 1000
nod_cha: 00000000000000000000000000000000
startid: 00000000000000000000000000000009
next_id: 00000002000000000000000000000026
versiid: 00000003201711181458
next_va: 20
val_cha: 1000
nod_cha: 00000000000000000000000000000000
startid: 0000000100000000000000000000000a
next_id: 00000002000000000000000000000026
versiid: 00000003201711181458
next_va: 20
val_cha: 1000
nod_cha: 00000000000000000000000000000000
startid: 0000000200000000000000000000000b
next_id: 00000002000000000000000000000026
versiid: 00000003201711181458
next_va: 20
val_cha: 1000
nod_cha: 00000000000000000000000000000000
startid: 0000000000000000000000000000000c
next_id: 00000002000000000000000000000026
versiid: 00000003201711181458
next_va: 20
val_cha: 1000
nod_cha: 00000000000000000000000000000000
startid: 0000000100000000000000000000000d
next_id: 00000002000000000000000000000026
versiid: 00000003201711181458
next_va: 20
val_cha: 1000
nod_cha: 00000000000000000000000000000000
startid: 0000000200000000000000000000000e
next_id: 00000002000000000000000000000026
versiid: 00000003201711181458
next_va: 20
val_cha: 1000
nod_cha: 00000000000000000000000000000000
startid: 0000000000000000000000000000000f
next_id: 00000002000000000000000000000026
versiid: 00000003201711181458
next_va: 20
val_cha: 1000
nod_cha: 00000000000000000000000000000000
startid: 00000001000000000000000000000010
next_id: 00000002000000000000000000000026
versiid: 00000003201711181458
next_va: 20
val_cha: 1000
nod_cha: 00000000000000000000000000000000
startid: 00000002000000000000000000000011
next_id: 00000002000000000000000000000026
versiid: 00000003201711181458
next_va: 20
val_cha: 1000
nod_cha: 00000000000000000000000000000000
startid: 00000000000000000000000000000012
next_id: 00000002000000000000000000000026
versiid: 00000003201711181458
next_va: 20
val_cha: 1000
nod_cha: 00000000000000000000000000000000
startid: 00000001000000000000000000000013
next_id: 00000002000000000000000000000026
versiid: 00000003201711181458
next_va: 20
val_cha: 1000
nod_cha: 00000000000000000000000000000000
startid: 00000002000000000000000000000014
next_id: 00000002000000000000000000000026
versiid: 00000003201711181458
next_va: 20
val_cha: 1000
nod_cha: 00000000000000000000000000000000
startid: 00000000000000000000000000000015
next_id: 00000002000000000000000000000026
versiid: 00000003201711181458
next_va: 20
val_cha: 1000
nod_cha: 00000000000000000000000000000000
startid: 00000001000000000000000000000016
next_id: 00000002000000000000000000000026
versiid: 00000003201711181458
next_va: 20
val_cha: 1000
nod_cha: 00000000000000000000000000000000
startid: 00000002000000000000000000000017
next_id: 00000002000000000000000000000026
versiid: 00000003201711181458
next_va: 20
val_cha: 1000
nod_cha: 00000000000000000000000000000000
startid: 00000000000000000000000000000018
next_id: 00000002000000000000000000000026
versiid: 00000003201711181458
next_va: 20
val_cha: 1000
nod_cha: 00000000000000000000000000000000
startid: 00000001000000000000000000000019
next_id: 00000002000000000000000000000026
versiid: 00000003201711181458
next_va: 20
val_cha: 1000
nod_cha: 00000000000000000000000000000000
startid: 0000000200000000000000000000001a
next_id: 00000002000000000000000000000026
versiid: 00000003201711181458
next_va: 20
val_cha: 1000
nod_cha: 00000000000000000000000000000000
startid: 0000000000000000000000000000001b
next_id: 00000002000000000000000000000026
versiid: 00000003201711181458
next_va: 20
val_cha: 1000
nod_cha: 00000000000000000000000000000000
startid: 0000000100000000000000000000001c
next_id: 00000002000000000000000000000026
versiid: 00000003201711181458
next_va: 20
val_cha: 1000
nod_cha: 00000000000000000000000000000000
startid: 0000000200000000000000000000001d
next_id: 00000002000000000000000000000026
versiid: 00000003201711181458
next_va: 20
val_cha: 1000
nod_cha: 00000000000000000000000000000000
startid: 0000000000000000000000000000001e
next_id: 00000002000000000000000000000026
versiid: 00000003201711181458
next_va: 20
val_cha: 1000
nod_cha: 00000000000000000000000000000000
startid: 0000000100000000000000000000001f
next_id: 00000002000000000000000000000026
versiid: 00000003201711181458
next_va: 20
val_cha: 1000
nod_cha: 00000000000000000000000000000000
startid: 00000002000000000000000000000020
next_id: 00000002000000000000000000000026
versiid: 00000003201711181458
next_va: 20
val_cha: 1000
nod_cha: 00000000000000000000000000000000
startid: 00000000000000000000000000000021
next_id: 00000002000000000000000000000026
versiid: 00000003201711181458
next_va: 20
val_cha: 1000
nod_cha: 00000000000000000000000000000000
startid: 00000001000000000000000000000022
next_id: 00000002000000000000000000000026
versiid: 00000003201711181458
next_va: 20
val_cha: 1000
nod_cha: 00000000000000000000000000000000
startid: 00000002000000000000000000000023
next_id: 00000002000000000000000000000026
versiid: 00000003201711181458
next_va: 20
val_cha: 1000
nod_cha: 00000000000000000000000000000000
startid: 00000000000000000000000000000024
next_id: 00000002000000000000000000000026
versiid: 00000003201711181458
next_va: 20
val_cha: 1000
nod_cha: 00000000000000000000000000000000
startid: 00000001000000000000000000000025
next_id: 00000002000000000000000000000026
versiid: 00000003201711181458
next_va: 20
val_cha: 1000
nod_cha: 00000000000000000000000000000000
startid: 00000002000000000000000000000026
next_id: 00000002000000000000000000000026
versiid: 00000003201711181458
next_va: 20
val_cha: 1000
nod_cha: 00000000000000000000000000000000
startid: 00000000000000000000000000000027
next_id: 00000002000000000000000000000026
versiid: 00000003201711181458
next_va: 20
val_cha: 1000
nod_cha: 00000000000000000000000000000000
startid: 00000001000000000000000000000028
next_id: 00000002000000000000000000000026
versiid: 00000003201711181458
next_va: 20
val_cha: 1000
nod_cha: 00000000000000000000000000000000
startid: 00000002000000000000000000000029
next_id: 00000002000000000000000000000026
versiid: 00000003201711181458
next_va: 20
val_cha: 1000
nod_cha: 00000000000000000000000000000000
startid: 0000000000000000000000000000002a
next_id: 00000002000000000000000000000026
versiid: 00000003201711181458
next_va: 20
val_cha: 1000
nod_cha: 00000000000000000000000000000000
startid: 0000000100000000000000000000002b
next_id: 00000002000000000000000000000026
versiid: 00000003201711181458
next_va: 20
val_cha: 1000
nod_cha: 00000000000000000000000000000000
startid: 0000000200000000000000000000002c
next_id: 00000002000000000000000000000026
versiid: 00000003201711181458
next_va: 20
val_cha: 1000
nod_cha: 00000000000000000000000000000000
startid: 0000000000000000000000000000002d
next_id: 00000002000000000000000000000026
versiid: 00000003201711181458
next_va: 20
val_cha: 1000
nod_cha: 00000000000000000000000000000000
startid: 0000000100000000000000000000002e
next_id: 00000002000000000000000000000026
versiid: 00000003201711181458
next_va: 20
val_cha: 1000
nod_cha: 00000000000000000000000000000000
startid: 0000000200000000000000000000002f
next_id: 00000002000000000000000000000026
versiid: 00000003201711181458
next_va: 20
val_cha: 1000
nod_cha: 00000000000000000000000000000000
startid: 00000000000000000000000000000030
next_id: 00000002000000000000000000000026
versiid: 00000003201711181458
next_va: 20
val_cha: 1000
nod_cha: 00000000000000000000000000000000
startid: 00000001000000000000000000000031
next_id: 00000002000000000000000000000026
versiid: 00000003201711181458
next_va: 20
val_cha: 1000
nod_cha: 00000000000000000000000000000000
startid: 00000002000000000000000000000032
next_id: 00000002000000000000000000000026
versiid: 00000003201711181458
next_va: 20
val_cha: 1000
nod_cha: 00000000000000000000000000000000
startid: 00000001000000000000000000000001
next_id: 00000002000000000000000000000029
versiid: 00000003201711181458
next_va: 20
val_cha: 1000
nod_cha: 00000000000000000000000000000000
startid: 00000002000000000000000000000002
next_id: 00000002000000000000000000000029
versiid: 00000003201711181458
next_va: 20
val_cha: 1000
nod_cha: 00000000000000000000000000000000
startid: 00000000000000000000000000000003
next_id: 00000002000000000000000000000029
versiid: 00000003201711181458
next_va: 20
val_cha: 1000
nod_cha: 00000000000000000000000000000000
startid: 00000001000000000000000000000004
next_id: 00000002000000000000000000000029
versiid: 00000003201711181458
next_va: 20
val_cha: 1000
nod_cha: 00000000000000000000000000000000
startid: 00000002000000000000000000000005
next_id: 00000002000000000000000000000029
versiid: 00000003201711181458
next_va: 20
val_cha: 1000
nod_cha: 00000000000000000000000000000000
startid: 00000000000000000000000000000006
next_id: 00000002000000000000000000000029
versiid: 00000003201711181458
next_va: 20
val_cha: 1000
nod_cha: 00000000000000000000000000000000
startid: 00000001000000000000000000000007
next_id: 00000002000000000000000000000029
versiid: 00000003201711181458
next_va: 20
val_cha: 1000
nod_cha: 00000000000000000000000000000000
startid: 00000002000000000000000000000008
next_id: 00000002000000000000000000000029
versiid: 00000003201711181458
next_va: 20
val_cha: 1000
nod_cha: 00000000000000000000000000000000
startid: 00000000000000000000000000000009
next_id: 00000002000000000000000000000029
versiid: 00000003201711181458
next_va: 20
val_cha: 1000
nod_cha: 00000000000000000000000000000000
startid: 0000000100000000000000000000000a
next_id: 00000002000000000000000000000029
versiid: 00000003201711181458
next_va: 20
val_cha: 1000
nod_cha: 00000000000000000000000000000000
startid: 0000000200000000000000000000000b
next_id: 00000002000000000000000000000029
versiid: 00000003201711181458
next_va: 20
val_cha: 1000
nod_cha: 00000000000000000000000000000000
startid: 0000000000000000000000000000000c
next_id: 00000002000000000000000000000029
versiid: 00000003201711181458
next_va: 20
val_cha: 1000
nod_cha: 00000000000000000000000000000000
startid: 0000000100000000000000000000000d
next_id: 00000002000000000000000000000029
versiid: 00000003201711181458
next_va: 20
val_cha: 1000
nod_cha: 00000000000000000000000000000000
startid: 0000000200000000000000000000000e
next_id: 00000002000000000000000000000029
versiid: 00000003201711181458
next_va: 20
val_cha: 1000
nod_cha: 00000000000000000000000000000000
startid: 0000000000000000000000000000000f
next_id: 00000002000000000000000000000029
versiid: 00000003201711181458
next_va: 20
val_cha: 1000
nod_cha: 00000000000000000000000000000000
startid: 00000001000000000000000000000010
next_id: 00000002000000000000000000000029
versiid: 00000003201711181458
next_va: 20
val_cha: 1000
nod_cha: 00000000000000000000000000000000
startid: 00000002000000000000000000000011
next_id: 00000002000000000000000000000029
versiid: 00000003201711181458
next_va: 20
val_cha: 1000
nod_cha: 00000000000000000000000000000000
startid: 00000000000000000000000000000012
next_id: 00000002000000000000000000000029
versiid: 00000003201711181458
next_va: 20
val_cha: 1000
nod_cha: 00000000000000000000000000000000
startid: 00000001000000000000000000000013
next_id: 00000002000000000000000000000029
versiid: 00000003201711181458
next_va: 20
val_cha: 1000
nod_cha: 00000000000000000000000000000000
startid: 00000002000000000000000000000014
next_id: 00000002000000000000000000000029
versiid: 00000003201711181458
next_va: 20
val_cha: 1000
nod_cha: 00000000000000000000000000000000
startid: 00000000000000000000000000000015
next_id: 00000002000000000000000000000029
versiid: 00000003201711181458
next_va: 20
val_cha: 1000
nod_cha: 00000000000000000000000000000000
startid: 00000001000000000000000000000016
next_id: 00000002000000000000000000000029
versiid: 00000003201711181458
next_va: 20
val_cha: 1000
nod_cha: 00000000000000000000000000000000
startid: 00000002000000000000000000000017
next_id: 00000002000000000000000000000029
versiid: 00000003201711181458
next_va: 20
val_cha: 1000
nod_cha: 00000000000000000000000000000000
startid: 00000000000000000000000000000018
next_id: 00000002000000000000000000000029
versiid: 00000003201711181458
next_va: 20
val_cha: 1000
nod_cha: 00000000000000000000000000000000
startid: 00000001000000000000000000000019
next_id: 00000002000000000000000000000029
versiid: 00000003201711181458
next_va: 20
val_cha: 1000
nod_cha: 00000000000000000000000000000000
startid: 0000000200000000000000000000001a
next_id: 00000002000000000000000000000029
versiid: 00000003201711181458
next_va: 20
val_cha: 1000
nod_cha: 00000000000000000000000000000000
startid: 0000000000000000000000000000001b
next_id: 00000002000000000000000000000029
versiid: 00000003201711181458
next_va: 20
val_cha: 1000
nod_cha: 00000000000000000000000000000000
startid: 0000000100000000000000000000001c
next_id: 00000002000000000000000000000029
versiid: 00000003201711181458
next_va: 20
val_cha: 1000
nod_cha: 00000000000000000000000000000000
startid: 0000000200000000000000000000001d
next_id: 00000002000000000000000000000029
versiid: 00000003201711181458
next_va: 20
val_cha: 1000
nod_cha: 00000000000000000000000000000000
startid: 0000000000000000000000000000001e
next_id: 00000002000000000000000000000029
versiid: 00000003201711181458
next_va: 20
val_cha: 1000
nod_cha: 00000000000000000000000000000000
startid: 0000000100000000000000000000001f
next_id: 00000002000000000000000000000029
versiid: 00000003201711181458
next_va: 20
val_cha: 1000
nod_cha: 00000000000000000000000000000000
startid: 00000002000000000000000000000020
next_id: 00000002000000000000000000000029
versiid: 00000003201711181458
next_va: 20
val_cha: 1000
nod_cha: 00000000000000000000000000000000
startid: 00000000000000000000000000000021
next_id: 00000002000000000000000000000029
versiid: 00000003201711181458
next_va: 20
val_cha: 1000
nod_cha: 00000000000000000000000000000000
startid: 00000001000000000000000000000022
next_id: 00000002000000000000000000000029
versiid: 00000003201711181458
next_va: 20
val_cha: 1000
nod_cha: 00000000000000000000000000000000
startid: 00000002000000000000000000000023
next_id: 00000002000000000000000000000029
versiid: 00000003201711181458
next_va: 20
val_cha: 1000
nod_cha: 00000000000000000000000000000000
startid: 00000000000000000000000000000024
next_id: 00000002000000000000000000000029
versiid: 00000003201711181458
next_va: 20
val_cha: 1000
nod_cha: 00000000000000000000000000000000
startid: 00000001000000000000000000000025
next_id: 00000002000000000000000000000029
versiid: 00000003201711181458
next_va: 20
val_cha: 1000
nod_cha: 00000000000000000000000000000000
startid: 00000002000000000000000000000026
next_id: 00000002000000000000000000000029
versiid: 00000003201711181458
next_va: 20
val_cha: 1000
nod_cha: 00000000000000000000000000000000
startid: 00000000000000000000000000000027
next_id: 00000002000000000000000000000029
versiid: 00000003201711181458
next_va: 20
val_cha: 1000
nod_cha: 00000000000000000000000000000000
startid: 00000001000000000000000000000028
next_id: 00000002000000000000000000000029
versiid: 00000003201711181458
next_va: 20
val_cha: 1000
nod_cha: 00000000000000000000000000000000
startid: 00000002000000000000000000000029
next_id: 00000002000000000000000000000029
versiid: 00000003201711181458
next_va: 20
val_cha: 1000
nod_cha: 00000000000000000000000000000000
startid: 0000000000000000000000000000002a
next_id: 00000002000000000000000000000029
versiid: 00000003201711181458
next_va: 20
val_cha: 1000
nod_cha: 00000000000000000000000000000000
startid: 0000000100000000000000000000002b
next_id: 00000002000000000000000000000029
versiid: 00000003201711181458
next_va: 20
val_cha: 1000
nod_cha: 00000000000000000000000000000000
startid: 0000000200000000000000000000002c
next_id: 00000002000000000000000000000029
versiid: 00000003201711181458
next_va: 20
val_cha: 1000
nod_cha: 00000000000000000000000000000000
startid: 0000000000000000000000000000002d
next_id: 00000002000000000000000000000029
versiid: 00000003201711181458
next_va: 20
val_cha: 1000
nod_cha: 00000000000000000000000000000000
startid: 0000000100000000000000000000002e
next_id: 00000002000000000000000000000029
versiid: 00000003201711181458
next_va: 20
val_cha: 1000
nod_cha: 00000000000000000000000000000000
startid: 0000000200000000000000000000002f
next_id: 00000002000000000000000000000029
versiid: 00000003201711181458
next_va: 20
val_cha: 1000
nod_cha: 00000000000000000000000000000000
startid: 00000000000000000000000000000030
next_id: 00000002000000000000000000000029
versiid: 00000003201711181458
next_va: 20
val_cha: 1000
nod_cha: 00000000000000000000000000000000
startid: 00000001000000000000000000000031
next_id: 00000002000000000000000000000029
versiid: 00000003201711181458
next_va: 20
val_cha: 1000
nod_cha: 00000000000000000000000000000000
startid: 00000002000000000000000000000032
next_id: 00000002000000000000000000000029
versiid: 00000003201711181458
next_va: 20
val_cha: 1000
nod_cha: 00000000000000000000000000000000
startid: 00000001000000000000000000000001
next_id: 0000000200000000000000000000002c
versiid: 00000003201711181458
next_va: 20
val_cha: 1000
nod_cha: 00000000000000000000000000000000
startid: 00000002000000000000000000000002
next_id: 0000000200000000000000000000002c
versiid: 00000003201711181458
next_va: 20
val_cha: 1000
nod_cha: 00000000000000000000000000000000
startid: 00000000000000000000000000000003
next_id: 0000000200000000000000000000002c
versiid: 00000003201711181458
next_va: 20
val_cha: 1000
nod_cha: 00000000000000000000000000000000
startid: 00000001000000000000000000000004
next_id: 0000000200000000000000000000002c
versiid: 00000003201711181458
next_va: 20
val_cha: 1000
nod_cha: 00000000000000000000000000000000
startid: 00000002000000000000000000000005
next_id: 0000000200000000000000000000002c
versiid: 00000003201711181458
next_va: 20
val_cha: 1000
nod_cha: 00000000000000000000000000000000
startid: 00000000000000000000000000000006
next_id: 0000000200000000000000000000002c
versiid: 00000003201711181458
next_va: 20
val_cha: 1000
nod_cha: 00000000000000000000000000000000
startid: 00000001000000000000000000000007
next_id: 0000000200000000000000000000002c
versiid: 00000003201711181458
next_va: 20
val_cha: 1000
nod_cha: 00000000000000000000000000000000
startid: 00000002000000000000000000000008
next_id: 0000000200000000000000000000002c
versiid: 00000003201711181458
next_va: 20
val_cha: 1000
nod_cha: 00000000000000000000000000000000
startid: 00000000000000000000000000000009
next_id: 0000000200000000000000000000002c
versiid: 00000003201711181458
next_va: 20
val_cha: 1000
nod_cha: 00000000000000000000000000000000
startid: 0000000100000000000000000000000a
next_id: 0000000200000000000000000000002c
versiid: 00000003201711181458
next_va: 20
val_cha: 1000
nod_cha: 00000000000000000000000000000000
startid: 0000000200000000000000000000000b
next_id: 0000000200000000000000000000002c
versiid: 00000003201711181458
next_va: 20
val_cha: 1000
nod_cha: 00000000000000000000000000000000
startid: 0000000000000000000000000000000c
next_id: 0000000200000000000000000000002c
versiid: 00000003201711181458
next_va: 20
val_cha: 1000
nod_cha: 00000000000000000000000000000000
startid: 0000000100000000000000000000000d
next_id: 0000000200000000000000000000002c
versiid: 00000003201711181458
next_va: 20
val_cha: 1000
nod_cha: 00000000000000000000000000000000
startid: 0000000200000000000000000000000e
next_id: 0000000200000000000000000000002c
versiid: 00000003201711181458
next_va: 20
val_cha: 1000
nod_cha: 00000000000000000000000000000000
startid: 0000000000000000000000000000000f
next_id: 0000000200000000000000000000002c
versiid: 00000003201711181458
next_va: 20
val_cha: 1000
nod_cha: 00000000000000000000000000000000
startid: 00000001000000000000000000000010
next_id: 0000000200000000000000000000002c
versiid: 00000003201711181458
next_va: 20
val_cha: 1000
nod_cha: 00000000000000000000000000000000
startid: 00000002000000000000000000000011
next_id: 0000000200000000000000000000002c
versiid: 00000003201711181458
next_va: 20
val_cha: 1000
nod_cha: 00000000000000000000000000000000
startid: 00000000000000000000000000000012
next_id: 0000000200000000000000000000002c
versiid: 00000003201711181458
next_va: 20
val_cha: 1000
nod_cha: 00000000000000000000000000000000
startid: 00000001000000000000000000000013
next_id: 0000000200000000000000000000002c
versiid: 00000003201711181458
next_va: 20
val_cha: 1000
nod_cha: 00000000000000000000000000000000
startid: 00000002000000000000000000000014
next_id: 0000000200000000000000000000002c
versiid: 00000003201711181458
next_va: 20
val_cha: 1000
nod_cha: 00000000000000000000000000000000
startid: 00000000000000000000000000000015
next_id: 0000000200000000000000000000002c
versiid: 00000003201711181458
next_va: 20
val_cha: 1000
nod_cha: 00000000000000000000000000000000
startid: 00000001000000000000000000000016
next_id: 0000000200000000000000000000002c
versiid: 00000003201711181458
next_va: 20
val_cha: 1000
nod_cha: 00000000000000000000000000000000
startid: 00000002000000000000000000000017
next_id: 0000000200000000000000000000002c
versiid: 00000003201711181458
next_va: 20
val_cha: 1000
nod_cha: 00000000000000000000000000000000
startid: 00000000000000000000000000000018
next_id: 0000000200000000000000000000002c
versiid: 00000003201711181458
next_va: 20
val_cha: 1000
nod_cha: 00000000000000000000000000000000
startid: 00000001000000000000000000000019
next_id: 0000000200000000000000000000002c
versiid: 00000003201711181458
next_va: 20
val_cha: 1000
nod_cha: 00000000000000000000000000000000
startid: 0000000200000000000000000000001a
next_id: 0000000200000000000000000000002c
versiid: 00000003201711181458
next_va: 20
val_cha: 1000
nod_cha: 00000000000000000000000000000000
startid: 0000000000000000000000000000001b
next_id: 0000000200000000000000000000002c
versiid: 00000003201711181458
next_va: 20
val_cha: 1000
nod_cha: 00000000000000000000000000000000
startid: 0000000100000000000000000000001c
next_id: 0000000200000000000000000000002c
versiid: 00000003201711181458
next_va: 20
val_cha: 1000
nod_cha: 00000000000000000000000000000000
startid: 0000000200000000000000000000001d
next_id: 0000000200000000000000000000002c
versiid: 00000003201711181458
next_va: 20
val_cha: 1000
nod_cha: 00000000000000000000000000000000
startid: 0000000000000000000000000000001e
next_id: 0000000200000000000000000000002c
versiid: 00000003201711181458
next_va: 20
val_cha: 1000
nod_cha: 00000000000000000000000000000000
startid: 0000000100000000000000000000001f
next_id: 0000000200000000000000000000002c
versiid: 00000003201711181458
next_va: 20
val_cha: 1000
nod_cha: 00000000000000000000000000000000
startid: 00000002000000000000000000000020
next_id: 0000000200000000000000000000002c
versiid: 00000003201711181458
next_va: 20
val_cha: 1000
nod_cha: 00000000000000000000000000000000
startid: 00000000000000000000000000000021
next_id: 0000000200000000000000000000002c
versiid: 00000003201711181458
next_va: 20
val_cha: 1000
nod_cha: 00000000000000000000000000000000
startid: 00000001000000000000000000000022
next_id: 0000000200000000000000000000002c
versiid: 00000003201711181458
next_va: 20
val_cha: 1000
nod_cha: 00000000000000000000000000000000
startid: 00000002000000000000000000000023
next_id: 0000000200000000000000000000002c
versiid: 00000003201711181458
next_va: 20
val_cha: 1000
nod_cha: 00000000000000000000000000000000
startid: 00000000000000000000000000000024
next_id: 0000000200000000000000000000002c
versiid: 00000003201711181458
next_va: 20
val_cha: 1000
nod_cha: 00000000000000000000000000000000
startid: 00000001000000000000000000000025
next_id: 0000000200000000000000000000002c
versiid: 00000003201711181458
next_va: 20
val_cha: 1000
nod_cha: 00000000000000000000000000000000
startid: 00000002000000000000000000000026
next_id: 0000000200000000000000000000002c
versiid: 00000003201711181458
next_va: 20
val_cha: 1000
nod_cha: 00000000000000000000000000000000
startid: 00000000000000000000000000000027
next_id: 0000000200000000000000000000002c
versiid: 00000003201711181458
next_va: 20
val_cha: 1000
nod_cha: 00000000000000000000000000000000
startid: 00000001000000000000000000000028
next_id: 0000000200000000000000000000002c
versiid: 00000003201711181458
next_va: 20
val_cha: 1000
nod_cha: 00000000000000000000000000000000
startid: 00000002000000000000000000000029
next_id: 0000000200000000000000000000002c
versiid: 00000003201711181458
next_va: 20
val_cha: 1000
nod_cha: 00000000000000000000000000000000
startid: 0000000000000000000000000000002a
next_id: 0000000200000000000000000000002c
versiid: 00000003201711181458
next_va: 20
val_cha: 1000
nod_cha: 00000000000000000000000000000000
startid: 0000000100000000000000000000002b
next_id: 0000000200000000000000000000002c
versiid: 00000003201711181458
next_va: 20
val_cha: 1000
nod_cha: 00000000000000000000000000000000
startid: 0000000200000000000000000000002c
next_id: 0000000200000000000000000000002c
versiid: 00000003201711181458
next_va: 20
val_cha: 1000
nod_cha: 00000000000000000000000000000000
startid: 0000000000000000000000000000002d
next_id: 0000000200000000000000000000002c
versiid: 00000003201711181458
next_va: 20
val_cha: 1000
nod_cha: 00000000000000000000000000000000
startid: 0000000100000000000000000000002e
next_id: 0000000200000000000000000000002c
versiid: 00000003201711181458
next_va: 20
val_cha: 1000
nod_cha: 00000000000000000000000000000000
startid: 0000000200000000000000000000002f
next_id: 0000000200000000000000000000002c
versiid: 00000003201711181458
next_va: 20
val_cha: 1000
nod_cha: 00000000000000000000000000000000
startid: 00000000000000000000000000000030
next_id: 0000000200000000000000000000002c
versiid: 00000003201711181458
next_va: 20
val_cha: 1000
nod_cha: 00000000000000000000000000000000
startid: 00000001000000000000000000000031
next_id: 0000000200000000000000000000002c
versiid: 00000003201711181458
next_va: 20
val_cha: 1000
nod_cha: 00000000000000000000000000000000
startid: 00000002000000000000000000000032
next_id: 0000000200000000000000000000002c
versiid: 00000003201711181458
next_va: 20
val_cha: 1000
nod_cha: 00000000000000000000000000000000
startid: 00000001000000000000000000000001
next_id: 0000000200000000000000000000002f
versiid: 00000003201711181458
next_va: 20
val_cha: 1000
nod_cha: 00000000000000000000000000000000
startid: 00000002000000000000000000000002
next_id: 0000000200000000000000000000002f
versiid: 00000003201711181458
next_va: 20
val_cha: 1000
nod_cha: 00000000000000000000000000000000
startid: 00000000000000000000000000000003
next_id: 0000000200000000000000000000002f
versiid: 00000003201711181458
next_va: 20
val_cha: 1000
nod_cha: 00000000000000000000000000000000
startid: 00000001000000000000000000000004
next_id: 0000000200000000000000000000002f
versiid: 00000003201711181458
next_va: 20
val_cha: 1000
nod_cha: 00000000000000000000000000000000
startid: 00000002000000000000000000000005
next_id: 0000000200000000000000000000002f
versiid: 00000003201711181458
next_va: 20
val_cha: 1000
nod_cha: 00000000000000000000000000000000
startid: 00000000000000000000000000000006
next_id: 0000000200000000000000000000002f
versiid: 00000003201711181458
next_va: 20
val_cha: 1000
nod_cha: 00000000000000000000000000000000
startid: 00000001000000000000000000000007
next_id: 0000000200000000000000000000002f
versiid: 00000003201711181458
next_va: 20
val_cha: 1000
nod_cha: 00000000000000000000000000000000
startid: 00000002000000000000000000000008
next_id: 0000000200000000000000000000002f
versiid: 00000003201711181458
next_va: 20
val_cha: 1000
nod_cha: 00000000000000000000000000000000
startid: 00000000000000000000000000000009
next_id: 0000000200000000000000000000002f
versiid: 00000003201711181458
next_va: 20
val_cha: 1000
nod_cha: 00000000000000000000000000000000
startid: 0000000100000000000000000000000a
next_id: 0000000200000000000000000000002f
versiid: 00000003201711181458
next_va: 20
val_cha: 1000
nod_cha: 00000000000000000000000000000000
startid: 0000000200000000000000000000000b
next_id: 0000000200000000000000000000002f
versiid: 00000003201711181458
next_va: 20
val_cha: 1000
nod_cha: 00000000000000000000000000000000
startid: 0000000000000000000000000000000c
next_id: 0000000200000000000000000000002f
versiid: 00000003201711181458
next_va: 20
val_cha: 1000
nod_cha: 00000000000000000000000000000000
startid: 0000000100000000000000000000000d
next_id: 0000000200000000000000000000002f
versiid: 00000003201711181458
next_va: 20
val_cha: 1000
nod_cha: 00000000000000000000000000000000
startid: 0000000200000000000000000000000e
next_id: 0000000200000000000000000000002f
versiid: 00000003201711181458
next_va: 20
val_cha: 1000
nod_cha: 00000000000000000000000000000000
startid: 0000000000000000000000000000000f
next_id: 0000000200000000000000000000002f
versiid: 00000003201711181458
next_va: 20
val_cha: 1000
nod_cha: 00000000000000000000000000000000
startid: 00000001000000000000000000000010
next_id: 0000000200000000000000000000002f
versiid: 00000003201711181458
next_va: 20
val_cha: 1000
nod_cha: 00000000000000000000000000000000
startid: 00000002000000000000000000000011
next_id: 0000000200000000000000000000002f
versiid: 00000003201711181458
next_va: 20
val_cha: 1000
nod_cha: 00000000000000000000000000000000
startid: 00000000000000000000000000000012
next_id: 0000000200000000000000000000002f
versiid: 00000003201711181458
next_va: 20
val_cha: 1000
nod_cha: 00000000000000000000000000000000
startid: 00000001000000000000000000000013
next_id: 0000000200000000000000000000002f
versiid: 00000003201711181458
next_va: 20
val_cha: 1000
nod_cha: 00000000000000000000000000000000
startid: 00000002000000000000000000000014
next_id: 0000000200000000000000000000002f
versiid: 00000003201711181458
next_va: 20
val_cha: 1000
nod_cha: 00000000000000000000000000000000
startid: 00000000000000000000000000000015
next_id: 0000000200000000000000000000002f
versiid: 00000003201711181458
next_va: 20
val_cha: 1000
nod_cha: 00000000000000000000000000000000
startid: 00000001000000000000000000000016
next_id: 0000000200000000000000000000002f
versiid: 00000003201711181458
next_va: 20
val_cha: 1000
nod_cha: 00000000000000000000000000000000
startid: 00000002000000000000000000000017
next_id: 0000000200000000000000000000002f
versiid: 00000003201711181458
next_va: 20
val_cha: 1000
nod_cha: 00000000000000000000000000000000
startid: 00000000000000000000000000000018
next_id: 0000000200000000000000000000002f
versiid: 00000003201711181458
next_va: 20
val_cha: 1000
nod_cha: 00000000000000000000000000000000
startid: 00000001000000000000000000000019
next_id: 0000000200000000000000000000002f
versiid: 00000003201711181458
next_va: 20
val_cha: 1000
nod_cha: 00000000000000000000000000000000
startid: 0000000200000000000000000000001a
next_id: 0000000200000000000000000000002f
versiid: 00000003201711181458
next_va: 20
val_cha: 1000
nod_cha: 00000000000000000000000000000000
startid: 0000000000000000000000000000001b
next_id: 0000000200000000000000000000002f
versiid: 00000003201711181458
next_va: 20
val_cha: 1000
nod_cha: 00000000000000000000000000000000
startid: 0000000100000000000000000000001c
next_id: 0000000200000000000000000000002f
versiid: 00000003201711181458
next_va: 20
val_cha: 1000
nod_cha: 00000000000000000000000000000000
startid: 0000000200000000000000000000001d
next_id: 0000000200000000000000000000002f
versiid: 00000003201711181458
next_va: 20
val_cha: 1000
nod_cha: 00000000000000000000000000000000
startid: 0000000000000000000000000000001e
next_id: 0000000200000000000000000000002f
versiid: 00000003201711181458
next_va: 20
val_cha: 1000
nod_cha: 00000000000000000000000000000000
startid: 0000000100000000000000000000001f
next_id: 0000000200000000000000000000002f
versiid: 00000003201711181458
next_va: 20
val_cha: 1000
nod_cha: 00000000000000000000000000000000
startid: 00000002000000000000000000000020
next_id: 0000000200000000000000000000002f
versiid: 00000003201711181458
next_va: 20
val_cha: 1000
nod_cha: 00000000000000000000000000000000
startid: 00000000000000000000000000000021
next_id: 0000000200000000000000000000002f
versiid: 00000003201711181458
next_va: 20
val_cha: 1000
nod_cha: 00000000000000000000000000000000
startid: 00000001000000000000000000000022
next_id: 0000000200000000000000000000002f
versiid: 00000003201711181458
next_va: 20
val_cha: 1000
nod_cha: 00000000000000000000000000000000
startid: 00000002000000000000000000000023
next_id: 0000000200000000000000000000002f
versiid: 00000003201711181458
next_va: 20
val_cha: 1000
nod_cha: 00000000000000000000000000000000
startid: 00000000000000000000000000000024
next_id: 0000000200000000000000000000002f
versiid: 00000003201711181458
next_va: 20
val_cha: 1000
nod_cha: 00000000000000000000000000000000
startid: 00000001000000000000000000000025
next_id: 0000000200000000000000000000002f
versiid: 00000003201711181458
next_va: 20
val_cha: 1000
nod_cha: 00000000000000000000000000000000
startid: 00000002000000000000000000000026
next_id: 0000000200000000000000000000002f
versiid: 00000003201711181458
next_va: 20
val_cha: 1000
nod_cha: 00000000000000000000000000000000
startid: 00000000000000000000000000000027
next_id: 0000000200000000000000000000002f
versiid: 00000003201711181458
next_va: 20
val_cha: 1000
nod_cha: 00000000000000000000000000000000
startid: 00000001000000000000000000000028
next_id: 0000000200000000000000000000002f
versiid: 00000003201711181458
next_va: 20
val_cha: 1000
nod_cha: 00000000000000000000000000000000
startid: 00000002000000000000000000000029
next_id: 0000000200000000000000000000002f
versiid: 00000003201711181458
next_va: 20
val_cha: 1000
nod_cha: 00000000000000000000000000000000
startid: 0000000000000000000000000000002a
next_id: 0000000200000000000000000000002f
versiid: 00000003201711181458
next_va: 20
val_cha: 1000
nod_cha: 00000000000000000000000000000000
startid: 0000000100000000000000000000002b
next_id: 0000000200000000000000000000002f
versiid: 00000003201711181458
next_va: 20
val_cha: 1000
nod_cha: 00000000000000000000000000000000
startid: 0000000200000000000000000000002c
next_id: 0000000200000000000000000000002f
versiid: 00000003201711181458
next_va: 20
val_cha: 1000
nod_cha: 00000000000000000000000000000000
startid: 0000000000000000000000000000002d
next_id: 0000000200000000000000000000002f
versiid: 00000003201711181458
next_va: 20
val_cha: 1000
nod_cha: 00000000000000000000000000000000
startid: 0000000100000000000000000000002e
next_id: 0000000200000000000000000000002f
versiid: 00000003201711181458
next_va: 20
val_cha: 1000
nod_cha: 00000000000000000000000000000000
startid: 0000000200000000000000000000002f
next_id: 0000000200000000000000000000002f
versiid: 00000003201711181458
next_va: 20
val_cha: 1000
nod_cha: 00000000000000000000000000000000
startid: 00000000000000000000000000000030
next_id: 0000000200000000000000000000002f
versiid: 00000003201711181458
next_va: 20
val_cha: 1000
nod_cha: 00000000000000000000000000000000
startid: 00000001000000000000000000000031
next_id: 0000000200000000000000000000002f
versiid: 00000003201711181458
next_va: 20
val_cha: 1000
nod_cha: 00000000000000000000000000000000
startid: 00000002000000000000000000000032
next_id: 0000000200000000000000000000002f
versiid: 00000003201711181458
next_va: 20
val_cha: 1000
nod_cha: 00000000000000000000000000000000
startid: 00000001000000000000000000000001
next_id: 00000002000000000000000000000032
versiid: 00000003201711181458
next_va: 20
val_cha: 1000
nod_cha: 00000000000000000000000000000000
startid: 00000002000000000000000000000002
next_id: 00000002000000000000000000000032
versiid: 00000003201711181458
next_va: 20
val_cha: 1000
nod_cha: 00000000000000000000000000000000
startid: 00000000000000000000000000000003
next_id: 00000002000000000000000000000032
versiid: 00000003201711181458
next_va: 20
val_cha: 1000
nod_cha: 00000000000000000000000000000000
startid: 00000001000000000000000000000004
next_id: 00000002000000000000000000000032
versiid: 00000003201711181458
next_va: 20
val_cha: 1000
nod_cha: 00000000000000000000000000000000
startid: 00000002000000000000000000000005
next_id: 00000002000000000000000000000032
versiid: 00000003201711181458
next_va: 20
val_cha: 1000
nod_cha: 00000000000000000000000000000000
startid: 00000000000000000000000000000006
next_id: 00000002000000000000000000000032
versiid: 00000003201711181458
next_va: 20
val_cha: 1000
nod_cha: 00000000000000000000000000000000
startid: 00000001000000000000000000000007
next_id: 00000002000000000000000000000032
versiid: 00000003201711181458
next_va: 20
val_cha: 1000
nod_cha: 00000000000000000000000000000000
startid: 00000002000000000000000000000008
next_id: 00000002000000000000000000000032
versiid: 00000003201711181458
next_va: 20
val_cha: 1000
nod_cha: 00000000000000000000000000000000
startid: 00000000000000000000000000000009
next_id: 00000002000000000000000000000032
versiid: 00000003201711181458
next_va: 20
val_cha: 1000
nod_cha: 00000000000000000000000000000000
startid: 0000000100000000000000000000000a
next_id: 00000002000000000000000000000032
versiid: 00000003201711181458
next_va: 20
val_cha: 1000
nod_cha: 00000000000000000000000000000000
startid: 0000000200000000000000000000000b
next_id: 00000002000000000000000000000032
versiid: 00000003201711181458
next_va: 20
val_cha: 1000
nod_cha: 00000000000000000000000000000000
startid: 0000000000000000000000000000000c
next_id: 00000002000000000000000000000032
versiid: 00000003201711181458
next_va: 20
val_cha: 1000
nod_cha: 00000000000000000000000000000000
startid: 0000000100000000000000000000000d
next_id: 00000002000000000000000000000032
versiid: 00000003201711181458
next_va: 20
val_cha: 1000
nod_cha: 00000000000000000000000000000000
startid: 0000000200000000000000000000000e
next_id: 00000002000000000000000000000032
versiid: 00000003201711181458
next_va: 20
val_cha: 1000
nod_cha: 00000000000000000000000000000000
startid: 0000000000000000000000000000000f
next_id: 00000002000000000000000000000032
versiid: 00000003201711181458
next_va: 20
val_cha: 1000
nod_cha: 00000000000000000000000000000000
startid: 00000001000000000000000000000010
next_id: 00000002000000000000000000000032
versiid: 00000003201711181458
next_va: 20
val_cha: 1000
nod_cha: 00000000000000000000000000000000
startid: 00000002000000000000000000000011
next_id: 00000002000000000000000000000032
versiid: 00000003201711181458
next_va: 20
val_cha: 1000
nod_cha: 00000000000000000000000000000000
startid: 00000000000000000000000000000012
next_id: 00000002000000000000000000000032
versiid: 00000003201711181458
next_va: 20
val_cha: 1000
nod_cha: 00000000000000000000000000000000
startid: 00000001000000000000000000000013
next_id: 00000002000000000000000000000032
versiid: 00000003201711181458
next_va: 20
val_cha: 1000
nod_cha: 00000000000000000000000000000000
startid: 00000002000000000000000000000014
next_id: 00000002000000000000000000000032
versiid: 00000003201711181458
next_va: 20
val_cha: 1000
nod_cha: 00000000000000000000000000000000
startid: 00000000000000000000000000000015
next_id: 00000002000000000000000000000032
versiid: 00000003201711181458
next_va: 20
val_cha: 1000
nod_cha: 00000000000000000000000000000000
startid: 00000001000000000000000000000016
next_id: 00000002000000000000000000000032
versiid: 00000003201711181458
next_va: 20
val_cha: 1000
nod_cha: 00000000000000000000000000000000
startid: 00000002000000000000000000000017
next_id: 00000002000000000000000000000032
versiid: 00000003201711181458
next_va: 20
val_cha: 1000
nod_cha: 00000000000000000000000000000000
startid: 00000000000000000000000000000018
next_id: 00000002000000000000000000000032
versiid: 00000003201711181458
next_va: 20
val_cha: 1000
nod_cha: 00000000000000000000000000000000
startid: 00000001000000000000000000000019
next_id: 00000002000000000000000000000032
versiid: 00000003201711181458
next_va: 20
val_cha: 1000
nod_cha: 00000000000000000000000000000000
startid: 0000000200000000000000000000001a
next_id: 00000002000000000000000000000032
versiid: 00000003201711181458
next_va: 20
val_cha: 1000
nod_cha: 00000000000000000000000000000000
startid: 0000000000000000000000000000001b
next_id: 00000002000000000000000000000032
versiid: 00000003201711181458
next_va: 20
val_cha: 1000
nod_cha: 00000000000000000000000000000000
startid: 0000000100000000000000000000001c
next_id: 00000002000000000000000000000032
versiid: 00000003201711181458
next_va: 20
val_cha: 1000
nod_cha: 00000000000000000000000000000000
startid: 0000000200000000000000000000001d
next_id: 00000002000000000000000000000032
versiid: 00000003201711181458
next_va: 20
val_cha: 1000
nod_cha: 00000000000000000000000000000000
startid: 0000000000000000000000000000001e
next_id: 00000002000000000000000000000032
versiid: 00000003201711181458
next_va: 20
val_cha: 1000
nod_cha: 00000000000000000000000000000000
startid: 0000000100000000000000000000001f
next_id: 00000002000000000000000000000032
versiid: 00000003201711181458
next_va: 20
val_cha: 1000
nod_cha: 00000000000000000000000000000000
startid: 00000002000000000000000000000020
next_id: 00000002000000000000000000000032
versiid: 00000003201711181458
next_va: 20
val_cha: 1000
nod_cha: 00000000000000000000000000000000
startid: 00000000000000000000000000000021
next_id: 00000002000000000000000000000032
versiid: 00000003201711181458
next_va: 20
val_cha: 1000
nod_cha: 00000000000000000000000000000000
startid: 00000001000000000000000000000022
next_id: 00000002000000000000000000000032
versiid: 00000003201711181458
next_va: 20
val_cha: 1000
nod_cha: 00000000000000000000000000000000
startid: 00000002000000000000000000000023
next_id: 00000002000000000000000000000032
versiid: 00000003201711181458
next_va: 20
val_cha: 1000
nod_cha: 00000000000000000000000000000000
startid: 00000000000000000000000000000024
next_id: 00000002000000000000000000000032
versiid: 00000003201711181458
next_va: 20
val_cha: 1000
nod_cha: 00000000000000000000000000000000
startid: 00000001000000000000000000000025
next_id: 00000002000000000000000000000032
versiid: 00000003201711181458
next_va: 20
val_cha: 1000
nod_cha: 00000000000000000000000000000000
startid: 00000002000000000000000000000026
next_id: 00000002000000000000000000000032
versiid: 00000003201711181458
next_va: 20
val_cha: 1000
nod_cha: 00000000000000000000000000000000
startid: 00000000000000000000000000000027
next_id: 00000002000000000000000000000032
versiid: 00000003201711181458
next_va: 20
val_cha: 1000
nod_cha: 00000000000000000000000000000000
startid: 00000001000000000000000000000028
next_id: 00000002000000000000000000000032
versiid: 00000003201711181458
next_va: 20
val_cha: 1000
nod_cha: 00000000000000000000000000000000
startid: 00000002000000000000000000000029
next_id: 00000002000000000000000000000032
versiid: 00000003201711181458
next_va: 20
val_cha: 1000
nod_cha: 00000000000000000000000000000000
startid: 0000000000000000000000000000002a
next_id: 00000002000000000000000000000032
versiid: 00000003201711181458
next_va: 20
val_cha: 1000
nod_cha: 00000000000000000000000000000000
startid: 0000000100000000000000000000002b
next_id: 00000002000000000000000000000032
versiid: 00000003201711181458
next_va: 20
val_cha: 1000
nod_cha: 00000000000000000000000000000000
startid: 0000000200000000000000000000002c
next_id: 00000002000000000000000000000032
versiid: 00000003201711181458
next_va: 20
val_cha: 1000
nod_cha: 00000000000000000000000000000000
startid: 0000000000000000000000000000002d
next_id: 00000002000000000000000000000032
versiid: 00000003201711181458
next_va: 20
val_cha: 1000
nod_cha: 00000000000000000000000000000000
startid: 0000000100000000000000000000002e
next_id: 00000002000000000000000000000032
versiid: 00000003201711181458
next_va: 20
val_cha: 1000
nod_cha: 00000000000000000000000000000000
startid: 0000000200000000000000000000002f
next_id: 00000002000000000000000000000032
versiid: 00000003201711181458
next_va: 20
val_cha: 1000
nod_cha: 00000000000000000000000000000000
startid: 00000000000000000000000000000030
next_id: 00000002000000000000000000000032
versiid: 00000003201711181458
next_va: 20
val_cha: 1000
nod_cha: 00000000000000000000000000000000
startid: 00000001000000000000000000000031
next_id: 00000002000000000000000000000032
versiid: 00000003201711181458
next_va: 20
val_cha: 1000
nod_cha: 00000000000000000000000000000000
startid: 00000002000000000000000000000032
next_id: 00000002000000000000000000000032
versiid: 00000003201711181458
next_va: 20
val_cha: 1000
nod_cha: 00000000000000000000000000000000
startid: 00000000000000000000000000000000
next_id: 0000000200000000000000000000001a
versiid: 00000003201711181458
next_va: 250
val_cha: 1000
nod_cha: 00000000000000000000000000000003
startid: 00000000000000000000000000000009
next_id: 0000000200000000000000000000001a
versiid: 00000003201711181458
next_va: 250
val_cha: 1000
nod_cha: 00000000000000000000000000000003
startid: 00000001000000000000000000000019
next_id: 0000000200000000000000000000001a
versiid: 00000003201711181458
next_va: 250
val_cha: 1000
nod_cha: 00000000000000000000000000000003
startid: 0000000200000000000000000000001a
next_id: 0000000200000000000000000000001a
versiid: 00000003201711181458
next_va: 250
val_cha: 1000
nod_cha: 00000000000000000000000000000003
startid: 00000000000000000000000000000000
next_id: 0000000200000000000000000000001a
versiid: 00000003201711181458
next_va: 166.667
val_cha: 1000
nod_cha: 00000000000000000000000000000009
startid: 00000000000000000000000000000003
next_id: 0000000200000000000000000000001a
versiid: 00000003201711181458
next_va: 166.667
val_cha: 1000
nod_cha: 00000000000000000000000000000009
startid: 00000000000000000000000000000015
next_id: 0000000200000000000000000000001a
versiid: 00000003201711181458
next_va: 166.667
val_cha: 1000
nod_cha: 00000000000000000000000000000009
startid: 00000001000000000000000000000019
next_id: 0000000200000000000000000000001a
versiid: 00000003201711181458
next_va: 166.667
val_cha: 1000
nod_cha: 00000000000000000000000000000009
startid: 0000000200000000000000000000001a
next_id: 0000000200000000000000000000001a
versiid: 00000003201711181458
next_va: 166.667
val_cha: 1000
nod_cha: 00000000000000000000000000000009
startid: 0000000000000000000000000000001e
next_id: 0000000200000000000000000000001a
versiid: 00000003201711181458
next_va: 166.667
val_cha: 1000
nod_cha: 00000000000000000000000000000009
startid: 00000000000000000000000000000000
next_id: 0000000200000000000000000000001a
versiid: 00000003201711181458
next_va: 125
val_cha: 1000
nod_cha: 00000000000000000000000000000015
startid: 00000000000000000000000000000009
next_id: 0000000200000000000000000000001a
versiid: 00000003201711181458
next_va: 125
val_cha: 1000
nod_cha: 00000000000000000000000000000015
startid: 0000000100000000000000000000000d
next_id: 0000000200000000000000000000001a
versiid: 00000003201711181458
next_va: 125
val_cha: 1000
nod_cha: 00000000000000000000000000000015
startid: 00000001000000000000000000000019
next_id: 0000000200000000000000000000001a
versiid: 00000003201711181458
next_va: 125
val_cha: 1000
nod_cha: 00000000000000000000000000000015
startid: 0000000200000000000000000000001a
next_id: 0000000200000000000000000000001a
versiid: 00000003201711181458
next_va: 125
val_cha: 1000
nod_cha: 00000000000000000000000000000015
startid: 0000000100000000000000000000001f
next_id: 0000000200000000000000000000001a
versiid: 00000003201711181458
next_va: 125
val_cha: 1000
nod_cha: 00000000000000000000000000000015
startid: 00000000000000000000000000000027
next_id: 0000000200000000000000000000001a
versiid: 00000003201711181458
next_va: 125
val_cha: 1000
nod_cha: 00000000000000000000000000000015
startid: 00000001000000000000000000000028
next_id: 0000000200000000000000000000001a
versiid: 00000003201711181458
next_va: 125
val_cha: 1000
nod_cha: 00000000000000000000000000000015
startid: 
next_id: 
versiid: 
next_va: 0
val_cha: 
nod_cha: 
startid: 00000001000000000000000000000001
next_id: 00000002000000000000000000000002
versiid: 00000003201711181458
next_va: 20
val_cha: 1000
nod_cha: 0000000000000000000000
startid: 0000000000000000000002
next_id: 0000000000000000000002
versiid: 1711181458
next_va: 3.14828e-307
val_cha: 00000000000000000000000000000000
nod_cha: 000000000000
startid: 000000000003
next_id: 000000000002
versiid: 
next_va: 1.39804e-76
val_cha: 0000000000000000000000
nod_cha: 00
startid: 04
next_id: 02
versiid: 
next_va: 1.39804e-76
val_cha: 000000000000
nod_cha: 02000000000000000000000005
startid: 02000000000000000000000002
next_id: 03201711181458
versiid: ULL
next_va: 1.39804e-76
val_cha: 00
nod_cha: 0000000000000006
startid: 0000000000000002
next_id: 1458
versiid: 00000000000000000000000000
next_va: 1.39804e-76
val_cha: 01000000000000000000000007
nod_cha: 000007
startid: 000002
next_id: 
versiid: 0000000000000000
next_va: 1.39804e-76
val_cha: 0000000000000008
nod_cha: 000002000000000000000000000002
startid: 000003201711181458
next_id: 00
versiid: 000000
next_va: 1.39804e-76
val_cha: 000009
nod_cha: 00000000000000000002
startid: 11181458
next_id: 000000000000000000000000000000
versiid: 00000100000000000000000000000a
next_va: 1.38179e-76
val_cha: 000002000000000000000000000002
nod_cha: 0000000002
startid: 
next_id: 00000000000000000000
versiid: 0000000000000000000b
next_va: 1.39804e-76
val_cha: 00000000000000000002
nod_cha: 
startid: 4@1000
next_id: 0000000000
versiid: 000000000c
next_va: 1.39804e-76
val_cha: 0000000002
nod_cha: 201711181458
startid: L
next_id: 
versiid: 
next_va: 6.00455e-67
val_cha: 
nod_cha: 58
startid: 000000000000000000000000
next_id: 00000000000000000000000e
versiid: 000000000000000000000002
next_va: 3.93514e-62
val_cha: 201711181458
nod_cha: 
startid: 00000000000000
next_id: 0000000000000f
versiid: 00000000000002
next_va: 2.74322e-57
val_cha: 58
nod_cha: 
startid: 0000
next_id: 0010
versiid: 0002
next_va: 0
val_cha: 
nod_cha: 0000000000000000000000000000
startid: 0002000000000000000000000011
next_id: 0002000000000000000000000002
versiid: 0003201711181458
next_va: 1.39804e-76
val_cha: 
nod_cha: 000000000000000000
startid: 000000000000000012
next_id: 000000000000000002
versiid: 181458
next_va: 1.39804e-76
val_cha: 0000000000000000000000000000
nod_cha: 00000000
startid: 00000013
next_id: 00000002
versiid: 
next_va: 1.39804e-76
val_cha: 000000000000000000
nod_cha: 00000002000000000000000000000014
startid: 00000002000000000000000000000002
next_id: 00000003201711181458
versiid: 1000
next_va: 1.39804e-76
val_cha: 00000000
nod_cha: 0000000000000000000015
startid: 0000000000000000000002
next_id: 1711181458
versiid: 00000000000000000000000000000000
next_va: 2.61773e-310
val_cha: 00000001000000000000000000000016
nod_cha: 000000000016
startid: 000000000002
next_id: 
versiid: 0000000000000000000000
next_va: 1.39872e-76
val_cha: 0000000000000000000017
nod_cha: 17
startid: 02
next_id: 
versiid: 000000000000
next_va: 1.39804e-76
val_cha: 000000000018
nod_cha: 02000000000000000000000002
startid: 03201711181458
next_id: ULL
versiid: 00
next_va: 1.39804e-76
val_cha: 19
nod_cha: 0000000000000002
startid: 1458
next_id: 00000000000000000000000000
versiid: 0200000000000000000000001a
next_va: 1.39804e-76
val_cha: 02000000000000000000000002
nod_cha: 000002
startid: 
next_id: 0000000000000000
versiid: 000000000000001b
next_va: 1.39804e-76
val_cha: 0000000000000002
nod_cha: 000003201711181458
startid: 00
next_id: 000000
versiid: 00001c
next_va: 1.39804e-76
val_cha: 000002
nod_cha: 11181458
startid: 000000000000000000000000000000
next_id: 00000200000000000000000000001d
versiid: 000002000000000000000000000002
next_va: 1.38179e-76
val_cha: 000003201711181458
nod_cha: 
startid: 00000000000000000000
next_id: 0000000000000000001e
versiid: 00000000000000000002
next_va: 7.70749e-43
val_cha: 11181458
nod_cha: 4@1000
startid: 0000000000
next_id: 000000001f
versiid: 0000000002
next_va: 3.05338e-310
val_cha: 
nod_cha: L
startid: 
next_id: 
versiid: 
next_va: 0
val_cha: 4@1000
nod_cha: 000000000000000000000000
startid: 000000000000000000000021
next_id: 000000000000000000000002
versiid: 201711181458
next_va: 5.34927e+59
val_cha: L
nod_cha: 00000000000000
startid: 00000000000022
next_id: 00000000000002
versiid: 58
next_va: 1.39804e-76
val_cha: 000000000000000000000000
nod_cha: 0000
startid: 0023
next_id: 0002
versiid: 
next_va: 1.39804e-76
val_cha: 00000000000000
nod_cha: 0000000000000000000000000024
startid: 0002000000000000000000000002
next_id: 0003201711181458
versiid: 
next_va: 1.39804e-76
val_cha: 0000
nod_cha: 000000000000000025
startid: 000000000000000002
next_id: 181458
versiid: 0000000000000000000000000000
next_va: 1.39804e-76
val_cha: 0002000000000000000000000026
nod_cha: 00000026
startid: 00000002
next_id: 
versiid: 000000000000000000
next_va: 1.39804e-76
val_cha: 000000000000000027
nod_cha: 00000002000000000000000000000002
startid: 00000003201711181458
next_id: 1000
versiid: 00000000
next_va: 1.39804e-76
val_cha: 00000028
nod_cha: 0000000000000000000002
startid: 1711181458
next_id: 00000000000000000000000000000000
versiid: 00000002000000000000000000000029
next_va: 3.10707e-310
val_cha: 00000002000000000000000000000002
nod_cha: 000000000002
startid: 
next_id: 0000000000000000000000
versiid: 000000000000000000002a
next_va: 1.39872e-76
val_cha: 0000000000000000000002
nod_cha: 02
startid: 
next_id: 000000000000
versiid: 00000000002b
next_va: 1.39804e-76
val_cha: 000000000002
nod_cha: 03201711181458
startid: ULL
next_id: 00
versiid: 2c
next_va: 1.39804e-76
val_cha: 02
nod_cha: 1458
startid: 00000000000000000000000000
next_id: 0000000000000000000000002d
versiid: 02000000000000000000000002
next_va: 1.39804e-76
val_cha: 03201711181458
nod_cha: 
startid: 0000000000000000
next_id: 000000000000002e
versiid: 0000000000000002
next_va: 5.05232e-38
val_cha: 1458
nod_cha: 00
startid: 000000
next_id: 00002f
versiid: 000002
next_va: 7.10911e-320
val_cha: 
nod_cha: 000000000000000000000000000000
startid: 000000000000000000000000000030
next_id: 000002000000000000000000000002
versiid: 000003201711181458
next_va: 1.48981e-76
val_cha: 00
nod_cha: 00000000000000000000
startid: 00000000000000000031
next_id: 00000000000000000002
versiid: 11181458
next_va: 1.38189e-76
val_cha: 000000000000000000000000000000
nod_cha: 0000000000
startid: 0000000032
next_id: 0000000002
versiid: 
next_va: 1.39804e-76
val_cha: 00000000000000000000
nod_cha: 
startid: 
next_id: 
versiid: 4@1000
next_va: 1.39804e-76
val_cha: 0000000000
nod_cha: 000000000000000000000002
startid: 000000000000000000000005
next_id: 201711181458
versiid: L
next_va: 1.39804e-76
val_cha: 
nod_cha: 00000000000003
startid: 00000000000005
next_id: 58
versiid: 000000000000000000000000
next_va: 9.16222e-72
val_cha: 000000000000000000000004
nod_cha: 0004
startid: 0005
next_id: 
versiid: 00000000000000
next_va: 1.39804e-76
val_cha: 00000000000005
nod_cha: 0002000000000000000000000005
startid: 0003201711181458
next_id: 
versiid: 0000
next_va: 1.39804e-76
val_cha: 0006
nod_cha: 000000000000000005
startid: 181458
next_id: 0000000000000000000000000000
versiid: 0001000000000000000000000007
next_va: 1.39804e-76
val_cha: 0002000000000000000000000005
nod_cha: 00000005
startid: 
next_id: 000000000000000000
versiid: 000000000000000008
next_va: 1.39804e-76
val_cha: 000000000000000005
nod_cha: 00000003201711181458
startid: 1000
next_id: 00000000
versiid: 00000009
next_va: 1.39804e-76
val_cha: 00000005
nod_cha: 1711181458
startid: 00000000000000000000000000000000
next_id: 0000000100000000000000000000000a
versiid: 00000002000000000000000000000005
next_va: 2.88935e-310
val_cha: 00000003201711181458
nod_cha: 
startid: 0000000000000000000000
next_id: 000000000000000000000b
versiid: 0000000000000000000005
next_va: 1.57178e-76
val_cha: 1711181458
nod_cha: 
startid: 000000000000
next_id: 00000000000c
versiid: 000000000005
next_va: 6.23126e-38
val_cha: 
nod_cha: ULL
startid: 00
next_id: 0d
versiid: 05
next_va: 0
val_cha: 
nod_cha: 00000000000000000000000000
startid: 0200000000000000000000000e
next_id: 02000000000000000000000005
versiid: 03201711181458
next_va: 5.45542e+67
val_cha: ULL
nod_cha: 0000000000000000
startid: 000000000000000f
next_id: 0000000000000005
versiid: 1458
next_va: 1.39804e-76
val_cha: 00000000000000000000000000
nod_cha: 000000
startid: 000010
next_id: 000005
versiid: 
next_va: 1.39804e-76
val_cha: 0000000000000000
nod_cha: 000002000000000000000000000011
startid: 000002000000000000000000000005
next_id: 000003201711181458
versiid: 00
next_va: 1.39804e-76
val_cha: 000000
nod_cha: 00000000000000000012
startid: 00000000000000000005
next_id: 11181458
versiid: 000000000000000000000000000000
next_va: 1.38179e-76
val_cha: 000001000000000000000000000013
nod_cha: 0000000013
startid: 0000000005
next_id: 
versiid: 00000000000000000000
next_va: 1.39804e-76
val_cha: 00000000000000000014
nod_cha: 
startid: 
next_id: 4@1000
versiid: 0000000000
next_va: 1.39804e-76
val_cha: 0000000015
nod_cha: 000000000000000000000005
startid: 201711181458
next_id: L
versiid: 
next_va: 1.17607e-47
val_cha: 
nod_cha: 00000000000005
startid: 58
next_id: 000000000000000000000000
versiid: 000000000000000000000017
next_va: 6.00455e-67
val_cha: 000000000000000000000005
nod_cha: 0005
startid: 
next_id: 00000000000000
versiid: 00000000000018
next_va: 1.39804e-76
val_cha: 00000000000005
nod_cha: 0003201711181458
startid: 
next_id: 0000
versiid: 0019
next_va: 1.39804e-76
val_cha: 0005
nod_cha: 181458
startid: 0000000000000000000000000000
next_id: 000200000000000000000000001a
versiid: 0002000000000000000000000005
next_va: 1.39804e-76
val_cha: 0003201711181458
nod_cha: 
startid: 000000000000000000
next_id: 00000000000000001b
versiid: 000000000000000005
next_va: 9.74368e-72
val_cha: 181458
nod_cha: 1000
startid: 00000000
next_id: 0000001c
versiid: 00000005
next_va: 4.65909e-315
val_cha: 
nod_cha: 00000000000000000000000000000000
startid: 0000000200000000000000000000001d
next_id: 00000002000000000000000000000005
versiid: 00000003201711181458
next_va: 20
val_cha: 1000
nod_cha: 0000000000000000000000
startid: 000000000000000000001e
next_id: 0000000000000000000005
versiid: 1711181458
next_va: 3.14828e-307
val_cha: 00000000000000000000000000000000
nod_cha: 000000000000
startid: 00000000001f
next_id: 000000000005
versiid: 
next_va: 1.39804e-76
val_cha: 0000000000000000000000
nod_cha: 00
startid: 20
next_id: 05
versiid: 
next_va: 1.39804e-76
val_cha: 000000000000
nod_cha: 00000000000000000000000021
startid: 02000000000000000000000005
next_id: 03201711181458
versiid: ULL
next_va: 1.39804e-76
val_cha: 00
nod_cha: 0000000000000022
startid: 0000000000000005
next_id: 1458
versiid: 00000000000000000000000000
next_va: 1.39804e-76
val_cha: 02000000000000000000000023
nod_cha: 000023
startid: 000005
next_id: 
versiid: 0000000000000000
next_va: 1.39804e-76
val_cha: 0000000000000024
nod_cha: 000002000000000000000000000005
startid: 000003201711181458
next_id: 00
versiid: 000000
next_va: 1.39804e-76
val_cha: 000025
nod_cha: 00000000000000000005
startid: 11181458
next_id: 000000000000000000000000000000
versiid: 000002000000000000000000000026
next_va: 1.38179e-76
val_cha: 000002000000000000000000000005
nod_cha: 0000000005
startid: 
next_id: 00000000000000000000
versiid: 00000000000000000027
next_va: 1.39804e-76
val_cha: 00000000000000000005
nod_cha: 
startid: 4@1000
next_id: 0000000000
versiid: 0000000028
next_va: 1.39804e-76
val_cha: 0000000005
nod_cha: 201711181458
startid: L
next_id: 
versiid: 
next_va: 1.69013e-52
val_cha: 
nod_cha: 58
startid: 000000000000000000000000
next_id: 00000000000000000000002a
versiid: 000000000000000000000005
next_va: 3.93514e-62
val_cha: 201711181458
nod_cha: 
startid: 00000000000000
next_id: 0000000000002b
versiid: 00000000000005
next_va: 2.74322e-57
val_cha: 58
nod_cha: 
startid: 0000
next_id: 002c
versiid: 0005
next_va: 0
val_cha: 
nod_cha: 0000000000000000000000000000
startid: 000000000000000000000000002d
next_id: 0002000000000000000000000005
versiid: 0003201711181458
next_va: 1.39804e-76
val_cha: 
nod_cha: 000000000000000000
startid: 00000000000000002e
next_id: 000000000000000005
versiid: 181458
next_va: 1.39804e-76
val_cha: 0000000000000000000000000000
nod_cha: 00000000
startid: 0000002f
next_id: 00000005
versiid: 
next_va: 1.39804e-76
val_cha: 000000000000000000
nod_cha: 00000000000000000000000000000030
startid: 00000002000000000000000000000005
next_id: 00000003201711181458
versiid: 1000
next_va: 1.39804e-76
val_cha: 00000000
nod_cha: 0000000000000000000031
startid: 0000000000000000000005
next_id: 1711181458
versiid: 00000000000000000000000000000000
next_va: 2.61773e-310
val_cha: 00000002000000000000000000000032
nod_cha: 000000000032
startid: 000000000005
next_id: 
versiid: 0000000000000000000000
next_va: 1.39838e-76
val_cha: 0000000000000000000001
nod_cha: 01
startid: 08
next_id: 
versiid: 000000000000
next_va: 1.39804e-76
val_cha: 000000000002
nod_cha: 02000000000000000000000008
startid: 03201711181458
next_id: ULL
versiid: 00
next_va: 1.39804e-76
val_cha: 03
nod_cha: 0000000000000008
startid: 1458
next_id: 00000000000000000000000000
versiid: 01000000000000000000000004
next_va: 1.39804e-76
val_cha: 02000000000000000000000008
nod_cha: 000008
startid: 
next_id: 0000000000000000
versiid: 0000000000000005
next_va: 1.39804e-76
val_cha: 0000000000000008
nod_cha: 000003201711181458
startid: 00
next_id: 000000
versiid: 000006
next_va: 1.39804e-76
val_cha: 000008
nod_cha: 11181458
startid: 000000000000000000000000000000
next_id: 000001000000000000000000000007
versiid: 000002000000000000000000000008
next_va: 1.38179e-76
val_cha: 000003201711181458
nod_cha: 
startid: 00000000000000000000
next_id: 00000000000000000008
versiid: 00000000000000000008
next_va: 7.70749e-43
val_cha: 11181458
nod_cha: 4@1000
startid: 0000000000
next_id: 0000000009
versiid: 0000000008
next_va: 3.05338e-310
val_cha: 
nod_cha: L
startid: 
next_id: 
versiid: 
next_va: 0
val_cha: 4@1000
nod_cha: 000000000000000000000000
startid: 00000000000000000000000b
next_id: 000000000000000000000008
versiid: 201711181458
next_va: 5.34927e+59
val_cha: L
nod_cha: 00000000000000
startid: 0000000000000c
next_id: 00000000000008
versiid: 58
next_va: 1.39804e-76
val_cha: 000000000000000000000000
nod_cha: 0000
startid: 000d
next_id: 0008
versiid: 
next_va: 1.39804e-76
val_cha: 00000000000000
nod_cha: 000200000000000000000000000e
startid: 0002000000000000000000000008
next_id: 0003201711181458
versiid: 
next_va: 1.39804e-76
val_cha: 0000
nod_cha: 00000000000000000f
startid: 000000000000000008
next_id: 181458
versiid: 0000000000000000000000000000
next_va: 1.39804e-76
val_cha: 0001000000000000000000000010
nod_cha: 00000010
startid: 00000008
next_id: 
versiid: 000000000000000000
next_va: 1.39804e-76
val_cha: 000000000000000011
nod_cha: 00000002000000000000000000000008
startid: 00000003201711181458
next_id: 1000
versiid: 00000000
next_va: 1.39804e-76
val_cha: 00000012
nod_cha: 0000000000000000000008
startid: 1711181458
next_id: 00000000000000000000000000000000
versiid: 00000001000000000000000000000013
next_va: 2.78092e-310
val_cha: 00000002000000000000000000000008
nod_cha: 000000000008
startid: 
next_id: 0000000000000000000000
versiid: 0000000000000000000014
next_va: 1.39872e-76
val_cha: 0000000000000000000008
nod_cha: 08
startid: 
next_id: 000000000000
versiid: 000000000015
next_va: 1.39804e-76
val_cha: 000000000008
nod_cha: 03201711181458
startid: ULL
next_id: 00
versiid: 16
next_va: 1.39804e-76
val_cha: 08
nod_cha: 1458
startid: 00000000000000000000000000
next_id: 02000000000000000000000017
versiid: 02000000000000000000000008
next_va: 1.39804e-76
val_cha: 03201711181458
nod_cha: 
startid: 0000000000000000
next_id: 0000000000000018
versiid: 0000000000000008
next_va: 5.05232e-38
val_cha: 1458
nod_cha: 00
startid: 000000
next_id: 000019
versiid: 000008
next_va: 7.10911e-320
val_cha: 
nod_cha: 000000000000000000000000000000
startid: 00000200000000000000000000001a
next_id: 000002000000000000000000000008
versiid: 000003201711181458
next_va: 1.48981e-76
val_cha: 00
nod_cha: 00000000000000000000
startid: 0000000000000000001b
next_id: 00000000000000000008
versiid: 11181458
next_va: 1.38189e-76
val_cha: 000000000000000000000000000000
nod_cha: 0000000000
startid: 000000001c
next_id: 0000000008
versiid: 
next_va: 1.39804e-76
val_cha: 00000000000000000000
nod_cha: 
startid: 
next_id: 
versiid: 4@1000
next_va: 1.39804e-76
val_cha: 0000000000
nod_cha: 00000000000000000000001e
startid: 000000000000000000000008
next_id: 201711181458
versiid: L
next_va: 1.39804e-76
val_cha: 
nod_cha: 0000000000001f
startid: 00000000000008
next_id: 58
versiid: 000000000000000000000000
next_va: 6.00455e-67
val_cha: 000000000000000000000020
nod_cha: 0020
startid: 0008
next_id: 
versiid: 00000000000000
next_va: 1.39804e-76
val_cha: 00000000000021
nod_cha: 0002000000000000000000000008
startid: 0003201711181458
next_id: 
versiid: 0000
next_va: 1.39804e-76
val_cha: 0022
nod_cha: 000000000000000008
startid: 181458
next_id: 0000000000000000000000000000
versiid: 0002000000000000000000000023
next_va: 1.39804e-76
val_cha: 0002000000000000000000000008
nod_cha: 00000008
startid: 
next_id: 000000000000000000
versiid: 000000000000000024
next_va: 1.39804e-76
val_cha: 000000000000000008
nod_cha: 00000003201711181458
startid: 1000
next_id: 00000000
versiid: 00000025
next_va: 1.39804e-76
val_cha: 00000008
nod_cha: 1711181458
startid: 00000000000000000000000000000000
next_id: 00000002000000000000000000000026
versiid: 00000002000000000000000000000008
next_va: 3.05232e-310
val_cha: 00000003201711181458
nod_cha: 
startid: 0000000000000000000000
next_id: 0000000000000000000027
versiid: 0000000000000000000008
next_va: 1.57178e-76
val_cha: 1711181458
nod_cha: 
startid: 000000000000
next_id: 000000000028
versiid: 000000000008
next_va: 6.23126e-38
val_cha: 
nod_cha: ULL
startid: 00
next_id: 29
versiid: 08
next_va: 0
val_cha: 
nod_cha: 00000000000000000000000000
startid: 0000000000000000000000002a
next_id: 02000000000000000000000008
versiid: 03201711181458
next_va: 5.45542e+67
val_cha: ULL
nod_cha: 0000000000000000
startid: 000000000000002b
next_id: 0000000000000008
versiid: 1458
next_va: 1.39804e-76
val_cha: 00000000000000000000000000
nod_cha: 000000
startid: 00002c
next_id: 000008
versiid: 
next_va: 1.39804e-76
val_cha: 0000000000000000
nod_cha: 00000000000000000000000000002d
startid: 000002000000000000000000000008
next_id: 000003201711181458
versiid: 00
next_va: 1.39804e-76
val_cha: 000000
nod_cha: 0000000000000000002e
startid: 00000000000000000008
next_id: 11181458
versiid: 000000000000000000000000000000
next_va: 1.38179e-76
val_cha: 00000200000000000000000000002f
nod_cha: 000000002f
startid: 0000000008
next_id: 
versiid: 00000000000000000000
next_va: 1.39804e-76
val_cha: 00000000000000000030
nod_cha: 
startid: 
next_id: 4@1000
versiid: 0000000000
next_va: 1.39804e-76
val_cha: 0000000031
nod_cha: 000000000000000000000008
startid: 201711181458
next_id: L
versiid: 
next_va: 7.11731e-67
val_cha: 
nod_cha: 00000000000008
startid: 58
next_id: 000000000000000000000000
versiid: 000000000000000000000001
next_va: 6.00455e-67
val_cha: 00000000000000000000000b
nod_cha: 000b
startid: 
next_id: 00000000000000
versiid: 00000000000002
next_va: 1.39804e-76
val_cha: 0000000000000b
nod_cha: 0003201711181458
startid: 
next_id: 0000
versiid: 0003
next_va: 1.39804e-76
val_cha: 000b
nod_cha: 181458
startid: 0000000000000000000000000000
next_id: 0001000000000000000000000004
versiid: 000200000000000000000000000b
next_va: 1.39804e-76
val_cha: 0003201711181458
nod_cha: 
startid: 000000000000000000
next_id: 000000000000000005
versiid: 00000000000000000b
next_va: 9.74368e-72
val_cha: 181458
nod_cha: 1000
startid: 00000000
next_id: 00000006
versiid: 0000000b
next_va: 4.65909e-315
val_cha: 
nod_cha: 00000000000000000000000000000000
startid: 00000001000000000000000000000007
next_id: 0000000200000000000000000000000b
versiid: 00000003201711181458
next_va: 20
val_cha: 1000
nod_cha: 0000000000000000000000
startid: 0000000000000000000008
next_id: 000000000000000000000b
versiid: 1711181458
next_va: 3.14828e-307
val_cha: 00000000000000000000000000000000
nod_cha: 000000000000
startid: 000000000009
next_id: 00000000000b
versiid: 
next_va: 1.39804e-76
val_cha: 0000000000000000000000
nod_cha: 00
startid: 0a
next_id: 0b
versiid: 
next_va: 1.39804e-76
val_cha: 000000000000
nod_cha: 0200000000000000000000000b
startid: 0200000000000000000000000b
next_id: 03201711181458
versiid: ULL
next_va: 1.39804e-76
val_cha: 00
nod_cha: 000000000000000c
startid: 000000000000000b
next_id: 1458
versiid: 00000000000000000000000000
next_va: 1.39804e-76
val_cha: 0100000000000000000000000d
nod_cha: 00000d
startid: 00000b
next_id: 
versiid: 0000000000000000
next_va: 1.39804e-76
val_cha: 000000000000000e
nod_cha: 00000200000000000000000000000b
startid: 000003201711181458
next_id: 00
versiid: 000000
next_va: 1.39804e-76
val_cha: 00000f
nod_cha: 0000000000000000000b
startid: 11181458
next_id: 000000000000000000000000000000
versiid: 000001000000000000000000000010
next_va: 1.38179e-76
val_cha: 00000200000000000000000000000b
nod_cha: 000000000b
startid: 
next_id: 00000000000000000000
versiid: 00000000000000000011
next_va: 1.39804e-76
val_cha: 0000000000000000000b
nod_cha: 
startid: 4@1000
next_id: 0000000000
versiid: 0000000012
next_va: 1.39804e-76
val_cha: 000000000b
nod_cha: 201711181458
startid: L
next_id: 
versiid: 
next_va: 9.32217e+164
val_cha: 
nod_cha: 58
startid: 000000000000000000000000
next_id: 000000000000000000000014
versiid: 00000000000000000000000b
next_va: 3.93514e-62
val_cha: 201711181458
nod_cha: 
startid: 00000000000000
next_id: 00000000000015
versiid: 0000000000000b
next_va: 2.74322e-57
val_cha: 58
nod_cha: 
startid: 0000
next_id: 0016
versiid: 000b
next_va: 0
val_cha: 
nod_cha: 0000000000000000000000000000
startid: 0002000000000000000000000017
next_id: 000200000000000000000000000b
versiid: 0003201711181458
next_va: 1.39804e-76
val_cha: 
nod_cha: 000000000000000000
startid: 000000000000000018
next_id: 00000000000000000b
versiid: 181458
next_va: 1.39804e-76
val_cha: 0000000000000000000000000000
nod_cha: 00000000
startid: 00000019
next_id: 0000000b
versiid: 
next_va: 1.39804e-76
val_cha: 000000000000000000
nod_cha: 0000000200000000000000000000001a
startid: 0000000200000000000000000000000b
next_id: 00000003201711181458
versiid: 1000
next_va: 1.39804e-76
val_cha: 00000000
nod_cha: 000000000000000000001b
startid: 000000000000000000000b
next_id: 1711181458
versiid: 00000000000000000000000000000000
next_va: 2.61773e-310
val_cha: 0000000100000000000000000000001c
nod_cha: 00000000001c
startid: 00000000000b
next_id: 
versiid: 0000000000000000000000
next_va: 1.39872e-76
val_cha: 000000000000000000001d
nod_cha: 1d
startid: 0b
next_id: 
versiid: 000000000000
next_va: 1.39804e-76
val_cha: 00000000001e
nod_cha: 0200000000000000000000000b
startid: 03201711181458
next_id: ULL
versiid: 00
next_va: 1.39804e-76
val_cha: 1f
nod_cha: 000000000000000b
startid: 1458
next_id: 00000000000000000000000000
versiid: 02000000000000000000000020
next_va: 1.39804e-76
val_cha: 0200000000000000000000000b
nod_cha: 00000b
startid: 
next_id: 0000000000000000
versiid: 0000000000000021
next_va: 1.39804e-76
val_cha: 000000000000000b
nod_cha: 000003201711181458
startid: 00
next_id: 000000
versiid: 000022
next_va: 1.39804e-76
val_cha: 00000b
nod_cha: 11181458
startid: 000000000000000000000000000000
next_id: 000002000000000000000000000023
versiid: 00000200000000000000000000000b
next_va: 1.38179e-76
val_cha: 000003201711181458
nod_cha: 
startid: 00000000000000000000
next_id: 00000000000000000024
versiid: 0000000000000000000b
next_va: 7.70749e-43
val_cha: 11181458
nod_cha: 4@1000
startid: 0000000000
next_id: 0000000025
versiid: 000000000b
next_va: 3.05338e-310
val_cha: 
nod_cha: L
startid: 
next_id: 
versiid: 
next_va: 0
val_cha: 4@1000
nod_cha: 000000000000000000000000
startid: 000000000000000000000027
next_id: 00000000000000000000000b
versiid: 201711181458
next_va: 5.34927e+59
val_cha: L
nod_cha: 00000000000000
startid: 00000000000028
next_id: 0000000000000b
versiid: 58
next_va: 1.39804e-76
val_cha: 000000000000000000000000
nod_cha: 0000
startid: 0029
next_id: 000b
versiid: 
next_va: 1.39804e-76
val_cha: 00000000000000
nod_cha: 000000000000000000000000002a
startid: 000200000000000000000000000b
next_id: 0003201711181458
versiid: 
next_va: 1.39804e-76
val_cha: 0000
nod_cha: 00000000000000002b
startid: 00000000000000000b
next_id: 181458
versiid: 0000000000000000000000000000
next_va: 1.39804e-76
val_cha: 000200000000000000000000002c
nod_cha: 0000002c
startid: 0000000b
next_id: 
versiid: 000000000000000000
next_va: 1.39804e-76
val_cha: 00000000000000002d
nod_cha: 0000000200000000000000000000000b
startid: 00000003201711181458
next_id: 1000
versiid: 00000000
next_va: 1.39804e-76
val_cha: 0000002e
nod_cha: 000000000000000000000b
startid: 1711181458
next_id: 00000000000000000000000000000000
versiid: 0000000200000000000000000000002f
next_va: 5.55161e-310
val_cha: 0000000200000000000000000000000b
nod_cha: 00000000000b
startid: 
next_id: 0000000000000000000000
versiid: 0000000000000000000030
next_va: 1.39872e-76
val_cha: 000000000000000000000b
nod_cha: 0b
startid: 
next_id: 000000000000
versiid: 000000000031
next_va: 1.39804e-76
val_cha: 00000000000b
nod_cha: 03201711181458
startid: ULL
next_id: 00
versiid: 32
next_va: 1.39804e-76
val_cha: 0b
nod_cha: 1458
startid: 00000000000000000000000000
next_id: 01000000000000000000000001
versiid: 0200000000000000000000000e
next_va: 1.39804e-76
val_cha: 03201711181458
nod_cha: 
startid: 0000000000000000
next_id: 0000000000000002
versiid: 000000000000000e
next_va: 5.05232e-38
val_cha: 1458
nod_cha: 00
startid: 000000
next_id: 000003
versiid: 00000e
next_va: 7.10911e-320
val_cha: 
nod_cha: 000000000000000000000000000000
startid: 000001000000000000000000000004
next_id: 00000200000000000000000000000e
versiid: 000003201711181458
next_va: 1.48981e-76
val_cha: 00
nod_cha: 00000000000000000000
startid: 00000000000000000005
next_id: 0000000000000000000e
versiid: 11181458
next_va: 1.38189e-76
val_cha: 000000000000000000000000000000
nod_cha: 0000000000
startid: 0000000006
next_id: 000000000e
versiid: 
next_va: 1.39804e-76
val_cha: 00000000000000000000
nod_cha: 
startid: 
next_id: 
versiid: 4@1000
next_va: 1.39804e-76
val_cha: 0000000000
nod_cha: 000000000000000000000008
startid: 00000000000000000000000e
next_id: 201711181458
versiid: L
next_va: 1.39804e-76
val_cha: 
nod_cha: 00000000000009
startid: 0000000000000e
next_id: 58
versiid: 000000000000000000000000
next_va: 9.16222e-72
val_cha: 00000000000000000000000a
nod_cha: 000a
startid: 000e
next_id: 
versiid: 00000000000000
next_va: 1.39804e-76
val_cha: 0000000000000b
nod_cha: 000200000000000000000000000e
startid: 0003201711181458
next_id: 
versiid: 0000
next_va: 1.39804e-76
val_cha: 000c
nod_cha: 00000000000000000e
startid: 181458
next_id: 0000000000000000000000000000
versiid: 000100000000000000000000000d
next_va: 1.39804e-76
val_cha: 000200000000000000000000000e
nod_cha: 0000000e
startid: 
next_id: 000000000000000000
versiid: 00000000000000000e
next_va: 1.39804e-76
val_cha: 00000000000000000e
nod_cha: 00000003201711181458
startid: 1000
next_id: 00000000
versiid: 0000000f
next_va: 1.39804e-76
val_cha: 0000000e
nod_cha: 1711181458
startid: 00000000000000000000000000000000
next_id: 00000001000000000000000000000010
versiid: 0000000200000000000000000000000e
next_va: 5.49686e-310
val_cha: 00000003201711181458
nod_cha: 
startid: 0000000000000000000000
next_id: 0000000000000000000011
versiid: 000000000000000000000e
next_va: 1.57178e-76
val_cha: 1711181458
nod_cha: 
startid: 000000000000
next_id: 000000000012
versiid: 00000000000e
next_va: 6.23126e-38
val_cha: 
nod_cha: ULL
startid: 00
next_id: 13
versiid: 0e
next_va: 0
val_cha: 
nod_cha: 00000000000000000000000000
startid: 02000000000000000000000014
next_id: 0200000000000000000000000e
versiid: 03201711181458
next_va: 5.45542e+67
val_cha: ULL
nod_cha: 0000000000000000
startid: 0000000000000015
next_id: 000000000000000e
versiid: 1458
next_va: 1.39804e-76
val_cha: 00000000000000000000000000
nod_cha: 000000
startid: 000016
next_id: 00000e
versiid: 
next_va: 1.39804e-76
val_cha: 0000000000000000
nod_cha: 000002000000000000000000000017
startid: 00000200000000000000000000000e
next_id: 000003201711181458
versiid: 00
next_va: 1.39804e-76
val_cha: 000000
nod_cha: 00000000000000000018
startid: 0000000000000000000e
next_id: 11181458
versiid: 000000000000000000000000000000
next_va: 1.38179e-76
val_cha: 000001000000000000000000000019
nod_cha: 0000000019
startid: 000000000e
next_id: 
versiid: 00000000000000000000
next_va: 1.39804e-76
val_cha: 0000000000000000001a
nod_cha: 
startid: 
next_id: 4@1000
versiid: 0000000000
next_va: 1.39804e-76
val_cha: 000000001b
nod_cha: 00000000000000000000000e
startid: 201711181458
next_id: L
versiid: 
next_va: 6.48678e+169
val_cha: 
nod_cha: 0000000000000e
startid: 58
next_id: 000000000000000000000000
versiid: 00000000000000000000001d
next_va: 6.00455e-67
val_cha: 00000000000000000000000e
nod_cha: 000e
startid: 
next_id: 00000000000000
versiid: 0000000000001e
next_va: 1.39804e-76
val_cha: 0000000000000e
nod_cha: 0003201711181458
startid: 
next_id: 0000
versiid: 001f
next_va: 1.39804e-76
val_cha: 000e
nod_cha: 181458
startid: 0000000000000000000000000000
next_id: 0002000000000000000000000020
versiid: 000200000000000000000000000e
next_va: 1.39804e-76
val_cha: 0003201711181458
nod_cha: 
startid: 000000000000000000
next_id: 000000000000000021
versiid: 00000000000000000e
next_va: 9.74368e-72
val_cha: 181458
nod_cha: 1000
startid: 00000000
next_id: 00000022
versiid: 0000000e
next_va: 4.65909e-315
val_cha: 
nod_cha: 00000000000000000000000000000000
startid: 00000002000000000000000000000023
next_id: 0000000200000000000000000000000e
versiid: 00000003201711181458
next_va: 20
val_cha: 1000
nod_cha: 0000000000000000000000
startid: 0000000000000000000024
next_id: 000000000000000000000e
versiid: 1711181458
next_va: 3.14828e-307
val_cha: 00000000000000000000000000000000
nod_cha: 000000000000
startid: 000000000025
next_id: 00000000000e
versiid: 
next_va: 1.39804e-76
val_cha: 0000000000000000000000
nod_cha: 00
startid: 26
next_id: 0e
versiid: 
next_va: 1.39804e-76
val_cha: 000000000000
nod_cha: 00000000000000000000000027
startid: 0200000000000000000000000e
next_id: 03201711181458
versiid: ULL
next_va: 1.39804e-76
val_cha: 00
nod_cha: 0000000000000028
startid: 000000000000000e
next_id: 1458
versiid: 00000000000000000000000000
next_va: 1.39804e-76
val_cha: 02000000000000000000000029
nod_cha: 000029
startid: 00000e
next_id: 
versiid: 0000000000000000
next_va: 1.39804e-76
val_cha: 000000000000002a
nod_cha: 00000200000000000000000000000e
startid: 000003201711181458
next_id: 00
versiid: 000000
next_va: 1.39804e-76
val_cha: 00002b
nod_cha: 0000000000000000000e
startid: 11181458
next_id: 000000000000000000000000000000
versiid: 00000200000000000000000000002c
next_va: 1.38179e-76
val_cha: 00000200000000000000000000000e
nod_cha: 000000000e
startid: 
next_id: 00000000000000000000
versiid: 0000000000000000002d
next_va: 1.39804e-76
val_cha: 0000000000000000000e
nod_cha: 
startid: 4@1000
next_id: 0000000000
versiid: 000000002e
next_va: 1.39804e-76
val_cha: 000000000e
nod_cha: 201711181458
startid: L
next_id: 
versiid: 
next_va: 2.62396e+179
val_cha: 
nod_cha: 58
startid: 000000000000000000000000
next_id: 000000000000000000000030
versiid: 00000000000000000000000e
next_va: 3.93514e-62
val_cha: 201711181458
nod_cha: 
startid: 00000000000000
next_id: 00000000000031
versiid: 0000000000000e
next_va: 2.74322e-57
val_cha: 58
nod_cha: 
startid: 0000
next_id: 0032
versiid: 000e
next_va: 0
val_cha: 
nod_cha: 0000000000000000000000000000
startid: 0001000000000000000000000001
next_id: 0002000000000000000000000011
versiid: 0003201711181458
next_va: 1.39804e-76
val_cha: 
nod_cha: 000000000000000000
startid: 000000000000000002
next_id: 000000000000000011
versiid: 181458
next_va: 1.39804e-76
val_cha: 0000000000000000000000000000
nod_cha: 00000000
startid: 00000003
next_id: 00000011
versiid: 
next_va: 1.39804e-76
val_cha: 000000000000000000
nod_cha: 00000001000000000000000000000004
startid: 00000002000000000000000000000011
next_id: 00000003201711181458
versiid: 1000
next_va: 1.39804e-76
val_cha: 00000000
nod_cha: 0000000000000000000005
startid: 0000000000000000000011
next_id: 1711181458
versiid: 00000000000000000000000000000000
next_va: 2.61773e-310
val_cha: 00000000000000000000000000000006
nod_cha: 000000000006
startid: 000000000011
next_id: 
versiid: 0000000000000000000000
next_va: 1.39838e-76
val_cha: 0000000000000000000007
nod_cha: 07
startid: 11
next_id: 
versiid: 000000000000
next_va: 1.39804e-76
val_cha: 000000000008
nod_cha: 02000000000000000000000011
startid: 03201711181458
next_id: ULL
versiid: 00
next_va: 1.39804e-76
val_cha: 09
nod_cha: 0000000000000011
startid: 1458
next_id: 00000000000000000000000000
versiid: 0100000000000000000000000a
next_va: 1.39804e-76
val_cha: 02000000000000000000000011
nod_cha: 000011
startid: 
next_id: 0000000000000000
versiid: 000000000000000b
next_va: 1.39804e-76
val_cha: 0000000000000011
nod_cha: 000003201711181458
startid: 00
next_id: 000000
versiid: 00000c
next_va: 1.39804e-76
val_cha: 000011
nod_cha: 11181458
startid: 000000000000000000000000000000
next_id: 00000100000000000000000000000d
versiid: 000002000000000000000000000011
next_va: 1.38179e-76
val_cha: 000003201711181458
nod_cha: 
startid: 00000000000000000000
next_id: 0000000000000000000e
versiid: 00000000000000000011
next_va: 7.70749e-43
val_cha: 11181458
nod_cha: 4@1000
startid: 0000000000
next_id: 000000000f
versiid: 0000000011
next_va: 3.05338e-310
val_cha: 
nod_cha: L
startid: 
next_id: 
versiid: 
next_va: 0
val_cha: 4@1000
nod_cha: 000000000000000000000000
startid: 000000000000000000000011
next_id: 000000000000000000000011
versiid: 201711181458
next_va: 5.34927e+59
val_cha: L
nod_cha: 00000000000000
startid: 00000000000012
next_id: 00000000000011
versiid: 58
next_va: 1.39804e-76
val_cha: 000000000000000000000000
nod_cha: 0000
startid: 0013
next_id: 0011
versiid: 
next_va: 1.39804e-76
val_cha: 00000000000000
nod_cha: 0002000000000000000000000014
startid: 0002000000000000000000000011
next_id: 0003201711181458
versiid: 
next_va: 1.39804e-76
val_cha: 0000
nod_cha: 000000000000000015
startid: 000000000000000011
next_id: 181458
versiid: 0000000000000000000000000000
next_va: 1.39804e-76
val_cha: 0001000000000000000000000016
nod_cha: 00000016
startid: 00000011
next_id: 
versiid: 000000000000000000
next_va: 1.39804e-76
val_cha: 000000000000000017
nod_cha: 00000002000000000000000000000011
startid: 00000003201711181458
next_id: 1000
versiid: 00000000
next_va: 1.39804e-76
val_cha: 00000018
nod_cha: 0000000000000000000011
startid: 1711181458
next_id: 00000000000000000000000000000000
versiid: 00000001000000000000000000000019
next_va: 3.10685e-310
val_cha: 00000002000000000000000000000011
nod_cha: 000000000011
startid: 
next_id: 0000000000000000000000
versiid: 000000000000000000001a
next_va: 1.39872e-76
val_cha: 0000000000000000000011
nod_cha: 11
startid: 
next_id: 000000000000
versiid: 00000000001b
next_va: 1.39804e-76
val_cha: 000000000011
nod_cha: 03201711181458
startid: ULL
next_id: 00
versiid: 1c
next_va: 1.39804e-76
val_cha: 11
nod_cha: 1458
startid: 00000000000000000000000000
next_id: 0200000000000000000000001d
versiid: 02000000000000000000000011
next_va: 1.39804e-76
val_cha: 03201711181458
nod_cha: 
startid: 0000000000000000
next_id: 000000000000001e
versiid: 0000000000000011
next_va: 5.05232e-38
val_cha: 1458
nod_cha: 00
startid: 000000
next_id: 00001f
versiid: 000011
next_va: 7.10911e-320
val_cha: 
nod_cha: 000000000000000000000000000000
startid: 000002000000000000000000000020
next_id: 000002000000000000000000000011
versiid: 000003201711181458
next_va: 1.48981e-76
val_cha: 00
nod_cha: 00000000000000000000
startid: 00000000000000000021
next_id: 00000000000000000011
versiid: 11181458
next_va: 1.38189e-76
val_cha: 000000000000000000000000000000
nod_cha: 0000000000
startid: 0000000022
next_id: 0000000011
versiid: 
next_va: 1.39804e-76
val_cha: 00000000000000000000
nod_cha: 
startid: 
next_id: 
versiid: 4@1000
next_va: 1.39804e-76
val_cha: 0000000000
nod_cha: 000000000000000000000024
startid: 000000000000000000000011
next_id: 201711181458
versiid: L
next_va: 1.39804e-76
val_cha: 
nod_cha: 00000000000025
startid: 00000000000011
next_id: 58
versiid: 000000000000000000000000
next_va: 6.00455e-67
val_cha: 000000000000000000000026
nod_cha: 0026
startid: 0011
next_id: 
versiid: 00000000000000
next_va: 1.39804e-76
val_cha: 00000000000027
nod_cha: 0002000000000000000000000011
startid: 0003201711181458
next_id: 
versiid: 0000
next_va: 1.39804e-76
val_cha: 0028
nod_cha: 000000000000000011
startid: 181458
next_id: 0000000000000000000000000000
versiid: 0002000000000000000000000029
next_va: 1.39804e-76
val_cha: 0002000000000000000000000011
nod_cha: 00000011
startid: 
next_id: 000000000000000000
versiid: 00000000000000002a
next_va: 1.39804e-76
val_cha: 000000000000000011
nod_cha: 00000003201711181458
startid: 1000
next_id: 00000000
versiid: 0000002b
next_va: 1.39804e-76
val_cha: 00000011
nod_cha: 1711181458
startid: 00000000000000000000000000000000
next_id: 0000000200000000000000000000002c
versiid: 00000002000000000000000000000011
next_va: 2.67227e-310
val_cha: 00000003201711181458
nod_cha: 
startid: 0000000000000000000000
next_id: 000000000000000000002d
versiid: 0000000000000000000011
next_va: 1.57178e-76
val_cha: 1711181458
nod_cha: 
startid: 000000000000
next_id: 00000000002e
versiid: 000000000011
next_va: 6.23126e-38
val_cha: 
nod_cha: ULL
startid: 00
next_id: 2f
versiid: 11
next_va: 0
val_cha: 
nod_cha: 00000000000000000000000000
startid: 00000000000000000000000030
next_id: 02000000000000000000000011
versiid: 03201711181458
next_va: 5.45542e+67
val_cha: ULL
nod_cha: 0000000000000000
startid: 0000000000000031
next_id: 0000000000000011
versiid: 1458
next_va: 1.39804e-76
val_cha: 00000000000000000000000000
nod_cha: 000000
startid: 000032
next_id: 000011
versiid: 
next_va: 1.39804e-76
val_cha: 0000000000000000
nod_cha: 000001000000000000000000000001
startid: 000002000000000000000000000014
next_id: 000003201711181458
versiid: 00
next_va: 1.39804e-76
val_cha: 000000
nod_cha: 00000000000000000002
startid: 00000000000000000014
next_id: 11181458
versiid: 000000000000000000000000000000
next_va: 1.38179e-76
val_cha: 000000000000000000000000000003
nod_cha: 0000000003
startid: 0000000014
next_id: 
versiid: 00000000000000000000
next_va: 1.39804e-76
val_cha: 00000000000000000004
nod_cha: 
startid: 
next_id: 4@1000
versiid: 0000000000
next_va: 1.39804e-76
val_cha: 0000000005
nod_cha: 000000000000000000000014
startid: 201711181458
next_id: L
versiid: 
next_va: 1.10764e-47
val_cha: 
nod_cha: 00000000000014
startid: 58
next_id: 000000000000000000000000
versiid: 000000000000000000000007
next_va: 6.00455e-67
val_cha: 000000000000000000000014
nod_cha: 0014
startid: 
next_id: 00000000000000
versiid: 00000000000008
next_va: 1.39804e-76
val_cha: 00000000000014
nod_cha: 0003201711181458
startid: 
next_id: 0000
versiid: 0009
next_va: 1.39804e-76
val_cha: 0014
nod_cha: 181458
startid: 0000000000000000000000000000
next_id: 000100000000000000000000000a
versiid: 0002000000000000000000000014
next_va: 1.39804e-76
val_cha: 0003201711181458
nod_cha: 
startid: 000000000000000000
next_id: 00000000000000000b
versiid: 000000000000000014
next_va: 9.74368e-72
val_cha: 181458
nod_cha: 1000
startid: 00000000
next_id: 0000000c
versiid: 00000014
next_va: 4.65909e-315
val_cha: 
nod_cha: 00000000000000000000000000000000
startid: 0000000100000000000000000000000d
next_id: 00000002000000000000000000000014
versiid: 00000003201711181458
next_va: 20
val_cha: 1000
nod_cha: 0000000000000000000000
startid: 000000000000000000000e
next_id: 0000000000000000000014
versiid: 1711181458
next_va: 3.14828e-307
val_cha: 00000000000000000000000000000000
nod_cha: 000000000000
startid: 00000000000f
next_id: 000000000014
versiid: 
next_va: 1.39804e-76
val_cha: 0000000000000000000000
nod_cha: 00
startid: 10
next_id: 14
versiid: 
next_va: 1.39804e-76
val_cha: 000000000000
nod_cha: 02000000000000000000000011
startid: 02000000000000000000000014
next_id: 03201711181458
versiid: ULL
next_va: 1.39804e-76
val_cha: 00
nod_cha: 0000000000000012
startid: 0000000000000014
next_id: 1458
versiid: 00000000000000000000000000
next_va: 1.39804e-76
val_cha: 01000000000000000000000013
nod_cha: 000013
startid: 000014
next_id: 
versiid: 0000000000000000
next_va: 1.39804e-76
val_cha: 0000000000000014
nod_cha: 000002000000000000000000000014
startid: 000003201711181458
next_id: 00
versiid: 000000
next_va: 1.39804e-76
val_cha: 000015
nod_cha: 00000000000000000014
startid: 11181458
next_id: 000000000000000000000000000000
versiid: 000001000000000000000000000016
next_va: 1.38179e-76
val_cha: 000002000000000000000000000014
nod_cha: 0000000014
startid: 
next_id: 00000000000000000000
versiid: 00000000000000000017
next_va: 1.39804e-76
val_cha: 00000000000000000014
nod_cha: 
startid: 4@1000
next_id: 0000000000
versiid: 0000000018
next_va: 1.39804e-76
val_cha: 0000000014
nod_cha: 201711181458
startid: L
next_id: 
versiid: 
next_va: 2.73824e-57
val_cha: 
nod_cha: 58
startid: 000000000000000000000000
next_id: 00000000000000000000001a
versiid: 000000000000000000000014
next_va: 3.93514e-62
val_cha: 201711181458
nod_cha: 
startid: 00000000000000
next_id: 0000000000001b
versiid: 00000000000014
next_va: 2.74322e-57
val_cha: 58
nod_cha: 
startid: 0000
next_id: 001c
versiid: 0014
next_va: 0
val_cha: 
nod_cha: 0000000000000000000000000000
startid: 000200000000000000000000001d
next_id: 0002000000000000000000000014
versiid: 0003201711181458
next_va: 1.39804e-76
val_cha: 
nod_cha: 000000000000000000
startid: 00000000000000001e
next_id: 000000000000000014
versiid: 181458
next_va: 1.39804e-76
val_cha: 0000000000000000000000000000
nod_cha: 00000000
startid: 0000001f
next_id: 00000014
versiid: 
next_va: 1.39804e-76
val_cha: 000000000000000000
nod_cha: 00000002000000000000000000000020
startid: 00000002000000000000000000000014
next_id: 00000003201711181458
versiid: 1000
next_va: 1.39804e-76
val_cha: 00000000
nod_cha: 0000000000000000000021
startid: 0000000000000000000014
next_id: 1711181458
versiid: 00000000000000000000000000000000
next_va: 2.61773e-310
val_cha: 00000001000000000000000000000022
nod_cha: 000000000022
startid: 000000000014
next_id: 
versiid: 0000000000000000000000
next_va: 1.39872e-76
val_cha: 0000000000000000000023
nod_cha: 23
startid: 14
next_id: 
versiid: 000000000000
next_va: 1.39804e-76
val_cha: 000000000024
nod_cha: 02000000000000000000000014
startid: 03201711181458
next_id: ULL
versiid: 00
next_va: 1.39804e-76
val_cha: 25
nod_cha: 0000000000000014
startid: 1458
next_id: 00000000000000000000000000
versiid: 02000000000000000000000026
next_va: 1.39804e-76
val_cha: 02000000000000000000000014
nod_cha: 000014
startid: 
next_id: 0000000000000000
versiid: 0000000000000027
next_va: 1.39804e-76
val_cha: 0000000000000014
nod_cha: 000003201711181458
startid: 00
next_id: 000000
versiid: 000028
next_va: 1.39804e-76
val_cha: 000014
nod_cha: 11181458
startid: 000000000000000000000000000000
next_id: 000002000000000000000000000029
versiid: 000002000000000000000000000014
next_va: 1.38179e-76
val_cha: 000003201711181458
nod_cha: 
startid: 00000000000000000000
next_id: 0000000000000000002a
versiid: 00000000000000000014
next_va: 7.70749e-43
val_cha: 11181458
nod_cha: 4@1000
startid: 0000000000
next_id: 000000002b
versiid: 0000000014
next_va: 3.05338e-310
val_cha: 
nod_cha: L
startid: 
next_id: 
versiid: 
next_va: 0
val_cha: 4@1000
nod_cha: 000000000000000000000000
startid: 00000000000000000000002d
next_id: 000000000000000000000014
versiid: 201711181458
next_va: 5.34927e+59
val_cha: L
nod_cha: 00000000000000
startid: 0000000000002e
next_id: 00000000000014
versiid: 58
next_va: 1.39804e-76
val_cha: 000000000000000000000000
nod_cha: 0000
startid: 002f
next_id: 0014
versiid: 
next_va: 1.39804e-76
val_cha: 00000000000000
nod_cha: 0000000000000000000000000030
startid: 0002000000000000000000000014
next_id: 0003201711181458
versiid: 
next_va: 1.39804e-76
val_cha: 0000
nod_cha: 000000000000000031
startid: 000000000000000014
next_id: 181458
versiid: 0000000000000000000000000000
next_va: 1.39804e-76
val_cha: 0002000000000000000000000032
nod_cha: 00000032
startid: 00000014
next_id: 
versiid: 000000000000000000
next_va: 1.39804e-76
val_cha: 000000000000000001
nod_cha: 00000002000000000000000000000017
startid: 00000003201711181458
next_id: 1000
versiid: 00000000
next_va: 1.39804e-76
val_cha: 00000002
nod_cha: 0000000000000000000017
startid: 1711181458
next_id: 00000000000000000000000000000000
versiid: 00000000000000000000000000000003
next_va: 2.7807e-310
val_cha: 00000002000000000000000000000017
nod_cha: 000000000017
startid: 
next_id: 0000000000000000000000
versiid: 0000000000000000000004
next_va: 1.39872e-76
val_cha: 0000000000000000000017
nod_cha: 17
startid: 
next_id: 000000000000
versiid: 000000000005
next_va: 1.39804e-76
val_cha: 000000000017
nod_cha: 03201711181458
startid: ULL
next_id: 00
versiid: 06
next_va: 1.39804e-76
val_cha: 17
nod_cha: 1458
startid: 00000000000000000000000000
next_id: 01000000000000000000000007
versiid: 02000000000000000000000017
next_va: 1.39804e-76
val_cha: 03201711181458
nod_cha: 
startid: 0000000000000000
next_id: 0000000000000008
versiid: 0000000000000017
next_va: 5.05232e-38
val_cha: 1458
nod_cha: 00
startid: 000000
next_id: 000009
versiid: 000017
next_va: 7.10911e-320
val_cha: 
nod_cha: 000000000000000000000000000000
startid: 00000100000000000000000000000a
next_id: 000002000000000000000000000017
versiid: 000003201711181458
next_va: 1.48981e-76
val_cha: 00
nod_cha: 00000000000000000000
startid: 0000000000000000000b
next_id: 00000000000000000017
versiid: 11181458
next_va: 1.38189e-76
val_cha: 000000000000000000000000000000
nod_cha: 0000000000
startid: 000000000c
next_id: 0000000017
versiid: 
next_va: 1.39804e-76
val_cha: 00000000000000000000
nod_cha: 
startid: 
next_id: 
versiid: 4@1000
next_va: 1.39804e-76
val_cha: 0000000000
nod_cha: 00000000000000000000000e
startid: 000000000000000000000017
next_id: 201711181458
versiid: L
next_va: 1.39804e-76
val_cha: 
nod_cha: 0000000000000f
startid: 00000000000017
next_id: 58
versiid: 000000000000000000000000
next_va: 9.16222e-72
val_cha: 000000000000000000000010
nod_cha: 0010
startid: 0017
next_id: 
versiid: 00000000000000
next_va: 1.39804e-76
val_cha: 00000000000011
nod_cha: 0002000000000000000000000017
startid: 0003201711181458
next_id: 
versiid: 0000
next_va: 1.39804e-76
val_cha: 0012
nod_cha: 000000000000000017
startid: 181458
next_id: 0000000000000000000000000000
versiid: 0001000000000000000000000013
next_va: 1.39804e-76
val_cha: 0002000000000000000000000017
nod_cha: 00000017
startid: 
next_id: 000000000000000000
versiid: 000000000000000014
next_va: 1.39804e-76
val_cha: 000000000000000017
nod_cha: 00000003201711181458
startid: 1000
next_id: 00000000
versiid: 00000015
next_va: 1.39804e-76
val_cha: 00000017
nod_cha: 1711181458
startid: 00000000000000000000000000000000
next_id: 00000001000000000000000000000016
versiid: 00000002000000000000000000000017
next_va: 2.99821e-310
val_cha: 00000003201711181458
nod_cha: 
startid: 0000000000000000000000
next_id: 0000000000000000000017
versiid: 0000000000000000000017
next_va: 1.57178e-76
val_cha: 1711181458
nod_cha: 
startid: 000000000000
next_id: 000000000018
versiid: 000000000017
next_va: 6.23126e-38
val_cha: 
nod_cha: ULL
startid: 00
next_id: 19
versiid: 17
next_va: 0
val_cha: 
nod_cha: 00000000000000000000000000
startid: 0200000000000000000000001a
next_id: 02000000000000000000000017
versiid: 03201711181458
next_va: 5.45542e+67
val_cha: ULL
nod_cha: 0000000000000000
startid: 000000000000001b
next_id: 0000000000000017
versiid: 1458
next_va: 1.39804e-76
val_cha: 00000000000000000000000000
nod_cha: 000000
startid: 00001c
next_id: 000017
versiid: 
next_va: 1.39804e-76
val_cha: 0000000000000000
nod_cha: 00000200000000000000000000001d
startid: 000002000000000000000000000017
next_id: 000003201711181458
versiid: 00
next_va: 1.39804e-76
val_cha: 000000
nod_cha: 0000000000000000001e
startid: 00000000000000000017
next_id: 11181458
versiid: 000000000000000000000000000000
next_va: 1.38179e-76
val_cha: 00000100000000000000000000001f
nod_cha: 000000001f
startid: 0000000017
next_id: 
versiid: 00000000000000000000
next_va: 1.39804e-76
val_cha: 00000000000000000020
nod_cha: 
startid: 
next_id: 4@1000
versiid: 0000000000
next_va: 1.39804e-76
val_cha: 0000000021
nod_cha: 000000000000000000000017
startid: 201711181458
next_id: L
versiid: 
next_va: 6.74639e-67
val_cha: 
nod_cha: 00000000000017
startid: 58
next_id: 000000000000000000000000
versiid: 000000000000000000000023
next_va: 6.00455e-67
val_cha: 000000000000000000000017
nod_cha: 0017
startid: 
next_id: 00000000000000
versiid: 00000000000024
next_va: 1.39804e-76
val_cha: 00000000000017
nod_cha: 0003201711181458
startid: 
next_id: 0000
versiid: 0025
next_va: 1.39804e-76
val_cha: 0017
nod_cha: 181458
startid: 0000000000000000000000000000
next_id: 0002000000000000000000000026
versiid: 0002000000000000000000000017
next_va: 1.39804e-76
val_cha: 0003201711181458
nod_cha: 
startid: 000000000000000000
next_id: 000000000000000027
versiid: 000000000000000017
next_va: 9.74368e-72
val_cha: 181458
nod_cha: 1000
startid: 00000000
next_id: 00000028
versiid: 00000017
next_va: 4.65909e-315
val_cha: 
nod_cha: 00000000000000000000000000000000
startid: 00000002000000000000000000000029
next_id: 00000002000000000000000000000017
versiid: 00000003201711181458
next_va: 20
val_cha: 1000
nod_cha: 0000000000000000000000
startid: 000000000000000000002a
next_id: 0000000000000000000017
versiid: 1711181458
next_va: 3.14828e-307
val_cha: 00000000000000000000000000000000
nod_cha: 000000000000
startid: 00000000002b
next_id: 000000000017
versiid: 
next_va: 1.39804e-76
val_cha: 0000000000000000000000
nod_cha: 00
startid: 2c
next_id: 17
versiid: 
next_va: 1.39804e-76
val_cha: 000000000000
nod_cha: 0000000000000000000000002d
startid: 02000000000000000000000017
next_id: 03201711181458
versiid: ULL
next_va: 1.39804e-76
val_cha: 00
nod_cha: 000000000000002e
startid: 0000000000000017
next_id: 1458
versiid: 00000000000000000000000000
next_va: 1.39804e-76
val_cha: 0200000000000000000000002f
nod_cha: 00002f
startid: 000017
next_id: 
versiid: 0000000000000000
next_va: 1.39804e-76
val_cha: 0000000000000030
nod_cha: 000002000000000000000000000017
startid: 000003201711181458
next_id: 00
versiid: 000000
next_va: 1.39804e-76
val_cha: 000031
nod_cha: 00000000000000000017
startid: 11181458
next_id: 000000000000000000000000000000
versiid: 000002000000000000000000000032
next_va: 1.38179e-76
val_cha: 000002000000000000000000000017
nod_cha: 0000000017
startid: 
next_id: 00000000000000000000
versiid: 00000000000000000001
next_va: 1.39804e-76
val_cha: 0000000000000000001a
nod_cha: 
startid: 4@1000
next_id: 0000000000
versiid: 0000000002
next_va: 1.39804e-76
val_cha: 000000001a
nod_cha: 201711181458
startid: L
next_id: 
versiid: 
next_va: 1.51032e+160
val_cha: 
nod_cha: 58
startid: 000000000000000000000000
next_id: 000000000000000000000004
versiid: 00000000000000000000001a
next_va: 3.93514e-62
val_cha: 201711181458
nod_cha: 
startid: 00000000000000
next_id: 00000000000005
versiid: 0000000000001a
next_va: 2.74322e-57
val_cha: 58
nod_cha: 
startid: 0000
next_id: 0006
versiid: 001a
next_va: 0
val_cha: 
nod_cha: 0000000000000000000000000000
startid: 0001000000000000000000000007
next_id: 000200000000000000000000001a
versiid: 0003201711181458
next_va: 1.39804e-76
val_cha: 
nod_cha: 000000000000000000
startid: 000000000000000008
next_id: 00000000000000001a
versiid: 181458
next_va: 1.39804e-76
val_cha: 0000000000000000000000000000
nod_cha: 00000000
startid: 00000009
next_id: 0000001a
versiid: 
next_va: 1.39804e-76
val_cha: 000000000000000000
nod_cha: 0000000100000000000000000000000a
startid: 0000000200000000000000000000001a
next_id: 00000003201711181458
versiid: 1000
next_va: 1.39804e-76
val_cha: 00000000
nod_cha: 000000000000000000000b
startid: 000000000000000000001a
next_id: 1711181458
versiid: 00000000000000000000000000000000
next_va: 2.61773e-310
val_cha: 0000000000000000000000000000000c
nod_cha: 00000000000c
startid: 00000000001a
next_id: 
versiid: 0000000000000000000000
next_va: 1.39838e-76
val_cha: 000000000000000000000d
nod_cha: 0d
startid: 1a
next_id: 
versiid: 000000000000
next_va: 1.39804e-76
val_cha: 00000000000e
nod_cha: 0200000000000000000000001a
startid: 03201711181458
next_id: ULL
versiid: 00
next_va: 1.39804e-76
val_cha: 0f
nod_cha: 000000000000001a
startid: 1458
next_id: 00000000000000000000000000
versiid: 01000000000000000000000010
next_va: 1.39804e-76
val_cha: 0200000000000000000000001a
nod_cha: 00001a
startid: 
next_id: 0000000000000000
versiid: 0000000000000011
next_va: 1.39804e-76
val_cha: 000000000000001a
nod_cha: 000003201711181458
startid: 00
next_id: 000000
versiid: 000012
next_va: 1.39804e-76
val_cha: 00001a
nod_cha: 11181458
startid: 000000000000000000000000000000
next_id: 000001000000000000000000000013
versiid: 00000200000000000000000000001a
next_va: 1.38179e-76
val_cha: 000003201711181458
nod_cha: 
startid: 00000000000000000000
next_id: 00000000000000000014
versiid: 0000000000000000001a
next_va: 7.70749e-43
val_cha: 11181458
nod_cha: 4@1000
startid: 0000000000
next_id: 0000000015
versiid: 000000001a
next_va: 3.05338e-310
val_cha: 
nod_cha: L
startid: 
next_id: 
versiid: 
next_va: 0
val_cha: 4@1000
nod_cha: 000000000000000000000000
startid: 000000000000000000000017
next_id: 00000000000000000000001a
versiid: 201711181458
next_va: 5.34927e+59
val_cha: L
nod_cha: 00000000000000
startid: 00000000000018
next_id: 0000000000001a
versiid: 58
next_va: 1.39804e-76
val_cha: 000000000000000000000000
nod_cha: 0000
startid: 0019
next_id: 001a
versiid: 
next_va: 1.39804e-76
val_cha: 00000000000000
nod_cha: 000200000000000000000000001a
startid: 000200000000000000000000001a
next_id: 0003201711181458
versiid: 
next_va: 1.39804e-76
val_cha: 0000
nod_cha: 00000000000000001b
startid: 00000000000000001a
next_id: 181458
versiid: 0000000000000000000000000000
next_va: 1.39804e-76
val_cha: 000100000000000000000000001c
nod_cha: 0000001c
startid: 0000001a
next_id: 
versiid: 000000000000000000
next_va: 1.39804e-76
val_cha: 00000000000000001d
nod_cha: 0000000200000000000000000000001a
startid: 00000003201711181458
next_id: 1000
versiid: 00000000
next_va: 1.39804e-76
val_cha: 0000001e
nod_cha: 000000000000000000001a
startid: 1711181458
next_id: 00000000000000000000000000000000
versiid: 0000000100000000000000000000001f
next_va: 5.55139e-310
val_cha: 0000000200000000000000000000001a
nod_cha: 00000000001a
startid: 
next_id: 0000000000000000000000
versiid: 0000000000000000000020
next_va: 1.39872e-76
val_cha: 000000000000000000001a
nod_cha: 1a
startid: 
next_id: 000000000000
versiid: 000000000021
next_va: 1.39804e-76
val_cha: 00000000001a
nod_cha: 03201711181458
startid: ULL
next_id: 00
versiid: 22
next_va: 1.39804e-76
val_cha: 1a
nod_cha: 1458
startid: 00000000000000000000000000
next_id: 02000000000000000000000023
versiid: 0200000000000000000000001a
next_va: 1.39804e-76
val_cha: 03201711181458
nod_cha: 
startid: 0000000000000000
next_id: 0000000000000024
versiid: 000000000000001a
next_va: 5.05232e-38
val_cha: 1458
nod_cha: 00
startid: 000000
next_id: 000025
versiid: 00001a
next_va: 7.10911e-320
val_cha: 
nod_cha: 000000000000000000000000000000
startid: 000002000000000000000000000026
next_id: 00000200000000000000000000001a
versiid: 000003201711181458
next_va: 1.48981e-76
val_cha: 00
nod_cha: 00000000000000000000
startid: 00000000000000000027
next_id: 0000000000000000001a
versiid: 11181458
next_va: 1.38189e-76
val_cha: 000000000000000000000000000000
nod_cha: 0000000000
startid: 0000000028
next_id: 000000001a
versiid: 
next_va: 1.39804e-76
val_cha: 00000000000000000000
nod_cha: 
startid: 
next_id: 
versiid: 4@1000
next_va: 1.39804e-76
val_cha: 0000000000
nod_cha: 00000000000000000000002a
startid: 00000000000000000000001a
next_id: 201711181458
versiid: L
next_va: 1.39804e-76
val_cha: 
nod_cha: 0000000000002b
startid: 0000000000001a
next_id: 58
versiid: 000000000000000000000000
next_va: 6.00455e-67
val_cha: 00000000000000000000002c
nod_cha: 002c
startid: 001a
next_id: 
versiid: 00000000000000
next_va: 1.39804e-76
val_cha: 0000000000002d
nod_cha: 000200000000000000000000001a
startid: 0003201711181458
next_id: 
versiid: 0000
next_va: 1.39804e-76
val_cha: 002e
nod_cha: 00000000000000001a
startid: 181458
next_id: 0000000000000000000000000000
versiid: 000200000000000000000000002f
next_va: 1.39804e-76
val_cha: 000200000000000000000000001a
nod_cha: 0000001a
startid: 
next_id: 000000000000000000
versiid: 000000000000000030
next_va: 1.39804e-76
val_cha: 00000000000000001a
nod_cha: 00000003201711181458
startid: 1000
next_id: 00000000
versiid: 00000031
next_va: 1.39804e-76
val_cha: 0000001a
nod_cha: 1711181458
startid: 00000000000000000000000000000000
next_id: 00000002000000000000000000000032
versiid: 0000000200000000000000000000001a
next_va: 5.27978e-310
val_cha: 00000003201711181458
nod_cha: 
startid: 0000000000000000000000
next_id: 0000000000000000000001
versiid: 000000000000000000001d
next_va: 1.57178e-76
val_cha: 1711181458
nod_cha: 
startid: 000000000000
next_id: 000000000002
versiid: 00000000001d
next_va: 6.23126e-38
val_cha: 
nod_cha: ULL
startid: 00
next_id: 03
versiid: 1d
next_va: 0
val_cha: 
nod_cha: 00000000000000000000000000
startid: 01000000000000000000000004
next_id: 0200000000000000000000001d
versiid: 03201711181458
next_va: 5.45542e+67
val_cha: ULL
nod_cha: 0000000000000000
startid: 0000000000000005
next_id: 000000000000001d
versiid: 1458
next_va: 1.39804e-76
val_cha: 00000000000000000000000000
nod_cha: 000000
startid: 000006
next_id: 00001d
versiid: 
next_va: 1.39804e-76
val_cha: 0000000000000000
nod_cha: 000001000000000000000000000007
startid: 00000200000000000000000000001d
next_id: 000003201711181458
versiid: 00
next_va: 1.39804e-76
val_cha: 000000
nod_cha: 00000000000000000008
startid: 0000000000000000001d
next_id: 11181458
versiid: 000000000000000000000000000000
next_va: 1.38179e-76
val_cha: 000000000000000000000000000009
nod_cha: 0000000009
startid: 000000001d
next_id: 
versiid: 00000000000000000000
next_va: 1.39804e-76
val_cha: 0000000000000000000a
nod_cha: 
startid: 
next_id: 4@1000
versiid: 0000000000
next_va: 1.39804e-76
val_cha: 000000000b
nod_cha: 00000000000000000000001d
startid: 201711181458
next_id: L
versiid: 
next_va: 6.10938e+169
val_cha: 
nod_cha: 0000000000001d
startid: 58
next_id: 000000000000000000000000
versiid: 00000000000000000000000d
next_va: 6.00455e-67
val_cha: 00000000000000000000001d
nod_cha: 001d
startid: 
next_id: 00000000000000
versiid: 0000000000000e
next_va: 1.39804e-76
val_cha: 0000000000001d
nod_cha: 0003201711181458
startid: 
next_id: 0000
versiid: 000f
next_va: 1.39804e-76
val_cha: 001d
nod_cha: 181458
startid: 0000000000000000000000000000
next_id: 0001000000000000000000000010
versiid: 000200000000000000000000001d
next_va: 1.39804e-76
val_cha: 0003201711181458
nod_cha: 
startid: 000000000000000000
next_id: 000000000000000011
versiid: 00000000000000001d
next_va: 9.74368e-72
val_cha: 181458
nod_cha: 1000
startid: 00000000
next_id: 00000012
versiid: 0000001d
next_va: 4.65909e-315
val_cha: 
nod_cha: 00000000000000000000000000000000
startid: 00000001000000000000000000000013
next_id: 0000000200000000000000000000001d
versiid: 00000003201711181458
next_va: 20
val_cha: 1000
nod_cha: 0000000000000000000000
startid: 0000000000000000000014
next_id: 000000000000000000001d
versiid: 1711181458
next_va: 3.14828e-307
val_cha: 00000000000000000000000000000000
nod_cha: 000000000000
startid: 000000000015
next_id: 00000000001d
versiid: 
next_va: 1.39804e-76
val_cha: 0000000000000000000000
nod_cha: 00
startid: 16
next_id: 1d
versiid: 
next_va: 1.39804e-76
val_cha: 000000000000
nod_cha: 02000000000000000000000017
startid: 0200000000000000000000001d
next_id: 03201711181458
versiid: ULL
next_va: 1.39804e-76
val_cha: 00
nod_cha: 0000000000000018
startid: 000000000000001d
next_id: 1458
versiid: 00000000000000000000000000
next_va: 1.39804e-76
val_cha: 01000000000000000000000019
nod_cha: 000019
startid: 00001d
next_id: 
versiid: 0000000000000000
next_va: 1.39804e-76
val_cha: 000000000000001a
nod_cha: 00000200000000000000000000001d
startid: 000003201711181458
next_id: 00
versiid: 000000
next_va: 1.39804e-76
val_cha: 00001b
nod_cha: 0000000000000000001d
startid: 11181458
next_id: 000000000000000000000000000000
versiid: 00000100000000000000000000001c
next_va: 1.38179e-76
val_cha: 00000200000000000000000000001d
nod_cha: 000000001d
startid: 
next_id: 00000000000000000000
versiid: 0000000000000000001d
next_va: 1.39804e-76
val_cha: 0000000000000000001d
nod_cha: 
startid: 4@1000
next_id: 0000000000
versiid: 000000001e
next_va: 1.39804e-76
val_cha: 000000001d
nod_cha: 201711181458
startid: L
next_id: 
versiid: 
next_va: 4.25117e+174
val_cha: 
nod_cha: 58
startid: 000000000000000000000000
next_id: 000000000000000000000020
versiid: 00000000000000000000001d
next_va: 3.93514e-62
val_cha: 201711181458
nod_cha: 
startid: 00000000000000
next_id: 00000000000021
versiid: 0000000000001d
next_va: 2.74322e-57
val_cha: 58
nod_cha: 
startid: 0000
next_id: 0022
versiid: 001d
next_va: 0
val_cha: 
nod_cha: 0000000000000000000000000000
startid: 0002000000000000000000000023
next_id: 000200000000000000000000001d
versiid: 0003201711181458
next_va: 1.39804e-76
val_cha: 
nod_cha: 000000000000000000
startid: 000000000000000024
next_id: 00000000000000001d
versiid: 181458
next_va: 1.39804e-76
val_cha: 0000000000000000000000000000
nod_cha: 00000000
startid: 00000025
next_id: 0000001d
versiid: 
next_va: 1.39804e-76
val_cha: 000000000000000000
nod_cha: 00000002000000000000000000000026
startid: 0000000200000000000000000000001d
next_id: 00000003201711181458
versiid: 1000
next_va: 1.39804e-76
val_cha: 00000000
nod_cha: 0000000000000000000027
startid: 000000000000000000001d
next_id: 1711181458
versiid: 00000000000000000000000000000000
next_va: 2.61773e-310
val_cha: 00000001000000000000000000000028
nod_cha: 000000000028
startid: 00000000001d
next_id: 
versiid: 0000000000000000000000
next_va: 1.39872e-76
val_cha: 0000000000000000000029
nod_cha: 29
startid: 1d
next_id: 
versiid: 000000000000
next_va: 1.39804e-76
val_cha: 00000000002a
nod_cha: 0200000000000000000000001d
startid: 03201711181458
next_id: ULL
versiid: 00
next_va: 1.39804e-76
val_cha: 2b
nod_cha: 000000000000001d
startid: 1458
next_id: 00000000000000000000000000
versiid: 0200000000000000000000002c
next_va: 1.39804e-76
val_cha: 0200000000000000000000001d
nod_cha: 00001d
startid: 
next_id: 0000000000000000
versiid: 000000000000002d
next_va: 1.39804e-76
val_cha: 000000000000001d
nod_cha: 000003201711181458
startid: 00
next_id: 000000
versiid: 00002e
next_va: 1.39804e-76
val_cha: 00001d
nod_cha: 11181458
startid: 000000000000000000000000000000
next_id: 00000200000000000000000000002f
versiid: 00000200000000000000000000001d
next_va: 1.38179e-76
val_cha: 000003201711181458
nod_cha: 
startid: 00000000000000000000
next_id: 00000000000000000030
versiid: 0000000000000000001d
next_va: 7.70749e-43
val_cha: 11181458
nod_cha: 4@1000
startid: 0000000000
next_id: 0000000031
versiid: 000000001d
next_va: 3.05338e-310
val_cha: 
nod_cha: L
startid: 
next_id: 
versiid: 
next_va: 0
val_cha: 4@1000
nod_cha: 000000000000000000000000
startid: 000000000000000000000001
next_id: 000000000000000000000020
versiid: 201711181458
next_va: 5.34927e+59
val_cha: L
nod_cha: 00000000000000
startid: 00000000000002
next_id: 00000000000020
versiid: 58
next_va: 1.39804e-76
val_cha: 000000000000000000000000
nod_cha: 0000
startid: 0003
next_id: 0020
versiid: 
next_va: 1.39804e-76
val_cha: 00000000000000
nod_cha: 0001000000000000000000000004
startid: 0002000000000000000000000020
next_id: 0003201711181458
versiid: 
next_va: 1.39804e-76
val_cha: 0000
nod_cha: 000000000000000005
startid: 000000000000000020
next_id: 181458
versiid: 0000000000000000000000000000
next_va: 1.39804e-76
val_cha: 0000000000000000000000000006
nod_cha: 00000006
startid: 00000020
next_id: 
versiid: 000000000000000000
next_va: 1.39804e-76
val_cha: 000000000000000007
nod_cha: 00000002000000000000000000000020
startid: 00000003201711181458
next_id: 1000
versiid: 00000000
next_va: 1.39804e-76
val_cha: 00000008
nod_cha: 0000000000000000000020
startid: 1711181458
next_id: 00000000000000000000000000000000
versiid: 00000000000000000000000000000009
next_va: 3.10664e-310
val_cha: 00000002000000000000000000000020
nod_cha: 000000000020
startid: 
next_id: 0000000000000000000000
versiid: 000000000000000000000a
next_va: 1.39872e-76
val_cha: 0000000000000000000020
nod_cha: 20
startid: 
next_id: 000000000000
versiid: 00000000000b
next_va: 1.39804e-76
val_cha: 000000000020
nod_cha: 03201711181458
startid: ULL
next_id: 00
versiid: 0c
next_va: 1.39804e-76
val_cha: 20
nod_cha: 1458
startid: 00000000000000000000000000
next_id: 0100000000000000000000000d
versiid: 02000000000000000000000020
next_va: 1.39804e-76
val_cha: 03201711181458
nod_cha: 
startid: 0000000000000000
next_id: 000000000000000e
versiid: 0000000000000020
next_va: 5.05232e-38
val_cha: 1458
nod_cha: 00
startid: 000000
next_id: 00000f
versiid: 000020
next_va: 7.10911e-320
val_cha: 
nod_cha: 000000000000000000000000000000
startid: 000001000000000000000000000010
next_id: 000002000000000000000000000020
versiid: 000003201711181458
next_va: 1.48981e-76
val_cha: 00
nod_cha: 00000000000000000000
startid: 00000000000000000011
next_id: 00000000000000000020
versiid: 11181458
next_va: 1.38189e-76
val_cha: 000000000000000000000000000000
nod_cha: 0000000000
startid: 0000000012
next_id: 0000000020
versiid: 
next_va: 1.39804e-76
val_cha: 00000000000000000000
nod_cha: 
startid: 
next_id: 
versiid: 4@1000
next_va: 1.39804e-76
val_cha: 0000000000
nod_cha: 000000000000000000000014
startid: 000000000000000000000020
next_id: 201711181458
versiid: L
next_va: 1.39804e-76
val_cha: 
nod_cha: 00000000000015
startid: 00000000000020
next_id: 58
versiid: 000000000000000000000000
next_va: 9.16222e-72
val_cha: 000000000000000000000016
nod_cha: 0016
startid: 0020
next_id: 
versiid: 00000000000000
next_va: 1.39804e-76
val_cha: 00000000000017
nod_cha: 0002000000000000000000000020
startid: 0003201711181458
next_id: 
versiid: 0000
next_va: 1.39804e-76
val_cha: 0018
nod_cha: 000000000000000020
startid: 181458
next_id: 0000000000000000000000000000
versiid: 0001000000000000000000000019
next_va: 1.39804e-76
val_cha: 0002000000000000000000000020
nod_cha: 00000020
startid: 
next_id: 000000000000000000
versiid: 00000000000000001a
next_va: 1.39804e-76
val_cha: 000000000000000020
nod_cha: 00000003201711181458
startid: 1000
next_id: 00000000
versiid: 0000001b
next_va: 1.39804e-76
val_cha: 00000020
nod_cha: 1711181458
startid: 00000000000000000000000000000000
next_id: 0000000100000000000000000000001c
versiid: 00000002000000000000000000000020
next_va: 2.61816e-310
val_cha: 00000003201711181458
nod_cha: 
startid: 0000000000000000000000
next_id: 000000000000000000001d
versiid: 0000000000000000000020
next_va: 1.57178e-76
val_cha: 1711181458
nod_cha: 
startid: 000000000000
next_id: 00000000001e
versiid: 000000000020
next_va: 6.23126e-38
val_cha: 
nod_cha: ULL
startid: 00
next_id: 1f
versiid: 20
next_va: 0
val_cha: 
nod_cha: 00000000000000000000000000
startid: 02000000000000000000000020
next_id: 02000000000000000000000020
versiid: 03201711181458
next_va: 5.45542e+67
val_cha: ULL
nod_cha: 0000000000000000
startid: 0000000000000021
next_id: 0000000000000020
versiid: 1458
next_va: 1.39804e-76
val_cha: 00000000000000000000000000
nod_cha: 000000
startid: 000022
next_id: 000020
versiid: 
next_va: 1.39804e-76
val_cha: 0000000000000000
nod_cha: 000002000000000000000000000023
startid: 000002000000000000000000000020
next_id: 000003201711181458
versiid: 00
next_va: 1.39804e-76
val_cha: 000000
nod_cha: 00000000000000000024
startid: 00000000000000000020
next_id: 11181458
versiid: 000000000000000000000000000000
next_va: 1.38179e-76
val_cha: 000001000000000000000000000025
nod_cha: 0000000025
startid: 0000000020
next_id: 
versiid: 00000000000000000000
next_va: 1.39804e-76
val_cha: 00000000000000000026
nod_cha: 
startid: 
next_id: 4@1000
versiid: 0000000000
next_va: 1.39804e-76
val_cha: 0000000027
nod_cha: 000000000000000000000020
startid: 201711181458
next_id: L
versiid: 
next_va: 5.34504e-38
val_cha: 
nod_cha: 00000000000020
startid: 58
next_id: 000000000000000000000000
versiid: 000000000000000000000029
next_va: 6.00455e-67
val_cha: 000000000000000000000020
nod_cha: 0020
startid: 
next_id: 00000000000000
versiid: 0000000000002a
next_va: 1.39804e-76
val_cha: 00000000000020
nod_cha: 0003201711181458
startid: 
next_id: 0000
versiid: 002b
next_va: 1.39804e-76
val_cha: 0020
nod_cha: 181458
startid: 0000000000000000000000000000
next_id: 000200000000000000000000002c
versiid: 0002000000000000000000000020
next_va: 1.39804e-76
val_cha: 0003201711181458
nod_cha: 
startid: 000000000000000000
next_id: 00000000000000002d
versiid: 000000000000000020
next_va: 9.74368e-72
val_cha: 181458
nod_cha: 1000
startid: 00000000
next_id: 0000002e
versiid: 00000020
next_va: 4.65909e-315
val_cha: 
nod_cha: 00000000000000000000000000000000
startid: 0000000200000000000000000000002f
next_id: 00000002000000000000000000000020
versiid: 00000003201711181458
next_va: 20
val_cha: 1000
nod_cha: 0000000000000000000000
startid: 0000000000000000000030
next_id: 0000000000000000000020
versiid: 1711181458
next_va: 3.14828e-307
val_cha: 00000000000000000000000000000000
nod_cha: 000000000000
startid: 000000000031
next_id: 000000000020
versiid: 
next_va: 1.39804e-76
val_cha: 0000000000000000000000
nod_cha: 00
startid: 32
next_id: 20
versiid: 
next_va: 1.39804e-76
val_cha: 000000000000
nod_cha: 01000000000000000000000001
startid: 02000000000000000000000023
next_id: 03201711181458
versiid: ULL
next_va: 1.39804e-76
val_cha: 00
nod_cha: 0000000000000002
startid: 0000000000000023
next_id: 1458
versiid: 00000000000000000000000000
next_va: 1.39804e-76
val_cha: 00000000000000000000000003
nod_cha: 000003
startid: 000023
next_id: 
versiid: 0000000000000000
next_va: 1.39804e-76
val_cha: 0000000000000004
nod_cha: 000002000000000000000000000023
startid: 000003201711181458
next_id: 00
versiid: 000000
next_va: 1.39804e-76
val_cha: 000005
nod_cha: 00000000000000000023
startid: 11181458
next_id: 000000000000000000000000000000
versiid: 000000000000000000000000000006
next_va: 1.38179e-76
val_cha: 000002000000000000000000000023
nod_cha: 0000000023
startid: 
next_id: 00000000000000000000
versiid: 00000000000000000007
next_va: 1.39804e-76
val_cha: 00000000000000000023
nod_cha: 
startid: 4@1000
next_id: 0000000000
versiid: 0000000008
next_va: 1.39804e-76
val_cha: 0000000023
nod_cha: 201711181458
startid: L
next_id: 
versiid: 
next_va: 4.42132e-62
val_cha: 
nod_cha: 58
startid: 000000000000000000000000
next_id: 00000000000000000000000a
versiid: 000000000000000000000023
next_va: 3.93514e-62
val_cha: 201711181458
nod_cha: 
startid: 00000000000000
next_id: 0000000000000b
versiid: 00000000000023
next_va: 2.74322e-57
val_cha: 58
nod_cha: 
startid: 0000
next_id: 000c
versiid: 0023
next_va: 0
val_cha: 
nod_cha: 0000000000000000000000000000
startid: 000100000000000000000000000d
next_id: 0002000000000000000000000023
versiid: 0003201711181458
next_va: 1.39804e-76
val_cha: 
nod_cha: 000000000000000000
startid: 00000000000000000e
next_id: 000000000000000023
versiid: 181458
next_va: 1.39804e-76
val_cha: 0000000000000000000000000000
nod_cha: 00000000
startid: 0000000f
next_id: 00000023
versiid: 
next_va: 1.39804e-76
val_cha: 000000000000000000
nod_cha: 00000001000000000000000000000010
startid: 00000002000000000000000000000023
next_id: 00000003201711181458
versiid: 1000
next_va: 1.39804e-76
val_cha: 00000000
nod_cha: 0000000000000000000011
startid: 0000000000000000000023
next_id: 1711181458
versiid: 00000000000000000000000000000000
next_va: 2.61773e-310
val_cha: 00000000000000000000000000000012
nod_cha: 000000000012
startid: 000000000023
next_id: 
versiid: 0000000000000000000000
next_va: 1.39838e-76
val_cha: 0000000000000000000013
nod_cha: 13
startid: 23
next_id: 
versiid: 000000000000
next_va: 1.39804e-76
val_cha: 000000000014
nod_cha: 02000000000000000000000023
startid: 03201711181458
next_id: ULL
versiid: 00
next_va: 1.39804e-76
val_cha: 15
nod_cha: 0000000000000023
startid: 1458
next_id: 00000000000000000000000000
versiid: 01000000000000000000000016
next_va: 1.39804e-76
val_cha: 02000000000000000000000023
nod_cha: 000023
startid: 
next_id: 0000000000000000
versiid: 0000000000000017
next_va: 1.39804e-76
val_cha: 0000000000000023
nod_cha: 000003201711181458
startid: 00
next_id: 000000
versiid: 000018
next_va: 1.39804e-76
val_cha: 000023
nod_cha: 11181458
startid: 000000000000000000000000000000
next_id: 000001000000000000000000000019
versiid: 000002000000000000000000000023
next_va: 1.38179e-76
val_cha: 000003201711181458
nod_cha: 
startid: 00000000000000000000
next_id: 0000000000000000001a
versiid: 00000000000000000023
next_va: 7.70749e-43
val_cha: 11181458
nod_cha: 4@1000
startid: 0000000000
next_id: 000000001b
versiid: 0000000023
next_va: 3.05338e-310
val_cha: 
nod_cha: L
startid: 
next_id: 
versiid: 
next_va: 0
val_cha: 4@1000
nod_cha: 000000000000000000000000
startid: 00000000000000000000001d
next_id: 000000000000000000000023
versiid: 201711181458
next_va: 5.34927e+59
val_cha: L
nod_cha: 00000000000000
startid: 0000000000001e
next_id: 00000000000023
versiid: 58
next_va: 1.39804e-76
val_cha: 000000000000000000000000
nod_cha: 0000
startid: 001f
next_id: 0023
versiid: 
next_va: 1.39804e-76
val_cha: 00000000000000
nod_cha: 0002000000000000000000000020
startid: 0002000000000000000000000023
next_id: 0003201711181458
versiid: 
next_va: 1.39804e-76
val_cha: 0000
nod_cha: 000000000000000021
startid: 000000000000000023
next_id: 181458
versiid: 0000000000000000000000000000
next_va: 1.39804e-76
val_cha: 0001000000000000000000000022
nod_cha: 00000022
startid: 00000023
next_id: 
versiid: 000000000000000000
next_va: 1.39804e-76
val_cha: 000000000000000023
nod_cha: 00000002000000000000000000000023
startid: 00000003201711181458
next_id: 1000
versiid: 00000000
next_va: 1.39804e-76
val_cha: 00000024
nod_cha: 0000000000000000000023
startid: 1711181458
next_id: 00000000000000000000000000000000
versiid: 00000001000000000000000000000025
next_va: 2.88977e-310
val_cha: 00000002000000000000000000000023
nod_cha: 000000000023
startid: 
next_id: 0000000000000000000000
versiid: 0000000000000000000026
next_va: 1.39872e-76
val_cha: 0000000000000000000023
nod_cha: 23
startid: 
next_id: 000000000000
versiid: 000000000027
next_va: 1.39804e-76
val_cha: 000000000023
nod_cha: 03201711181458
startid: ULL
next_id: 00
versiid: 28
next_va: 1.39804e-76
val_cha: 23
nod_cha: 1458
startid: 00000000000000000000000000
next_id: 02000000000000000000000029
versiid: 02000000000000000000000023
next_va: 1.39804e-76
val_cha: 03201711181458
nod_cha: 
startid: 0000000000000000
next_id: 000000000000002a
versiid: 0000000000000023
next_va: 5.05232e-38
val_cha: 1458
nod_cha: 00
startid: 000000
next_id: 00002b
versiid: 000023
next_va: 7.10911e-320
val_cha: 
nod_cha: 000000000000000000000000000000
startid: 00000200000000000000000000002c
next_id: 000002000000000000000000000023
versiid: 000003201711181458
next_va: 1.48981e-76
val_cha: 00
nod_cha: 00000000000000000000
startid: 0000000000000000002d
next_id: 00000000000000000023
versiid: 11181458
next_va: 1.38189e-76
val_cha: 000000000000000000000000000000
nod_cha: 0000000000
startid: 000000002e
next_id: 0000000023
versiid: 
next_va: 1.39804e-76
val_cha: 00000000000000000000
nod_cha: 
startid: 
next_id: 
versiid: 4@1000
next_va: 1.39804e-76
val_cha: 0000000000
nod_cha: 000000000000000000000030
startid: 000000000000000000000023
next_id: 201711181458
versiid: L
next_va: 1.39804e-76
val_cha: 
nod_cha: 00000000000031
startid: 00000000000023
next_id: 58
versiid: 000000000000000000000000
next_va: 6.00455e-67
val_cha: 000000000000000000000032
nod_cha: 0032
startid: 0023
next_id: 
versiid: 00000000000000
next_va: 1.39804e-76
val_cha: 00000000000001
nod_cha: 0002000000000000000000000026
startid: 0003201711181458
next_id: 
versiid: 0000
next_va: 1.39804e-76
val_cha: 0002
nod_cha: 000000000000000026
startid: 181458
next_id: 0000000000000000000000000000
versiid: 0000000000000000000000000003
next_va: 1.39804e-76
val_cha: 0002000000000000000000000026
nod_cha: 00000026
startid: 
next_id: 000000000000000000
versiid: 000000000000000004
next_va: 1.39804e-76
val_cha: 000000000000000026
nod_cha: 00000003201711181458
startid: 1000
next_id: 00000000
versiid: 00000005
next_va: 1.39804e-76
val_cha: 00000026
nod_cha: 1711181458
startid: 00000000000000000000000000000000
next_id: 00000000000000000000000000000006
versiid: 00000002000000000000000000000026
next_va: 2.9441e-310
val_cha: 00000003201711181458
nod_cha: 
startid: 0000000000000000000000
next_id: 0000000000000000000007
versiid: 0000000000000000000026
next_va: 1.57178e-76
val_cha: 1711181458
nod_cha: 
startid: 000000000000
next_id: 000000000008
versiid: 000000000026
next_va: 6.23126e-38
val_cha: 
nod_cha: ULL
startid: 00
next_id: 09
versiid: 26
next_va: 0
val_cha: 
nod_cha: 00000000000000000000000000
startid: 0100000000000000000000000a
next_id: 02000000000000000000000026
versiid: 03201711181458
next_va: 5.45542e+67
val_cha: ULL
nod_cha: 0000000000000000
startid: 000000000000000b
next_id: 0000000000000026
versiid: 1458
next_va: 1.39804e-76
val_cha: 00000000000000000000000000
nod_cha: 000000
startid: 00000c
next_id: 000026
versiid: 
next_va: 1.39804e-76
val_cha: 0000000000000000
nod_cha: 00000100000000000000000000000d
startid: 000002000000000000000000000026
next_id: 000003201711181458
versiid: 00
next_va: 1.39804e-76
val_cha: 000000
nod_cha: 0000000000000000000e
startid: 00000000000000000026
next_id: 11181458
versiid: 000000000000000000000000000000
next_va: 1.38179e-76
val_cha: 00000000000000000000000000000f
nod_cha: 000000000f
startid: 0000000026
next_id: 
versiid: 00000000000000000000
next_va: 1.39804e-76
val_cha: 00000000000000000010
nod_cha: 
startid: 
next_id: 4@1000
versiid: 0000000000
next_va: 1.39804e-76
val_cha: 0000000011
nod_cha: 000000000000000000000026
startid: 201711181458
next_id: L
versiid: 
next_va: 6.37547e-67
val_cha: 
nod_cha: 00000000000026
startid: 58
next_id: 000000000000000000000000
versiid: 000000000000000000000013
next_va: 6.00455e-67
val_cha: 000000000000000000000026
nod_cha: 0026
startid: 
next_id: 00000000000000
versiid: 00000000000014
next_va: 1.39804e-76
val_cha: 00000000000026
nod_cha: 0003201711181458
startid: 
next_id: 0000
versiid: 0015
next_va: 1.39804e-76
val_cha: 0026
nod_cha: 181458
startid: 0000000000000000000000000000
next_id: 0001000000000000000000000016
versiid: 0002000000000000000000000026
next_va: 1.39804e-76
val_cha: 0003201711181458
nod_cha: 
startid: 000000000000000000
next_id: 000000000000000017
versiid: 000000000000000026
next_va: 9.74368e-72
val_cha: 181458
nod_cha: 1000
startid: 00000000
next_id: 00000018
versiid: 00000026
next_va: 4.65909e-315
val_cha: 
nod_cha: 00000000000000000000000000000000
startid: 00000001000000000000000000000019
next_id: 00000002000000000000000000000026
versiid: 00000003201711181458
next_va: 20
val_cha: 1000
nod_cha: 0000000000000000000000
startid: 000000000000000000001a
next_id: 0000000000000000000026
versiid: 1711181458
next_va: 3.14828e-307
val_cha: 00000000000000000000000000000000
nod_cha: 000000000000
startid: 00000000001b
next_id: 000000000026
versiid: 
next_va: 1.39804e-76
val_cha: 0000000000000000000000
nod_cha: 00
startid: 1c
next_id: 26
versiid: 
next_va: 1.39804e-76
val_cha: 000000000000
nod_cha: 0200000000000000000000001d
startid: 02000000000000000000000026
next_id: 03201711181458
versiid: ULL
next_va: 1.39804e-76
val_cha: 00
nod_cha: 000000000000001e
startid: 0000000000000026
next_id: 1458
versiid: 00000000000000000000000000
next_va: 1.39804e-76
val_cha: 0100000000000000000000001f
nod_cha: 00001f
startid: 000026
next_id: 
versiid: 0000000000000000
next_va: 1.39804e-76
val_cha: 0000000000000020
nod_cha: 000002000000000000000000000026
startid: 000003201711181458
next_id: 00
versiid: 000000
next_va: 1.39804e-76
val_cha: 000021
nod_cha: 00000000000000000026
startid: 11181458
next_id: 000000000000000000000000000000
versiid: 000001000000000000000000000022
next_va: 1.38179e-76
val_cha: 000002000000000000000000000026
nod_cha: 0000000026
startid: 
next_id: 00000000000000000000
versiid: 00000000000000000023
next_va: 1.39804e-76
val_cha: 00000000000000000026
nod_cha: 
startid: 4@1000
next_id: 0000000000
versiid: 0000000024
next_va: 1.39804e-76
val_cha: 0000000026
nod_cha: 201711181458
startid: L
next_id: 
versiid: 
next_va: 1.24449e-47
val_cha: 
nod_cha: 58
startid: 000000000000000000000000
next_id: 000000000000000000000026
versiid: 000000000000000000000026
next_va: 3.93514e-62
val_cha: 201711181458
nod_cha: 
startid: 00000000000000
next_id: 00000000000027
versiid: 00000000000026
next_va: 2.74322e-57
val_cha: 58
nod_cha: 
startid: 0000
next_id: 0028
versiid: 0026
next_va: 0
val_cha: 
nod_cha: 0000000000000000000000000000
startid: 0002000000000000000000000029
next_id: 0002000000000000000000000026
versiid: 0003201711181458
next_va: 1.39804e-76
val_cha: 
nod_cha: 000000000000000000
startid: 00000000000000002a
next_id: 000000000000000026
versiid: 181458
next_va: 1.39804e-76
val_cha: 0000000000000000000000000000
nod_cha: 00000000
startid: 0000002b
next_id: 00000026
versiid: 
next_va: 1.39804e-76
val_cha: 000000000000000000
nod_cha: 0000000200000000000000000000002c
startid: 00000002000000000000000000000026
next_id: 00000003201711181458
versiid: 1000
next_va: 1.39804e-76
val_cha: 00000000
nod_cha: 000000000000000000002d
startid: 0000000000000000000026
next_id: 1711181458
versiid: 00000000000000000000000000000000
next_va: 2.61773e-310
val_cha: 0000000100000000000000000000002e
nod_cha: 00000000002e
startid: 000000000026
next_id: 
versiid: 0000000000000000000000
next_va: 1.39872e-76
val_cha: 000000000000000000002f
nod_cha: 2f
startid: 26
next_id: 
versiid: 000000000000
next_va: 1.39804e-76
val_cha: 000000000030
nod_cha: 02000000000000000000000026
startid: 03201711181458
next_id: ULL
versiid: 00
next_va: 1.39804e-76
val_cha: 31
nod_cha: 0000000000000026
startid: 1458
next_id: 00000000000000000000000000
versiid: 02000000000000000000000032
next_va: 1.39804e-76
val_cha: 02000000000000000000000026
nod_cha: 000026
startid: 
next_id: 0000000000000000
versiid: 0000000000000001
next_va: 1.39804e-76
val_cha: 0000000000000029
nod_cha: 000003201711181458
startid: 00
next_id: 000000
versiid: 000002
next_va: 1.39804e-76
val_cha: 000029
nod_cha: 11181458
startid: 000000000000000000000000000000
next_id: 000000000000000000000000000003
versiid: 000002000000000000000000000029
next_va: 1.38179e-76
val_cha: 000003201711181458
nod_cha: 
startid: 00000000000000000000
next_id: 00000000000000000004
versiid: 00000000000000000029
next_va: 7.70749e-43
val_cha: 11181458
nod_cha: 4@1000
startid: 0000000000
next_id: 0000000005
versiid: 0000000029
next_va: 3.05338e-310
val_cha: 
nod_cha: L
startid: 
next_id: 
versiid: 
next_va: 0
val_cha: 4@1000
nod_cha: 000000000000000000000000
startid: 000000000000000000000007
next_id: 000000000000000000000029
versiid: 201711181458
next_va: 5.34927e+59
val_cha: L
nod_cha: 00000000000000
startid: 00000000000008
next_id: 00000000000029
versiid: 58
next_va: 1.39804e-76
val_cha: 000000000000000000000000
nod_cha: 0000
startid: 0009
next_id: 0029
versiid: 
next_va: 1.39804e-76
val_cha: 00000000000000
nod_cha: 000100000000000000000000000a
startid: 0002000000000000000000000029
next_id: 0003201711181458
versiid: 
next_va: 1.39804e-76
val_cha: 0000
nod_cha: 00000000000000000b
startid: 000000000000000029
next_id: 181458
versiid: 0000000000000000000000000000
next_va: 1.39804e-76
val_cha: 000000000000000000000000000c
nod_cha: 0000000c
startid: 00000029
next_id: 
versiid: 000000000000000000
next_va: 1.39804e-76
val_cha: 00000000000000000d
nod_cha: 00000002000000000000000000000029
startid: 00000003201711181458
next_id: 1000
versiid: 00000000
next_va: 1.39804e-76
val_cha: 0000000e
nod_cha: 0000000000000000000029
startid: 1711181458
next_id: 00000000000000000000000000000000
versiid: 0000000000000000000000000000000f
next_va: 5.55118e-310
val_cha: 00000002000000000000000000000029
nod_cha: 000000000029
startid: 
next_id: 0000000000000000000000
versiid: 0000000000000000000010
next_va: 1.39872e-76
val_cha: 0000000000000000000029
nod_cha: 29
startid: 
next_id: 000000000000
versiid: 000000000011
next_va: 1.39804e-76
val_cha: 000000000029
nod_cha: 03201711181458
startid: ULL
next_id: 00
versiid: 12
next_va: 1.39804e-76
val_cha: 29
nod_cha: 1458
startid: 00000000000000000000000000
next_id: 01000000000000000000000013
versiid: 02000000000000000000000029
next_va: 1.39804e-76
val_cha: 03201711181458
nod_cha: 
startid: 0000000000000000
next_id: 0000000000000014
versiid: 0000000000000029
next_va: 5.05232e-38
val_cha: 1458
nod_cha: 00
startid: 000000
next_id: 000015
versiid: 000029
next_va: 7.10911e-320
val_cha: 
nod_cha: 000000000000000000000000000000
startid: 000001000000000000000000000016
next_id: 000002000000000000000000000029
versiid: 000003201711181458
next_va: 1.48981e-76
val_cha: 00
nod_cha: 00000000000000000000
startid: 00000000000000000017
next_id: 00000000000000000029
versiid: 11181458
next_va: 1.38189e-76
val_cha: 000000000000000000000000000000
nod_cha: 0000000000
startid: 0000000018
next_id: 0000000029
versiid: 
next_va: 1.39804e-76
val_cha: 00000000000000000000
nod_cha: 
startid: 
next_id: 
versiid: 4@1000
next_va: 1.39804e-76
val_cha: 0000000000
nod_cha: 00000000000000000000001a
startid: 000000000000000000000029
next_id: 201711181458
versiid: L
next_va: 1.39804e-76
val_cha: 
nod_cha: 0000000000001b
startid: 00000000000029
next_id: 58
versiid: 000000000000000000000000
next_va: 9.16222e-72
val_cha: 00000000000000000000001c
nod_cha: 001c
startid: 0029
next_id: 
versiid: 00000000000000
next_va: 1.39804e-76
val_cha: 0000000000001d
nod_cha: 0002000000000000000000000029
startid: 0003201711181458
next_id: 
versiid: 0000
next_va: 1.39804e-76
val_cha: 001e
nod_cha: 000000000000000029
startid: 181458
next_id: 0000000000000000000000000000
versiid: 000100000000000000000000001f
next_va: 1.39804e-76
val_cha: 0002000000000000000000000029
nod_cha: 00000029
startid: 
next_id: 000000000000000000
versiid: 000000000000000020
next_va: 1.39804e-76
val_cha: 000000000000000029
nod_cha: 00000003201711181458
startid: 1000
next_id: 00000000
versiid: 00000021
next_va: 1.39804e-76
val_cha: 00000029
nod_cha: 1711181458
startid: 00000000000000000000000000000000
next_id: 00000001000000000000000000000022
versiid: 00000002000000000000000000000029
next_va: 3.10707e-310
val_cha: 00000003201711181458
nod_cha: 
startid: 0000000000000000000000
next_id: 0000000000000000000023
versiid: 0000000000000000000029
next_va: 1.57178e-76
val_cha: 1711181458
nod_cha: 
startid: 000000000000
next_id: 000000000024
versiid: 000000000029
next_va: 6.23126e-38
val_cha: 
nod_cha: ULL
startid: 00
next_id: 25
versiid: 29
next_va: 0
val_cha: 
nod_cha: 00000000000000000000000000
startid: 02000000000000000000000026
next_id: 02000000000000000000000029
versiid: 03201711181458
next_va: 5.45542e+67
val_cha: ULL
nod_cha: 0000000000000000
startid: 0000000000000027
next_id: 0000000000000029
versiid: 1458
next_va: 1.39804e-76
val_cha: 00000000000000000000000000
nod_cha: 000000
startid: 000028
next_id: 000029
versiid: 
next_va: 1.39804e-76
val_cha: 0000000000000000
nod_cha: 000002000000000000000000000029
startid: 000002000000000000000000000029
next_id: 000003201711181458
versiid: 00
next_va: 1.39804e-76
val_cha: 000000
nod_cha: 0000000000000000002a
startid: 00000000000000000029
next_id: 11181458
versiid: 000000000000000000000000000000
next_va: 1.38179e-76
val_cha: 00000100000000000000000000002b
nod_cha: 000000002b
startid: 0000000029
next_id: 
versiid: 00000000000000000000
next_va: 1.39804e-76
val_cha: 0000000000000000002c
nod_cha: 
startid: 
next_id: 4@1000
versiid: 0000000000
next_va: 1.39804e-76
val_cha: 000000002d
nod_cha: 000000000000000000000029
startid: 201711181458
next_id: L
versiid: 
next_va: 2.94814e+179
val_cha: 
nod_cha: 00000000000029
startid: 58
next_id: 000000000000000000000000
versiid: 00000000000000000000002f
next_va: 6.00455e-67
val_cha: 000000000000000000000029
nod_cha: 0029
startid: 
next_id: 00000000000000
versiid: 00000000000030
next_va: 1.39804e-76
val_cha: 00000000000029
nod_cha: 0003201711181458
startid: 
next_id: 0000
versiid: 0031
next_va: 1.39804e-76
val_cha: 0029
nod_cha: 181458
startid: 0000000000000000000000000000
next_id: 0002000000000000000000000032
versiid: 0002000000000000000000000029
next_va: 1.39804e-76
val_cha: 0003201711181458
nod_cha: 
startid: 000000000000000000
next_id: 000000000000000001
versiid: 00000000000000002c
next_va: 9.74368e-72
val_cha: 181458
nod_cha: 1000
startid: 00000000
next_id: 00000002
versiid: 0000002c
next_va: 4.65909e-315
val_cha: 
nod_cha: 00000000000000000000000000000000
startid: 00000000000000000000000000000003
next_id: 0000000200000000000000000000002c
versiid: 00000003201711181458
next_va: 20
val_cha: 1000
nod_cha: 0000000000000000000000
startid: 0000000000000000000004
next_id: 000000000000000000002c
versiid: 1711181458
next_va: 3.14828e-307
val_cha: 00000000000000000000000000000000
nod_cha: 000000000000
startid: 000000000005
next_id: 00000000002c
versiid: 
next_va: 1.39804e-76
val_cha: 0000000000000000000000
nod_cha: 00
startid: 06
next_id: 2c
versiid: 
next_va: 1.39804e-76
val_cha: 000000000000
nod_cha: 01000000000000000000000007
startid: 0200000000000000000000002c
next_id: 03201711181458
versiid: ULL
next_va: 1.39804e-76
val_cha: 00
nod_cha: 0000000000000008
startid: 000000000000002c
next_id: 1458
versiid: 00000000000000000000000000
next_va: 1.39804e-76
val_cha: 00000000000000000000000009
nod_cha: 000009
startid: 00002c
next_id: 
versiid: 0000000000000000
next_va: 1.39804e-76
val_cha: 000000000000000a
nod_cha: 00000200000000000000000000002c
startid: 000003201711181458
next_id: 00
versiid: 000000
next_va: 1.39804e-76
val_cha: 00000b
nod_cha: 0000000000000000002c
startid: 11181458
next_id: 000000000000000000000000000000
versiid: 00000000000000000000000000000c
next_va: 1.38179e-76
val_cha: 00000200000000000000000000002c
nod_cha: 000000002c
startid: 
next_id: 00000000000000000000
versiid: 0000000000000000000d
next_va: 1.39804e-76
val_cha: 0000000000000000002c
nod_cha: 
startid: 4@1000
next_id: 0000000000
versiid: 000000000e
next_va: 1.39804e-76
val_cha: 000000002c
nod_cha: 201711181458
startid: L
next_id: 
versiid: 
next_va: 6.86417e+169
val_cha: 
nod_cha: 58
startid: 000000000000000000000000
next_id: 000000000000000000000010
versiid: 00000000000000000000002c
next_va: 3.93514e-62
val_cha: 201711181458
nod_cha: 
startid: 00000000000000
next_id: 00000000000011
versiid: 0000000000002c
next_va: 2.74322e-57
val_cha: 58
nod_cha: 
startid: 0000
next_id: 0012
versiid: 002c
next_va: 0
val_cha: 
nod_cha: 0000000000000000000000000000
startid: 0001000000000000000000000013
next_id: 000200000000000000000000002c
versiid: 0003201711181458
next_va: 1.39804e-76
val_cha: 
nod_cha: 000000000000000000
startid: 000000000000000014
next_id: 00000000000000002c
versiid: 181458
next_va: 1.39804e-76
val_cha: 0000000000000000000000000000
nod_cha: 00000000
startid: 00000015
next_id: 0000002c
versiid: 
next_va: 1.39804e-76
val_cha: 000000000000000000
nod_cha: 00000001000000000000000000000016
startid: 0000000200000000000000000000002c
next_id: 00000003201711181458
versiid: 1000
next_va: 1.39804e-76
val_cha: 00000000
nod_cha: 0000000000000000000017
startid: 000000000000000000002c
next_id: 1711181458
versiid: 00000000000000000000000000000000
next_va: 2.61773e-310
val_cha: 00000000000000000000000000000018
nod_cha: 000000000018
startid: 00000000002c
next_id: 
versiid: 0000000000000000000000
next_va: 1.39838e-76
val_cha: 0000000000000000000019
nod_cha: 19
startid: 2c
next_id: 
versiid: 000000000000
next_va: 1.39804e-76
val_cha: 00000000001a
nod_cha: 0200000000000000000000002c
startid: 03201711181458
next_id: ULL
versiid: 00
next_va: 1.39804e-76
val_cha: 1b
nod_cha: 000000000000002c
startid: 1458
next_id: 00000000000000000000000000
versiid: 0100000000000000000000001c
next_va: 1.39804e-76
val_cha: 0200000000000000000000002c
nod_cha: 00002c
startid: 
next_id: 0000000000000000
versiid: 000000000000001d
next_va: 1.39804e-76
val_cha: 000000000000002c
nod_cha: 000003201711181458
startid: 00
next_id: 000000
versiid: 00001e
next_va: 1.39804e-76
val_cha: 00002c
nod_cha: 11181458
startid: 000000000000000000000000000000
next_id: 00000100000000000000000000001f
versiid: 00000200000000000000000000002c
next_va: 1.38179e-76
val_cha: 000003201711181458
nod_cha: 
startid: 00000000000000000000
next_id: 00000000000000000020
versiid: 0000000000000000002c
next_va: 7.70749e-43
val_cha: 11181458
nod_cha: 4@1000
startid: 0000000000
next_id: 0000000021
versiid: 000000002c
next_va: 3.05338e-310
val_cha: 
nod_cha: L
startid: 
next_id: 
versiid: 
next_va: 0
val_cha: 4@1000
nod_cha: 000000000000000000000000
startid: 000000000000000000000023
next_id: 00000000000000000000002c
versiid: 201711181458
next_va: 5.34927e+59
val_cha: L
nod_cha: 00000000000000
startid: 00000000000024
next_id: 0000000000002c
versiid: 58
next_va: 1.39804e-76
val_cha: 000000000000000000000000
nod_cha: 0000
startid: 0025
next_id: 002c
versiid: 
next_va: 1.39804e-76
val_cha: 00000000000000
nod_cha: 0002000000000000000000000026
startid: 000200000000000000000000002c
next_id: 0003201711181458
versiid: 
next_va: 1.39804e-76
val_cha: 0000
nod_cha: 000000000000000027
startid: 00000000000000002c
next_id: 181458
versiid: 0000000000000000000000000000
next_va: 1.39804e-76
val_cha: 0001000000000000000000000028
nod_cha: 00000028
startid: 0000002c
next_id: 
versiid: 000000000000000000
next_va: 1.39804e-76
val_cha: 000000000000000029
nod_cha: 0000000200000000000000000000002c
startid: 00000003201711181458
next_id: 1000
versiid: 00000000
next_va: 1.39804e-76
val_cha: 0000002a
nod_cha: 000000000000000000002c
startid: 1711181458
next_id: 00000000000000000000000000000000
versiid: 0000000100000000000000000000002b
next_va: 5.33431e-310
val_cha: 0000000200000000000000000000002c
nod_cha: 00000000002c
startid: 
next_id: 0000000000000000000000
versiid: 000000000000000000002c
next_va: 1.39872e-76
val_cha: 000000000000000000002c
nod_cha: 2c
startid: 
next_id: 000000000000
versiid: 00000000002d
next_va: 1.39804e-76
val_cha: 00000000002c
nod_cha: 03201711181458
startid: ULL
next_id: 00
versiid: 2e
next_va: 1.39804e-76
val_cha: 2c
nod_cha: 1458
startid: 00000000000000000000000000
next_id: 0200000000000000000000002f
versiid: 0200000000000000000000002c
next_va: 1.39804e-76
val_cha: 03201711181458
nod_cha: 
startid: 0000000000000000
next_id: 0000000000000030
versiid: 000000000000002c
next_va: 5.05232e-38
val_cha: 1458
nod_cha: 00
startid: 000000
next_id: 000031
versiid: 00002c
next_va: 7.10911e-320
val_cha: 
nod_cha: 000000000000000000000000000000
startid: 000002000000000000000000000032
next_id: 00000200000000000000000000002c
versiid: 000003201711181458
next_va: 1.48981e-76
val_cha: 00
nod_cha: 00000000000000000000
startid: 00000000000000000001
next_id: 0000000000000000002f
versiid: 11181458
next_va: 1.38189e-76
val_cha: 000000000000000000000000000000
nod_cha: 0000000000
startid: 0000000002
next_id: 000000002f
versiid: 
next_va: 1.39804e-76
val_cha: 00000000000000000000
nod_cha: 
startid: 
next_id: 
versiid: 4@1000
next_va: 1.39804e-76
val_cha: 0000000000
nod_cha: 000000000000000000000004
startid: 00000000000000000000002f
next_id: 201711181458
versiid: L
next_va: 1.39804e-76
val_cha: 
nod_cha: 00000000000005
startid: 0000000000002f
next_id: 58
versiid: 000000000000000000000000
next_va: 1.39804e-76
val_cha: 000000000000000000000006
nod_cha: 0006
startid: 002f
next_id: 
versiid: 00000000000000
next_va: 1.39804e-76
val_cha: 00000000000007
nod_cha: 000200000000000000000000002f
startid: 0003201711181458
next_id: 
versiid: 0000
next_va: 1.39804e-76
val_cha: 0008
nod_cha: 00000000000000002f
startid: 181458
next_id: 0000000000000000000000000000
versiid: 0000000000000000000000000009
next_va: 1.39804e-76
val_cha: 000200000000000000000000002f
nod_cha: 0000002f
startid: 
next_id: 000000000000000000
versiid: 00000000000000000a
next_va: 1.39804e-76
val_cha: 00000000000000002f
nod_cha: 00000003201711181458
startid: 1000
next_id: 00000000
versiid: 0000000b
next_va: 1.39804e-76
val_cha: 0000002f
nod_cha: 1711181458
startid: 00000000000000000000000000000000
next_id: 0000000000000000000000000000000c
versiid: 0000000200000000000000000000002f
next_va: 5.55161e-310
val_cha: 00000003201711181458
nod_cha: 
startid: 0000000000000000000000
next_id: 000000000000000000000d
versiid: 000000000000000000002f
next_va: 1.57178e-76
val_cha: 1711181458
nod_cha: 
startid: 000000000000
next_id: 00000000000e
versiid: 00000000002f
next_va: 6.23126e-38
val_cha: 
nod_cha: ULL
startid: 00
next_id: 0f
versiid: 2f
next_va: 0
val_cha: 
nod_cha: 00000000000000000000000000
startid: 01000000000000000000000010
next_id: 0200000000000000000000002f
versiid: 03201711181458
next_va: 5.45542e+67
val_cha: ULL
nod_cha: 0000000000000000
startid: 0000000000000011
next_id: 000000000000002f
versiid: 1458
next_va: 1.39804e-76
val_cha: 00000000000000000000000000
nod_cha: 000000
startid: 000012
next_id: 00002f
versiid: 
next_va: 1.39804e-76
val_cha: 0000000000000000
nod_cha: 000001000000000000000000000013
startid: 00000200000000000000000000002f
next_id: 000003201711181458
versiid: 00
next_va: 1.39804e-76
val_cha: 000000
nod_cha: 00000000000000000014
startid: 0000000000000000002f
next_id: 11181458
versiid: 000000000000000000000000000000
next_va: 1.38179e-76
val_cha: 000000000000000000000000000015
nod_cha: 0000000015
startid: 000000002f
next_id: 
versiid: 00000000000000000000
next_va: 1.39804e-76
val_cha: 00000000000000000016
nod_cha: 
startid: 
next_id: 4@1000
versiid: 0000000000
next_va: 1.39804e-76
val_cha: 0000000017
nod_cha: 00000000000000000000002f
startid: 201711181458
next_id: L
versiid: 
next_va: 5.05117e-38
val_cha: 
nod_cha: 0000000000002f
startid: 58
next_id: 000000000000000000000000
versiid: 000000000000000000000019
next_va: 6.00455e-67
val_cha: 00000000000000000000002f
nod_cha: 002f
startid: 
next_id: 00000000000000
versiid: 0000000000001a
next_va: 1.39804e-76
val_cha: 0000000000002f
nod_cha: 0003201711181458
startid: 
next_id: 0000
versiid: 001b
next_va: 1.39804e-76
val_cha: 002f
nod_cha: 181458
startid: 0000000000000000000000000000
next_id: 000100000000000000000000001c
versiid: 000200000000000000000000002f
next_va: 1.39804e-76
val_cha: 0003201711181458
nod_cha: 
startid: 000000000000000000
next_id: 00000000000000001d
versiid: 00000000000000002f
next_va: 9.74368e-72
val_cha: 181458
nod_cha: 1000
startid: 00000000
next_id: 0000001e
versiid: 0000002f
next_va: 4.65909e-315
val_cha: 
nod_cha: 00000000000000000000000000000000
startid: 0000000100000000000000000000001f
next_id: 0000000200000000000000000000002f
versiid: 00000003201711181458
next_va: 20
val_cha: 1000
nod_cha: 0000000000000000000000
startid: 0000000000000000000020
next_id: 000000000000000000002f
versiid: 1711181458
next_va: 3.14828e-307
val_cha: 00000000000000000000000000000000
nod_cha: 000000000000
startid: 000000000021
next_id: 00000000002f
versiid: 
next_va: 1.39804e-76
val_cha: 0000000000000000000000
nod_cha: 00
startid: 22
next_id: 2f
versiid: 
next_va: 1.39804e-76
val_cha: 000000000000
nod_cha: 02000000000000000000000023
startid: 0200000000000000000000002f
next_id: 03201711181458
versiid: ULL
next_va: 1.39804e-76
val_cha: 00
nod_cha: 0000000000000024
startid: 000000000000002f
next_id: 1458
versiid: 00000000000000000000000000
next_va: 1.39804e-76
val_cha: 01000000000000000000000025
nod_cha: 000025
startid: 00002f
next_id: 
versiid: 0000000000000000
next_va: 1.39804e-76
val_cha: 0000000000000026
nod_cha: 00000200000000000000000000002f
startid: 000003201711181458
next_id: 00
versiid: 000000
next_va: 1.39804e-76
val_cha: 000027
nod_cha: 0000000000000000002f
startid: 11181458
next_id: 000000000000000000000000000000
versiid: 000001000000000000000000000028
next_va: 1.38179e-76
val_cha: 00000200000000000000000000002f
nod_cha: 000000002f
startid: 
next_id: 00000000000000000000
versiid: 00000000000000000029
next_va: 1.39804e-76
val_cha: 0000000000000000002f
nod_cha: 
startid: 4@1000
next_id: 0000000000
versiid: 000000002a
next_va: 1.39804e-76
val_cha: 000000002f
nod_cha: 201711181458
startid: L
next_id: 
versiid: 
next_va: 1.93209e+184
val_cha: 
nod_cha: 58
startid: 000000000000000000000000
next_id: 00000000000000000000002c
versiid: 00000000000000000000002f
next_va: 3.93514e-62
val_cha: 201711181458
nod_cha: 
startid: 00000000000000
next_id: 0000000000002d
versiid: 0000000000002f
next_va: 2.74322e-57
val_cha: 58
nod_cha: 
startid: 0000
next_id: 002e
versiid: 002f
next_va: 0
val_cha: 
nod_cha: 0000000000000000000000000000
startid: 000200000000000000000000002f
next_id: 000200000000000000000000002f
versiid: 0003201711181458
next_va: 1.39804e-76
val_cha: 
nod_cha: 000000000000000000
startid: 000000000000000030
next_id: 00000000000000002f
versiid: 181458
next_va: 1.39804e-76
val_cha: 0000000000000000000000000000
nod_cha: 00000000
startid: 00000031
next_id: 0000002f
versiid: 
next_va: 1.39804e-76
val_cha: 000000000000000000
nod_cha: 00000002000000000000000000000032
startid: 0000000200000000000000000000002f
next_id: 00000003201711181458
versiid: 1000
next_va: 1.39804e-76
val_cha: 00000000
nod_cha: 0000000000000000000001
startid: 0000000000000000000032
next_id: 1711181458
versiid: 00000000000000000000000000000000
next_va: 2.61773e-310
val_cha: 00000002000000000000000000000002
nod_cha: 000000000002
startid: 000000000032
next_id: 
versiid: 0000000000000000000000
next_va: 1.39804e-76
val_cha: 0000000000000000000003
nod_cha: 03
startid: 32
next_id: 
versiid: 000000000000
next_va: 1.39804e-76
val_cha: 000000000004
nod_cha: 02000000000000000000000032
startid: 03201711181458
next_id: ULL
versiid: 00
next_va: 1.39804e-76
val_cha: 05
nod_cha: 0000000000000032
startid: 1458
next_id: 00000000000000000000000000
versiid: 00000000000000000000000006
next_va: 1.39804e-76
val_cha: 02000000000000000000000032
nod_cha: 000032
startid: 
next_id: 0000000000000000
versiid: 0000000000000007
next_va: 1.39804e-76
val_cha: 0000000000000032
nod_cha: 000003201711181458
startid: 00
next_id: 000000
versiid: 000008
next_va: 1.39804e-76
val_cha: 000032
nod_cha: 11181458
startid: 000000000000000000000000000000
next_id: 000000000000000000000000000009
versiid: 000002000000000000000000000032
next_va: 1.38179e-76
val_cha: 000003201711181458
nod_cha: 
startid: 00000000000000000000
next_id: 0000000000000000000a
versiid: 00000000000000000032
next_va: 7.70749e-43
val_cha: 11181458
nod_cha: 4@1000
startid: 0000000000
next_id: 000000000b
versiid: 0000000032
next_va: 3.05338e-310
val_cha: 
nod_cha: L
startid: 
next_id: 
versiid: 
next_va: 0
val_cha: 4@1000
nod_cha: 000000000000000000000000
startid: 00000000000000000000000d
next_id: 000000000000000000000032
versiid: 201711181458
next_va: 5.34927e+59
val_cha: L
nod_cha: 00000000000000
startid: 0000000000000e
next_id: 00000000000032
versiid: 58
next_va: 1.39804e-76
val_cha: 000000000000000000000000
nod_cha: 0000
startid: 000f
next_id: 0032
versiid: 
next_va: 1.39804e-76
val_cha: 00000000000000
nod_cha: 0001000000000000000000000010
startid: 0002000000000000000000000032
next_id: 0003201711181458
versiid: 
next_va: 1.39804e-76
val_cha: 0000
nod_cha: 000000000000000011
startid: 000000000000000032
next_id: 181458
versiid: 0000000000000000000000000000
next_va: 1.39804e-76
val_cha: 0000000000000000000000000012
nod_cha: 00000012
startid: 00000032
next_id: 
versiid: 000000000000000000
next_va: 1.39804e-76
val_cha: 000000000000000013
nod_cha: 00000002000000000000000000000032
startid: 00000003201711181458
next_id: 1000
versiid: 00000000
next_va: 1.39804e-76
val_cha: 00000014
nod_cha: 0000000000000000000032
startid: 1711181458
next_id: 00000000000000000000000000000000
versiid: 00000000000000000000000000000015
next_va: 2.88956e-310
val_cha: 00000002000000000000000000000032
nod_cha: 000000000032
startid: 
next_id: 0000000000000000000000
versiid: 0000000000000000000016
next_va: 1.39872e-76
val_cha: 0000000000000000000032
nod_cha: 32
startid: 
next_id: 000000000000
versiid: 000000000017
next_va: 1.39804e-76
val_cha: 000000000032
nod_cha: 03201711181458
startid: ULL
next_id: 00
versiid: 18
next_va: 1.39804e-76
val_cha: 32
nod_cha: 1458
startid: 00000000000000000000000000
next_id: 01000000000000000000000019
versiid: 02000000000000000000000032
next_va: 1.39804e-76
val_cha: 03201711181458
nod_cha: 
startid: 0000000000000000
next_id: 000000000000001a
versiid: 0000000000000032
next_va: 5.05232e-38
val_cha: 1458
nod_cha: 00
startid: 000000
next_id: 00001b
versiid: 000032
next_va: 7.10911e-320
val_cha: 
nod_cha: 000000000000000000000000000000
startid: 00000100000000000000000000001c
next_id: 000002000000000000000000000032
versiid: 000003201711181458
next_va: 1.48981e-76
val_cha: 00
nod_cha: 00000000000000000000
startid: 0000000000000000001d
next_id: 00000000000000000032
versiid: 11181458
next_va: 1.38189e-76
val_cha: 000000000000000000000000000000
nod_cha: 0000000000
startid: 000000001e
next_id: 0000000032
versiid: 
next_va: 1.39804e-76
val_cha: 00000000000000000000
nod_cha: 
startid: 
next_id: 
versiid: 4@1000
next_va: 1.39804e-76
val_cha: 0000000000
nod_cha: 000000000000000000000020
startid: 000000000000000000000032
next_id: 201711181458
versiid: L
next_va: 1.39804e-76
val_cha: 
nod_cha: 00000000000021
startid: 00000000000032
next_id: 58
versiid: 000000000000000000000000
next_va: 9.16222e-72
val_cha: 000000000000000000000022
nod_cha: 0022
startid: 0032
next_id: 
versiid: 00000000000000
next_va: 1.39804e-76
val_cha: 00000000000023
nod_cha: 0002000000000000000000000032
startid: 0003201711181458
next_id: 
versiid: 0000
next_va: 1.39804e-76
val_cha: 0024
nod_cha: 000000000000000032
startid: 181458
next_id: 0000000000000000000000000000
versiid: 0001000000000000000000000025
next_va: 1.39804e-76
val_cha: 0002000000000000000000000032
nod_cha: 00000032
startid: 
next_id: 000000000000000000
versiid: 000000000000000026
next_va: 1.39804e-76
val_cha: 000000000000000032
nod_cha: 00000003201711181458
startid: 1000
next_id: 00000000
versiid: 00000027
next_va: 1.39804e-76
val_cha: 00000032
nod_cha: 1711181458
startid: 00000000000000000000000000000000
next_id: 00000001000000000000000000000028
versiid: 00000002000000000000000000000032
next_va: 2.72702e-310
val_cha: 00000003201711181458
nod_cha: 
startid: 0000000000000000000000
next_id: 0000000000000000000029
versiid: 0000000000000000000032
next_va: 1.57178e-76
val_cha: 1711181458
nod_cha: 
startid: 000000000000
next_id: 00000000002a
versiid: 000000000032
next_va: 6.23126e-38
val_cha: 
nod_cha: ULL
startid: 00
next_id: 2b
versiid: 32
next_va: 0
val_cha: 
nod_cha: 00000000000000000000000000
startid: 0200000000000000000000002c
next_id: 02000000000000000000000032
versiid: 03201711181458
next_va: 5.45542e+67
val_cha: ULL
nod_cha: 0000000000000000
startid: 000000000000002d
next_id: 0000000000000032
versiid: 1458
next_va: 1.39804e-76
val_cha: 00000000000000000000000000
nod_cha: 000000
startid: 00002e
next_id: 000032
versiid: 
next_va: 1.39804e-76
val_cha: 0000000000000000
nod_cha: 00000200000000000000000000002f
startid: 000002000000000000000000000032
next_id: 000003201711181458
versiid: 00
next_va: 1.39804e-76
val_cha: 000000
nod_cha: 00000000000000000030
startid: 00000000000000000032
next_id: 11181458
versiid: 000000000000000000000000000000
next_va: 1.38179e-76
val_cha: 000001000000000000000000000031
nod_cha: 0000000031
startid: 0000000032
next_id: 
versiid: 00000000000000000000
next_va: 1.39804e-76
val_cha: 00000000000000000032
nod_cha: 
startid: 
next_id: 4@1000
versiid: 0000000000
next_va: 1.39804e-76
val_cha: 0000000000
nod_cha: 00000000000000000000001a
startid: 201711181458
next_id: L
versiid: 
next_va: 3.11774e-33
val_cha: 
nod_cha: 0000000000001a
startid: 58
next_id: 000000000000000000000003
versiid: 000000000000000000000019
next_va: 6.00455e-67
val_cha: 00000000000000000000001a
nod_cha: 001a
startid: 
next_id: 00000000000003
versiid: 0000000000001a
next_va: 1.39804e-76
val_cha: 0000000000001a
nod_cha: 0003201711181458
startid: 
next_id: 0003
versiid: 0000
next_va: 1.39804e-76
val_cha: 001a
nod_cha: 181458
startid: 0000000000000000000000000009
next_id: 0000000000000000000000000003
versiid: 000200000000000000000000001a
next_va: 1.39804e-76
val_cha: 0003201711181458
nod_cha: 
startid: 000000000000000009
next_id: 000000000000000015
versiid: 00000000000000001a
next_va: 9.74368e-72
val_cha: 181458
nod_cha: 1000
startid: 00000009
next_id: 00000019
versiid: 0000001a
next_va: 4.65909e-315
val_cha: 
nod_cha: 00000000000000000000000000000009
startid: 0000000200000000000000000000001a
next_id: 0000000200000000000000000000001a
versiid: 00000003201711181458
next_va: 166.667
val_cha: 1000
nod_cha: 0000000000000000000009
startid: 000000000000000000001e
next_id: 000000000000000000001a
versiid: 1711181458
next_va: 3.14828e-307
val_cha: 00000000000000000000000000000009
nod_cha: 000000000009
startid: 000000000000
next_id: 00000000001a
versiid: 
next_va: 1.39804e-76
val_cha: 0000000000000000000015
nod_cha: 15
startid: 09
next_id: 1a
versiid: 
next_va: 1.39804e-76
val_cha: 000000000015
nod_cha: 0100000000000000000000000d
startid: 0200000000000000000000001a
next_id: 03201711181458
versiid: ULL
next_va: 1.39804e-76
val_cha: 15
nod_cha: 0000000000000019
startid: 000000000000001a
next_id: 1458
versiid: 00000000000000000000000015
next_va: 1.39804e-76
val_cha: 0200000000000000000000001a
nod_cha: 00001a
startid: 00001a
next_id: 
versiid: 0000000000000015
next_va: 1.39804e-76
val_cha: 000000000000001f
nod_cha: 00000200000000000000000000001a
startid: 000003201711181458
next_id: 00
versiid: 000015
next_va: 1.39804e-76
val_cha: 000027
nod_cha: 0000000000000000001a
startid: 11181458
next_id: 000000000000000000000000000015
versiid: 000001000000000000000000000028
next_va: 1.38179e-76
val_cha: 00000200000000000000000000001a
nod_cha: 000000001a
startid: 
next_id: 00000000000000000015
versiid: 
next_va: 0
val_cha: 
nod_cha: 
startid: 00000001000000000000000000000001
next_id: 00000002000000000000000000000002
versiid: 00000003201711181458
next_va: 20
val_cha: 1000
nod_cha: 000000000000
startid: 000000000002
next_id: 000000000002
versiid: 
next_va: 1.39804e-76
val_cha: 0000000000000000000000
nod_cha: 00000000000000000000000003
startid: 02000000000000000000000002
next_id: 03201711181458
versiid: ULL
next_va: 1.39804e-76
val_cha: 00
nod_cha: 000004
startid: 000002
next_id: 
versiid: 0000000000000000
next_va: 1.39804e-76
val_cha: 0000000000000005
nod_cha: 00000000000000000002
startid: 11181458
next_id: 000000000000000000000000000000
versiid: 000000000000000000000000000006
next_va: 1.38179e-76
val_cha: 000002000000000000000000000002
nod_cha: 
startid: 4@1000
next_id: 0000000000
versiid: 0000000007
next_va: 1.39804e-76
val_cha: 0000000002
nod_cha: 58
startid: 000000000000000000000000
next_id: 000000000000000000000008
versiid: 000000000000000000000002
next_va: 3.93514e-62
val_cha: 201711181458
nod_cha: 
startid: 0000
next_id: 0009
versiid: 0002
next_va: 0
val_cha: 
nod_cha: 000000000000000000
startid: 00000000000000000a
next_id: 000000000000000002
versiid: 181458
next_va: 1.39804e-76
val_cha: 0000000000000000000000000000
nod_cha: 0000000200000000000000000000000b
startid: 00000002000000000000000000000002
next_id: 00000003201711181458
versiid: 1000
next_va: 1.39804e-76
val_cha: 00000000
nod_cha: 00000000000c
startid: 000000000002
next_id: 
versiid: 0000000000000000000000
next_va: 1.39838e-76
val_cha: 000000000000000000000d
nod_cha: 02000000000000000000000002
startid: 03201711181458
next_id: ULL
versiid: 00
next_va: 1.39804e-76
val_cha: 0e
nod_cha: 000002
startid: 
next_id: 0000000000000000
versiid: 000000000000000f
next_va: 1.39804e-76
val_cha: 0000000000000002
nod_cha: 11181458
startid: 000000000000000000000000000000
next_id: 000001000000000000000000000010
versiid: 000002000000000000000000000002
next_va: 1.38179e-76
val_cha: 000003201711181458
nod_cha: 4@1000
startid: 0000000000
next_id: 0000000011
versiid: 0000000002
next_va: 3.05338e-310
val_cha: 
nod_cha: 000000000000000000000000
startid: 000000000000000000000012
next_id: 000000000000000000000002
versiid: 201711181458
next_va: 5.34927e+59
val_cha: L
nod_cha: 0000
startid: 0013
next_id: 0002
versiid: 
next_va: 1.39804e-76
val_cha: 00000000000000
nod_cha: 000000000000000014
startid: 000000000000000002
next_id: 181458
versiid: 0000000000000000000000000000
next_va: 1.39804e-76
val_cha: 0000000000000000000000000015
nod_cha: 00000002000000000000000000000002
startid: 00000003201711181458
next_id: 1000
versiid: 00000000
next_va: 1.39804e-76
val_cha: 00000016
nod_cha: 000000000002
startid: 
next_id: 0000000000000000000000
versiid: 0000000000000000000017
next_va: 1.39872e-76
val_cha: 0000000000000000000002
nod_cha: 03201711181458
startid: ULL
next_id: 00
versiid: 18
next_va: 1.39804e-76
val_cha: 02
nod_cha: 
startid: 0000000000000000
next_id: 0000000000000019
versiid: 0000000000000002
next_va: 5.05232e-38
val_cha: 1458
nod_cha: 000000000000000000000000000000
startid: 00000200000000000000000000001a
next_id: 000002000000000000000000000002
versiid: 000003201711181458
next_va: 1.48981e-76
val_cha: 00
nod_cha: 0000000000
startid: 000000001b
next_id: 0000000002
versiid: 
next_va: 1.39804e-76
val_cha: 00000000000000000000
nod_cha: 00000000000000000000001c
startid: 000000000000000000000002
next_id: 201711181458
versiid: L
next_va: 1.39804e-76
val_cha: 
nod_cha: 001d
startid: 0002
next_id: 
versiid: 00000000000000
next_va: 1.39804e-76
val_cha: 0000000000001e
nod_cha: 000000000000000002
startid: 181458
next_id: 0000000000000000000000000000
versiid: 000100000000000000000000001f
next_va: 1.39804e-76
val_cha: 0002000000000000000000000002
nod_cha: 00000003201711181458
startid: 1000
next_id: 00000000
versiid: 00000020
next_va: 1.39804e-76
val_cha: 00000002
nod_cha: 
startid: 0000000000000000000000
next_id: 0000000000000000000021
versiid: 0000000000000000000002
next_va: 1.57178e-76
val_cha: 1711181458
nod_cha: ULL
startid: 00
next_id: 22
versiid: 02
next_va: 0
val_cha: 
nod_cha: 0000000000000000
startid: 0000000000000023
next_id: 0000000000000002
versiid: 1458
next_va: 1.39804e-76
val_cha: 00000000000000000000000000
nod_cha: 000000000000000000000000000024
startid: 000002000000000000000000000002
next_id: 000003201711181458
versiid: 00
next_va: 1.39804e-76
val_cha: 000000
nod_cha: 0000000025
startid: 0000000002
next_id: 
versiid: 00000000000000000000
next_va: 1.39804e-76
val_cha: 00000000000000000026
nod_cha: 000000000000000000000002
startid: 201711181458
next_id: L
versiid: 
next_va: 8.15589e-43
val_cha: 
nod_cha: 0002
startid: 
next_id: 00000000000000
versiid: 00000000000028
next_va: 1.39804e-76
val_cha: 00000000000002
nod_cha: 181458
startid: 0000000000000000000000000000
next_id: 0002000000000000000000000029
versiid: 0002000000000000000000000002
next_va: 1.39804e-76
val_cha: 0003201711181458
nod_cha: 1000
startid: 00000000
next_id: 0000002a
versiid: 00000002
next_va: 4.65909e-315
val_cha: 
nod_cha: 0000000000000000000000
startid: 000000000000000000002b
next_id: 0000000000000000000002
versiid: 1711181458
next_va: 3.14828e-307
val_cha: 00000000000000000000000000000000
nod_cha: 00
startid: 2c
next_id: 02
versiid: 
next_va: 1.39804e-76
val_cha: 000000000000
nod_cha: 000000000000002d
startid: 0000000000000002
next_id: 1458
versiid: 00000000000000000000000000
next_va: 1.39804e-76
val_cha: 0100000000000000000000002e
nod_cha: 000002000000000000000000000002
startid: 000003201711181458
next_id: 00
versiid: 000000
next_va: 1.39804e-76
val_cha: 00002f
nod_cha: 0000000002
startid: 
next_id: 00000000000000000000
versiid: 00000000000000000030
next_va: 1.39804e-76
val_cha: 00000000000000000002
nod_cha: 201711181458
startid: L
next_id: 
versiid: 
next_va: 6.00455e-67
val_cha: 
nod_cha: 
startid: 00000000000000
next_id: 00000000000032
versiid: 00000000000002
next_va: 2.74322e-57
val_cha: 58
nod_cha: 0000000000000000000000000000
startid: 0001000000000000000000000001
next_id: 0002000000000000000000000005
versiid: 0003201711181458
next_va: 1.39804e-76
val_cha: 
nod_cha: 00000000
startid: 00000002
next_id: 00000005
versiid: 
next_va: 1.39804e-76
val_cha: 000000000000000000
nod_cha: 0000000000000000000003
startid: 0000000000000000000005
next_id: 1711181458
versiid: 00000000000000000000000000000000
next_va: 2.61773e-310
val_cha: 00000001000000000000000000000004
nod_cha: 04
startid: 05
next_id: 
versiid: 000000000000
next_va: 1.39804e-76
val_cha: 000000000005
nod_cha: 0000000000000005
startid: 1458
next_id: 00000000000000000000000000
versiid: 00000000000000000000000006
next_va: 1.39804e-76
val_cha: 02000000000000000000000005
nod_cha: 000003201711181458
startid: 00
next_id: 000000
versiid: 000007
next_va: 1.39804e-76
val_cha: 000005
nod_cha: 
startid: 00000000000000000000
next_id: 00000000000000000008
versiid: 00000000000000000005
next_va: 7.70749e-43
val_cha: 11181458
nod_cha: L
startid: 
next_id: 
versiid: 
next_va: 0
val_cha: 4@1000
nod_cha: 00000000000000
startid: 0000000000000a
next_id: 00000000000005
versiid: 58
next_va: 1.39804e-76
val_cha: 000000000000000000000000
nod_cha: 000200000000000000000000000b
startid: 0002000000000000000000000005
next_id: 0003201711181458
versiid: 
next_va: 1.39804e-76
val_cha: 0000
nod_cha: 0000000c
startid: 00000005
next_id: 
versiid: 000000000000000000
next_va: 1.39804e-76
val_cha: 00000000000000000d
nod_cha: 0000000000000000000005
startid: 1711181458
next_id: 00000000000000000000000000000000
versiid: 0000000200000000000000000000000e
next_va: 5.49686e-310
val_cha: 00000002000000000000000000000005
nod_cha: 05
startid: 
next_id: 000000000000
versiid: 00000000000f
next_va: 1.39804e-76
val_cha: 000000000005
nod_cha: 1458
startid: 00000000000000000000000000
next_id: 01000000000000000000000010
versiid: 02000000000000000000000005
next_va: 1.39804e-76
val_cha: 03201711181458
nod_cha: 00
startid: 000000
next_id: 000011
versiid: 000005
next_va: 7.10911e-320
val_cha: 
nod_cha: 00000000000000000000
startid: 00000000000000000012
next_id: 00000000000000000005
versiid: 11181458
next_va: 1.38189e-76
val_cha: 000000000000000000000000000000
nod_cha: 
startid: 
next_id: 
versiid: 4@1000
next_va: 1.39804e-76
val_cha: 0000000000
nod_cha: 00000000000014
startid: 00000000000005
next_id: 58
versiid: 000000000000000000000000
next_va: 1.39804e-76
val_cha: 000000000000000000000015
nod_cha: 0002000000000000000000000005
startid: 0003201711181458
next_id: 
versiid: 0000
next_va: 1.39804e-76
val_cha: 0016
nod_cha: 00000005
startid: 
next_id: 000000000000000000
versiid: 000000000000000017
next_va: 1.39804e-76
val_cha: 000000000000000005
nod_cha: 1711181458
startid: 00000000000000000000000000000000
next_id: 00000000000000000000000000000018
versiid: 00000002000000000000000000000005
next_va: 2.88935e-310
val_cha: 00000003201711181458
nod_cha: 
startid: 000000000000
next_id: 000000000019
versiid: 000000000005
next_va: 6.23126e-38
val_cha: 
nod_cha: 00000000000000000000000000
startid: 0200000000000000000000001a
next_id: 02000000000000000000000005
versiid: 03201711181458
next_va: 5.45542e+67
val_cha: ULL
nod_cha: 000000
startid: 00001b
next_id: 000005
versiid: 
next_va: 1.39804e-76
val_cha: 0000000000000000
nod_cha: 0000000000000000001c
startid: 00000000000000000005
next_id: 11181458
versiid: 000000000000000000000000000000
next_va: 1.38179e-76
val_cha: 00000200000000000000000000001d
nod_cha: 
startid: 
next_id: 4@1000
versiid: 0000000000
next_va: 1.39804e-76
val_cha: 000000001e
nod_cha: 00000000000005
startid: 58
next_id: 000000000000000000000000
versiid: 00000000000000000000001f
next_va: 6.00455e-67
val_cha: 000000000000000000000005
nod_cha: 0003201711181458
startid: 
next_id: 0000
versiid: 0020
next_va: 1.39804e-76
val_cha: 0005
nod_cha: 
startid: 000000000000000000
next_id: 000000000000000021
versiid: 000000000000000005
next_va: 9.74368e-72
val_cha: 181458
nod_cha: 00000000000000000000000000000000
startid: 00000001000000000000000000000022
next_id: 00000002000000000000000000000005
versiid: 00000003201711181458
next_va: 20
val_cha: 1000
nod_cha: 000000000000
startid: 000000000023
next_id: 000000000005
versiid: 
next_va: 1.39804e-76
val_cha: 0000000000000000000000
nod_cha: 00000000000000000000000024
startid: 02000000000000000000000005
next_id: 03201711181458
versiid: ULL
next_va: 1.39804e-76
val_cha: 00
nod_cha: 000025
startid: 000005
next_id: 
versiid: 0000000000000000
next_va: 1.39804e-76
val_cha: 0000000000000026
nod_cha: 00000000000000000005
startid: 11181458
next_id: 000000000000000000000000000000
versiid: 000000000000000000000000000027
next_va: 1.38179e-76
val_cha: 000002000000000000000000000005
nod_cha: 
startid: 4@1000
next_id: 0000000000
versiid: 0000000028
next_va: 1.39804e-76
val_cha: 0000000005
nod_cha: 58
startid: 000000000000000000000000
next_id: 000000000000000000000029
versiid: 000000000000000000000005
next_va: 3.93514e-62
val_cha: 201711181458
nod_cha: 
startid: 0000
next_id: 002a
versiid: 0005
next_va: 0
val_cha: 
nod_cha: 000000000000000000
startid: 00000000000000002b
next_id: 000000000000000005
versiid: 181458
next_va: 1.39804e-76
val_cha: 0000000000000000000000000000
nod_cha: 0000000200000000000000000000002c
startid: 00000002000000000000000000000005
next_id: 00000003201711181458
versiid: 1000
next_va: 1.39804e-76
val_cha: 00000000
nod_cha: 00000000002d
startid: 000000000005
next_id: 
versiid: 0000000000000000000000
next_va: 1.39838e-76
val_cha: 000000000000000000002e
nod_cha: 02000000000000000000000005
startid: 03201711181458
next_id: ULL
versiid: 00
next_va: 1.39804e-76
val_cha: 2f
nod_cha: 000005
startid: 
next_id: 0000000000000000
versiid: 0000000000000030
next_va: 1.39804e-76
val_cha: 0000000000000005
nod_cha: 11181458
startid: 000000000000000000000000000000
next_id: 000001000000000000000000000031
versiid: 000002000000000000000000000005
next_va: 1.38179e-76
val_cha: 000003201711181458
nod_cha: 4@1000
startid: 0000000000
next_id: 0000000032
versiid: 0000000005
next_va: 3.05338e-310
val_cha: 
nod_cha: 000000000000000000000000
startid: 000000000000000000000001
next_id: 000000000000000000000008
versiid: 201711181458
next_va: 5.34927e+59
val_cha: L
nod_cha: 0000
startid: 0002
next_id: 0008
versiid: 
next_va: 1.39804e-76
val_cha: 00000000000000
nod_cha: 000000000000000003
startid: 000000000000000008
next_id: 181458
versiid: 0000000000000000000000000000
next_va: 1.39804e-76
val_cha: 0001000000000000000000000004
nod_cha: 00000002000000000000000000000008
startid: 00000003201711181458
next_id: 1000
versiid: 00000000
next_va: 1.39804e-76
val_cha: 00000005
nod_cha: 000000000008
startid: 
next_id: 0000000000000000000000
versiid: 0000000000000000000006
next_va: 1.39872e-76
val_cha: 0000000000000000000008
nod_cha: 03201711181458
startid: ULL
next_id: 00
versiid: 07
next_va: 1.39804e-76
val_cha: 08
nod_cha: 
startid: 0000000000000000
next_id: 0000000000000008
versiid: 0000000000000008
next_va: 5.05232e-38
val_cha: 1458
nod_cha: 000000000000000000000000000000
startid: 000000000000000000000000000009
next_id: 000002000000000000000000000008
versiid: 000003201711181458
next_va: 1.48981e-76
val_cha: 00
nod_cha: 0000000000
startid: 000000000a
next_id: 0000000008
versiid: 
next_va: 1.39804e-76
val_cha: 00000000000000000000
nod_cha: 00000000000000000000000b
startid: 000000000000000000000008
next_id: 201711181458
versiid: L
next_va: 1.39804e-76
val_cha: 
nod_cha: 000c
startid: 0008
next_id: 
versiid: 00000000000000
next_va: 1.39804e-76
val_cha: 0000000000000d
nod_cha: 000000000000000008
startid: 181458
next_id: 0000000000000000000000000000
versiid: 000200000000000000000000000e
next_va: 1.39804e-76
val_cha: 0002000000000000000000000008
nod_cha: 00000003201711181458
startid: 1000
next_id: 00000000
versiid: 0000000f
next_va: 1.39804e-76
val_cha: 00000008
nod_cha: 
startid: 0000000000000000000000
next_id: 0000000000000000000010
versiid: 0000000000000000000008
next_va: 1.57178e-76
val_cha: 1711181458
nod_cha: ULL
startid: 00
next_id: 11
versiid: 08
next_va: 0
val_cha: 
nod_cha: 0000000000000000
startid: 0000000000000012
next_id: 0000000000000008
versiid: 1458
next_va: 1.39804e-76
val_cha: 00000000000000000000000000
nod_cha: 000001000000000000000000000013
startid: 000002000000000000000000000008
next_id: 000003201711181458
versiid: 00
next_va: 1.39804e-76
val_cha: 000000
nod_cha: 0000000014
startid: 0000000008
next_id: 
versiid: 00000000000000000000
next_va: 1.39804e-76
val_cha: 00000000000000000015
nod_cha: 000000000000000000000008
startid: 201711181458
next_id: L
versiid: 
next_va: 1.17607e-47
val_cha: 
nod_cha: 0008
startid: 
next_id: 00000000000000
versiid: 00000000000017
next_va: 1.39804e-76
val_cha: 00000000000008
nod_cha: 181458
startid: 0000000000000000000000000000
next_id: 0000000000000000000000000018
versiid: 0002000000000000000000000008
next_va: 1.39804e-76
val_cha: 0003201711181458
nod_cha: 1000
startid: 00000000
next_id: 00000019
versiid: 00000008
next_va: 4.65909e-315
val_cha: 
nod_cha: 0000000000000000000000
startid: 000000000000000000001a
next_id: 0000000000000000000008
versiid: 1711181458
next_va: 3.14828e-307
val_cha: 00000000000000000000000000000000
nod_cha: 00
startid: 1b
next_id: 08
versiid: 
next_va: 1.39804e-76
val_cha: 000000000000
nod_cha: 000000000000001c
startid: 0000000000000008
next_id: 1458
versiid: 00000000000000000000000000
next_va: 1.39804e-76
val_cha: 0200000000000000000000001d
nod_cha: 000002000000000000000000000008
startid: 000003201711181458
next_id: 00
versiid: 000000
next_va: 1.39804e-76
val_cha: 00001e
nod_cha: 0000000008
startid: 
next_id: 00000000000000000000
versiid: 0000000000000000001f
next_va: 1.39804e-76
val_cha: 00000000000000000008
nod_cha: 201711181458
startid: L
next_id: 
versiid: 
next_va: 4.75729e-38
val_cha: 
nod_cha: 
startid: 00000000000000
next_id: 00000000000021
versiid: 00000000000008
next_va: 2.74322e-57
val_cha: 58
nod_cha: 0000000000000000000000000000
startid: 0001000000000000000000000022
next_id: 0002000000000000000000000008
versiid: 0003201711181458
next_va: 1.39804e-76
val_cha: 
nod_cha: 00000000
startid: 00000023
next_id: 00000008
versiid: 
next_va: 1.39804e-76
val_cha: 000000000000000000
nod_cha: 0000000000000000000024
startid: 0000000000000000000008
next_id: 1711181458
versiid: 00000000000000000000000000000000
next_va: 2.61773e-310
val_cha: 00000001000000000000000000000025
nod_cha: 25
startid: 08
next_id: 
versiid: 000000000000
next_va: 1.39804e-76
val_cha: 000000000026
nod_cha: 0000000000000008
startid: 1458
next_id: 00000000000000000000000000
versiid: 00000000000000000000000027
next_va: 1.39804e-76
val_cha: 02000000000000000000000008
nod_cha: 000003201711181458
startid: 00
next_id: 000000
versiid: 000028
next_va: 1.39804e-76
val_cha: 000008
nod_cha: 
startid: 00000000000000000000
next_id: 00000000000000000029
versiid: 00000000000000000008
next_va: 7.70749e-43
val_cha: 11181458
nod_cha: L
startid: 
next_id: 
versiid: 
next_va: 0
val_cha: 4@1000
nod_cha: 00000000000000
startid: 0000000000002b
next_id: 00000000000008
versiid: 58
next_va: 1.39804e-76
val_cha: 000000000000000000000000
nod_cha: 000200000000000000000000002c
startid: 0002000000000000000000000008
next_id: 0003201711181458
versiid: 
next_va: 1.39804e-76
val_cha: 0000
nod_cha: 0000002d
startid: 00000008
next_id: 
versiid: 000000000000000000
next_va: 1.39804e-76
val_cha: 00000000000000002e
nod_cha: 0000000000000000000008
startid: 1711181458
next_id: 00000000000000000000000000000000
versiid: 0000000200000000000000000000002f
next_va: 5.55161e-310
val_cha: 00000002000000000000000000000008
nod_cha: 08
startid: 
next_id: 000000000000
versiid: 000000000030
next_va: 1.39804e-76
val_cha: 000000000008
nod_cha: 1458
startid: 00000000000000000000000000
next_id: 01000000000000000000000031
versiid: 02000000000000000000000008
next_va: 1.39804e-76
val_cha: 03201711181458
nod_cha: 00
startid: 000000
next_id: 000032
versiid: 000008
next_va: 7.10911e-320
val_cha: 
nod_cha: 00000000000000000000
startid: 00000000000000000001
next_id: 0000000000000000000b
versiid: 11181458
next_va: 1.38189e-76
val_cha: 000000000000000000000000000000
nod_cha: 
startid: 
next_id: 
versiid: 4@1000
next_va: 1.39804e-76
val_cha: 0000000000
nod_cha: 00000000000003
startid: 0000000000000b
next_id: 58
versiid: 000000000000000000000000
next_va: 9.16222e-72
val_cha: 000000000000000000000004
nod_cha: 000200000000000000000000000b
startid: 0003201711181458
next_id: 
versiid: 0000
next_va: 1.39804e-76
val_cha: 0005
nod_cha: 0000000b
startid: 
next_id: 000000000000000000
versiid: 000000000000000006
next_va: 1.39804e-76
val_cha: 00000000000000000b
nod_cha: 1711181458
startid: 00000000000000000000000000000000
next_id: 00000001000000000000000000000007
versiid: 0000000200000000000000000000000b
next_va: 5.33389e-310
val_cha: 00000003201711181458
nod_cha: 
startid: 000000000000
next_id: 000000000008
versiid: 00000000000b
next_va: 6.23126e-38
val_cha: 
nod_cha: 00000000000000000000000000
startid: 00000000000000000000000009
next_id: 0200000000000000000000000b
versiid: 03201711181458
next_va: 5.45542e+67
val_cha: ULL
nod_cha: 000000
startid: 00000a
next_id: 00000b
versiid: 
next_va: 1.39804e-76
val_cha: 0000000000000000
nod_cha: 0000000000000000000b
startid: 0000000000000000000b
next_id: 11181458
versiid: 000000000000000000000000000000
next_va: 1.38179e-76
val_cha: 00000000000000000000000000000c
nod_cha: 
startid: 
next_id: 4@1000
versiid: 0000000000
next_va: 1.39804e-76
val_cha: 000000000d
nod_cha: 0000000000000b
startid: 58
next_id: 000000000000000000000000
versiid: 00000000000000000000000e
next_va: 6.00455e-67
val_cha: 00000000000000000000000b
nod_cha: 0003201711181458
startid: 
next_id: 0000
versiid: 000f
next_va: 1.39804e-76
val_cha: 000b
nod_cha: 
startid: 000000000000000000
next_id: 000000000000000010
versiid: 00000000000000000b
next_va: 9.74368e-72
val_cha: 181458
nod_cha: 00000000000000000000000000000000
startid: 00000002000000000000000000000011
next_id: 0000000200000000000000000000000b
versiid: 00000003201711181458
next_va: 20
val_cha: 1000
nod_cha: 000000000000
startid: 000000000012
next_id: 00000000000b
versiid: 
next_va: 1.39804e-76
val_cha: 0000000000000000000000
nod_cha: 01000000000000000000000013
startid: 0200000000000000000000000b
next_id: 03201711181458
versiid: ULL
next_va: 1.39804e-76
val_cha: 00
nod_cha: 000014
startid: 00000b
next_id: 
versiid: 0000000000000000
next_va: 1.39804e-76
val_cha: 0000000000000015
nod_cha: 0000000000000000000b
startid: 11181458
next_id: 000000000000000000000000000000
versiid: 000001000000000000000000000016
next_va: 1.38179e-76
val_cha: 00000200000000000000000000000b
nod_cha: 
startid: 4@1000
next_id: 0000000000
versiid: 0000000017
next_va: 1.39804e-76
val_cha: 000000000b
nod_cha: 58
startid: 000000000000000000000000
next_id: 000000000000000000000018
versiid: 00000000000000000000000b
next_va: 3.93514e-62
val_cha: 201711181458
nod_cha: 
startid: 0000
next_id: 0019
versiid: 000b
next_va: 0
val_cha: 
nod_cha: 000000000000000000
startid: 00000000000000001a
next_id: 00000000000000000b
versiid: 181458
next_va: 1.39804e-76
val_cha: 0000000000000000000000000000
nod_cha: 0000000000000000000000000000001b
startid: 0000000200000000000000000000000b
next_id: 00000003201711181458
versiid: 1000
next_va: 1.39804e-76
val_cha: 00000000
nod_cha: 00000000001c
startid: 00000000000b
next_id: 
versiid: 0000000000000000000000
next_va: 1.39872e-76
val_cha: 000000000000000000001d
nod_cha: 0200000000000000000000000b
startid: 03201711181458
next_id: ULL
versiid: 00
next_va: 1.39804e-76
val_cha: 1e
nod_cha: 00000b
startid: 
next_id: 0000000000000000
versiid: 000000000000001f
next_va: 1.39804e-76
val_cha: 000000000000000b
nod_cha: 11181458
startid: 000000000000000000000000000000
next_id: 000002000000000000000000000020
versiid: 00000200000000000000000000000b
next_va: 1.38179e-76
val_cha: 000003201711181458
nod_cha: 4@1000
startid: 0000000000
next_id: 0000000021
versiid: 000000000b
next_va: 3.05338e-310
val_cha: 
nod_cha: 000000000000000000000000
startid: 000000000000000000000022
next_id: 00000000000000000000000b
versiid: 201711181458
next_va: 5.34927e+59
val_cha: L
nod_cha: 0000
startid: 0023
next_id: 000b
versiid: 
next_va: 1.39804e-76
val_cha: 00000000000000
nod_cha: 000000000000000024
startid: 00000000000000000b
next_id: 181458
versiid: 0000000000000000000000000000
next_va: 1.39804e-76
val_cha: 0001000000000000000000000025
nod_cha: 0000000200000000000000000000000b
startid: 00000003201711181458
next_id: 1000
versiid: 00000000
next_va: 1.39804e-76
val_cha: 00000026
nod_cha: 00000000000b
startid: 
next_id: 0000000000000000000000
versiid: 0000000000000000000027
next_va: 1.39872e-76
val_cha: 000000000000000000000b
nod_cha: 03201711181458
startid: ULL
next_id: 00
versiid: 28
next_va: 1.39804e-76
val_cha: 0b
nod_cha: 
startid: 0000000000000000
next_id: 0000000000000029
versiid: 000000000000000b
next_va: 5.05232e-38
val_cha: 1458
nod_cha: 000000000000000000000000000000
startid: 00000000000000000000000000002a
next_id: 00000200000000000000000000000b
versiid: 000003201711181458
next_va: 1.48981e-76
val_cha: 00
nod_cha: 0000000000
startid: 000000002b
next_id: 000000000b
versiid: 
next_va: 1.39804e-76
val_cha: 00000000000000000000
nod_cha: 00000000000000000000002c
startid: 00000000000000000000000b
next_id: 201711181458
versiid: L
next_va: 1.39804e-76
val_cha: 
nod_cha: 002d
startid: 000b
next_id: 
versiid: 00000000000000
next_va: 1.39804e-76
val_cha: 0000000000002e
nod_cha: 00000000000000000b
startid: 181458
next_id: 0000000000000000000000000000
versiid: 000200000000000000000000002f
next_va: 1.39804e-76
val_cha: 000200000000000000000000000b
nod_cha: 00000003201711181458
startid: 1000
next_id: 00000000
versiid: 00000030
next_va: 1.39804e-76
val_cha: 0000000b
nod_cha: 
startid: 0000000000000000000000
next_id: 0000000000000000000031
versiid: 000000000000000000000b
next_va: 1.57178e-76
val_cha: 1711181458
nod_cha: ULL
startid: 00
next_id: 32
versiid: 0b
next_va: 0
val_cha: 
nod_cha: 0000000000000000
startid: 0000000000000001
next_id: 000000000000000e
versiid: 1458
next_va: 1.39804e-76
val_cha: 00000000000000000000000000
nod_cha: 000002000000000000000000000002
startid: 00000200000000000000000000000e
next_id: 000003201711181458
versiid: 00
next_va: 1.39804e-76
val_cha: 000000
nod_cha: 0000000003
startid: 000000000e
next_id: 
versiid: 00000000000000000000
next_va: 1.39804e-76
val_cha: 00000000000000000004
nod_cha: 00000000000000000000000e
startid: 201711181458
next_id: L
versiid: 
next_va: 1.69013e-52
val_cha: 
nod_cha: 000e
startid: 
next_id: 00000000000000
versiid: 00000000000006
next_va: 1.39804e-76
val_cha: 0000000000000e
nod_cha: 181458
startid: 0000000000000000000000000000
next_id: 0001000000000000000000000007
versiid: 000200000000000000000000000e
next_va: 1.39804e-76
val_cha: 0003201711181458
nod_cha: 1000
startid: 00000000
next_id: 00000008
versiid: 0000000e
next_va: 4.65909e-315
val_cha: 
nod_cha: 0000000000000000000000
startid: 0000000000000000000009
next_id: 000000000000000000000e
versiid: 1711181458
next_va: 3.14828e-307
val_cha: 00000000000000000000000000000000
nod_cha: 00
startid: 0a
next_id: 0e
versiid: 
next_va: 1.39804e-76
val_cha: 000000000000
nod_cha: 000000000000000b
startid: 000000000000000e
next_id: 1458
versiid: 00000000000000000000000000
next_va: 1.39804e-76
val_cha: 0000000000000000000000000c
nod_cha: 00000200000000000000000000000e
startid: 000003201711181458
next_id: 00
versiid: 000000
next_va: 1.39804e-76
val_cha: 00000d
nod_cha: 000000000e
startid: 
next_id: 00000000000000000000
versiid: 0000000000000000000e
next_va: 1.39804e-76
val_cha: 0000000000000000000e
nod_cha: 201711181458
startid: L
next_id: 
versiid: 
next_va: 2.62396e+179
val_cha: 
nod_cha: 
startid: 00000000000000
next_id: 00000000000010
versiid: 0000000000000e
next_va: 2.74322e-57
val_cha: 58
nod_cha: 0000000000000000000000000000
startid: 0002000000000000000000000011
next_id: 000200000000000000000000000e
versiid: 0003201711181458
next_va: 1.39804e-76
val_cha: 
nod_cha: 00000000
startid: 00000012
next_id: 0000000e
versiid: 
next_va: 1.39804e-76
val_cha: 000000000000000000
nod_cha: 0000000000000000000013
startid: 000000000000000000000e
next_id: 1711181458
versiid: 00000000000000000000000000000000
next_va: 2.61773e-310
val_cha: 00000002000000000000000000000014
nod_cha: 14
startid: 0e
next_id: 
versiid: 000000000000
next_va: 1.39804e-76
val_cha: 000000000015
nod_cha: 000000000000000e
startid: 1458
next_id: 00000000000000000000000000
versiid: 01000000000000000000000016
next_va: 1.39804e-76
val_cha: 0200000000000000000000000e
nod_cha: 000003201711181458
startid: 00
next_id: 000000
versiid: 000017
next_va: 1.39804e-76
val_cha: 00000e
nod_cha: 
startid: 00000000000000000000
next_id: 00000000000000000018
versiid: 0000000000000000000e
next_va: 7.70749e-43
val_cha: 11181458
nod_cha: L
startid: 
next_id: 
versiid: 
next_va: 0
val_cha: 4@1000
nod_cha: 00000000000000
startid: 0000000000001a
next_id: 0000000000000e
versiid: 58
next_va: 1.39804e-76
val_cha: 000000000000000000000000
nod_cha: 000000000000000000000000001b
startid: 000200000000000000000000000e
next_id: 0003201711181458
versiid: 
next_va: 1.39804e-76
val_cha: 0000
nod_cha: 0000001c
startid: 0000000e
next_id: 
versiid: 000000000000000000
next_va: 1.39804e-76
val_cha: 00000000000000001d
nod_cha: 000000000000000000000e
startid: 1711181458
next_id: 00000000000000000000000000000000
versiid: 0000000000000000000000000000001e
next_va: 5.49707e-310
val_cha: 0000000200000000000000000000000e
nod_cha: 0e
startid: 
next_id: 000000000000
versiid: 00000000001f
next_va: 1.39804e-76
val_cha: 00000000000e
nod_cha: 1458
startid: 00000000000000000000000000
next_id: 02000000000000000000000020
versiid: 0200000000000000000000000e
next_va: 1.39804e-76
val_cha: 03201711181458
nod_cha: 00
startid: 000000
next_id: 000021
versiid: 00000e
next_va: 7.10911e-320
val_cha: 
nod_cha: 00000000000000000000
startid: 00000000000000000022
next_id: 0000000000000000000e
versiid: 11181458
next_va: 1.38189e-76
val_cha: 000000000000000000000000000000
nod_cha: 
startid: 
next_id: 
versiid: 4@1000
next_va: 1.39804e-76
val_cha: 0000000000
nod_cha: 00000000000024
startid: 0000000000000e
next_id: 58
versiid: 000000000000000000000000
next_va: 9.16222e-72
val_cha: 000000000000000000000025
nod_cha: 000200000000000000000000000e
startid: 0003201711181458
next_id: 
versiid: 0000
next_va: 1.39804e-76
val_cha: 0026
nod_cha: 0000000e
startid: 
next_id: 000000000000000000
versiid: 000000000000000027
next_va: 1.39804e-76
val_cha: 00000000000000000e
nod_cha: 1711181458
startid: 00000000000000000000000000000000
next_id: 00000001000000000000000000000028
versiid: 0000000200000000000000000000000e
next_va: 5.49686e-310
val_cha: 00000003201711181458
nod_cha: 
startid: 000000000000
next_id: 000000000029
versiid: 00000000000e
next_va: 6.23126e-38
val_cha: 
nod_cha: 00000000000000000000000000
startid: 0000000000000000000000002a
next_id: 0200000000000000000000000e
versiid: 03201711181458
next_va: 5.45542e+67
val_cha: ULL
nod_cha: 000000
startid: 00002b
next_id: 00000e
versiid: 
next_va: 1.39804e-76
val_cha: 0000000000000000
nod_cha: 0000000000000000002c
startid: 0000000000000000000e
next_id: 11181458
versiid: 000000000000000000000000000000
next_va: 1.38179e-76
val_cha: 00000000000000000000000000002d
nod_cha: 
startid: 
next_id: 4@1000
versiid: 0000000000
next_va: 1.39804e-76
val_cha: 000000002e
nod_cha: 0000000000000e
startid: 58
next_id: 000000000000000000000000
versiid: 00000000000000000000002f
next_va: 6.00455e-67
val_cha: 00000000000000000000000e
nod_cha: 0003201711181458
startid: 
next_id: 0000
versiid: 0030
next_va: 1.39804e-76
val_cha: 000e
nod_cha: 
startid: 000000000000000000
next_id: 000000000000000031
versiid: 00000000000000000e
next_va: 9.74368e-72
val_cha: 181458
nod_cha: 00000000000000000000000000000000
startid: 00000002000000000000000000000032
next_id: 0000000200000000000000000000000e
versiid: 00000003201711181458
next_va: 20
val_cha: 1000
nod_cha: 000000000000
startid: 000000000001
next_id: 000000000011
versiid: 
next_va: 1.39804e-76
val_cha: 0000000000000000000000
nod_cha: 02000000000000000000000002
startid: 02000000000000000000000011
next_id: 03201711181458
versiid: ULL
next_va: 1.39804e-76
val_cha: 00
nod_cha: 000003
startid: 000011
next_id: 
versiid: 0000000000000000
next_va: 1.39804e-76
val_cha: 0000000000000004
nod_cha: 00000000000000000011
startid: 11181458
next_id: 000000000000000000000000000000
versiid: 000002000000000000000000000005
next_va: 1.38179e-76
val_cha: 000002000000000000000000000011
nod_cha: 
startid: 4@1000
next_id: 0000000000
versiid: 0000000006
next_va: 1.39804e-76
val_cha: 0000000011
nod_cha: 58
startid: 000000000000000000000000
next_id: 000000000000000000000007
versiid: 000000000000000000000011
next_va: 3.93514e-62
val_cha: 201711181458
nod_cha: 
startid: 0000
next_id: 0008
versiid: 0011
next_va: 0
val_cha: 
nod_cha: 000000000000000000
startid: 000000000000000009
next_id: 000000000000000011
versiid: 181458
next_va: 1.39804e-76
val_cha: 0000000000000000000000000000
nod_cha: 0000000100000000000000000000000a
startid: 00000002000000000000000000000011
next_id: 00000003201711181458
versiid: 1000
next_va: 1.39804e-76
val_cha: 00000000
nod_cha: 00000000000b
startid: 000000000011
next_id: 
versiid: 0000000000000000000000
next_va: 1.39804e-76
val_cha: 000000000000000000000c
nod_cha: 02000000000000000000000011
startid: 03201711181458
next_id: ULL
versiid: 00
next_va: 1.39804e-76
val_cha: 0d
nod_cha: 000011
startid: 
next_id: 0000000000000000
versiid: 000000000000000e
next_va: 1.39804e-76
val_cha: 0000000000000011
nod_cha: 11181458
startid: 000000000000000000000000000000
next_id: 00000000000000000000000000000f
versiid: 000002000000000000000000000011
next_va: 1.38179e-76
val_cha: 000003201711181458
nod_cha: 4@1000
startid: 0000000000
next_id: 0000000010
versiid: 0000000011
next_va: 3.05338e-310
val_cha: 
nod_cha: 000000000000000000000000
startid: 000000000000000000000011
next_id: 000000000000000000000011
versiid: 201711181458
next_va: 5.34927e+59
val_cha: L
nod_cha: 0000
startid: 0012
next_id: 0011
versiid: 
next_va: 1.39804e-76
val_cha: 00000000000000
nod_cha: 000000000000000013
startid: 000000000000000011
next_id: 181458
versiid: 0000000000000000000000000000
next_va: 1.39804e-76
val_cha: 0002000000000000000000000014
nod_cha: 00000002000000000000000000000011
startid: 00000003201711181458
next_id: 1000
versiid: 00000000
next_va: 1.39804e-76
val_cha: 00000015
nod_cha: 000000000011
startid: 
next_id: 0000000000000000000000
versiid: 0000000000000000000016
next_va: 1.39872e-76
val_cha: 0000000000000000000011
nod_cha: 03201711181458
startid: ULL
next_id: 00
versiid: 17
next_va: 1.39804e-76
val_cha: 11
nod_cha: 
startid: 0000000000000000
next_id: 0000000000000018
versiid: 0000000000000011
next_va: 5.05232e-38
val_cha: 1458
nod_cha: 000000000000000000000000000000
startid: 000001000000000000000000000019
next_id: 000002000000000000000000000011
versiid: 000003201711181458
next_va: 1.48981e-76
val_cha: 00
nod_cha: 0000000000
startid: 000000001a
next_id: 0000000011
versiid: 
next_va: 1.39804e-76
val_cha: 00000000000000000000
nod_cha: 00000000000000000000001b
startid: 000000000000000000000011
next_id: 201711181458
versiid: L
next_va: 1.39804e-76
val_cha: 
nod_cha: 001c
startid: 0011
next_id: 
versiid: 00000000000000
next_va: 1.39804e-76
val_cha: 0000000000001d
nod_cha: 000000000000000011
startid: 181458
next_id: 0000000000000000000000000000
versiid: 000000000000000000000000001e
next_va: 1.39804e-76
val_cha: 0002000000000000000000000011
nod_cha: 00000003201711181458
startid: 1000
next_id: 00000000
versiid: 0000001f
next_va: 1.39804e-76
val_cha: 00000011
nod_cha: 
startid: 0000000000000000000000
next_id: 0000000000000000000020
versiid: 0000000000000000000011
next_va: 1.57178e-76
val_cha: 1711181458
nod_cha: ULL
startid: 00
next_id: 21
versiid: 11
next_va: 0
val_cha: 
nod_cha: 0000000000000000
startid: 0000000000000022
next_id: 0000000000000011
versiid: 1458
next_va: 1.39804e-76
val_cha: 00000000000000000000000000
nod_cha: 000002000000000000000000000023
startid: 000002000000000000000000000011
next_id: 000003201711181458
versiid: 00
next_va: 1.39804e-76
val_cha: 000000
nod_cha: 0000000024
startid: 0000000011
next_id: 
versiid: 00000000000000000000
next_va: 1.39804e-76
val_cha: 00000000000000000025
nod_cha: 000000000000000000000011
startid: 201711181458
next_id: L
versiid: 
next_va: 1.24449e-47
val_cha: 
nod_cha: 0011
startid: 
next_id: 00000000000000
versiid: 00000000000027
next_va: 1.39804e-76
val_cha: 00000000000011
nod_cha: 181458
startid: 0000000000000000000000000000
next_id: 0001000000000000000000000028
versiid: 0002000000000000000000000011
next_va: 1.39804e-76
val_cha: 0003201711181458
nod_cha: 1000
startid: 00000000
next_id: 00000029
versiid: 00000011
next_va: 4.65909e-315
val_cha: 
nod_cha: 0000000000000000000000
startid: 000000000000000000002a
next_id: 0000000000000000000011
versiid: 1711181458
next_va: 3.14828e-307
val_cha: 00000000000000000000000000000000
nod_cha: 00
startid: 2b
next_id: 11
versiid: 
next_va: 1.39804e-76
val_cha: 000000000000
nod_cha: 000000000000002c
startid: 0000000000000011
next_id: 1458
versiid: 00000000000000000000000000
next_va: 1.39804e-76
val_cha: 0000000000000000000000002d
nod_cha: 000002000000000000000000000011
startid: 000003201711181458
next_id: 00
versiid: 000000
next_va: 1.39804e-76
val_cha: 00002e
nod_cha: 0000000011
startid: 
next_id: 00000000000000000000
versiid: 0000000000000000002f
next_va: 1.39804e-76
val_cha: 00000000000000000011
nod_cha: 201711181458
startid: L
next_id: 
versiid: 
next_va: 9.7282e-72
val_cha: 
nod_cha: 
startid: 00000000000000
next_id: 00000000000031
versiid: 00000000000011
next_va: 2.74322e-57
val_cha: 58
nod_cha: 0000000000000000000000000000
startid: 0002000000000000000000000032
next_id: 0002000000000000000000000011
versiid: 0003201711181458
next_va: 1.39804e-76
val_cha: 
nod_cha: 00000000
startid: 00000001
next_id: 00000014
versiid: 
next_va: 1.39804e-76
val_cha: 000000000000000000
nod_cha: 0000000000000000000002
startid: 0000000000000000000014
next_id: 1711181458
versiid: 00000000000000000000000000000000
next_va: 2.61773e-310
val_cha: 00000000000000000000000000000003
nod_cha: 03
startid: 14
next_id: 
versiid: 000000000000
next_va: 1.39804e-76
val_cha: 000000000004
nod_cha: 0000000000000014
startid: 1458
next_id: 00000000000000000000000000
versiid: 02000000000000000000000005
next_va: 1.39804e-76
val_cha: 02000000000000000000000014
nod_cha: 000003201711181458
startid: 00
next_id: 000000
versiid: 000006
next_va: 1.39804e-76
val_cha: 000014
nod_cha: 
startid: 00000000000000000000
next_id: 00000000000000000007
versiid: 00000000000000000014
next_va: 7.70749e-43
val_cha: 11181458
nod_cha: L
startid: 
next_id: 
versiid: 
next_va: 0
val_cha: 4@1000
nod_cha: 00000000000000
startid: 00000000000009
next_id: 00000000000014
versiid: 58
next_va: 1.39804e-76
val_cha: 000000000000000000000000
nod_cha: 000100000000000000000000000a
startid: 0002000000000000000000000014
next_id: 0003201711181458
versiid: 
next_va: 1.39804e-76
val_cha: 0000
nod_cha: 0000000b
startid: 00000014
next_id: 
versiid: 000000000000000000
next_va: 1.39804e-76
val_cha: 00000000000000000c
nod_cha: 0000000000000000000014
startid: 1711181458
next_id: 00000000000000000000000000000000
versiid: 0000000100000000000000000000000d
next_va: 5.44253e-310
val_cha: 00000002000000000000000000000014
nod_cha: 14
startid: 
next_id: 000000000000
versiid: 00000000000e
next_va: 1.39804e-76
val_cha: 000000000014
nod_cha: 1458
startid: 00000000000000000000000000
next_id: 0000000000000000000000000f
versiid: 02000000000000000000000014
next_va: 1.39804e-76
val_cha: 03201711181458
nod_cha: 00
startid: 000000
next_id: 000010
versiid: 000014
next_va: 7.10911e-320
val_cha: 
nod_cha: 00000000000000000000
startid: 00000000000000000011
next_id: 00000000000000000014
versiid: 11181458
next_va: 1.38189e-76
val_cha: 000000000000000000000000000000
nod_cha: 
startid: 
next_id: 
versiid: 4@1000
next_va: 1.39804e-76
val_cha: 0000000000
nod_cha: 00000000000013
startid: 00000000000014
next_id: 58
versiid: 000000000000000000000000
next_va: 6.00455e-67
val_cha: 000000000000000000000014
nod_cha: 0002000000000000000000000014
startid: 0003201711181458
next_id: 
versiid: 0000
next_va: 1.39804e-76
val_cha: 0015
nod_cha: 00000014
startid: 
next_id: 000000000000000000
versiid: 000000000000000016
next_va: 1.39804e-76
val_cha: 000000000000000014
nod_cha: 1711181458
startid: 00000000000000000000000000000000
next_id: 00000002000000000000000000000017
versiid: 00000002000000000000000000000014
next_va: 2.83524e-310
val_cha: 00000003201711181458
nod_cha: 
startid: 000000000000
next_id: 000000000018
versiid: 000000000014
next_va: 6.23126e-38
val_cha: 
nod_cha: 00000000000000000000000000
startid: 01000000000000000000000019
next_id: 02000000000000000000000014
versiid: 03201711181458
next_va: 5.45542e+67
val_cha: ULL
nod_cha: 000000
startid: 00001a
next_id: 000014
versiid: 
next_va: 1.39804e-76
val_cha: 0000000000000000
nod_cha: 0000000000000000001b
startid: 00000000000000000014
next_id: 11181458
versiid: 000000000000000000000000000000
next_va: 1.38179e-76
val_cha: 00000100000000000000000000001c
nod_cha: 
startid: 
next_id: 4@1000
versiid: 0000000000
next_va: 1.39804e-76
val_cha: 000000001d
nod_cha: 00000000000014
startid: 58
next_id: 000000000000000000000000
versiid: 00000000000000000000001e
next_va: 6.00455e-67
val_cha: 000000000000000000000014
nod_cha: 0003201711181458
startid: 
next_id: 0000
versiid: 001f
next_va: 1.39804e-76
val_cha: 0014
nod_cha: 
startid: 000000000000000000
next_id: 000000000000000020
versiid: 000000000000000014
next_va: 9.74368e-72
val_cha: 181458
nod_cha: 00000000000000000000000000000000
startid: 00000000000000000000000000000021
next_id: 00000002000000000000000000000014
versiid: 00000003201711181458
next_va: 20
val_cha: 1000
nod_cha: 000000000000
startid: 000000000022
next_id: 000000000014
versiid: 
next_va: 1.39804e-76
val_cha: 0000000000000000000000
nod_cha: 02000000000000000000000023
startid: 02000000000000000000000014
next_id: 03201711181458
versiid: ULL
next_va: 1.39804e-76
val_cha: 00
nod_cha: 000024
startid: 000014
next_id: 
versiid: 0000000000000000
next_va: 1.39804e-76
val_cha: 0000000000000025
nod_cha: 00000000000000000014
startid: 11181458
next_id: 000000000000000000000000000000
versiid: 000002000000000000000000000026
next_va: 1.38179e-76
val_cha: 000002000000000000000000000014
nod_cha: 
startid: 4@1000
next_id: 0000000000
versiid: 0000000027
next_va: 1.39804e-76
val_cha: 0000000014
nod_cha: 58
startid: 000000000000000000000000
next_id: 000000000000000000000028
versiid: 000000000000000000000014
next_va: 3.93514e-62
val_cha: 201711181458
nod_cha: 
startid: 0000
next_id: 0029
versiid: 0014
next_va: 0
val_cha: 
nod_cha: 000000000000000000
startid: 00000000000000002a
next_id: 000000000000000014
versiid: 181458
next_va: 1.39804e-76
val_cha: 0000000000000000000000000000
nod_cha: 0000000100000000000000000000002b
startid: 00000002000000000000000000000014
next_id: 00000003201711181458
versiid: 1000
next_va: 1.39804e-76
val_cha: 00000000
nod_cha: 00000000002c
startid: 000000000014
next_id: 
versiid: 0000000000000000000000
next_va: 1.39804e-76
val_cha: 000000000000000000002d
nod_cha: 02000000000000000000000014
startid: 03201711181458
next_id: ULL
versiid: 00
next_va: 1.39804e-76
val_cha: 2e
nod_cha: 000014
startid: 
next_id: 0000000000000000
versiid: 000000000000002f
next_va: 1.39804e-76
val_cha: 0000000000000014
nod_cha: 11181458
startid: 000000000000000000000000000000
next_id: 000000000000000000000000000030
versiid: 000002000000000000000000000014
next_va: 1.38179e-76
val_cha: 000003201711181458
nod_cha: 4@1000
startid: 0000000000
next_id: 0000000031
versiid: 0000000014
next_va: 3.05338e-310
val_cha: 
nod_cha: 000000000000000000000000
startid: 000000000000000000000032
next_id: 000000000000000000000014
versiid: 201711181458
next_va: 5.34927e+59
val_cha: L
nod_cha: 0000
startid: 0001
next_id: 0017
versiid: 
next_va: 1.39804e-76
val_cha: 00000000000000
nod_cha: 000000000000000002
startid: 000000000000000017
next_id: 181458
versiid: 0000000000000000000000000000
next_va: 1.39804e-76
val_cha: 0000000000000000000000000003
nod_cha: 00000002000000000000000000000017
startid: 00000003201711181458
next_id: 1000
versiid: 00000000
next_va: 1.39804e-76
val_cha: 00000004
nod_cha: 000000000017
startid: 
next_id: 0000000000000000000000
versiid: 0000000000000000000005
next_va: 1.39872e-76
val_cha: 0000000000000000000017
nod_cha: 03201711181458
startid: ULL
next_id: 00
versiid: 06
next_va: 1.39804e-76
val_cha: 17
nod_cha: 
startid: 0000000000000000
next_id: 0000000000000007
versiid: 0000000000000017
next_va: 5.05232e-38
val_cha: 1458
nod_cha: 000000000000000000000000000000
startid: 000002000000000000000000000008
next_id: 000002000000000000000000000017
versiid: 000003201711181458
next_va: 1.48981e-76
val_cha: 00
nod_cha: 0000000000
startid: 0000000009
next_id: 0000000017
versiid: 
next_va: 1.39804e-76
val_cha: 00000000000000000000
nod_cha: 00000000000000000000000a
startid: 000000000000000000000017
next_id: 201711181458
versiid: L
next_va: 1.39804e-76
val_cha: 
nod_cha: 000b
startid: 0017
next_id: 
versiid: 00000000000000
next_va: 1.39804e-76
val_cha: 0000000000000c
nod_cha: 000000000000000017
startid: 181458
next_id: 0000000000000000000000000000
versiid: 000100000000000000000000000d
next_va: 1.39804e-76
val_cha: 0002000000000000000000000017
nod_cha: 00000003201711181458
startid: 1000
next_id: 00000000
versiid: 0000000e
next_va: 1.39804e-76
val_cha: 00000017
nod_cha: 
startid: 0000000000000000000000
next_id: 000000000000000000000f
versiid: 0000000000000000000017
next_va: 1.57178e-76
val_cha: 1711181458
nod_cha: ULL
startid: 00
next_id: 10
versiid: 17
next_va: 0
val_cha: 
nod_cha: 0000000000000000
startid: 0000000000000011
next_id: 0000000000000017
versiid: 1458
next_va: 1.39804e-76
val_cha: 00000000000000000000000000
nod_cha: 000000000000000000000000000012
startid: 000002000000000000000000000017
next_id: 000003201711181458
versiid: 00
next_va: 1.39804e-76
val_cha: 000000
nod_cha: 0000000013
startid: 0000000017
next_id: 
versiid: 00000000000000000000
next_va: 1.39804e-76
val_cha: 00000000000000000014
nod_cha: 000000000000000000000017
startid: 201711181458
next_id: L
versiid: 
next_va: 1.79454e-52
val_cha: 
nod_cha: 0017
startid: 
next_id: 00000000000000
versiid: 00000000000016
next_va: 1.39804e-76
val_cha: 00000000000017
nod_cha: 181458
startid: 0000000000000000000000000000
next_id: 0002000000000000000000000017
versiid: 0002000000000000000000000017
next_va: 1.39804e-76
val_cha: 0003201711181458
nod_cha: 1000
startid: 00000000
next_id: 00000018
versiid: 00000017
next_va: 4.65909e-315
val_cha: 
nod_cha: 0000000000000000000000
startid: 0000000000000000000019
next_id: 0000000000000000000017
versiid: 1711181458
next_va: 3.14828e-307
val_cha: 00000000000000000000000000000000
nod_cha: 00
startid: 1a
next_id: 17
versiid: 
next_va: 1.39804e-76
val_cha: 000000000000
nod_cha: 000000000000001b
startid: 0000000000000017
next_id: 1458
versiid: 00000000000000000000000000
next_va: 1.39804e-76
val_cha: 0100000000000000000000001c
nod_cha: 000002000000000000000000000017
startid: 000003201711181458
next_id: 00
versiid: 000000
next_va: 1.39804e-76
val_cha: 00001d
nod_cha: 0000000017
startid: 
next_id: 00000000000000000000
versiid: 0000000000000000001e
next_va: 1.39804e-76
val_cha: 00000000000000000017
nod_cha: 201711181458
startid: L
next_id: 
versiid: 
next_va: 7.70747e-43
val_cha: 
nod_cha: 
startid: 00000000000000
next_id: 00000000000020
versiid: 00000000000017
next_va: 2.74322e-57
val_cha: 58
nod_cha: 0000000000000000000000000000
startid: 0000000000000000000000000021
next_id: 0002000000000000000000000017
versiid: 0003201711181458
next_va: 1.39804e-76
val_cha: 
nod_cha: 00000000
startid: 00000022
next_id: 00000017
versiid: 
next_va: 1.39804e-76
val_cha: 000000000000000000
nod_cha: 0000000000000000000023
startid: 0000000000000000000017
next_id: 1711181458
versiid: 00000000000000000000000000000000
next_va: 2.61773e-310
val_cha: 00000000000000000000000000000024
nod_cha: 24
startid: 17
next_id: 
versiid: 000000000000
next_va: 1.39804e-76
val_cha: 000000000025
nod_cha: 0000000000000017
startid: 1458
next_id: 00000000000000000000000000
versiid: 02000000000000000000000026
next_va: 1.39804e-76
val_cha: 02000000000000000000000017
nod_cha: 000003201711181458
startid: 00
next_id: 000000
versiid: 000027
next_va: 1.39804e-76
val_cha: 000017
nod_cha: 
startid: 00000000000000000000
next_id: 00000000000000000028
versiid: 00000000000000000017
next_va: 7.70749e-43
val_cha: 11181458
nod_cha: L
startid: 
next_id: 
versiid: 
next_va: 0
val_cha: 4@1000
nod_cha: 00000000000000
startid: 0000000000002a
next_id: 00000000000017
versiid: 58
next_va: 1.39804e-76
val_cha: 000000000000000000000000
nod_cha: 000100000000000000000000002b
startid: 0002000000000000000000000017
next_id: 0003201711181458
versiid: 
next_va: 1.39804e-76
val_cha: 0000
nod_cha: 0000002c
startid: 00000017
next_id: 
versiid: 000000000000000000
next_va: 1.39804e-76
val_cha: 00000000000000002d
nod_cha: 0000000000000000000017
startid: 1711181458
next_id: 00000000000000000000000000000000
versiid: 0000000100000000000000000000002e
next_va: 5.49728e-310
val_cha: 00000002000000000000000000000017
nod_cha: 17
startid: 
next_id: 000000000000
versiid: 00000000002f
next_va: 1.39804e-76
val_cha: 000000000017
nod_cha: 1458
startid: 00000000000000000000000000
next_id: 00000000000000000000000030
versiid: 02000000000000000000000017
next_va: 1.39804e-76
val_cha: 03201711181458
nod_cha: 00
startid: 000000
next_id: 000031
versiid: 000017
next_va: 7.10911e-320
val_cha: 
nod_cha: 00000000000000000000
startid: 00000000000000000032
next_id: 00000000000000000017
versiid: 11181458
next_va: 1.38189e-76
val_cha: 000000000000000000000000000000
nod_cha: 
startid: 
next_id: 
versiid: 4@1000
next_va: 1.39804e-76
val_cha: 0000000000
nod_cha: 00000000000002
startid: 0000000000001a
next_id: 58
versiid: 000000000000000000000000
next_va: 1.39804e-76
val_cha: 000000000000000000000003
nod_cha: 000200000000000000000000001a
startid: 0003201711181458
next_id: 
versiid: 0000
next_va: 1.39804e-76
val_cha: 0004
nod_cha: 0000001a
startid: 
next_id: 000000000000000000
versiid: 000000000000000005
next_va: 1.39804e-76
val_cha: 00000000000000001a
nod_cha: 1711181458
startid: 00000000000000000000000000000000
next_id: 00000000000000000000000000000006
versiid: 0000000200000000000000000000001a
next_va: 5.27978e-310
val_cha: 00000003201711181458
nod_cha: 
startid: 000000000000
next_id: 000000000007
versiid: 00000000001a
next_va: 6.23126e-38
val_cha: 
nod_cha: 00000000000000000000000000
startid: 02000000000000000000000008
next_id: 0200000000000000000000001a
versiid: 03201711181458
next_va: 5.45542e+67
val_cha: ULL
nod_cha: 000000
startid: 000009
next_id: 00001a
versiid: 
next_va: 1.39804e-76
val_cha: 0000000000000000
nod_cha: 0000000000000000000a
startid: 0000000000000000001a
next_id: 11181458
versiid: 000000000000000000000000000000
next_va: 1.38179e-76
val_cha: 00000200000000000000000000000b
nod_cha: 
startid: 
next_id: 4@1000
versiid: 0000000000
next_va: 1.39804e-76
val_cha: 000000000c
nod_cha: 0000000000001a
startid: 58
next_id: 000000000000000000000000
versiid: 00000000000000000000000d
next_va: 6.00455e-67
val_cha: 00000000000000000000001a
nod_cha: 0003201711181458
startid: 
next_id: 0000
versiid: 000e
next_va: 1.39804e-76
val_cha: 001a
nod_cha: 
startid: 000000000000000000
next_id: 00000000000000000f
versiid: 00000000000000001a
next_va: 9.74368e-72
val_cha: 181458
nod_cha: 00000000000000000000000000000000
startid: 00000001000000000000000000000010
next_id: 0000000200000000000000000000001a
versiid: 00000003201711181458
next_va: 20
val_cha: 1000
nod_cha: 000000000000
startid: 000000000011
next_id: 00000000001a
versiid: 
next_va: 1.39804e-76
val_cha: 0000000000000000000000
nod_cha: 00000000000000000000000012
startid: 0200000000000000000000001a
next_id: 03201711181458
versiid: ULL
next_va: 1.39804e-76
val_cha: 00
nod_cha: 000013
startid: 00001a
next_id: 
versiid: 0000000000000000
next_va: 1.39804e-76
val_cha: 0000000000000014
nod_cha: 0000000000000000001a
startid: 11181458
next_id: 000000000000000000000000000000
versiid: 000000000000000000000000000015
next_va: 1.38179e-76
val_cha: 00000200000000000000000000001a
nod_cha: 
startid: 4@1000
next_id: 0000000000
versiid: 0000000016
next_va: 1.39804e-76
val_cha: 000000001a
nod_cha: 58
startid: 000000000000000000000000
next_id: 000000000000000000000017
versiid: 00000000000000000000001a
next_va: 3.93514e-62
val_cha: 201711181458
nod_cha: 
startid: 0000
next_id: 0018
versiid: 001a
next_va: 0
val_cha: 
nod_cha: 000000000000000000
startid: 000000000000000019
next_id: 00000000000000001a
versiid: 181458
next_va: 1.39804e-76
val_cha: 0000000000000000000000000000
nod_cha: 0000000200000000000000000000001a
startid: 0000000200000000000000000000001a
next_id: 00000003201711181458
versiid: 1000
next_va: 1.39804e-76
val_cha: 00000000
nod_cha: 00000000001b
startid: 00000000001a
next_id: 
versiid: 0000000000000000000000
next_va: 1.39838e-76
val_cha: 000000000000000000001c
nod_cha: 0200000000000000000000001a
startid: 03201711181458
next_id: ULL
versiid: 00
next_va: 1.39804e-76
val_cha: 1d
nod_cha: 00001a
startid: 
next_id: 0000000000000000
versiid: 000000000000001e
next_va: 1.39804e-76
val_cha: 000000000000001a
nod_cha: 11181458
startid: 000000000000000000000000000000
next_id: 00000100000000000000000000001f
versiid: 00000200000000000000000000001a
next_va: 1.38179e-76
val_cha: 000003201711181458
nod_cha: 4@1000
startid: 0000000000
next_id: 0000000020
versiid: 000000001a
next_va: 3.05338e-310
val_cha: 
nod_cha: 000000000000000000000000
startid: 000000000000000000000021
next_id: 00000000000000000000001a
versiid: 201711181458
next_va: 5.34927e+59
val_cha: L
nod_cha: 0000
startid: 0022
next_id: 001a
versiid: 
next_va: 1.39804e-76
val_cha: 00000000000000
nod_cha: 000000000000000023
startid: 00000000000000001a
next_id: 181458
versiid: 0000000000000000000000000000
next_va: 1.39804e-76
val_cha: 0000000000000000000000000024
nod_cha: 0000000200000000000000000000001a
startid: 00000003201711181458
next_id: 1000
versiid: 00000000
next_va: 1.39804e-76
val_cha: 00000025
nod_cha: 00000000001a
startid: 
next_id: 0000000000000000000000
versiid: 0000000000000000000026
next_va: 1.39872e-76
val_cha: 000000000000000000001a
nod_cha: 03201711181458
startid: ULL
next_id: 00
versiid: 27
next_va: 1.39804e-76
val_cha: 1a
nod_cha: 
startid: 0000000000000000
next_id: 0000000000000028
versiid: 000000000000001a
next_va: 5.05232e-38
val_cha: 1458
nod_cha: 000000000000000000000000000000
startid: 000002000000000000000000000029
next_id: 00000200000000000000000000001a
versiid: 000003201711181458
next_va: 1.48981e-76
val_cha: 00
nod_cha: 0000000000
startid: 000000002a
next_id: 000000001a
versiid: 
next_va: 1.39804e-76
val_cha: 00000000000000000000
nod_cha: 00000000000000000000002b
startid: 00000000000000000000001a
next_id: 201711181458
versiid: L
next_va: 1.39804e-76
val_cha: 
nod_cha: 002c
startid: 001a
next_id: 
versiid: 00000000000000
next_va: 1.39804e-76
val_cha: 0000000000002d
nod_cha: 00000000000000001a
startid: 181458
next_id: 0000000000000000000000000000
versiid: 000100000000000000000000002e
next_va: 1.39804e-76
val_cha: 000200000000000000000000001a
nod_cha: 00000003201711181458
startid: 1000
next_id: 00000000
versiid: 0000002f
next_va: 1.39804e-76
val_cha: 0000001a
nod_cha: 
startid: 0000000000000000000000
next_id: 0000000000000000000030
versiid: 000000000000000000001a
next_va: 1.57178e-76
val_cha: 1711181458
nod_cha: ULL
startid: 00
next_id: 31
versiid: 1a
next_va: 0
val_cha: 
nod_cha: 0000000000000000
startid: 0000000000000032
next_id: 000000000000001a
versiid: 1458
next_va: 1.39804e-76
val_cha: 00000000000000000000000000
nod_cha: 000001000000000000000000000001
startid: 00000200000000000000000000001d
next_id: 000003201711181458
versiid: 00
next_va: 1.39804e-76
val_cha: 000000
nod_cha: 0000000002
startid: 000000001d
next_id: 
versiid: 00000000000000000000
next_va: 1.39804e-76
val_cha: 00000000000000000003
nod_cha: 00000000000000000000001d
startid: 201711181458
next_id: L
versiid: 
next_va: 2.57893e-57
val_cha: 
nod_cha: 001d
startid: 
next_id: 00000000000000
versiid: 00000000000005
next_va: 1.39804e-76
val_cha: 0000000000001d
nod_cha: 181458
startid: 0000000000000000000000000000
next_id: 0000000000000000000000000006
versiid: 000200000000000000000000001d
next_va: 1.39804e-76
val_cha: 0003201711181458
nod_cha: 1000
startid: 00000000
next_id: 00000007
versiid: 0000001d
next_va: 4.65909e-315
val_cha: 
nod_cha: 0000000000000000000000
startid: 0000000000000000000008
next_id: 000000000000000000001d
versiid: 1711181458
next_va: 3.14828e-307
val_cha: 00000000000000000000000000000000
nod_cha: 00
startid: 09
next_id: 1d
versiid: 
next_va: 1.39804e-76
val_cha: 000000000000
nod_cha: 000000000000000a
startid: 000000000000001d
next_id: 1458
versiid: 00000000000000000000000000
next_va: 1.39804e-76
val_cha: 0200000000000000000000000b
nod_cha: 00000200000000000000000000001d
startid: 000003201711181458
next_id: 00
versiid: 000000
next_va: 1.39804e-76
val_cha: 00000c
nod_cha: 000000001d
startid: 
next_id: 00000000000000000000
versiid: 0000000000000000000d
next_va: 1.39804e-76
val_cha: 0000000000000000001d
nod_cha: 201711181458
startid: L
next_id: 
versiid: 
next_va: 4.25117e+174
val_cha: 
nod_cha: 
startid: 00000000000000
next_id: 0000000000000f
versiid: 0000000000001d
next_va: 2.74322e-57
val_cha: 58
nod_cha: 0000000000000000000000000000
startid: 0001000000000000000000000010
next_id: 000200000000000000000000001d
versiid: 0003201711181458
next_va: 1.39804e-76
val_cha: 
nod_cha: 00000000
startid: 00000011
next_id: 0000001d
versiid: 
next_va: 1.39804e-76
val_cha: 000000000000000000
nod_cha: 0000000000000000000012
startid: 000000000000000000001d
next_id: 1711181458
versiid: 00000000000000000000000000000000
next_va: 2.61773e-310
val_cha: 00000001000000000000000000000013
nod_cha: 13
startid: 1d
next_id: 
versiid: 000000000000
next_va: 1.39804e-76
val_cha: 000000000014
nod_cha: 000000000000001d
startid: 1458
next_id: 00000000000000000000000000
versiid: 00000000000000000000000015
next_va: 1.39804e-76
val_cha: 0200000000000000000000001d
nod_cha: 000003201711181458
startid: 00
next_id: 000000
versiid: 000016
next_va: 1.39804e-76
val_cha: 00001d
nod_cha: 
startid: 00000000000000000000
next_id: 00000000000000000017
versiid: 0000000000000000001d
next_va: 7.70749e-43
val_cha: 11181458
nod_cha: L
startid: 
next_id: 
versiid: 
next_va: 0
val_cha: 4@1000
nod_cha: 00000000000000
startid: 00000000000019
next_id: 0000000000001d
versiid: 58
next_va: 1.39804e-76
val_cha: 000000000000000000000000
nod_cha: 000200000000000000000000001a
startid: 000200000000000000000000001d
next_id: 0003201711181458
versiid: 
next_va: 1.39804e-76
val_cha: 0000
nod_cha: 0000001b
startid: 0000001d
next_id: 
versiid: 000000000000000000
next_va: 1.39804e-76
val_cha: 00000000000000001c
nod_cha: 000000000000000000001d
startid: 1711181458
next_id: 00000000000000000000000000000000
versiid: 0000000200000000000000000000001d
next_va: 5.44275e-310
val_cha: 0000000200000000000000000000001d
nod_cha: 1d
startid: 
next_id: 000000000000
versiid: 00000000001e
next_va: 1.39804e-76
val_cha: 00000000001d
nod_cha: 1458
startid: 00000000000000000000000000
next_id: 0100000000000000000000001f
versiid: 0200000000000000000000001d
next_va: 1.39804e-76
val_cha: 03201711181458
nod_cha: 00
startid: 000000
next_id: 000020
versiid: 00001d
next_va: 7.10911e-320
val_cha: 
nod_cha: 00000000000000000000
startid: 00000000000000000021
next_id: 0000000000000000001d
versiid: 11181458
next_va: 1.38189e-76
val_cha: 000000000000000000000000000000
nod_cha: 
startid: 
next_id: 
versiid: 4@1000
next_va: 1.39804e-76
val_cha: 0000000000
nod_cha: 00000000000023
startid: 0000000000001d
next_id: 58
versiid: 000000000000000000000000
next_va: 1.39804e-76
val_cha: 000000000000000000000024
nod_cha: 000200000000000000000000001d
startid: 0003201711181458
next_id: 
versiid: 0000
next_va: 1.39804e-76
val_cha: 0025
nod_cha: 0000001d
startid: 
next_id: 000000000000000000
versiid: 000000000000000026
next_va: 1.39804e-76
val_cha: 00000000000000001d
nod_cha: 1711181458
startid: 00000000000000000000000000000000
next_id: 00000000000000000000000000000027
versiid: 0000000200000000000000000000001d
next_va: 5.44275e-310
val_cha: 00000003201711181458
nod_cha: 
startid: 000000000000
next_id: 000000000028
versiid: 00000000001d
next_va: 6.23126e-38
val_cha: 
nod_cha: 00000000000000000000000000
startid: 02000000000000000000000029
next_id: 0200000000000000000000001d
versiid: 03201711181458
next_va: 5.45542e+67
val_cha: ULL
nod_cha: 000000
startid: 00002a
next_id: 00001d
versiid: 
next_va: 1.39804e-76
val_cha: 0000000000000000
nod_cha: 0000000000000000002b
startid: 0000000000000000001d
next_id: 11181458
versiid: 000000000000000000000000000000
next_va: 1.38179e-76
val_cha: 00000200000000000000000000002c
nod_cha: 
startid: 
next_id: 4@1000
versiid: 0000000000
next_va: 1.39804e-76
val_cha: 000000002d
nod_cha: 0000000000001d
startid: 58
next_id: 000000000000000000000000
versiid: 00000000000000000000002e
next_va: 6.00455e-67
val_cha: 00000000000000000000001d
nod_cha: 0003201711181458
startid: 
next_id: 0000
versiid: 002f
next_va: 1.39804e-76
val_cha: 001d
nod_cha: 
startid: 000000000000000000
next_id: 000000000000000030
versiid: 00000000000000001d
next_va: 9.74368e-72
val_cha: 181458
nod_cha: 00000000000000000000000000000000
startid: 00000001000000000000000000000031
next_id: 0000000200000000000000000000001d
versiid: 00000003201711181458
next_va: 20
val_cha: 1000
nod_cha: 000000000000
startid: 000000000032
next_id: 00000000001d
versiid: 
next_va: 1.39804e-76
val_cha: 0000000000000000000000
nod_cha: 01000000000000000000000001
startid: 02000000000000000000000020
next_id: 03201711181458
versiid: ULL
next_va: 1.39804e-76
val_cha: 00
nod_cha: 000002
startid: 000020
next_id: 
versiid: 0000000000000000
next_va: 1.39804e-76
val_cha: 0000000000000003
nod_cha: 00000000000000000020
startid: 11181458
next_id: 000000000000000000000000000000
versiid: 000001000000000000000000000004
next_va: 1.38179e-76
val_cha: 000002000000000000000000000020
nod_cha: 
startid: 4@1000
next_id: 0000000000
versiid: 0000000005
next_va: 1.39804e-76
val_cha: 0000000020
nod_cha: 58
startid: 000000000000000000000000
next_id: 000000000000000000000006
versiid: 000000000000000000000020
next_va: 3.93514e-62
val_cha: 201711181458
nod_cha: 
startid: 0000
next_id: 0007
versiid: 0020
next_va: 0
val_cha: 
nod_cha: 000000000000000000
startid: 000000000000000008
next_id: 000000000000000020
versiid: 181458
next_va: 1.39804e-76
val_cha: 0000000000000000000000000000
nod_cha: 00000000000000000000000000000009
startid: 00000002000000000000000000000020
next_id: 00000003201711181458
versiid: 1000
next_va: 1.39804e-76
val_cha: 00000000
nod_cha: 00000000000a
startid: 000000000020
next_id: 
versiid: 0000000000000000000000
next_va: 1.39872e-76
val_cha: 000000000000000000000b
nod_cha: 02000000000000000000000020
startid: 03201711181458
next_id: ULL
versiid: 00
next_va: 1.39804e-76
val_cha: 0c
nod_cha: 000020
startid: 
next_id: 0000000000000000
versiid: 000000000000000d
next_va: 1.39804e-76
val_cha: 0000000000000020
nod_cha: 11181458
startid: 000000000000000000000000000000
next_id: 00000200000000000000000000000e
versiid: 000002000000000000000000000020
next_va: 1.38179e-76
val_cha: 000003201711181458
nod_cha: 4@1000
startid: 0000000000
next_id: 000000000f
versiid: 0000000020
next_va: 3.05338e-310
val_cha: 
nod_cha: 000000000000000000000000
startid: 000000000000000000000010
next_id: 000000000000000000000020
versiid: 201711181458
next_va: 5.34927e+59
val_cha: L
nod_cha: 0000
startid: 0011
next_id: 0020
versiid: 
next_va: 1.39804e-76
val_cha: 00000000000000
nod_cha: 000000000000000012
startid: 000000000000000020
next_id: 181458
versiid: 0000000000000000000000000000
next_va: 1.39804e-76
val_cha: 0001000000000000000000000013
nod_cha: 00000002000000000000000000000020
startid: 00000003201711181458
next_id: 1000
versiid: 00000000
next_va: 1.39804e-76
val_cha: 00000014
nod_cha: 000000000020
startid: 
next_id: 0000000000000000000000
versiid: 0000000000000000000015
next_va: 1.39872e-76
val_cha: 0000000000000000000020
nod_cha: 03201711181458
startid: ULL
next_id: 00
versiid: 16
next_va: 1.39804e-76
val_cha: 20
nod_cha: 
startid: 0000000000000000
next_id: 0000000000000017
versiid: 0000000000000020
next_va: 5.05232e-38
val_cha: 1458
nod_cha: 000000000000000000000000000000
startid: 000000000000000000000000000018
next_id: 000002000000000000000000000020
versiid: 000003201711181458
next_va: 1.48981e-76
val_cha: 00
nod_cha: 0000000000
startid: 0000000019
next_id: 0000000020
versiid: 
next_va: 1.39804e-76
val_cha: 00000000000000000000
nod_cha: 00000000000000000000001a
startid: 000000000000000000000020
next_id: 201711181458
versiid: L
next_va: 1.39804e-76
val_cha: 
nod_cha: 001b
startid: 0020
next_id: 
versiid: 00000000000000
next_va: 1.39804e-76
val_cha: 0000000000001c
nod_cha: 000000000000000020
startid: 181458
next_id: 0000000000000000000000000000
versiid: 000200000000000000000000001d
next_va: 1.39804e-76
val_cha: 0002000000000000000000000020
nod_cha: 00000003201711181458
startid: 1000
next_id: 00000000
versiid: 0000001e
next_va: 1.39804e-76
val_cha: 00000020
nod_cha: 
startid: 0000000000000000000000
next_id: 000000000000000000001f
versiid: 0000000000000000000020
next_va: 1.57178e-76
val_cha: 1711181458
nod_cha: ULL
startid: 00
next_id: 20
versiid: 20
next_va: 0
val_cha: 
nod_cha: 0000000000000000
startid: 0000000000000021
next_id: 0000000000000020
versiid: 1458
next_va: 1.39804e-76
val_cha: 00000000000000000000000000
nod_cha: 000001000000000000000000000022
startid: 000002000000000000000000000020
next_id: 000003201711181458
versiid: 00
next_va: 1.39804e-76
val_cha: 000000
nod_cha: 0000000023
startid: 0000000020
next_id: 
versiid: 00000000000000000000
next_va: 1.39804e-76
val_cha: 00000000000000000024
nod_cha: 000000000000000000000020
startid: 201711181458
next_id: L
versiid: 
next_va: 1.89894e-52
val_cha: 
nod_cha: 0020
startid: 
next_id: 00000000000000
versiid: 00000000000026
next_va: 1.39804e-76
val_cha: 00000000000020
nod_cha: 181458
startid: 0000000000000000000000000000
next_id: 0000000000000000000000000027
versiid: 0002000000000000000000000020
next_va: 1.39804e-76
val_cha: 0003201711181458
nod_cha: 1000
startid: 00000000
next_id: 00000028
versiid: 00000020
next_va: 4.65909e-315
val_cha: 
nod_cha: 0000000000000000000000
startid: 0000000000000000000029
next_id: 0000000000000000000020
versiid: 1711181458
next_va: 3.14828e-307
val_cha: 00000000000000000000000000000000
nod_cha: 00
startid: 2a
next_id: 20
versiid: 
next_va: 1.39804e-76
val_cha: 000000000000
nod_cha: 000000000000002b
startid: 0000000000000020
next_id: 1458
versiid: 00000000000000000000000000
next_va: 1.39804e-76
val_cha: 0200000000000000000000002c
nod_cha: 000002000000000000000000000020
startid: 000003201711181458
next_id: 00
versiid: 000000
next_va: 1.39804e-76
val_cha: 00002d
nod_cha: 0000000020
startid: 
next_id: 00000000000000000000
versiid: 0000000000000000002e
next_va: 1.39804e-76
val_cha: 00000000000000000020
nod_cha: 201711181458
startid: L
next_id: 
versiid: 
next_va: 1.57077e-76
val_cha: 
nod_cha: 
startid: 00000000000000
next_id: 00000000000030
versiid: 00000000000020
next_va: 2.74322e-57
val_cha: 58
nod_cha: 0000000000000000000000000000
startid: 0001000000000000000000000031
next_id: 0002000000000000000000000020
versiid: 0003201711181458
next_va: 1.39804e-76
val_cha: 
nod_cha: 00000000
startid: 00000032
next_id: 00000020
versiid: 
next_va: 1.39804e-76
val_cha: 000000000000000000
nod_cha: 0000000000000000000001
startid: 0000000000000000000023
next_id: 1711181458
versiid: 00000000000000000000000000000000
next_va: 2.61773e-310
val_cha: 00000002000000000000000000000002
nod_cha: 02
startid: 23
next_id: 
versiid: 000000000000
next_va: 1.39804e-76
val_cha: 000000000003
nod_cha: 0000000000000023
startid: 1458
next_id: 00000000000000000000000000
versiid: 01000000000000000000000004
next_va: 1.39804e-76
val_cha: 02000000000000000000000023
nod_cha: 000003201711181458
startid: 00
next_id: 000000
versiid: 000005
next_va: 1.39804e-76
val_cha: 000023
nod_cha: 
startid: 00000000000000000000
next_id: 00000000000000000006
versiid: 00000000000000000023
next_va: 7.70749e-43
val_cha: 11181458
nod_cha: L
startid: 
next_id: 
versiid: 
next_va: 0
val_cha: 4@1000
nod_cha: 00000000000000
startid: 00000000000008
next_id: 00000000000023
versiid: 58
next_va: 1.39804e-76
val_cha: 000000000000000000000000
nod_cha: 0000000000000000000000000009
startid: 0002000000000000000000000023
next_id: 0003201711181458
versiid: 
next_va: 1.39804e-76
val_cha: 0000
nod_cha: 0000000a
startid: 00000023
next_id: 
versiid: 000000000000000000
next_va: 1.39804e-76
val_cha: 00000000000000000b
nod_cha: 0000000000000000000023
startid: 1711181458
next_id: 00000000000000000000000000000000
versiid: 0000000000000000000000000000000c
next_va: 5.38821e-310
val_cha: 00000002000000000000000000000023
nod_cha: 23
startid: 
next_id: 000000000000
versiid: 00000000000d
next_va: 1.39804e-76
val_cha: 000000000023
nod_cha: 1458
startid: 00000000000000000000000000
next_id: 0200000000000000000000000e
versiid: 02000000000000000000000023
next_va: 1.39804e-76
val_cha: 03201711181458
nod_cha: 00
startid: 000000
next_id: 00000f
versiid: 000023
next_va: 7.10911e-320
val_cha: 
nod_cha: 00000000000000000000
startid: 00000000000000000010
next_id: 00000000000000000023
versiid: 11181458
next_va: 1.38189e-76
val_cha: 000000000000000000000000000000
nod_cha: 
startid: 
next_id: 
versiid: 4@1000
next_va: 1.39804e-76
val_cha: 0000000000
nod_cha: 00000000000012
startid: 00000000000023
next_id: 58
versiid: 000000000000000000000000
next_va: 9.16222e-72
val_cha: 000000000000000000000013
nod_cha: 0002000000000000000000000023
startid: 0003201711181458
next_id: 
versiid: 0000
next_va: 1.39804e-76
val_cha: 0014
nod_cha: 00000023
startid: 
next_id: 000000000000000000
versiid: 000000000000000015
next_va: 1.39804e-76
val_cha: 000000000000000023
nod_cha: 1711181458
startid: 00000000000000000000000000000000
next_id: 00000001000000000000000000000016
versiid: 00000002000000000000000000000023
next_va: 2.78113e-310
val_cha: 00000003201711181458
nod_cha: 
startid: 000000000000
next_id: 000000000017
versiid: 000000000023
next_va: 6.23126e-38
val_cha: 
nod_cha: 00000000000000000000000000
startid: 00000000000000000000000018
next_id: 02000000000000000000000023
versiid: 03201711181458
next_va: 5.45542e+67
val_cha: ULL
nod_cha: 000000
startid: 000019
next_id: 000023
versiid: 
next_va: 1.39804e-76
val_cha: 0000000000000000
nod_cha: 0000000000000000001a
startid: 00000000000000000023
next_id: 11181458
versiid: 000000000000000000000000000000
next_va: 1.38179e-76
val_cha: 00000000000000000000000000001b
nod_cha: 
startid: 
next_id: 4@1000
versiid: 0000000000
next_va: 1.39804e-76
val_cha: 000000001c
nod_cha: 00000000000023
startid: 58
next_id: 000000000000000000000000
versiid: 00000000000000000000001d
next_va: 6.00455e-67
val_cha: 000000000000000000000023
nod_cha: 0003201711181458
startid: 
next_id: 0000
versiid: 001e
next_va: 1.39804e-76
val_cha: 0023
nod_cha: 
startid: 000000000000000000
next_id: 00000000000000001f
versiid: 000000000000000023
next_va: 9.74368e-72
val_cha: 181458
nod_cha: 00000000000000000000000000000000
startid: 00000002000000000000000000000020
next_id: 00000002000000000000000000000023
versiid: 00000003201711181458
next_va: 20
val_cha: 1000
nod_cha: 000000000000
startid: 000000000021
next_id: 000000000023
versiid: 
next_va: 1.39804e-76
val_cha: 0000000000000000000000
nod_cha: 01000000000000000000000022
startid: 02000000000000000000000023
next_id: 03201711181458
versiid: ULL
next_va: 1.39804e-76
val_cha: 00
nod_cha: 000023
startid: 000023
next_id: 
versiid: 0000000000000000
next_va: 1.39804e-76
val_cha: 0000000000000024
nod_cha: 00000000000000000023
startid: 11181458
next_id: 000000000000000000000000000000
versiid: 000001000000000000000000000025
next_va: 1.38179e-76
val_cha: 000002000000000000000000000023
nod_cha: 
startid: 4@1000
next_id: 0000000000
versiid: 0000000026
next_va: 1.39804e-76
val_cha: 0000000023
nod_cha: 58
startid: 000000000000000000000000
next_id: 000000000000000000000027
versiid: 000000000000000000000023
next_va: 3.93514e-62
val_cha: 201711181458
nod_cha: 
startid: 0000
next_id: 0028
versiid: 0023
next_va: 0
val_cha: 
nod_cha: 000000000000000000
startid: 000000000000000029
next_id: 000000000000000023
versiid: 181458
next_va: 1.39804e-76
val_cha: 0000000000000000000000000000
nod_cha: 0000000000000000000000000000002a
startid: 00000002000000000000000000000023
next_id: 00000003201711181458
versiid: 1000
next_va: 1.39804e-76
val_cha: 00000000
nod_cha: 00000000002b
startid: 000000000023
next_id: 
versiid: 0000000000000000000000
next_va: 1.39872e-76
val_cha: 000000000000000000002c
nod_cha: 02000000000000000000000023
startid: 03201711181458
next_id: ULL
versiid: 00
next_va: 1.39804e-76
val_cha: 2d
nod_cha: 000023
startid: 
next_id: 0000000000000000
versiid: 000000000000002e
next_va: 1.39804e-76
val_cha: 0000000000000023
nod_cha: 11181458
startid: 000000000000000000000000000000
next_id: 00000200000000000000000000002f
versiid: 000002000000000000000000000023
next_va: 1.38179e-76
val_cha: 000003201711181458
nod_cha: 4@1000
startid: 0000000000
next_id: 0000000030
versiid: 0000000023
next_va: 3.05338e-310
val_cha: 
nod_cha: 000000000000000000000000
startid: 000000000000000000000031
next_id: 000000000000000000000023
versiid: 201711181458
next_va: 5.34927e+59
val_cha: L
nod_cha: 0000
startid: 0032
next_id: 0023
versiid: 
next_va: 1.39804e-76
val_cha: 00000000000000
nod_cha: 000000000000000001
startid: 000000000000000026
next_id: 181458
versiid: 0000000000000000000000000000
next_va: 1.39804e-76
val_cha: 0002000000000000000000000002
nod_cha: 00000002000000000000000000000026
startid: 00000003201711181458
next_id: 1000
versiid: 00000000
next_va: 1.39804e-76
val_cha: 00000003
nod_cha: 000000000026
startid: 
next_id: 0000000000000000000000
versiid: 0000000000000000000004
next_va: 1.39872e-76
val_cha: 0000000000000000000026
nod_cha: 03201711181458
startid: ULL
next_id: 00
versiid: 05
next_va: 1.39804e-76
val_cha: 26
nod_cha: 
startid: 0000000000000000
next_id: 0000000000000006
versiid: 0000000000000026
next_va: 5.05232e-38
val_cha: 1458
nod_cha: 000000000000000000000000000000
startid: 000001000000000000000000000007
next_id: 000002000000000000000000000026
versiid: 000003201711181458
next_va: 1.48981e-76
val_cha: 00
nod_cha: 0000000000
startid: 0000000008
next_id: 0000000026
versiid: 
next_va: 1.39804e-76
val_cha: 00000000000000000000
nod_cha: 000000000000000000000009
startid: 000000000000000000000026
next_id: 201711181458
versiid: L
next_va: 1.39804e-76
val_cha: 
nod_cha: 000a
startid: 0026
next_id: 
versiid: 00000000000000
next_va: 1.39804e-76
val_cha: 0000000000000b
nod_cha: 000000000000000026
startid: 181458
next_id: 0000000000000000000000000000
versiid: 000000000000000000000000000c
next_va: 1.39804e-76
val_cha: 0002000000000000000000000026
nod_cha: 00000003201711181458
startid: 1000
next_id: 00000000
versiid: 0000000d
next_va: 1.39804e-76
val_cha: 00000026
nod_cha: 
startid: 0000000000000000000000
next_id: 000000000000000000000e
versiid: 0000000000000000000026
next_va: 1.57178e-76
val_cha: 1711181458
nod_cha: ULL
startid: 00
next_id: 0f
versiid: 26
next_va: 0
val_cha: 
nod_cha: 0000000000000000
startid: 0000000000000010
next_id: 0000000000000026
versiid: 1458
next_va: 1.39804e-76
val_cha: 00000000000000000000000000
nod_cha: 000002000000000000000000000011
startid: 000002000000000000000000000026
next_id: 000003201711181458
versiid: 00
next_va: 1.39804e-76
val_cha: 000000
nod_cha: 0000000012
startid: 0000000026
next_id: 
versiid: 00000000000000000000
next_va: 1.39804e-76
val_cha: 00000000000000000013
nod_cha: 000000000000000000000026
startid: 201711181458
next_id: L
versiid: 
next_va: 2.73824e-57
val_cha: 
nod_cha: 0026
startid: 
next_id: 00000000000000
versiid: 00000000000015
next_va: 1.39804e-76
val_cha: 00000000000026
nod_cha: 181458
startid: 0000000000000000000000000000
next_id: 0001000000000000000000000016
versiid: 0002000000000000000000000026
next_va: 1.39804e-76
val_cha: 0003201711181458
nod_cha: 1000
startid: 00000000
next_id: 00000017
versiid: 00000026
next_va: 4.65909e-315
val_cha: 
nod_cha: 0000000000000000000000
startid: 0000000000000000000018
next_id: 0000000000000000000026
versiid: 1711181458
next_va: 3.14828e-307
val_cha: 00000000000000000000000000000000
nod_cha: 00
startid: 19
next_id: 26
versiid: 
next_va: 1.39804e-76
val_cha: 000000000000
nod_cha: 000000000000001a
startid: 0000000000000026
next_id: 1458
versiid: 00000000000000000000000000
next_va: 1.39804e-76
val_cha: 0000000000000000000000001b
nod_cha: 000002000000000000000000000026
startid: 000003201711181458
next_id: 00
versiid: 000000
next_va: 1.39804e-76
val_cha: 00001c
nod_cha: 0000000026
startid: 
next_id: 00000000000000000000
versiid: 0000000000000000001d
next_va: 1.39804e-76
val_cha: 00000000000000000026
nod_cha: 201711181458
startid: L
next_id: 
versiid: 
next_va: 1.24449e-47
val_cha: 
nod_cha: 
startid: 00000000000000
next_id: 0000000000001f
versiid: 00000000000026
next_va: 2.74322e-57
val_cha: 58
nod_cha: 0000000000000000000000000000
startid: 0002000000000000000000000020
next_id: 0002000000000000000000000026
versiid: 0003201711181458
next_va: 1.39804e-76
val_cha: 
nod_cha: 00000000
startid: 00000021
next_id: 00000026
versiid: 
next_va: 1.39804e-76
val_cha: 000000000000000000
nod_cha: 0000000000000000000022
startid: 0000000000000000000026
next_id: 1711181458
versiid: 00000000000000000000000000000000
next_va: 2.61773e-310
val_cha: 00000002000000000000000000000023
nod_cha: 23
startid: 26
next_id: 
versiid: 000000000000
next_va: 1.39804e-76
val_cha: 000000000024
nod_cha: 0000000000000026
startid: 1458
next_id: 00000000000000000000000000
versiid: 01000000000000000000000025
next_va: 1.39804e-76
val_cha: 02000000000000000000000026
nod_cha: 000003201711181458
startid: 00
next_id: 000000
versiid: 000026
next_va: 1.39804e-76
val_cha: 000026
nod_cha: 
startid: 00000000000000000000
next_id: 00000000000000000027
versiid: 00000000000000000026
next_va: 7.70749e-43
val_cha: 11181458
nod_cha: L
startid: 
next_id: 
versiid: 
next_va: 0
val_cha: 4@1000
nod_cha: 00000000000000
startid: 00000000000029
next_id: 00000000000026
versiid: 58
next_va: 1.39804e-76
val_cha: 000000000000000000000000
nod_cha: 000000000000000000000000002a
startid: 0002000000000000000000000026
next_id: 0003201711181458
versiid: 
next_va: 1.39804e-76
val_cha: 0000
nod_cha: 0000002b
startid: 00000026
next_id: 
versiid: 000000000000000000
next_va: 1.39804e-76
val_cha: 00000000000000002c
nod_cha: 0000000000000000000026
startid: 1711181458
next_id: 00000000000000000000000000000000
versiid: 0000000000000000000000000000002d
next_va: 5.44296e-310
val_cha: 00000002000000000000000000000026
nod_cha: 26
startid: 
next_id: 000000000000
versiid: 00000000002e
next_va: 1.39804e-76
val_cha: 000000000026
nod_cha: 1458
startid: 00000000000000000000000000
next_id: 0200000000000000000000002f
versiid: 02000000000000000000000026
next_va: 1.39804e-76
val_cha: 03201711181458
nod_cha: 00
startid: 000000
next_id: 000030
versiid: 000026
next_va: 7.10911e-320
val_cha: 
nod_cha: 00000000000000000000
startid: 00000000000000000031
next_id: 00000000000000000026
versiid: 11181458
next_va: 1.38189e-76
val_cha: 000000000000000000000000000000
nod_cha: 
startid: 
next_id: 
versiid: 4@1000
next_va: 1.39804e-76
val_cha: 0000000000
nod_cha: 00000000000001
startid: 00000000000029
next_id: 58
versiid: 000000000000000000000000
next_va: 6.00455e-67
val_cha: 000000000000000000000002
nod_cha: 0002000000000000000000000029
startid: 0003201711181458
next_id: 
versiid: 0000
next_va: 1.39804e-76
val_cha: 0003
nod_cha: 00000029
startid: 
next_id: 000000000000000000
versiid: 000000000000000004
next_va: 1.39804e-76
val_cha: 000000000000000029
nod_cha: 1711181458
startid: 00000000000000000000000000000000
next_id: 00000002000000000000000000000005
versiid: 00000002000000000000000000000029
next_va: 3.10707e-310
val_cha: 00000003201711181458
nod_cha: 
startid: 000000000000
next_id: 000000000006
versiid: 000000000029
next_va: 6.23126e-38
val_cha: 
nod_cha: 00000000000000000000000000
startid: 01000000000000000000000007
next_id: 02000000000000000000000029
versiid: 03201711181458
next_va: 5.45542e+67
val_cha: ULL
nod_cha: 000000
startid: 000008
next_id: 000029
versiid: 
next_va: 1.39804e-76
val_cha: 0000000000000000
nod_cha: 00000000000000000009
startid: 00000000000000000029
next_id: 11181458
versiid: 000000000000000000000000000000
next_va: 1.38179e-76
val_cha: 00000100000000000000000000000a
nod_cha: 
startid: 
next_id: 4@1000
versiid: 0000000000
next_va: 1.39804e-76
val_cha: 000000000b
nod_cha: 00000000000029
startid: 58
next_id: 000000000000000000000000
versiid: 00000000000000000000000c
next_va: 6.00455e-67
val_cha: 000000000000000000000029
nod_cha: 0003201711181458
startid: 
next_id: 0000
versiid: 000d
next_va: 1.39804e-76
val_cha: 0029
nod_cha: 
startid: 000000000000000000
next_id: 00000000000000000e
versiid: 000000000000000029
next_va: 9.74368e-72
val_cha: 181458
nod_cha: 00000000000000000000000000000000
startid: 0000000000000000000000000000000f
next_id: 00000002000000000000000000000029
versiid: 00000003201711181458
next_va: 20
val_cha: 1000
nod_cha: 000000000000
startid: 000000000010
next_id: 000000000029
versiid: 
next_va: 1.39804e-76
val_cha: 0000000000000000000000
nod_cha: 02000000000000000000000011
startid: 02000000000000000000000029
next_id: 03201711181458
versiid: ULL
next_va: 1.39804e-76
val_cha: 00
nod_cha: 000012
startid: 000029
next_id: 
versiid: 0000000000000000
next_va: 1.39804e-76
val_cha: 0000000000000013
nod_cha: 00000000000000000029
startid: 11181458
next_id: 000000000000000000000000000000
versiid: 000002000000000000000000000014
next_va: 1.38179e-76
val_cha: 000002000000000000000000000029
nod_cha: 
startid: 4@1000
next_id: 0000000000
versiid: 0000000015
next_va: 1.39804e-76
val_cha: 0000000029
nod_cha: 58
startid: 000000000000000000000000
next_id: 000000000000000000000016
versiid: 000000000000000000000029
next_va: 3.93514e-62
val_cha: 201711181458
nod_cha: 
startid: 0000
next_id: 0017
versiid: 0029
next_va: 0
val_cha: 
nod_cha: 000000000000000000
startid: 000000000000000018
next_id: 000000000000000029
versiid: 181458
next_va: 1.39804e-76
val_cha: 0000000000000000000000000000
nod_cha: 00000001000000000000000000000019
startid: 00000002000000000000000000000029
next_id: 00000003201711181458
versiid: 1000
next_va: 1.39804e-76
val_cha: 00000000
nod_cha: 00000000001a
startid: 000000000029
next_id: 
versiid: 0000000000000000000000
next_va: 1.39804e-76
val_cha: 000000000000000000001b
nod_cha: 02000000000000000000000029
startid: 03201711181458
next_id: ULL
versiid: 00
next_va: 1.39804e-76
val_cha: 1c
nod_cha: 000029
startid: 
next_id: 0000000000000000
versiid: 000000000000001d
next_va: 1.39804e-76
val_cha: 0000000000000029
nod_cha: 11181458
startid: 000000000000000000000000000000
next_id: 00000000000000000000000000001e
versiid: 000002000000000000000000000029
next_va: 1.38179e-76
val_cha: 000003201711181458
nod_cha: 4@1000
startid: 0000000000
next_id: 000000001f
versiid: 0000000029
next_va: 3.05338e-310
val_cha: 
nod_cha: 000000000000000000000000
startid: 000000000000000000000020
next_id: 000000000000000000000029
versiid: 201711181458
next_va: 5.34927e+59
val_cha: L
nod_cha: 0000
startid: 0021
next_id: 0029
versiid: 
next_va: 1.39804e-76
val_cha: 00000000000000
nod_cha: 000000000000000022
startid: 000000000000000029
next_id: 181458
versiid: 0000000000000000000000000000
next_va: 1.39804e-76
val_cha: 0002000000000000000000000023
nod_cha: 00000002000000000000000000000029
startid: 00000003201711181458
next_id: 1000
versiid: 00000000
next_va: 1.39804e-76
val_cha: 00000024
nod_cha: 000000000029
startid: 
next_id: 0000000000000000000000
versiid: 0000000000000000000025
next_va: 1.39872e-76
val_cha: 0000000000000000000029
nod_cha: 03201711181458
startid: ULL
next_id: 00
versiid: 26
next_va: 1.39804e-76
val_cha: 29
nod_cha: 
startid: 0000000000000000
next_id: 0000000000000027
versiid: 0000000000000029
next_va: 5.05232e-38
val_cha: 1458
nod_cha: 000000000000000000000000000000
startid: 000001000000000000000000000028
next_id: 000002000000000000000000000029
versiid: 000003201711181458
next_va: 1.48981e-76
val_cha: 00
nod_cha: 0000000000
startid: 0000000029
next_id: 0000000029
versiid: 
next_va: 1.39804e-76
val_cha: 00000000000000000000
nod_cha: 00000000000000000000002a
startid: 000000000000000000000029
next_id: 201711181458
versiid: L
next_va: 1.39804e-76
val_cha: 
nod_cha: 002b
startid: 0029
next_id: 
versiid: 00000000000000
next_va: 1.39804e-76
val_cha: 0000000000002c
nod_cha: 000000000000000029
startid: 181458
next_id: 0000000000000000000000000000
versiid: 000000000000000000000000002d
next_va: 1.39804e-76
val_cha: 0002000000000000000000000029
nod_cha: 00000003201711181458
startid: 1000
next_id: 00000000
versiid: 0000002e
next_va: 1.39804e-76
val_cha: 00000029
nod_cha: 
startid: 0000000000000000000000
next_id: 000000000000000000002f
versiid: 0000000000000000000029
next_va: 1.57178e-76
val_cha: 1711181458
nod_cha: ULL
startid: 00
next_id: 30
versiid: 29
next_va: 0
val_cha: 
nod_cha: 0000000000000000
startid: 0000000000000031
next_id: 0000000000000029
versiid: 1458
next_va: 1.39804e-76
val_cha: 00000000000000000000000000
nod_cha: 000002000000000000000000000032
startid: 000002000000000000000000000029
next_id: 000003201711181458
versiid: 00
next_va: 1.39804e-76
val_cha: 000000
nod_cha: 0000000001
startid: 000000002c
next_id: 
versiid: 00000000000000000000
next_va: 1.39804e-76
val_cha: 00000000000000000002
nod_cha: 00000000000000000000002c
startid: 201711181458
next_id: L
versiid: 
next_va: 3.93514e-62
val_cha: 
nod_cha: 002c
startid: 
next_id: 00000000000000
versiid: 00000000000004
next_va: 1.39804e-76
val_cha: 0000000000002c
nod_cha: 181458
startid: 0000000000000000000000000000
next_id: 0002000000000000000000000005
versiid: 000200000000000000000000002c
next_va: 1.39804e-76
val_cha: 0003201711181458
nod_cha: 1000
startid: 00000000
next_id: 00000006
versiid: 0000002c
next_va: 4.65909e-315
val_cha: 
nod_cha: 0000000000000000000000
startid: 0000000000000000000007
next_id: 000000000000000000002c
versiid: 1711181458
next_va: 3.14828e-307
val_cha: 00000000000000000000000000000000
nod_cha: 00
startid: 08
next_id: 2c
versiid: 
next_va: 1.39804e-76
val_cha: 000000000000
nod_cha: 0000000000000009
startid: 000000000000002c
next_id: 1458
versiid: 00000000000000000000000000
next_va: 1.39804e-76
val_cha: 0100000000000000000000000a
nod_cha: 00000200000000000000000000002c
startid: 000003201711181458
next_id: 00
versiid: 000000
next_va: 1.39804e-76
val_cha: 00000b
nod_cha: 000000002c
startid: 
next_id: 00000000000000000000
versiid: 0000000000000000000c
next_va: 1.39804e-76
val_cha: 0000000000000000002c
nod_cha: 201711181458
startid: L
next_id: 
versiid: 
next_va: 6.86417e+169
val_cha: 
nod_cha: 
startid: 00000000000000
next_id: 0000000000000e
versiid: 0000000000002c
next_va: 2.74322e-57
val_cha: 58
nod_cha: 0000000000000000000000000000
startid: 000000000000000000000000000f
next_id: 000200000000000000000000002c
versiid: 0003201711181458
next_va: 1.39804e-76
val_cha: 
nod_cha: 00000000
startid: 00000010
next_id: 0000002c
versiid: 
next_va: 1.39804e-76
val_cha: 000000000000000000
nod_cha: 0000000000000000000011
startid: 000000000000000000002c
next_id: 1711181458
versiid: 00000000000000000000000000000000
next_va: 2.61773e-310
val_cha: 00000000000000000000000000000012
nod_cha: 12
startid: 2c
next_id: 
versiid: 000000000000
next_va: 1.39804e-76
val_cha: 000000000013
nod_cha: 000000000000002c
startid: 1458
next_id: 00000000000000000000000000
versiid: 02000000000000000000000014
next_va: 1.39804e-76
val_cha: 0200000000000000000000002c
nod_cha: 000003201711181458
startid: 00
next_id: 000000
versiid: 000015
next_va: 1.39804e-76
val_cha: 00002c
nod_cha: 
startid: 00000000000000000000
next_id: 00000000000000000016
versiid: 0000000000000000002c
next_va: 7.70749e-43
val_cha: 11181458
nod_cha: L
startid: 
next_id: 
versiid: 
next_va: 0
val_cha: 4@1000
nod_cha: 00000000000000
startid: 00000000000018
next_id: 0000000000002c
versiid: 58
next_va: 1.39804e-76
val_cha: 000000000000000000000000
nod_cha: 0001000000000000000000000019
startid: 000200000000000000000000002c
next_id: 0003201711181458
versiid: 
next_va: 1.39804e-76
val_cha: 0000
nod_cha: 0000001a
startid: 0000002c
next_id: 
versiid: 000000000000000000
next_va: 1.39804e-76
val_cha: 00000000000000001b
nod_cha: 000000000000000000002c
startid: 1711181458
next_id: 00000000000000000000000000000000
versiid: 0000000100000000000000000000001c
next_va: 5.38842e-310
val_cha: 0000000200000000000000000000002c
nod_cha: 2c
startid: 
next_id: 000000000000
versiid: 00000000001d
next_va: 1.39804e-76
val_cha: 00000000002c
nod_cha: 1458
startid: 00000000000000000000000000
next_id: 0000000000000000000000001e
versiid: 0200000000000000000000002c
next_va: 1.39804e-76
val_cha: 03201711181458
nod_cha: 00
startid: 000000
next_id: 00001f
versiid: 00002c
next_va: 7.10911e-320
val_cha: 
nod_cha: 00000000000000000000
startid: 00000000000000000020
next_id: 0000000000000000002c
versiid: 11181458
next_va: 1.38189e-76
val_cha: 000000000000000000000000000000
nod_cha: 
startid: 
next_id: 
versiid: 4@1000
next_va: 1.39804e-76
val_cha: 0000000000
nod_cha: 00000000000022
startid: 0000000000002c
next_id: 58
versiid: 000000000000000000000000
next_va: 6.00455e-67
val_cha: 000000000000000000000023
nod_cha: 000200000000000000000000002c
startid: 0003201711181458
next_id: 
versiid: 0000
next_va: 1.39804e-76
val_cha: 0024
nod_cha: 0000002c
startid: 
next_id: 000000000000000000
versiid: 000000000000000025
next_va: 1.39804e-76
val_cha: 00000000000000002c
nod_cha: 1711181458
startid: 00000000000000000000000000000000
next_id: 00000002000000000000000000000026
versiid: 0000000200000000000000000000002c
next_va: 5.38864e-310
val_cha: 00000003201711181458
nod_cha: 
startid: 000000000000
next_id: 000000000027
versiid: 00000000002c
next_va: 6.23126e-38
val_cha: 
nod_cha: 00000000000000000000000000
startid: 01000000000000000000000028
next_id: 0200000000000000000000002c
versiid: 03201711181458
next_va: 5.45542e+67
val_cha: ULL
nod_cha: 000000
startid: 000029
next_id: 00002c
versiid: 
next_va: 1.39804e-76
val_cha: 0000000000000000
nod_cha: 0000000000000000002a
startid: 0000000000000000002c
next_id: 11181458
versiid: 000000000000000000000000000000
next_va: 1.38179e-76
val_cha: 00000100000000000000000000002b
nod_cha: 
startid: 
next_id: 4@1000
versiid: 0000000000
next_va: 1.39804e-76
val_cha: 000000002c
nod_cha: 0000000000002c
startid: 58
next_id: 000000000000000000000000
versiid: 00000000000000000000002d
next_va: 6.00455e-67
val_cha: 00000000000000000000002c
nod_cha: 0003201711181458
startid: 
next_id: 0000
versiid: 002e
next_va: 1.39804e-76
val_cha: 002c
nod_cha: 
startid: 000000000000000000
next_id: 00000000000000002f
versiid: 00000000000000002c
next_va: 9.74368e-72
val_cha: 181458
nod_cha: 00000000000000000000000000000000
startid: 00000000000000000000000000000030
next_id: 0000000200000000000000000000002c
versiid: 00000003201711181458
next_va: 20
val_cha: 1000
nod_cha: 000000000000
startid: 000000000031
next_id: 00000000002c
versiid: 
next_va: 1.39804e-76
val_cha: 0000000000000000000000
nod_cha: 02000000000000000000000032
startid: 0200000000000000000000002c
next_id: 03201711181458
versiid: ULL
next_va: 1.39804e-76
val_cha: 00
nod_cha: 000001
startid: 00002f
next_id: 
versiid: 0000000000000000
next_va: 1.39804e-76
val_cha: 0000000000000002
nod_cha: 0000000000000000002f
startid: 11181458
next_id: 000000000000000000000000000000
versiid: 000000000000000000000000000003
next_va: 1.38179e-76
val_cha: 00000200000000000000000000002f
nod_cha: 
startid: 4@1000
next_id: 0000000000
versiid: 0000000004
next_va: 1.39804e-76
val_cha: 000000002f
nod_cha: 58
startid: 000000000000000000000000
next_id: 000000000000000000000005
versiid: 00000000000000000000002f
next_va: 3.93514e-62
val_cha: 201711181458
nod_cha: 
startid: 0000
next_id: 0006
versiid: 002f
next_va: 0
val_cha: 
nod_cha: 000000000000000000
startid: 000000000000000007
next_id: 00000000000000002f
versiid: 181458
next_va: 1.39804e-76
val_cha: 0000000000000000000000000000
nod_cha: 00000002000000000000000000000008
startid: 0000000200000000000000000000002f
next_id: 00000003201711181458
versiid: 1000
next_va: 1.39804e-76
val_cha: 00000000
nod_cha: 000000000009
startid: 00000000002f
next_id: 
versiid: 0000000000000000000000
next_va: 1.39838e-76
val_cha: 000000000000000000000a
nod_cha: 0200000000000000000000002f
startid: 03201711181458
next_id: ULL
versiid: 00
next_va: 1.39804e-76
val_cha: 0b
nod_cha: 00002f
startid: 
next_id: 0000000000000000
versiid: 000000000000000c
next_va: 1.39804e-76
val_cha: 000000000000002f
nod_cha: 11181458
startid: 000000000000000000000000000000
next_id: 00000100000000000000000000000d
versiid: 00000200000000000000000000002f
next_va: 1.38179e-76
val_cha: 000003201711181458
nod_cha: 4@1000
startid: 0000000000
next_id: 000000000e
versiid: 000000002f
next_va: 3.05338e-310
val_cha: 
nod_cha: 000000000000000000000000
startid: 00000000000000000000000f
next_id: 00000000000000000000002f
versiid: 201711181458
next_va: 5.34927e+59
val_cha: L
nod_cha: 0000
startid: 0010
next_id: 002f
versiid: 
next_va: 1.39804e-76
val_cha: 00000000000000
nod_cha: 000000000000000011
startid: 00000000000000002f
next_id: 181458
versiid: 0000000000000000000000000000
next_va: 1.39804e-76
val_cha: 0000000000000000000000000012
nod_cha: 0000000200000000000000000000002f
startid: 00000003201711181458
next_id: 1000
versiid: 00000000
next_va: 1.39804e-76
val_cha: 00000013
nod_cha: 00000000002f
startid: 
next_id: 0000000000000000000000
versiid: 0000000000000000000014
next_va: 1.39872e-76
val_cha: 000000000000000000002f
nod_cha: 03201711181458
startid: ULL
next_id: 00
versiid: 15
next_va: 1.39804e-76
val_cha: 2f
nod_cha: 
startid: 0000000000000000
next_id: 0000000000000016
versiid: 000000000000002f
next_va: 5.05232e-38
val_cha: 1458
nod_cha: 000000000000000000000000000000
startid: 000002000000000000000000000017
next_id: 00000200000000000000000000002f
versiid: 000003201711181458
next_va: 1.48981e-76
val_cha: 00
nod_cha: 0000000000
startid: 0000000018
next_id: 000000002f
versiid: 
next_va: 1.39804e-76
val_cha: 00000000000000000000
nod_cha: 000000000000000000000019
startid: 00000000000000000000002f
next_id: 201711181458
versiid: L
next_va: 1.39804e-76
val_cha: 
nod_cha: 001a
startid: 002f
next_id: 
versiid: 00000000000000
next_va: 1.39804e-76
val_cha: 0000000000001b
nod_cha: 00000000000000002f
startid: 181458
next_id: 0000000000000000000000000000
versiid: 000100000000000000000000001c
next_va: 1.39804e-76
val_cha: 000200000000000000000000002f
nod_cha: 00000003201711181458
startid: 1000
next_id: 00000000
versiid: 0000001d
next_va: 1.39804e-76
val_cha: 0000002f
nod_cha: 
startid: 0000000000000000000000
next_id: 000000000000000000001e
versiid: 000000000000000000002f
next_va: 1.57178e-76
val_cha: 1711181458
nod_cha: ULL
startid: 00
next_id: 1f
versiid: 2f
next_va: 0
val_cha: 
nod_cha: 0000000000000000
startid: 0000000000000020
next_id: 000000000000002f
versiid: 1458
next_va: 1.39804e-76
val_cha: 00000000000000000000000000
nod_cha: 000000000000000000000000000021
startid: 00000200000000000000000000002f
next_id: 000003201711181458
versiid: 00
next_va: 1.39804e-76
val_cha: 000000
nod_cha: 0000000022
startid: 000000002f
next_id: 
versiid: 00000000000000000000
next_va: 1.39804e-76
val_cha: 00000000000000000023
nod_cha: 00000000000000000000002f
startid: 201711181458
next_id: L
versiid: 
next_va: 2.89755e-57
val_cha: 
nod_cha: 002f
startid: 
next_id: 00000000000000
versiid: 00000000000025
next_va: 1.39804e-76
val_cha: 0000000000002f
nod_cha: 181458
startid: 0000000000000000000000000000
next_id: 0002000000000000000000000026
versiid: 000200000000000000000000002f
next_va: 1.39804e-76
val_cha: 0003201711181458
nod_cha: 1000
startid: 00000000
next_id: 00000027
versiid: 0000002f
next_va: 4.65909e-315
val_cha: 
nod_cha: 0000000000000000000000
startid: 0000000000000000000028
next_id: 000000000000000000002f
versiid: 1711181458
next_va: 3.14828e-307
val_cha: 00000000000000000000000000000000
nod_cha: 00
startid: 29
next_id: 2f
versiid: 
next_va: 1.39804e-76
val_cha: 000000000000
nod_cha: 000000000000002a
startid: 000000000000002f
next_id: 1458
versiid: 00000000000000000000000000
next_va: 1.39804e-76
val_cha: 0100000000000000000000002b
nod_cha: 00000200000000000000000000002f
startid: 000003201711181458
next_id: 00
versiid: 000000
next_va: 1.39804e-76
val_cha: 00002c
nod_cha: 000000002f
startid: 
next_id: 00000000000000000000
versiid: 0000000000000000002d
next_va: 1.39804e-76
val_cha: 0000000000000000002f
nod_cha: 201711181458
startid: L
next_id: 
versiid: 
next_va: 1.93209e+184
val_cha: 
nod_cha: 
startid: 00000000000000
next_id: 0000000000002f
versiid: 0000000000002f
next_va: 2.74322e-57
val_cha: 58
nod_cha: 0000000000000000000000000000
startid: 0000000000000000000000000030
next_id: 000200000000000000000000002f
versiid: 0003201711181458
next_va: 1.39804e-76
val_cha: 
nod_cha: 00000000
startid: 00000031
next_id: 0000002f
versiid: 
next_va: 1.39804e-76
val_cha: 000000000000000000
nod_cha: 0000000000000000000032
startid: 000000000000000000002f
next_id: 1711181458
versiid: 00000000000000000000000000000000
next_va: 2.61773e-310
val_cha: 00000001000000000000000000000001
nod_cha: 01
startid: 32
next_id: 
versiid: 000000000000
next_va: 1.39804e-76
val_cha: 000000000002
nod_cha: 0000000000000032
startid: 1458
next_id: 00000000000000000000000000
versiid: 00000000000000000000000003
next_va: 1.39804e-76
val_cha: 02000000000000000000000032
nod_cha: 000003201711181458
startid: 00
next_id: 000000
versiid: 000004
next_va: 1.39804e-76
val_cha: 000032
nod_cha: 
startid: 00000000000000000000
next_id: 00000000000000000005
versiid: 00000000000000000032
next_va: 7.70749e-43
val_cha: 11181458
nod_cha: L
startid: 
next_id: 
versiid: 
next_va: 0
val_cha: 4@1000
nod_cha: 00000000000000
startid: 00000000000007
next_id: 00000000000032
versiid: 58
next_va: 1.39804e-76
val_cha: 000000000000000000000000
nod_cha: 0002000000000000000000000008
startid: 0002000000000000000000000032
next_id: 0003201711181458
versiid: 
next_va: 1.39804e-76
val_cha: 0000
nod_cha: 00000009
startid: 00000032
next_id: 
versiid: 000000000000000000
next_va: 1.39804e-76
val_cha: 00000000000000000a
nod_cha: 0000000000000000000032
startid: 1711181458
next_id: 00000000000000000000000000000000
versiid: 0000000200000000000000000000000b
next_va: 5.33389e-310
val_cha: 00000002000000000000000000000032
nod_cha: 32
startid: 
next_id: 000000000000
versiid: 00000000000c
next_va: 1.39804e-76
val_cha: 000000000032
nod_cha: 1458
startid: 00000000000000000000000000
next_id: 0100000000000000000000000d
versiid: 02000000000000000000000032
next_va: 1.39804e-76
val_cha: 03201711181458
nod_cha: 00
startid: 000000
next_id: 00000e
versiid: 000032
next_va: 7.10911e-320
val_cha: 
nod_cha: 00000000000000000000
startid: 0000000000000000000f
next_id: 00000000000000000032
versiid: 11181458
next_va: 1.38189e-76
val_cha: 000000000000000000000000000000
nod_cha: 
startid: 
next_id: 
versiid: 4@1000
next_va: 1.39804e-76
val_cha: 0000000000
nod_cha: 00000000000011
startid: 00000000000032
next_id: 58
versiid: 000000000000000000000000
next_va: 1.39804e-76
val_cha: 000000000000000000000012
nod_cha: 0002000000000000000000000032
startid: 0003201711181458
next_id: 
versiid: 0000
next_va: 1.39804e-76
val_cha: 0013
nod_cha: 00000032
startid: 
next_id: 000000000000000000
versiid: 000000000000000014
next_va: 1.39804e-76
val_cha: 000000000000000032
nod_cha: 1711181458
startid: 00000000000000000000000000000000
next_id: 00000000000000000000000000000015
versiid: 00000002000000000000000000000032
next_va: 2.72702e-310
val_cha: 00000003201711181458
nod_cha: 
startid: 000000000000
next_id: 000000000016
versiid: 000000000032
next_va: 6.23126e-38
val_cha: 
nod_cha: 00000000000000000000000000
startid: 02000000000000000000000017
next_id: 02000000000000000000000032
versiid: 03201711181458
next_va: 5.45542e+67
val_cha: ULL
nod_cha: 000000
startid: 000018
next_id: 000032
versiid: 
next_va: 1.39804e-76
val_cha: 0000000000000000
nod_cha: 00000000000000000019
startid: 00000000000000000032
next_id: 11181458
versiid: 000000000000000000000000000000
next_va: 1.38179e-76
val_cha: 00000200000000000000000000001a
nod_cha: 
startid: 
next_id: 4@1000
versiid: 0000000000
next_va: 1.39804e-76
val_cha: 000000001b
nod_cha: 00000000000032
startid: 58
next_id: 000000000000000000000000
versiid: 00000000000000000000001c
next_va: 6.00455e-67
val_cha: 000000000000000000000032
nod_cha: 0003201711181458
startid: 
next_id: 0000
versiid: 001d
next_va: 1.39804e-76
val_cha: 0032
nod_cha: 
startid: 000000000000000000
next_id: 00000000000000001e
versiid: 000000000000000032
next_va: 9.74368e-72
val_cha: 181458
nod_cha: 00000000000000000000000000000000
startid: 0000000100000000000000000000001f
next_id: 00000002000000000000000000000032
versiid: 00000003201711181458
next_va: 20
val_cha: 1000
nod_cha: 000000000000
startid: 000000000020
next_id: 000000000032
versiid: 
next_va: 1.39804e-76
val_cha: 0000000000000000000000
nod_cha: 00000000000000000000000021
startid: 02000000000000000000000032
next_id: 03201711181458
versiid: ULL
next_va: 1.39804e-76
val_cha: 00
nod_cha: 000022
startid: 000032
next_id: 
versiid: 0000000000000000
next_va: 1.39804e-76
val_cha: 0000000000000023
nod_cha: 00000000000000000032
startid: 11181458
next_id: 000000000000000000000000000000
versiid: 000000000000000000000000000024
next_va: 1.38179e-76
val_cha: 000002000000000000000000000032
nod_cha: 
startid: 4@1000
next_id: 0000000000
versiid: 0000000025
next_va: 1.39804e-76
val_cha: 0000000032
nod_cha: 58
startid: 000000000000000000000000
next_id: 000000000000000000000026
versiid: 000000000000000000000032
next_va: 3.93514e-62
val_cha: 201711181458
nod_cha: 
startid: 0000
next_id: 0027
versiid: 0032
next_va: 0
val_cha: 
nod_cha: 000000000000000000
startid: 000000000000000028
next_id: 000000000000000032
versiid: 181458
next_va: 1.39804e-76
val_cha: 0000000000000000000000000000
nod_cha: 00000002000000000000000000000029
startid: 00000002000000000000000000000032
next_id: 00000003201711181458
versiid: 1000
next_va: 1.39804e-76
val_cha: 00000000
nod_cha: 00000000002a
startid: 000000000032
next_id: 
versiid: 0000000000000000000000
next_va: 1.39838e-76
val_cha: 000000000000000000002b
nod_cha: 02000000000000000000000032
startid: 03201711181458
next_id: ULL
versiid: 00
next_va: 1.39804e-76
val_cha: 2c
nod_cha: 000032
startid: 
next_id: 0000000000000000
versiid: 000000000000002d
next_va: 1.39804e-76
val_cha: 0000000000000032
nod_cha: 11181458
startid: 000000000000000000000000000000
next_id: 00000100000000000000000000002e
versiid: 000002000000000000000000000032
next_va: 1.38179e-76
val_cha: 000003201711181458
nod_cha: 4@1000
startid: 0000000000
next_id: 000000002f
versiid: 0000000032
next_va: 3.05338e-310
val_cha: 
nod_cha: 000000000000000000000000
startid: 000000000000000000000030
next_id: 000000000000000000000032
versiid: 201711181458
next_va: 5.34927e+59
val_cha: L
nod_cha: 0000
startid: 0031
next_id: 0032
versiid: 
next_va: 1.39804e-76
val_cha: 00000000000000
nod_cha: 000000000000000032
startid: 000000000000000032
next_id: 181458
versiid: 0000000000000000000000000000
next_va: 1.39804e-76
val_cha: 0000000000000000000000000000
nod_cha: 0000000200000000000000000000001a
startid: 00000003201711181458
next_id: 1000
versiid: 00000003
next_va: 1.39804e-76
val_cha: 00000009
nod_cha: 00000000001a
startid: 
next_id: 0000000000000000000003
versiid: 0000000000000000000019
next_va: 1.39872e-76
val_cha: 000000000000000000001a
nod_cha: 03201711181458
startid: ULL
next_id: 03
versiid: 1a
next_va: 1.39804e-76
val_cha: 1a
nod_cha: 
startid: 0000000000000003
next_id: 0000000000000000
versiid: 000000000000001a
next_va: 5.05232e-38
val_cha: 1458
nod_cha: 000000000000000000000000000009
startid: 000000000000000000000000000003
next_id: 00000200000000000000000000001a
versiid: 000003201711181458
next_va: 1.48987e-76
val_cha: 00
nod_cha: 0000000009
startid: 0000000015
next_id: 000000001a
versiid: 
next_va: 1.39804e-76
val_cha: 00000000000000000009
nod_cha: 000000000000000000000019
startid: 00000000000000000000001a
next_id: 201711181458
versiid: L
next_va: 3.11774e-33
val_cha: 
nod_cha: 001a
startid: 001a
next_id: R\U’d@1000
versiid: 00000000000009
next_va: 1.39804e-76
val_cha: 0000000000001e
nod_cha: 00000000000000001a
startid: 181458
next_id: 0000000000000000000000000009
versiid: 0000000000000000000000000000
next_va: 1.39804e-76
val_cha: 000200000000000000000000001a
nod_cha: 00000003201711181458
startid: 1000
next_id: 00000015
versiid: 00000009
next_va: 1.39804e-76
val_cha: 0000001a
nod_cha: 
startid: 0000000000000000000015
next_id: 000000000000000000000d
versiid: 000000000000000000001a
next_va: 1.57178e-76
val_cha: 1711181458
nod_cha: ULL
startid: 15
next_id: 19
versiid: 1a
next_va: 0
val_cha: 
nod_cha: 0000000000000015
startid: 000000000000001a
next_id: 000000000000001a
versiid: 1458
next_va: 1.39804e-76
val_cha: 00000000000000000000000015
nod_cha: 00000100000000000000000000001f
startid: 00000200000000000000000000001a
next_id: 000003201711181458
versiid: 00
next_va: 1.39804e-76
val_cha: 000015
nod_cha: 0000000027
startid: 000000001a
next_id: 
versiid: 00000000000000000015
next_va: 1.39804e-76
val_cha: 00000000000000000028
nod_cha: 00000000000000000000001a
startid: 201711181458
next_id: L
versiid: 
next_va: 0
val_cha: 
nod_cha: 
end: 10.58.58.4
ip: 10.58.58.2
startid: 00000001000000000000000000000001
next_id: 00000000000000000000000000000003
versiid: 00000003201711181458
next_va: 20
val_cha: 1000
nod_cha: 00000000000000000000000000000000
startid: 00000002000000000000000000000002
next_id: 00000000000000000000000000000003
versiid: 00000003201711181458
next_va: 20
val_cha: 1000
nod_cha: 00000000000000000000000000000000
startid: 00000000000000000000000000000003
next_id: 00000000000000000000000000000003
versiid: 00000003201711181458
next_va: 20
val_cha: 1000
nod_cha: 00000000000000000000000000000000
startid: 00000001000000000000000000000004
next_id: 00000000000000000000000000000003
versiid: 00000003201711181458
next_va: 20
val_cha: 1000
nod_cha: 00000000000000000000000000000000
startid: 00000002000000000000000000000005
next_id: 00000000000000000000000000000003
versiid: 00000003201711181458
next_va: 20
val_cha: 1000
nod_cha: 00000000000000000000000000000000
startid: 00000000000000000000000000000006
next_id: 00000000000000000000000000000003
versiid: 00000003201711181458
next_va: 20
val_cha: 1000
nod_cha: 00000000000000000000000000000000
startid: 00000001000000000000000000000007
next_id: 00000000000000000000000000000003
versiid: 00000003201711181458
next_va: 20
val_cha: 1000
nod_cha: 00000000000000000000000000000000
startid: 00000002000000000000000000000008
next_id: 00000000000000000000000000000003
versiid: 00000003201711181458
next_va: 20
val_cha: 1000
nod_cha: 00000000000000000000000000000000
startid: 00000000000000000000000000000009
next_id: 00000000000000000000000000000003
versiid: 00000003201711181458
next_va: 20
val_cha: 1000
nod_cha: 00000000000000000000000000000000
startid: 0000000100000000000000000000000a
next_id: 00000000000000000000000000000003
versiid: 00000003201711181458
next_va: 20
val_cha: 1000
nod_cha: 00000000000000000000000000000000
startid: 0000000200000000000000000000000b
next_id: 00000000000000000000000000000003
versiid: 00000003201711181458
next_va: 20
val_cha: 1000
nod_cha: 00000000000000000000000000000000
startid: 0000000000000000000000000000000c
next_id: 00000000000000000000000000000003
versiid: 00000003201711181458
next_va: 20
val_cha: 1000
nod_cha: 00000000000000000000000000000000
startid: 0000000100000000000000000000000d
next_id: 00000000000000000000000000000003
versiid: 00000003201711181458
next_va: 20
val_cha: 1000
nod_cha: 00000000000000000000000000000000
startid: 0000000200000000000000000000000e
next_id: 00000000000000000000000000000003
versiid: 00000003201711181458
next_va: 20
val_cha: 1000
nod_cha: 00000000000000000000000000000000
startid: 0000000000000000000000000000000f
next_id: 00000000000000000000000000000003
versiid: 00000003201711181458
next_va: 20
val_cha: 1000
nod_cha: 00000000000000000000000000000000
startid: 00000001000000000000000000000010
next_id: 00000000000000000000000000000003
versiid: 00000003201711181458
next_va: 20
val_cha: 1000
nod_cha: 00000000000000000000000000000000
startid: 00000002000000000000000000000011
next_id: 00000000000000000000000000000003
versiid: 00000003201711181458
next_va: 20
val_cha: 1000
nod_cha: 00000000000000000000000000000000
startid: 00000000000000000000000000000012
next_id: 00000000000000000000000000000003
versiid: 00000003201711181458
next_va: 20
val_cha: 1000
nod_cha: 00000000000000000000000000000000
startid: 00000001000000000000000000000013
next_id: 00000000000000000000000000000003
versiid: 00000003201711181458
next_va: 20
val_cha: 1000
nod_cha: 00000000000000000000000000000000
startid: 00000002000000000000000000000014
next_id: 00000000000000000000000000000003
versiid: 00000003201711181458
next_va: 20
val_cha: 1000
nod_cha: 00000000000000000000000000000000
startid: 00000000000000000000000000000015
next_id: 00000000000000000000000000000003
versiid: 00000003201711181458
next_va: 20
val_cha: 1000
nod_cha: 00000000000000000000000000000000
startid: 00000001000000000000000000000016
next_id: 00000000000000000000000000000003
versiid: 00000003201711181458
next_va: 20
val_cha: 1000
nod_cha: 00000000000000000000000000000000
startid: 00000002000000000000000000000017
next_id: 00000000000000000000000000000003
versiid: 00000003201711181458
next_va: 20
val_cha: 1000
nod_cha: 00000000000000000000000000000000
startid: 00000000000000000000000000000018
next_id: 00000000000000000000000000000003
versiid: 00000003201711181458
next_va: 20
val_cha: 1000
nod_cha: 00000000000000000000000000000000
startid: 00000001000000000000000000000019
next_id: 00000000000000000000000000000003
versiid: 00000003201711181458
next_va: 20
val_cha: 1000
nod_cha: 00000000000000000000000000000000
startid: 0000000200000000000000000000001a
next_id: 00000000000000000000000000000003
versiid: 00000003201711181458
next_va: 20
val_cha: 1000
nod_cha: 00000000000000000000000000000000
startid: 0000000000000000000000000000001b
next_id: 00000000000000000000000000000003
versiid: 00000003201711181458
next_va: 20
val_cha: 1000
nod_cha: 00000000000000000000000000000000
startid: 0000000100000000000000000000001c
next_id: 00000000000000000000000000000003
versiid: 00000003201711181458
next_va: 20
val_cha: 1000
nod_cha: 00000000000000000000000000000000
startid: 0000000200000000000000000000001d
next_id: 00000000000000000000000000000003
versiid: 00000003201711181458
next_va: 20
val_cha: 1000
nod_cha: 00000000000000000000000000000000
startid: 0000000000000000000000000000001e
next_id: 00000000000000000000000000000003
versiid: 00000003201711181458
next_va: 20
val_cha: 1000
nod_cha: 00000000000000000000000000000000
startid: 0000000100000000000000000000001f
next_id: 00000000000000000000000000000003
versiid: 00000003201711181458
next_va: 20
val_cha: 1000
nod_cha: 00000000000000000000000000000000
startid: 00000002000000000000000000000020
next_id: 00000000000000000000000000000003
versiid: 00000003201711181458
next_va: 20
val_cha: 1000
nod_cha: 00000000000000000000000000000000
startid: 00000000000000000000000000000021
next_id: 00000000000000000000000000000003
versiid: 00000003201711181458
next_va: 20
val_cha: 1000
nod_cha: 00000000000000000000000000000000
startid: 00000001000000000000000000000022
next_id: 00000000000000000000000000000003
versiid: 00000003201711181458
next_va: 20
val_cha: 1000
nod_cha: 00000000000000000000000000000000
startid: 00000002000000000000000000000023
next_id: 00000000000000000000000000000003
versiid: 00000003201711181458
next_va: 20
val_cha: 1000
nod_cha: 00000000000000000000000000000000
startid: 00000000000000000000000000000024
next_id: 00000000000000000000000000000003
versiid: 00000003201711181458
next_va: 20
val_cha: 1000
nod_cha: 00000000000000000000000000000000
startid: 00000001000000000000000000000025
next_id: 00000000000000000000000000000003
versiid: 00000003201711181458
next_va: 20
val_cha: 1000
nod_cha: 00000000000000000000000000000000
startid: 00000002000000000000000000000026
next_id: 00000000000000000000000000000003
versiid: 00000003201711181458
next_va: 20
val_cha: 1000
nod_cha: 00000000000000000000000000000000
startid: 00000000000000000000000000000027
next_id: 00000000000000000000000000000003
versiid: 00000003201711181458
next_va: 20
val_cha: 1000
nod_cha: 00000000000000000000000000000000
startid: 00000001000000000000000000000028
next_id: 00000000000000000000000000000003
versiid: 00000003201711181458
next_va: 20
val_cha: 1000
nod_cha: 00000000000000000000000000000000
startid: 00000002000000000000000000000029
next_id: 00000000000000000000000000000003
versiid: 00000003201711181458
next_va: 20
val_cha: 1000
nod_cha: 00000000000000000000000000000000
startid: 0000000000000000000000000000002a
next_id: 00000000000000000000000000000003
versiid: 00000003201711181458
next_va: 20
val_cha: 1000
nod_cha: 00000000000000000000000000000000
startid: 0000000100000000000000000000002b
next_id: 00000000000000000000000000000003
versiid: 00000003201711181458
next_va: 20
val_cha: 1000
nod_cha: 00000000000000000000000000000000
startid: 0000000200000000000000000000002c
next_id: 00000000000000000000000000000003
versiid: 00000003201711181458
next_va: 20
val_cha: 1000
nod_cha: 00000000000000000000000000000000
startid: 0000000000000000000000000000002d
next_id: 00000000000000000000000000000003
versiid: 00000003201711181458
next_va: 20
val_cha: 1000
nod_cha: 00000000000000000000000000000000
startid: 0000000100000000000000000000002e
next_id: 00000000000000000000000000000003
versiid: 00000003201711181458
next_va: 20
val_cha: 1000
nod_cha: 00000000000000000000000000000000
startid: 0000000200000000000000000000002f
next_id: 00000000000000000000000000000003
versiid: 00000003201711181458
next_va: 20
val_cha: 1000
nod_cha: 00000000000000000000000000000000
startid: 00000000000000000000000000000030
next_id: 00000000000000000000000000000003
versiid: 00000003201711181458
next_va: 20
val_cha: 1000
nod_cha: 00000000000000000000000000000000
startid: 00000001000000000000000000000031
next_id: 00000000000000000000000000000003
versiid: 00000003201711181458
next_va: 20
val_cha: 1000
nod_cha: 00000000000000000000000000000000
startid: 00000002000000000000000000000032
next_id: 00000000000000000000000000000003
versiid: 00000003201711181458
next_va: 20
val_cha: 1000
nod_cha: 00000000000000000000000000000000
startid: 00000001000000000000000000000001
next_id: 00000000000000000000000000000006
versiid: 00000003201711181458
next_va: 20
val_cha: 1000
nod_cha: 00000000000000000000000000000000
startid: 00000002000000000000000000000002
next_id: 00000000000000000000000000000006
versiid: 00000003201711181458
next_va: 20
val_cha: 1000
nod_cha: 00000000000000000000000000000000
startid: 00000000000000000000000000000003
next_id: 00000000000000000000000000000006
versiid: 00000003201711181458
next_va: 20
val_cha: 1000
nod_cha: 00000000000000000000000000000000
startid: 00000001000000000000000000000004
next_id: 00000000000000000000000000000006
versiid: 00000003201711181458
next_va: 20
val_cha: 1000
nod_cha: 00000000000000000000000000000000
startid: 00000002000000000000000000000005
next_id: 00000000000000000000000000000006
versiid: 00000003201711181458
next_va: 20
val_cha: 1000
nod_cha: 00000000000000000000000000000000
startid: 00000000000000000000000000000006
next_id: 00000000000000000000000000000006
versiid: 00000003201711181458
next_va: 20
val_cha: 1000
nod_cha: 00000000000000000000000000000000
startid: 00000001000000000000000000000007
next_id: 00000000000000000000000000000006
versiid: 00000003201711181458
next_va: 20
val_cha: 1000
nod_cha: 00000000000000000000000000000000
startid: 00000002000000000000000000000008
next_id: 00000000000000000000000000000006
versiid: 00000003201711181458
next_va: 20
val_cha: 1000
nod_cha: 00000000000000000000000000000000
startid: 00000000000000000000000000000009
next_id: 00000000000000000000000000000006
versiid: 00000003201711181458
next_va: 20
val_cha: 1000
nod_cha: 00000000000000000000000000000000
startid: 0000000100000000000000000000000a
next_id: 00000000000000000000000000000006
versiid: 00000003201711181458
next_va: 20
val_cha: 1000
nod_cha: 00000000000000000000000000000000
startid: 0000000200000000000000000000000b
next_id: 00000000000000000000000000000006
versiid: 00000003201711181458
next_va: 20
val_cha: 1000
nod_cha: 00000000000000000000000000000000
startid: 0000000000000000000000000000000c
next_id: 00000000000000000000000000000006
versiid: 00000003201711181458
next_va: 20
val_cha: 1000
nod_cha: 00000000000000000000000000000000
startid: 0000000100000000000000000000000d
next_id: 00000000000000000000000000000006
versiid: 00000003201711181458
next_va: 20
val_cha: 1000
nod_cha: 00000000000000000000000000000000
startid: 0000000200000000000000000000000e
next_id: 00000000000000000000000000000006
versiid: 00000003201711181458
next_va: 20
val_cha: 1000
nod_cha: 00000000000000000000000000000000
startid: 0000000000000000000000000000000f
next_id: 00000000000000000000000000000006
versiid: 00000003201711181458
next_va: 20
val_cha: 1000
nod_cha: 00000000000000000000000000000000
startid: 00000001000000000000000000000010
next_id: 00000000000000000000000000000006
versiid: 00000003201711181458
next_va: 20
val_cha: 1000
nod_cha: 00000000000000000000000000000000
startid: 00000002000000000000000000000011
next_id: 00000000000000000000000000000006
versiid: 00000003201711181458
next_va: 20
val_cha: 1000
nod_cha: 00000000000000000000000000000000
startid: 00000000000000000000000000000012
next_id: 00000000000000000000000000000006
versiid: 00000003201711181458
next_va: 20
val_cha: 1000
nod_cha: 00000000000000000000000000000000
startid: 00000001000000000000000000000013
next_id: 00000000000000000000000000000006
versiid: 00000003201711181458
next_va: 20
val_cha: 1000
nod_cha: 00000000000000000000000000000000
startid: 00000002000000000000000000000014
next_id: 00000000000000000000000000000006
versiid: 00000003201711181458
next_va: 20
val_cha: 1000
nod_cha: 00000000000000000000000000000000
startid: 00000000000000000000000000000015
next_id: 00000000000000000000000000000006
versiid: 00000003201711181458
next_va: 20
val_cha: 1000
nod_cha: 00000000000000000000000000000000
startid: 00000001000000000000000000000016
next_id: 00000000000000000000000000000006
versiid: 00000003201711181458
next_va: 20
val_cha: 1000
nod_cha: 00000000000000000000000000000000
startid: 00000002000000000000000000000017
next_id: 00000000000000000000000000000006
versiid: 00000003201711181458
next_va: 20
val_cha: 1000
nod_cha: 00000000000000000000000000000000
startid: 00000000000000000000000000000018
next_id: 00000000000000000000000000000006
versiid: 00000003201711181458
next_va: 20
val_cha: 1000
nod_cha: 00000000000000000000000000000000
startid: 00000001000000000000000000000019
next_id: 00000000000000000000000000000006
versiid: 00000003201711181458
next_va: 20
val_cha: 1000
nod_cha: 00000000000000000000000000000000
startid: 0000000200000000000000000000001a
next_id: 00000000000000000000000000000006
versiid: 00000003201711181458
next_va: 20
val_cha: 1000
nod_cha: 00000000000000000000000000000000
startid: 0000000000000000000000000000001b
next_id: 00000000000000000000000000000006
versiid: 00000003201711181458
next_va: 20
val_cha: 1000
nod_cha: 00000000000000000000000000000000
startid: 0000000100000000000000000000001c
next_id: 00000000000000000000000000000006
versiid: 00000003201711181458
next_va: 20
val_cha: 1000
nod_cha: 00000000000000000000000000000000
startid: 0000000200000000000000000000001d
next_id: 00000000000000000000000000000006
versiid: 00000003201711181458
next_va: 20
val_cha: 1000
nod_cha: 00000000000000000000000000000000
startid: 0000000000000000000000000000001e
next_id: 00000000000000000000000000000006
versiid: 00000003201711181458
next_va: 20
val_cha: 1000
nod_cha: 00000000000000000000000000000000
startid: 0000000100000000000000000000001f
next_id: 00000000000000000000000000000006
versiid: 00000003201711181458
next_va: 20
val_cha: 1000
nod_cha: 00000000000000000000000000000000
startid: 00000002000000000000000000000020
next_id: 00000000000000000000000000000006
versiid: 00000003201711181458
next_va: 20
val_cha: 1000
nod_cha: 00000000000000000000000000000000
startid: 00000000000000000000000000000021
next_id: 00000000000000000000000000000006
versiid: 00000003201711181458
next_va: 20
val_cha: 1000
nod_cha: 00000000000000000000000000000000
startid: 00000001000000000000000000000022
next_id: 00000000000000000000000000000006
versiid: 00000003201711181458
next_va: 20
val_cha: 1000
nod_cha: 00000000000000000000000000000000
startid: 00000002000000000000000000000023
next_id: 00000000000000000000000000000006
versiid: 00000003201711181458
next_va: 20
val_cha: 1000
nod_cha: 00000000000000000000000000000000
startid: 00000000000000000000000000000024
next_id: 00000000000000000000000000000006
versiid: 00000003201711181458
next_va: 20
val_cha: 1000
nod_cha: 00000000000000000000000000000000
startid: 00000001000000000000000000000025
next_id: 00000000000000000000000000000006
versiid: 00000003201711181458
next_va: 20
val_cha: 1000
nod_cha: 00000000000000000000000000000000
startid: 00000002000000000000000000000026
next_id: 00000000000000000000000000000006
versiid: 00000003201711181458
next_va: 20
val_cha: 1000
nod_cha: 00000000000000000000000000000000
startid: 00000000000000000000000000000027
next_id: 00000000000000000000000000000006
versiid: 00000003201711181458
next_va: 20
val_cha: 1000
nod_cha: 00000000000000000000000000000000
startid: 00000001000000000000000000000028
next_id: 00000000000000000000000000000006
versiid: 00000003201711181458
next_va: 20
val_cha: 1000
nod_cha: 00000000000000000000000000000000
startid: 00000002000000000000000000000029
next_id: 00000000000000000000000000000006
versiid: 00000003201711181458
next_va: 20
val_cha: 1000
nod_cha: 00000000000000000000000000000000
startid: 0000000000000000000000000000002a
next_id: 00000000000000000000000000000006
versiid: 00000003201711181458
next_va: 20
val_cha: 1000
nod_cha: 00000000000000000000000000000000
startid: 0000000100000000000000000000002b
next_id: 00000000000000000000000000000006
versiid: 00000003201711181458
next_va: 20
val_cha: 1000
nod_cha: 00000000000000000000000000000000
startid: 0000000200000000000000000000002c
next_id: 00000000000000000000000000000006
versiid: 00000003201711181458
next_va: 20
val_cha: 1000
nod_cha: 00000000000000000000000000000000
startid: 0000000000000000000000000000002d
next_id: 00000000000000000000000000000006
versiid: 00000003201711181458
next_va: 20
val_cha: 1000
nod_cha: 00000000000000000000000000000000
startid: 0000000100000000000000000000002e
next_id: 00000000000000000000000000000006
versiid: 00000003201711181458
next_va: 20
val_cha: 1000
nod_cha: 00000000000000000000000000000000
startid: 0000000200000000000000000000002f
next_id: 00000000000000000000000000000006
versiid: 00000003201711181458
next_va: 20
val_cha: 1000
nod_cha: 00000000000000000000000000000000
startid: 00000000000000000000000000000030
next_id: 00000000000000000000000000000006
versiid: 00000003201711181458
next_va: 20
val_cha: 1000
nod_cha: 00000000000000000000000000000000
startid: 00000001000000000000000000000031
next_id: 00000000000000000000000000000006
versiid: 00000003201711181458
next_va: 20
val_cha: 1000
nod_cha: 00000000000000000000000000000000
startid: 00000002000000000000000000000032
next_id: 00000000000000000000000000000006
versiid: 00000003201711181458
next_va: 20
val_cha: 1000
nod_cha: 00000000000000000000000000000000
startid: 00000001000000000000000000000001
next_id: 00000000000000000000000000000009
versiid: 00000003201711181458
next_va: 20
val_cha: 1000
nod_cha: 00000000000000000000000000000000
startid: 00000002000000000000000000000002
next_id: 00000000000000000000000000000009
versiid: 00000003201711181458
next_va: 20
val_cha: 1000
nod_cha: 00000000000000000000000000000000
startid: 00000000000000000000000000000003
next_id: 00000000000000000000000000000009
versiid: 00000003201711181458
next_va: 20
val_cha: 1000
nod_cha: 00000000000000000000000000000000
startid: 00000001000000000000000000000004
next_id: 00000000000000000000000000000009
versiid: 00000003201711181458
next_va: 20
val_cha: 1000
nod_cha: 00000000000000000000000000000000
startid: 00000002000000000000000000000005
next_id: 00000000000000000000000000000009
versiid: 00000003201711181458
next_va: 20
val_cha: 1000
nod_cha: 00000000000000000000000000000000
startid: 00000000000000000000000000000006
next_id: 00000000000000000000000000000009
versiid: 00000003201711181458
next_va: 20
val_cha: 1000
nod_cha: 00000000000000000000000000000000
startid: 00000001000000000000000000000007
next_id: 00000000000000000000000000000009
versiid: 00000003201711181458
next_va: 20
val_cha: 1000
nod_cha: 00000000000000000000000000000000
startid: 00000002000000000000000000000008
next_id: 00000000000000000000000000000009
versiid: 00000003201711181458
next_va: 20
val_cha: 1000
nod_cha: 00000000000000000000000000000000
startid: 00000000000000000000000000000009
next_id: 00000000000000000000000000000009
versiid: 00000003201711181458
next_va: 20
val_cha: 1000
nod_cha: 00000000000000000000000000000000
startid: 0000000100000000000000000000000a
next_id: 00000000000000000000000000000009
versiid: 00000003201711181458
next_va: 20
val_cha: 1000
nod_cha: 00000000000000000000000000000000
startid: 0000000200000000000000000000000b
next_id: 00000000000000000000000000000009
versiid: 00000003201711181458
next_va: 20
val_cha: 1000
nod_cha: 00000000000000000000000000000000
startid: 0000000000000000000000000000000c
next_id: 00000000000000000000000000000009
versiid: 00000003201711181458
next_va: 20
val_cha: 1000
nod_cha: 00000000000000000000000000000000
startid: 0000000100000000000000000000000d
next_id: 00000000000000000000000000000009
versiid: 00000003201711181458
next_va: 20
val_cha: 1000
nod_cha: 00000000000000000000000000000000
startid: 0000000200000000000000000000000e
next_id: 00000000000000000000000000000009
versiid: 00000003201711181458
next_va: 20
val_cha: 1000
nod_cha: 00000000000000000000000000000000
startid: 0000000000000000000000000000000f
next_id: 00000000000000000000000000000009
versiid: 00000003201711181458
next_va: 20
val_cha: 1000
nod_cha: 00000000000000000000000000000000
startid: 00000001000000000000000000000010
next_id: 00000000000000000000000000000009
versiid: 00000003201711181458
next_va: 20
val_cha: 1000
nod_cha: 00000000000000000000000000000000
startid: 00000002000000000000000000000011
next_id: 00000000000000000000000000000009
versiid: 00000003201711181458
next_va: 20
val_cha: 1000
nod_cha: 00000000000000000000000000000000
startid: 00000000000000000000000000000012
next_id: 00000000000000000000000000000009
versiid: 00000003201711181458
next_va: 20
val_cha: 1000
nod_cha: 00000000000000000000000000000000
startid: 00000001000000000000000000000013
next_id: 00000000000000000000000000000009
versiid: 00000003201711181458
next_va: 20
val_cha: 1000
nod_cha: 00000000000000000000000000000000
startid: 00000002000000000000000000000014
next_id: 00000000000000000000000000000009
versiid: 00000003201711181458
next_va: 20
val_cha: 1000
nod_cha: 00000000000000000000000000000000
startid: 00000000000000000000000000000015
next_id: 00000000000000000000000000000009
versiid: 00000003201711181458
next_va: 20
val_cha: 1000
nod_cha: 00000000000000000000000000000000
startid: 00000001000000000000000000000016
next_id: 00000000000000000000000000000009
versiid: 00000003201711181458
next_va: 20
val_cha: 1000
nod_cha: 00000000000000000000000000000000
startid: 00000002000000000000000000000017
next_id: 00000000000000000000000000000009
versiid: 00000003201711181458
next_va: 20
val_cha: 1000
nod_cha: 00000000000000000000000000000000
startid: 00000000000000000000000000000018
next_id: 00000000000000000000000000000009
versiid: 00000003201711181458
next_va: 20
val_cha: 1000
nod_cha: 00000000000000000000000000000000
startid: 00000001000000000000000000000019
next_id: 00000000000000000000000000000009
versiid: 00000003201711181458
next_va: 20
val_cha: 1000
nod_cha: 00000000000000000000000000000000
startid: 0000000200000000000000000000001a
next_id: 00000000000000000000000000000009
versiid: 00000003201711181458
next_va: 20
val_cha: 1000
nod_cha: 00000000000000000000000000000000
startid: 0000000000000000000000000000001b
next_id: 00000000000000000000000000000009
versiid: 00000003201711181458
next_va: 20
val_cha: 1000
nod_cha: 00000000000000000000000000000000
startid: 0000000100000000000000000000001c
next_id: 00000000000000000000000000000009
versiid: 00000003201711181458
next_va: 20
val_cha: 1000
nod_cha: 00000000000000000000000000000000
startid: 0000000200000000000000000000001d
next_id: 00000000000000000000000000000009
versiid: 00000003201711181458
next_va: 20
val_cha: 1000
nod_cha: 00000000000000000000000000000000
startid: 0000000000000000000000000000001e
next_id: 00000000000000000000000000000009
versiid: 00000003201711181458
next_va: 20
val_cha: 1000
nod_cha: 00000000000000000000000000000000
startid: 0000000100000000000000000000001f
next_id: 00000000000000000000000000000009
versiid: 00000003201711181458
next_va: 20
val_cha: 1000
nod_cha: 00000000000000000000000000000000
startid: 00000002000000000000000000000020
next_id: 00000000000000000000000000000009
versiid: 00000003201711181458
next_va: 20
val_cha: 1000
nod_cha: 00000000000000000000000000000000
startid: 00000000000000000000000000000021
next_id: 00000000000000000000000000000009
versiid: 00000003201711181458
next_va: 20
val_cha: 1000
nod_cha: 00000000000000000000000000000000
startid: 00000001000000000000000000000022
next_id: 00000000000000000000000000000009
versiid: 00000003201711181458
next_va: 20
val_cha: 1000
nod_cha: 00000000000000000000000000000000
startid: 00000002000000000000000000000023
next_id: 00000000000000000000000000000009
versiid: 00000003201711181458
next_va: 20
val_cha: 1000
nod_cha: 00000000000000000000000000000000
startid: 00000000000000000000000000000024
next_id: 00000000000000000000000000000009
versiid: 00000003201711181458
next_va: 20
val_cha: 1000
nod_cha: 00000000000000000000000000000000
startid: 00000001000000000000000000000025
next_id: 00000000000000000000000000000009
versiid: 00000003201711181458
next_va: 20
val_cha: 1000
nod_cha: 00000000000000000000000000000000
startid: 00000002000000000000000000000026
next_id: 00000000000000000000000000000009
versiid: 00000003201711181458
next_va: 20
val_cha: 1000
nod_cha: 00000000000000000000000000000000
startid: 00000000000000000000000000000027
next_id: 00000000000000000000000000000009
versiid: 00000003201711181458
next_va: 20
val_cha: 1000
nod_cha: 00000000000000000000000000000000
startid: 00000001000000000000000000000028
next_id: 00000000000000000000000000000009
versiid: 00000003201711181458
next_va: 20
val_cha: 1000
nod_cha: 00000000000000000000000000000000
startid: 00000002000000000000000000000029
next_id: 00000000000000000000000000000009
versiid: 00000003201711181458
next_va: 20
val_cha: 1000
nod_cha: 00000000000000000000000000000000
startid: 0000000000000000000000000000002a
next_id: 00000000000000000000000000000009
versiid: 00000003201711181458
next_va: 20
val_cha: 1000
nod_cha: 00000000000000000000000000000000
startid: 0000000100000000000000000000002b
next_id: 00000000000000000000000000000009
versiid: 00000003201711181458
next_va: 20
val_cha: 1000
nod_cha: 00000000000000000000000000000000
startid: 0000000200000000000000000000002c
next_id: 00000000000000000000000000000009
versiid: 00000003201711181458
next_va: 20
val_cha: 1000
nod_cha: 00000000000000000000000000000000
startid: 0000000000000000000000000000002d
next_id: 00000000000000000000000000000009
versiid: 00000003201711181458
next_va: 20
val_cha: 1000
nod_cha: 00000000000000000000000000000000
startid: 0000000100000000000000000000002e
next_id: 00000000000000000000000000000009
versiid: 00000003201711181458
next_va: 20
val_cha: 1000
nod_cha: 00000000000000000000000000000000
startid: 0000000200000000000000000000002f
next_id: 00000000000000000000000000000009
versiid: 00000003201711181458
next_va: 20
val_cha: 1000
nod_cha: 00000000000000000000000000000000
startid: 00000000000000000000000000000030
next_id: 00000000000000000000000000000009
versiid: 00000003201711181458
next_va: 20
val_cha: 1000
nod_cha: 00000000000000000000000000000000
startid: 00000001000000000000000000000031
next_id: 00000000000000000000000000000009
versiid: 00000003201711181458
next_va: 20
val_cha: 1000
nod_cha: 00000000000000000000000000000000
startid: 00000002000000000000000000000032
next_id: 00000000000000000000000000000009
versiid: 00000003201711181458
next_va: 20
val_cha: 1000
nod_cha: 00000000000000000000000000000000
startid: 00000001000000000000000000000001
next_id: 0000000000000000000000000000000c
versiid: 00000003201711181458
next_va: 20
val_cha: 1000
nod_cha: 00000000000000000000000000000000
startid: 00000002000000000000000000000002
next_id: 0000000000000000000000000000000c
versiid: 00000003201711181458
next_va: 20
val_cha: 1000
nod_cha: 00000000000000000000000000000000
startid: 00000000000000000000000000000003
next_id: 0000000000000000000000000000000c
versiid: 00000003201711181458
next_va: 20
val_cha: 1000
nod_cha: 00000000000000000000000000000000
startid: 00000001000000000000000000000004
next_id: 0000000000000000000000000000000c
versiid: 00000003201711181458
next_va: 20
val_cha: 1000
nod_cha: 00000000000000000000000000000000
startid: 00000002000000000000000000000005
next_id: 0000000000000000000000000000000c
versiid: 00000003201711181458
next_va: 20
val_cha: 1000
nod_cha: 00000000000000000000000000000000
startid: 00000000000000000000000000000006
next_id: 0000000000000000000000000000000c
versiid: 00000003201711181458
next_va: 20
val_cha: 1000
nod_cha: 00000000000000000000000000000000
startid: 00000001000000000000000000000007
next_id: 0000000000000000000000000000000c
versiid: 00000003201711181458
next_va: 20
val_cha: 1000
nod_cha: 00000000000000000000000000000000
startid: 00000002000000000000000000000008
next_id: 0000000000000000000000000000000c
versiid: 00000003201711181458
next_va: 20
val_cha: 1000
nod_cha: 00000000000000000000000000000000
startid: 00000000000000000000000000000009
next_id: 0000000000000000000000000000000c
versiid: 00000003201711181458
next_va: 20
val_cha: 1000
nod_cha: 00000000000000000000000000000000
startid: 0000000100000000000000000000000a
next_id: 0000000000000000000000000000000c
versiid: 00000003201711181458
next_va: 20
val_cha: 1000
nod_cha: 00000000000000000000000000000000
startid: 0000000200000000000000000000000b
next_id: 0000000000000000000000000000000c
versiid: 00000003201711181458
next_va: 20
val_cha: 1000
nod_cha: 00000000000000000000000000000000
startid: 0000000000000000000000000000000c
next_id: 0000000000000000000000000000000c
versiid: 00000003201711181458
next_va: 20
val_cha: 1000
nod_cha: 00000000000000000000000000000000
startid: 0000000100000000000000000000000d
next_id: 0000000000000000000000000000000c
versiid: 00000003201711181458
next_va: 20
val_cha: 1000
nod_cha: 00000000000000000000000000000000
startid: 0000000200000000000000000000000e
next_id: 0000000000000000000000000000000c
versiid: 00000003201711181458
next_va: 20
val_cha: 1000
nod_cha: 00000000000000000000000000000000
startid: 0000000000000000000000000000000f
next_id: 0000000000000000000000000000000c
versiid: 00000003201711181458
next_va: 20
val_cha: 1000
nod_cha: 00000000000000000000000000000000
startid: 00000001000000000000000000000010
next_id: 0000000000000000000000000000000c
versiid: 00000003201711181458
next_va: 20
val_cha: 1000
nod_cha: 00000000000000000000000000000000
startid: 00000002000000000000000000000011
next_id: 0000000000000000000000000000000c
versiid: 00000003201711181458
next_va: 20
val_cha: 1000
nod_cha: 00000000000000000000000000000000
startid: 00000000000000000000000000000012
next_id: 0000000000000000000000000000000c
versiid: 00000003201711181458
next_va: 20
val_cha: 1000
nod_cha: 00000000000000000000000000000000
startid: 00000001000000000000000000000013
next_id: 0000000000000000000000000000000c
versiid: 00000003201711181458
next_va: 20
val_cha: 1000
nod_cha: 00000000000000000000000000000000
startid: 00000002000000000000000000000014
next_id: 0000000000000000000000000000000c
versiid: 00000003201711181458
next_va: 20
val_cha: 1000
nod_cha: 00000000000000000000000000000000
startid: 00000000000000000000000000000015
next_id: 0000000000000000000000000000000c
versiid: 00000003201711181458
next_va: 20
val_cha: 1000
nod_cha: 00000000000000000000000000000000
startid: 00000001000000000000000000000016
next_id: 0000000000000000000000000000000c
versiid: 00000003201711181458
next_va: 20
val_cha: 1000
nod_cha: 00000000000000000000000000000000
startid: 00000002000000000000000000000017
next_id: 0000000000000000000000000000000c
versiid: 00000003201711181458
next_va: 20
val_cha: 1000
nod_cha: 00000000000000000000000000000000
startid: 00000000000000000000000000000018
next_id: 0000000000000000000000000000000c
versiid: 00000003201711181458
next_va: 20
val_cha: 1000
nod_cha: 00000000000000000000000000000000
startid: 00000001000000000000000000000019
next_id: 0000000000000000000000000000000c
versiid: 00000003201711181458
next_va: 20
val_cha: 1000
nod_cha: 00000000000000000000000000000000
startid: 0000000200000000000000000000001a
next_id: 0000000000000000000000000000000c
versiid: 00000003201711181458
next_va: 20
val_cha: 1000
nod_cha: 00000000000000000000000000000000
startid: 0000000000000000000000000000001b
next_id: 0000000000000000000000000000000c
versiid: 00000003201711181458
next_va: 20
val_cha: 1000
nod_cha: 00000000000000000000000000000000
startid: 0000000100000000000000000000001c
next_id: 0000000000000000000000000000000c
versiid: 00000003201711181458
next_va: 20
val_cha: 1000
nod_cha: 00000000000000000000000000000000
startid: 0000000200000000000000000000001d
next_id: 0000000000000000000000000000000c
versiid: 00000003201711181458
next_va: 20
val_cha: 1000
nod_cha: 00000000000000000000000000000000
startid: 0000000000000000000000000000001e
next_id: 0000000000000000000000000000000c
versiid: 00000003201711181458
next_va: 20
val_cha: 1000
nod_cha: 00000000000000000000000000000000
startid: 0000000100000000000000000000001f
next_id: 0000000000000000000000000000000c
versiid: 00000003201711181458
next_va: 20
val_cha: 1000
nod_cha: 00000000000000000000000000000000
startid: 00000002000000000000000000000020
next_id: 0000000000000000000000000000000c
versiid: 00000003201711181458
next_va: 20
val_cha: 1000
nod_cha: 00000000000000000000000000000000
startid: 00000000000000000000000000000021
next_id: 0000000000000000000000000000000c
versiid: 00000003201711181458
next_va: 20
val_cha: 1000
nod_cha: 00000000000000000000000000000000
startid: 00000001000000000000000000000022
next_id: 0000000000000000000000000000000c
versiid: 00000003201711181458
next_va: 20
val_cha: 1000
nod_cha: 00000000000000000000000000000000
startid: 00000002000000000000000000000023
next_id: 0000000000000000000000000000000c
versiid: 00000003201711181458
next_va: 20
val_cha: 1000
nod_cha: 00000000000000000000000000000000
startid: 00000000000000000000000000000024
next_id: 0000000000000000000000000000000c
versiid: 00000003201711181458
next_va: 20
val_cha: 1000
nod_cha: 00000000000000000000000000000000
startid: 00000001000000000000000000000025
next_id: 0000000000000000000000000000000c
versiid: 00000003201711181458
next_va: 20
val_cha: 1000
nod_cha: 00000000000000000000000000000000
startid: 00000002000000000000000000000026
next_id: 0000000000000000000000000000000c
versiid: 00000003201711181458
next_va: 20
val_cha: 1000
nod_cha: 00000000000000000000000000000000
startid: 00000000000000000000000000000027
next_id: 0000000000000000000000000000000c
versiid: 00000003201711181458
next_va: 20
val_cha: 1000
nod_cha: 00000000000000000000000000000000
startid: 00000001000000000000000000000028
next_id: 0000000000000000000000000000000c
versiid: 00000003201711181458
next_va: 20
val_cha: 1000
nod_cha: 00000000000000000000000000000000
startid: 00000002000000000000000000000029
next_id: 0000000000000000000000000000000c
versiid: 00000003201711181458
next_va: 20
val_cha: 1000
nod_cha: 00000000000000000000000000000000
startid: 0000000000000000000000000000002a
next_id: 0000000000000000000000000000000c
versiid: 00000003201711181458
next_va: 20
val_cha: 1000
nod_cha: 00000000000000000000000000000000
startid: 0000000100000000000000000000002b
next_id: 0000000000000000000000000000000c
versiid: 00000003201711181458
next_va: 20
val_cha: 1000
nod_cha: 00000000000000000000000000000000
startid: 0000000200000000000000000000002c
next_id: 0000000000000000000000000000000c
versiid: 00000003201711181458
next_va: 20
val_cha: 1000
nod_cha: 00000000000000000000000000000000
startid: 0000000000000000000000000000002d
next_id: 0000000000000000000000000000000c
versiid: 00000003201711181458
next_va: 20
val_cha: 1000
nod_cha: 00000000000000000000000000000000
startid: 0000000100000000000000000000002e
next_id: 0000000000000000000000000000000c
versiid: 00000003201711181458
next_va: 20
val_cha: 1000
nod_cha: 00000000000000000000000000000000
startid: 0000000200000000000000000000002f
next_id: 0000000000000000000000000000000c
versiid: 00000003201711181458
next_va: 20
val_cha: 1000
nod_cha: 00000000000000000000000000000000
startid: 00000000000000000000000000000030
next_id: 0000000000000000000000000000000c
versiid: 00000003201711181458
next_va: 20
val_cha: 1000
nod_cha: 00000000000000000000000000000000
startid: 00000001000000000000000000000031
next_id: 0000000000000000000000000000000c
versiid: 00000003201711181458
next_va: 20
val_cha: 1000
nod_cha: 00000000000000000000000000000000
startid: 00000002000000000000000000000032
next_id: 0000000000000000000000000000000c
versiid: 00000003201711181458
next_va: 20
val_cha: 1000
nod_cha: 00000000000000000000000000000000
startid: 00000001000000000000000000000001
next_id: 0000000000000000000000000000000f
versiid: 00000003201711181458
next_va: 20
val_cha: 1000
nod_cha: 00000000000000000000000000000000
startid: 00000002000000000000000000000002
next_id: 0000000000000000000000000000000f
versiid: 00000003201711181458
next_va: 20
val_cha: 1000
nod_cha: 00000000000000000000000000000000
startid: 00000000000000000000000000000003
next_id: 0000000000000000000000000000000f
versiid: 00000003201711181458
next_va: 20
val_cha: 1000
nod_cha: 00000000000000000000000000000000
startid: 00000001000000000000000000000004
next_id: 0000000000000000000000000000000f
versiid: 00000003201711181458
next_va: 20
val_cha: 1000
nod_cha: 00000000000000000000000000000000
startid: 00000002000000000000000000000005
next_id: 0000000000000000000000000000000f
versiid: 00000003201711181458
next_va: 20
val_cha: 1000
nod_cha: 00000000000000000000000000000000
startid: 00000000000000000000000000000006
next_id: 0000000000000000000000000000000f
versiid: 00000003201711181458
next_va: 20
val_cha: 1000
nod_cha: 00000000000000000000000000000000
startid: 00000001000000000000000000000007
next_id: 0000000000000000000000000000000f
versiid: 00000003201711181458
next_va: 20
val_cha: 1000
nod_cha: 00000000000000000000000000000000
startid: 00000002000000000000000000000008
next_id: 0000000000000000000000000000000f
versiid: 00000003201711181458
next_va: 20
val_cha: 1000
nod_cha: 00000000000000000000000000000000
startid: 00000000000000000000000000000009
next_id: 0000000000000000000000000000000f
versiid: 00000003201711181458
next_va: 20
val_cha: 1000
nod_cha: 00000000000000000000000000000000
startid: 0000000100000000000000000000000a
next_id: 0000000000000000000000000000000f
versiid: 00000003201711181458
next_va: 20
val_cha: 1000
nod_cha: 00000000000000000000000000000000
startid: 0000000200000000000000000000000b
next_id: 0000000000000000000000000000000f
versiid: 00000003201711181458
next_va: 20
val_cha: 1000
nod_cha: 00000000000000000000000000000000
startid: 0000000000000000000000000000000c
next_id: 0000000000000000000000000000000f
versiid: 00000003201711181458
next_va: 20
val_cha: 1000
nod_cha: 00000000000000000000000000000000
startid: 0000000100000000000000000000000d
next_id: 0000000000000000000000000000000f
versiid: 00000003201711181458
next_va: 20
val_cha: 1000
nod_cha: 00000000000000000000000000000000
startid: 0000000200000000000000000000000e
next_id: 0000000000000000000000000000000f
versiid: 00000003201711181458
next_va: 20
val_cha: 1000
nod_cha: 00000000000000000000000000000000
startid: 0000000000000000000000000000000f
next_id: 0000000000000000000000000000000f
versiid: 00000003201711181458
next_va: 20
val_cha: 1000
nod_cha: 00000000000000000000000000000000
startid: 00000001000000000000000000000010
next_id: 0000000000000000000000000000000f
versiid: 00000003201711181458
next_va: 20
val_cha: 1000
nod_cha: 00000000000000000000000000000000
startid: 00000002000000000000000000000011
next_id: 0000000000000000000000000000000f
versiid: 00000003201711181458
next_va: 20
val_cha: 1000
nod_cha: 00000000000000000000000000000000
startid: 00000000000000000000000000000012
next_id: 0000000000000000000000000000000f
versiid: 00000003201711181458
next_va: 20
val_cha: 1000
nod_cha: 00000000000000000000000000000000
startid: 00000001000000000000000000000013
next_id: 0000000000000000000000000000000f
versiid: 00000003201711181458
next_va: 20
val_cha: 1000
nod_cha: 00000000000000000000000000000000
startid: 00000002000000000000000000000014
next_id: 0000000000000000000000000000000f
versiid: 00000003201711181458
next_va: 20
val_cha: 1000
nod_cha: 00000000000000000000000000000000
startid: 00000000000000000000000000000015
next_id: 0000000000000000000000000000000f
versiid: 00000003201711181458
next_va: 20
val_cha: 1000
nod_cha: 00000000000000000000000000000000
startid: 00000001000000000000000000000016
next_id: 0000000000000000000000000000000f
versiid: 00000003201711181458
next_va: 20
val_cha: 1000
nod_cha: 00000000000000000000000000000000
startid: 00000002000000000000000000000017
next_id: 0000000000000000000000000000000f
versiid: 00000003201711181458
next_va: 20
val_cha: 1000
nod_cha: 00000000000000000000000000000000
startid: 00000000000000000000000000000018
next_id: 0000000000000000000000000000000f
versiid: 00000003201711181458
next_va: 20
val_cha: 1000
nod_cha: 00000000000000000000000000000000
startid: 00000001000000000000000000000019
next_id: 0000000000000000000000000000000f
versiid: 00000003201711181458
next_va: 20
val_cha: 1000
nod_cha: 00000000000000000000000000000000
startid: 0000000200000000000000000000001a
next_id: 0000000000000000000000000000000f
versiid: 00000003201711181458
next_va: 20
val_cha: 1000
nod_cha: 00000000000000000000000000000000
startid: 0000000000000000000000000000001b
next_id: 0000000000000000000000000000000f
versiid: 00000003201711181458
next_va: 20
val_cha: 1000
nod_cha: 00000000000000000000000000000000
startid: 0000000100000000000000000000001c
next_id: 0000000000000000000000000000000f
versiid: 00000003201711181458
next_va: 20
val_cha: 1000
nod_cha: 00000000000000000000000000000000
startid: 0000000200000000000000000000001d
next_id: 0000000000000000000000000000000f
versiid: 00000003201711181458
next_va: 20
val_cha: 1000
nod_cha: 00000000000000000000000000000000
startid: 0000000000000000000000000000001e
next_id: 0000000000000000000000000000000f
versiid: 00000003201711181458
next_va: 20
val_cha: 1000
nod_cha: 00000000000000000000000000000000
startid: 0000000100000000000000000000001f
next_id: 0000000000000000000000000000000f
versiid: 00000003201711181458
next_va: 20
val_cha: 1000
nod_cha: 00000000000000000000000000000000
startid: 00000002000000000000000000000020
next_id: 0000000000000000000000000000000f
versiid: 00000003201711181458
next_va: 20
val_cha: 1000
nod_cha: 00000000000000000000000000000000
startid: 00000000000000000000000000000021
next_id: 0000000000000000000000000000000f
versiid: 00000003201711181458
next_va: 20
val_cha: 1000
nod_cha: 00000000000000000000000000000000
startid: 00000001000000000000000000000022
next_id: 0000000000000000000000000000000f
versiid: 00000003201711181458
next_va: 20
val_cha: 1000
nod_cha: 00000000000000000000000000000000
startid: 00000002000000000000000000000023
next_id: 0000000000000000000000000000000f
versiid: 00000003201711181458
next_va: 20
val_cha: 1000
nod_cha: 00000000000000000000000000000000
startid: 00000000000000000000000000000024
next_id: 0000000000000000000000000000000f
versiid: 00000003201711181458
next_va: 20
val_cha: 1000
nod_cha: 00000000000000000000000000000000
startid: 00000001000000000000000000000025
next_id: 0000000000000000000000000000000f
versiid: 00000003201711181458
next_va: 20
val_cha: 1000
nod_cha: 00000000000000000000000000000000
startid: 00000002000000000000000000000026
next_id: 0000000000000000000000000000000f
versiid: 00000003201711181458
next_va: 20
val_cha: 1000
nod_cha: 00000000000000000000000000000000
startid: 00000000000000000000000000000027
next_id: 0000000000000000000000000000000f
versiid: 00000003201711181458
next_va: 20
val_cha: 1000
nod_cha: 00000000000000000000000000000000
startid: 00000001000000000000000000000028
next_id: 0000000000000000000000000000000f
versiid: 00000003201711181458
next_va: 20
val_cha: 1000
nod_cha: 00000000000000000000000000000000
startid: 00000002000000000000000000000029
next_id: 0000000000000000000000000000000f
versiid: 00000003201711181458
next_va: 20
val_cha: 1000
nod_cha: 00000000000000000000000000000000
startid: 0000000000000000000000000000002a
next_id: 0000000000000000000000000000000f
versiid: 00000003201711181458
next_va: 20
val_cha: 1000
nod_cha: 00000000000000000000000000000000
startid: 0000000100000000000000000000002b
next_id: 0000000000000000000000000000000f
versiid: 00000003201711181458
next_va: 20
val_cha: 1000
nod_cha: 00000000000000000000000000000000
startid: 0000000200000000000000000000002c
next_id: 0000000000000000000000000000000f
versiid: 00000003201711181458
next_va: 20
val_cha: 1000
nod_cha: 00000000000000000000000000000000
startid: 0000000000000000000000000000002d
next_id: 0000000000000000000000000000000f
versiid: 00000003201711181458
next_va: 20
val_cha: 1000
nod_cha: 00000000000000000000000000000000
startid: 0000000100000000000000000000002e
next_id: 0000000000000000000000000000000f
versiid: 00000003201711181458
next_va: 20
val_cha: 1000
nod_cha: 00000000000000000000000000000000
startid: 0000000200000000000000000000002f
next_id: 0000000000000000000000000000000f
versiid: 00000003201711181458
next_va: 20
val_cha: 1000
nod_cha: 00000000000000000000000000000000
startid: 00000000000000000000000000000030
next_id: 0000000000000000000000000000000f
versiid: 00000003201711181458
next_va: 20
val_cha: 1000
nod_cha: 00000000000000000000000000000000
startid: 00000001000000000000000000000031
next_id: 0000000000000000000000000000000f
versiid: 00000003201711181458
next_va: 20
val_cha: 1000
nod_cha: 00000000000000000000000000000000
startid: 00000002000000000000000000000032
next_id: 0000000000000000000000000000000f
versiid: 00000003201711181458
next_va: 20
val_cha: 1000
nod_cha: 00000000000000000000000000000000
startid: 00000001000000000000000000000001
next_id: 00000000000000000000000000000012
versiid: 00000003201711181458
next_va: 20
val_cha: 1000
nod_cha: 00000000000000000000000000000000
startid: 00000002000000000000000000000002
next_id: 00000000000000000000000000000012
versiid: 00000003201711181458
next_va: 20
val_cha: 1000
nod_cha: 00000000000000000000000000000000
startid: 00000000000000000000000000000003
next_id: 00000000000000000000000000000012
versiid: 00000003201711181458
next_va: 20
val_cha: 1000
nod_cha: 00000000000000000000000000000000
startid: 00000001000000000000000000000004
next_id: 00000000000000000000000000000012
versiid: 00000003201711181458
next_va: 20
val_cha: 1000
nod_cha: 00000000000000000000000000000000
startid: 00000002000000000000000000000005
next_id: 00000000000000000000000000000012
versiid: 00000003201711181458
next_va: 20
val_cha: 1000
nod_cha: 00000000000000000000000000000000
startid: 00000000000000000000000000000006
next_id: 00000000000000000000000000000012
versiid: 00000003201711181458
next_va: 20
val_cha: 1000
nod_cha: 00000000000000000000000000000000
startid: 00000001000000000000000000000007
next_id: 00000000000000000000000000000012
versiid: 00000003201711181458
next_va: 20
val_cha: 1000
nod_cha: 00000000000000000000000000000000
startid: 00000002000000000000000000000008
next_id: 00000000000000000000000000000012
versiid: 00000003201711181458
next_va: 20
val_cha: 1000
nod_cha: 00000000000000000000000000000000
startid: 00000000000000000000000000000009
next_id: 00000000000000000000000000000012
versiid: 00000003201711181458
next_va: 20
val_cha: 1000
nod_cha: 00000000000000000000000000000000
startid: 0000000100000000000000000000000a
next_id: 00000000000000000000000000000012
versiid: 00000003201711181458
next_va: 20
val_cha: 1000
nod_cha: 00000000000000000000000000000000
startid: 0000000200000000000000000000000b
next_id: 00000000000000000000000000000012
versiid: 00000003201711181458
next_va: 20
val_cha: 1000
nod_cha: 00000000000000000000000000000000
startid: 0000000000000000000000000000000c
next_id: 00000000000000000000000000000012
versiid: 00000003201711181458
next_va: 20
val_cha: 1000
nod_cha: 00000000000000000000000000000000
startid: 0000000100000000000000000000000d
next_id: 00000000000000000000000000000012
versiid: 00000003201711181458
next_va: 20
val_cha: 1000
nod_cha: 00000000000000000000000000000000
startid: 0000000200000000000000000000000e
next_id: 00000000000000000000000000000012
versiid: 00000003201711181458
next_va: 20
val_cha: 1000
nod_cha: 00000000000000000000000000000000
startid: 0000000000000000000000000000000f
next_id: 00000000000000000000000000000012
versiid: 00000003201711181458
next_va: 20
val_cha: 1000
nod_cha: 00000000000000000000000000000000
startid: 00000001000000000000000000000010
next_id: 00000000000000000000000000000012
versiid: 00000003201711181458
next_va: 20
val_cha: 1000
nod_cha: 00000000000000000000000000000000
startid: 00000002000000000000000000000011
next_id: 00000000000000000000000000000012
versiid: 00000003201711181458
next_va: 20
val_cha: 1000
nod_cha: 00000000000000000000000000000000
startid: 00000000000000000000000000000012
next_id: 00000000000000000000000000000012
versiid: 00000003201711181458
next_va: 20
val_cha: 1000
nod_cha: 00000000000000000000000000000000
startid: 00000001000000000000000000000013
next_id: 00000000000000000000000000000012
versiid: 00000003201711181458
next_va: 20
val_cha: 1000
nod_cha: 00000000000000000000000000000000
startid: 00000002000000000000000000000014
next_id: 00000000000000000000000000000012
versiid: 00000003201711181458
next_va: 20
val_cha: 1000
nod_cha: 00000000000000000000000000000000
startid: 00000000000000000000000000000015
next_id: 00000000000000000000000000000012
versiid: 00000003201711181458
next_va: 20
val_cha: 1000
nod_cha: 00000000000000000000000000000000
startid: 00000001000000000000000000000016
next_id: 00000000000000000000000000000012
versiid: 00000003201711181458
next_va: 20
val_cha: 1000
nod_cha: 00000000000000000000000000000000
startid: 00000002000000000000000000000017
next_id: 00000000000000000000000000000012
versiid: 00000003201711181458
next_va: 20
val_cha: 1000
nod_cha: 00000000000000000000000000000000
startid: 00000000000000000000000000000018
next_id: 00000000000000000000000000000012
versiid: 00000003201711181458
next_va: 20
val_cha: 1000
nod_cha: 00000000000000000000000000000000
startid: 00000001000000000000000000000019
next_id: 00000000000000000000000000000012
versiid: 00000003201711181458
next_va: 20
val_cha: 1000
nod_cha: 00000000000000000000000000000000
startid: 0000000200000000000000000000001a
next_id: 00000000000000000000000000000012
versiid: 00000003201711181458
next_va: 20
val_cha: 1000
nod_cha: 00000000000000000000000000000000
startid: 0000000000000000000000000000001b
next_id: 00000000000000000000000000000012
versiid: 00000003201711181458
next_va: 20
val_cha: 1000
nod_cha: 00000000000000000000000000000000
startid: 0000000100000000000000000000001c
next_id: 00000000000000000000000000000012
versiid: 00000003201711181458
next_va: 20
val_cha: 1000
nod_cha: 00000000000000000000000000000000
startid: 0000000200000000000000000000001d
next_id: 00000000000000000000000000000012
versiid: 00000003201711181458
next_va: 20
val_cha: 1000
nod_cha: 00000000000000000000000000000000
startid: 0000000000000000000000000000001e
next_id: 00000000000000000000000000000012
versiid: 00000003201711181458
next_va: 20
val_cha: 1000
nod_cha: 00000000000000000000000000000000
startid: 0000000100000000000000000000001f
next_id: 00000000000000000000000000000012
versiid: 00000003201711181458
next_va: 20
val_cha: 1000
nod_cha: 00000000000000000000000000000000
startid: 00000002000000000000000000000020
next_id: 00000000000000000000000000000012
versiid: 00000003201711181458
next_va: 20
val_cha: 1000
nod_cha: 00000000000000000000000000000000
startid: 00000000000000000000000000000021
next_id: 00000000000000000000000000000012
versiid: 00000003201711181458
next_va: 20
val_cha: 1000
nod_cha: 00000000000000000000000000000000
startid: 00000001000000000000000000000022
next_id: 00000000000000000000000000000012
versiid: 00000003201711181458
next_va: 20
val_cha: 1000
nod_cha: 00000000000000000000000000000000
startid: 00000002000000000000000000000023
next_id: 00000000000000000000000000000012
versiid: 00000003201711181458
next_va: 20
val_cha: 1000
nod_cha: 00000000000000000000000000000000
startid: 00000000000000000000000000000024
next_id: 00000000000000000000000000000012
versiid: 00000003201711181458
next_va: 20
val_cha: 1000
nod_cha: 00000000000000000000000000000000
startid: 00000001000000000000000000000025
next_id: 00000000000000000000000000000012
versiid: 00000003201711181458
next_va: 20
val_cha: 1000
nod_cha: 00000000000000000000000000000000
startid: 00000002000000000000000000000026
next_id: 00000000000000000000000000000012
versiid: 00000003201711181458
next_va: 20
val_cha: 1000
nod_cha: 00000000000000000000000000000000
startid: 00000000000000000000000000000027
next_id: 00000000000000000000000000000012
versiid: 00000003201711181458
next_va: 20
val_cha: 1000
nod_cha: 00000000000000000000000000000000
startid: 00000001000000000000000000000028
next_id: 00000000000000000000000000000012
versiid: 00000003201711181458
next_va: 20
val_cha: 1000
nod_cha: 00000000000000000000000000000000
startid: 00000002000000000000000000000029
next_id: 00000000000000000000000000000012
versiid: 00000003201711181458
next_va: 20
val_cha: 1000
nod_cha: 00000000000000000000000000000000
startid: 0000000000000000000000000000002a
next_id: 00000000000000000000000000000012
versiid: 00000003201711181458
next_va: 20
val_cha: 1000
nod_cha: 00000000000000000000000000000000
startid: 0000000100000000000000000000002b
next_id: 00000000000000000000000000000012
versiid: 00000003201711181458
next_va: 20
val_cha: 1000
nod_cha: 00000000000000000000000000000000
startid: 0000000200000000000000000000002c
next_id: 00000000000000000000000000000012
versiid: 00000003201711181458
next_va: 20
val_cha: 1000
nod_cha: 00000000000000000000000000000000
startid: 0000000000000000000000000000002d
next_id: 00000000000000000000000000000012
versiid: 00000003201711181458
next_va: 20
val_cha: 1000
nod_cha: 00000000000000000000000000000000
startid: 0000000100000000000000000000002e
next_id: 00000000000000000000000000000012
versiid: 00000003201711181458
next_va: 20
val_cha: 1000
nod_cha: 00000000000000000000000000000000
startid: 0000000200000000000000000000002f
next_id: 00000000000000000000000000000012
versiid: 00000003201711181458
next_va: 20
val_cha: 1000
nod_cha: 00000000000000000000000000000000
startid: 00000000000000000000000000000030
next_id: 00000000000000000000000000000012
versiid: 00000003201711181458
next_va: 20
val_cha: 1000
nod_cha: 00000000000000000000000000000000
startid: 00000001000000000000000000000031
next_id: 00000000000000000000000000000012
versiid: 00000003201711181458
next_va: 20
val_cha: 1000
nod_cha: 00000000000000000000000000000000
startid: 00000002000000000000000000000032
next_id: 00000000000000000000000000000012
versiid: 00000003201711181458
next_va: 20
val_cha: 1000
nod_cha: 00000000000000000000000000000000
startid: 00000001000000000000000000000001
next_id: 00000000000000000000000000000015
versiid: 00000003201711181458
next_va: 20
val_cha: 1000
nod_cha: 00000000000000000000000000000000
startid: 00000002000000000000000000000002
next_id: 00000000000000000000000000000015
versiid: 00000003201711181458
next_va: 20
val_cha: 1000
nod_cha: 00000000000000000000000000000000
startid: 00000000000000000000000000000003
next_id: 00000000000000000000000000000015
versiid: 00000003201711181458
next_va: 20
val_cha: 1000
nod_cha: 00000000000000000000000000000000
startid: 00000001000000000000000000000004
next_id: 00000000000000000000000000000015
versiid: 00000003201711181458
next_va: 20
val_cha: 1000
nod_cha: 00000000000000000000000000000000
startid: 00000002000000000000000000000005
next_id: 00000000000000000000000000000015
versiid: 00000003201711181458
next_va: 20
val_cha: 1000
nod_cha: 00000000000000000000000000000000
startid: 00000000000000000000000000000006
next_id: 00000000000000000000000000000015
versiid: 00000003201711181458
next_va: 20
val_cha: 1000
nod_cha: 00000000000000000000000000000000
startid: 00000001000000000000000000000007
next_id: 00000000000000000000000000000015
versiid: 00000003201711181458
next_va: 20
val_cha: 1000
nod_cha: 00000000000000000000000000000000
startid: 00000002000000000000000000000008
next_id: 00000000000000000000000000000015
versiid: 00000003201711181458
next_va: 20
val_cha: 1000
nod_cha: 00000000000000000000000000000000
startid: 00000000000000000000000000000009
next_id: 00000000000000000000000000000015
versiid: 00000003201711181458
next_va: 20
val_cha: 1000
nod_cha: 00000000000000000000000000000000
startid: 0000000100000000000000000000000a
next_id: 00000000000000000000000000000015
versiid: 00000003201711181458
next_va: 20
val_cha: 1000
nod_cha: 00000000000000000000000000000000
startid: 0000000200000000000000000000000b
next_id: 00000000000000000000000000000015
versiid: 00000003201711181458
next_va: 20
val_cha: 1000
nod_cha: 00000000000000000000000000000000
startid: 0000000000000000000000000000000c
next_id: 00000000000000000000000000000015
versiid: 00000003201711181458
next_va: 20
val_cha: 1000
nod_cha: 00000000000000000000000000000000
startid: 0000000100000000000000000000000d
next_id: 00000000000000000000000000000015
versiid: 00000003201711181458
next_va: 20
val_cha: 1000
nod_cha: 00000000000000000000000000000000
startid: 0000000200000000000000000000000e
next_id: 00000000000000000000000000000015
versiid: 00000003201711181458
next_va: 20
val_cha: 1000
nod_cha: 00000000000000000000000000000000
startid: 0000000000000000000000000000000f
next_id: 00000000000000000000000000000015
versiid: 00000003201711181458
next_va: 20
val_cha: 1000
nod_cha: 00000000000000000000000000000000
startid: 00000001000000000000000000000010
next_id: 00000000000000000000000000000015
versiid: 00000003201711181458
next_va: 20
val_cha: 1000
nod_cha: 00000000000000000000000000000000
startid: 00000002000000000000000000000011
next_id: 00000000000000000000000000000015
versiid: 00000003201711181458
next_va: 20
val_cha: 1000
nod_cha: 00000000000000000000000000000000
startid: 00000000000000000000000000000012
next_id: 00000000000000000000000000000015
versiid: 00000003201711181458
next_va: 20
val_cha: 1000
nod_cha: 00000000000000000000000000000000
startid: 00000001000000000000000000000013
next_id: 00000000000000000000000000000015
versiid: 00000003201711181458
next_va: 20
val_cha: 1000
nod_cha: 00000000000000000000000000000000
startid: 00000002000000000000000000000014
next_id: 00000000000000000000000000000015
versiid: 00000003201711181458
next_va: 20
val_cha: 1000
nod_cha: 00000000000000000000000000000000
startid: 00000000000000000000000000000015
next_id: 00000000000000000000000000000015
versiid: 00000003201711181458
next_va: 20
val_cha: 1000
nod_cha: 00000000000000000000000000000000
startid: 00000001000000000000000000000016
next_id: 00000000000000000000000000000015
versiid: 00000003201711181458
next_va: 20
val_cha: 1000
nod_cha: 00000000000000000000000000000000
startid: 00000002000000000000000000000017
next_id: 00000000000000000000000000000015
versiid: 00000003201711181458
next_va: 20
val_cha: 1000
nod_cha: 00000000000000000000000000000000
startid: 00000000000000000000000000000018
next_id: 00000000000000000000000000000015
versiid: 00000003201711181458
next_va: 20
val_cha: 1000
nod_cha: 00000000000000000000000000000000
startid: 00000001000000000000000000000019
next_id: 00000000000000000000000000000015
versiid: 00000003201711181458
next_va: 20
val_cha: 1000
nod_cha: 00000000000000000000000000000000
startid: 0000000200000000000000000000001a
next_id: 00000000000000000000000000000015
versiid: 00000003201711181458
next_va: 20
val_cha: 1000
nod_cha: 00000000000000000000000000000000
startid: 0000000000000000000000000000001b
next_id: 00000000000000000000000000000015
versiid: 00000003201711181458
next_va: 20
val_cha: 1000
nod_cha: 00000000000000000000000000000000
startid: 0000000100000000000000000000001c
next_id: 00000000000000000000000000000015
versiid: 00000003201711181458
next_va: 20
val_cha: 1000
nod_cha: 00000000000000000000000000000000
startid: 0000000200000000000000000000001d
next_id: 00000000000000000000000000000015
versiid: 00000003201711181458
next_va: 20
val_cha: 1000
nod_cha: 00000000000000000000000000000000
startid: 0000000000000000000000000000001e
next_id: 00000000000000000000000000000015
versiid: 00000003201711181458
next_va: 20
val_cha: 1000
nod_cha: 00000000000000000000000000000000
startid: 0000000100000000000000000000001f
next_id: 00000000000000000000000000000015
versiid: 00000003201711181458
next_va: 20
val_cha: 1000
nod_cha: 00000000000000000000000000000000
startid: 00000002000000000000000000000020
next_id: 00000000000000000000000000000015
versiid: 00000003201711181458
next_va: 20
val_cha: 1000
nod_cha: 00000000000000000000000000000000
startid: 00000000000000000000000000000021
next_id: 00000000000000000000000000000015
versiid: 00000003201711181458
next_va: 20
val_cha: 1000
nod_cha: 00000000000000000000000000000000
startid: 00000001000000000000000000000022
next_id: 00000000000000000000000000000015
versiid: 00000003201711181458
next_va: 20
val_cha: 1000
nod_cha: 00000000000000000000000000000000
startid: 00000002000000000000000000000023
next_id: 00000000000000000000000000000015
versiid: 00000003201711181458
next_va: 20
val_cha: 1000
nod_cha: 00000000000000000000000000000000
startid: 00000000000000000000000000000024
next_id: 00000000000000000000000000000015
versiid: 00000003201711181458
next_va: 20
val_cha: 1000
nod_cha: 00000000000000000000000000000000
startid: 00000001000000000000000000000025
next_id: 00000000000000000000000000000015
versiid: 00000003201711181458
next_va: 20
val_cha: 1000
nod_cha: 00000000000000000000000000000000
startid: 00000002000000000000000000000026
next_id: 00000000000000000000000000000015
versiid: 00000003201711181458
next_va: 20
val_cha: 1000
nod_cha: 00000000000000000000000000000000
startid: 00000000000000000000000000000027
next_id: 00000000000000000000000000000015
versiid: 00000003201711181458
next_va: 20
val_cha: 1000
nod_cha: 00000000000000000000000000000000
startid: 00000001000000000000000000000028
next_id: 00000000000000000000000000000015
versiid: 00000003201711181458
next_va: 20
val_cha: 1000
nod_cha: 00000000000000000000000000000000
startid: 00000002000000000000000000000029
next_id: 00000000000000000000000000000015
versiid: 00000003201711181458
next_va: 20
val_cha: 1000
nod_cha: 00000000000000000000000000000000
startid: 0000000000000000000000000000002a
next_id: 00000000000000000000000000000015
versiid: 00000003201711181458
next_va: 20
val_cha: 1000
nod_cha: 00000000000000000000000000000000
startid: 0000000100000000000000000000002b
next_id: 00000000000000000000000000000015
versiid: 00000003201711181458
next_va: 20
val_cha: 1000
nod_cha: 00000000000000000000000000000000
startid: 0000000200000000000000000000002c
next_id: 00000000000000000000000000000015
versiid: 00000003201711181458
next_va: 20
val_cha: 1000
nod_cha: 00000000000000000000000000000000
startid: 0000000000000000000000000000002d
next_id: 00000000000000000000000000000015
versiid: 00000003201711181458
next_va: 20
val_cha: 1000
nod_cha: 00000000000000000000000000000000
startid: 0000000100000000000000000000002e
next_id: 00000000000000000000000000000015
versiid: 00000003201711181458
next_va: 20
val_cha: 1000
nod_cha: 00000000000000000000000000000000
startid: 0000000200000000000000000000002f
next_id: 00000000000000000000000000000015
versiid: 00000003201711181458
next_va: 20
val_cha: 1000
nod_cha: 00000000000000000000000000000000
startid: 00000000000000000000000000000030
next_id: 00000000000000000000000000000015
versiid: 00000003201711181458
next_va: 20
val_cha: 1000
nod_cha: 00000000000000000000000000000000
startid: 00000001000000000000000000000031
next_id: 00000000000000000000000000000015
versiid: 00000003201711181458
next_va: 20
val_cha: 1000
nod_cha: 00000000000000000000000000000000
startid: 00000002000000000000000000000032
next_id: 00000000000000000000000000000015
versiid: 00000003201711181458
next_va: 20
val_cha: 1000
nod_cha: 00000000000000000000000000000000
startid: 00000001000000000000000000000001
next_id: 00000000000000000000000000000018
versiid: 00000003201711181458
next_va: 20
val_cha: 1000
nod_cha: 00000000000000000000000000000000
startid: 00000002000000000000000000000002
next_id: 00000000000000000000000000000018
versiid: 00000003201711181458
next_va: 20
val_cha: 1000
nod_cha: 00000000000000000000000000000000
startid: 00000000000000000000000000000003
next_id: 00000000000000000000000000000018
versiid: 00000003201711181458
next_va: 20
val_cha: 1000
nod_cha: 00000000000000000000000000000000
startid: 00000001000000000000000000000004
next_id: 00000000000000000000000000000018
versiid: 00000003201711181458
next_va: 20
val_cha: 1000
nod_cha: 00000000000000000000000000000000
startid: 00000002000000000000000000000005
next_id: 00000000000000000000000000000018
versiid: 00000003201711181458
next_va: 20
val_cha: 1000
nod_cha: 00000000000000000000000000000000
startid: 00000000000000000000000000000006
next_id: 00000000000000000000000000000018
versiid: 00000003201711181458
next_va: 20
val_cha: 1000
nod_cha: 00000000000000000000000000000000
startid: 00000001000000000000000000000007
next_id: 00000000000000000000000000000018
versiid: 00000003201711181458
next_va: 20
val_cha: 1000
nod_cha: 00000000000000000000000000000000
startid: 00000002000000000000000000000008
next_id: 00000000000000000000000000000018
versiid: 00000003201711181458
next_va: 20
val_cha: 1000
nod_cha: 00000000000000000000000000000000
startid: 00000000000000000000000000000009
next_id: 00000000000000000000000000000018
versiid: 00000003201711181458
next_va: 20
val_cha: 1000
nod_cha: 00000000000000000000000000000000
startid: 0000000100000000000000000000000a
next_id: 00000000000000000000000000000018
versiid: 00000003201711181458
next_va: 20
val_cha: 1000
nod_cha: 00000000000000000000000000000000
startid: 0000000200000000000000000000000b
next_id: 00000000000000000000000000000018
versiid: 00000003201711181458
next_va: 20
val_cha: 1000
nod_cha: 00000000000000000000000000000000
startid: 0000000000000000000000000000000c
next_id: 00000000000000000000000000000018
versiid: 00000003201711181458
next_va: 20
val_cha: 1000
nod_cha: 00000000000000000000000000000000
startid: 0000000100000000000000000000000d
next_id: 00000000000000000000000000000018
versiid: 00000003201711181458
next_va: 20
val_cha: 1000
nod_cha: 00000000000000000000000000000000
startid: 0000000200000000000000000000000e
next_id: 00000000000000000000000000000018
versiid: 00000003201711181458
next_va: 20
val_cha: 1000
nod_cha: 00000000000000000000000000000000
startid: 0000000000000000000000000000000f
next_id: 00000000000000000000000000000018
versiid: 00000003201711181458
next_va: 20
val_cha: 1000
nod_cha: 00000000000000000000000000000000
startid: 00000001000000000000000000000010
next_id: 00000000000000000000000000000018
versiid: 00000003201711181458
next_va: 20
val_cha: 1000
nod_cha: 00000000000000000000000000000000
startid: 00000002000000000000000000000011
next_id: 00000000000000000000000000000018
versiid: 00000003201711181458
next_va: 20
val_cha: 1000
nod_cha: 00000000000000000000000000000000
startid: 00000000000000000000000000000012
next_id: 00000000000000000000000000000018
versiid: 00000003201711181458
next_va: 20
val_cha: 1000
nod_cha: 00000000000000000000000000000000
startid: 00000001000000000000000000000013
next_id: 00000000000000000000000000000018
versiid: 00000003201711181458
next_va: 20
val_cha: 1000
nod_cha: 00000000000000000000000000000000
startid: 00000002000000000000000000000014
next_id: 00000000000000000000000000000018
versiid: 00000003201711181458
next_va: 20
val_cha: 1000
nod_cha: 00000000000000000000000000000000
startid: 00000000000000000000000000000015
next_id: 00000000000000000000000000000018
versiid: 00000003201711181458
next_va: 20
val_cha: 1000
nod_cha: 00000000000000000000000000000000
startid: 00000001000000000000000000000016
next_id: 00000000000000000000000000000018
versiid: 00000003201711181458
next_va: 20
val_cha: 1000
nod_cha: 00000000000000000000000000000000
startid: 00000002000000000000000000000017
next_id: 00000000000000000000000000000018
versiid: 00000003201711181458
next_va: 20
val_cha: 1000
nod_cha: 00000000000000000000000000000000
startid: 00000000000000000000000000000018
next_id: 00000000000000000000000000000018
versiid: 00000003201711181458
next_va: 20
val_cha: 1000
nod_cha: 00000000000000000000000000000000
startid: 00000001000000000000000000000019
next_id: 00000000000000000000000000000018
versiid: 00000003201711181458
next_va: 20
val_cha: 1000
nod_cha: 00000000000000000000000000000000
startid: 0000000200000000000000000000001a
next_id: 00000000000000000000000000000018
versiid: 00000003201711181458
next_va: 20
val_cha: 1000
nod_cha: 00000000000000000000000000000000
startid: 0000000000000000000000000000001b
next_id: 00000000000000000000000000000018
versiid: 00000003201711181458
next_va: 20
val_cha: 1000
nod_cha: 00000000000000000000000000000000
startid: 0000000100000000000000000000001c
next_id: 00000000000000000000000000000018
versiid: 00000003201711181458
next_va: 20
val_cha: 1000
nod_cha: 00000000000000000000000000000000
startid: 0000000200000000000000000000001d
next_id: 00000000000000000000000000000018
versiid: 00000003201711181458
next_va: 20
val_cha: 1000
nod_cha: 00000000000000000000000000000000
startid: 0000000000000000000000000000001e
next_id: 00000000000000000000000000000018
versiid: 00000003201711181458
next_va: 20
val_cha: 1000
nod_cha: 00000000000000000000000000000000
startid: 0000000100000000000000000000001f
next_id: 00000000000000000000000000000018
versiid: 00000003201711181458
next_va: 20
val_cha: 1000
nod_cha: 00000000000000000000000000000000
startid: 00000002000000000000000000000020
next_id: 00000000000000000000000000000018
versiid: 00000003201711181458
next_va: 20
val_cha: 1000
nod_cha: 00000000000000000000000000000000
startid: 00000000000000000000000000000021
next_id: 00000000000000000000000000000018
versiid: 00000003201711181458
next_va: 20
val_cha: 1000
nod_cha: 00000000000000000000000000000000
startid: 00000001000000000000000000000022
next_id: 00000000000000000000000000000018
versiid: 00000003201711181458
next_va: 20
val_cha: 1000
nod_cha: 00000000000000000000000000000000
startid: 00000002000000000000000000000023
next_id: 00000000000000000000000000000018
versiid: 00000003201711181458
next_va: 20
val_cha: 1000
nod_cha: 00000000000000000000000000000000
startid: 00000000000000000000000000000024
next_id: 00000000000000000000000000000018
versiid: 00000003201711181458
next_va: 20
val_cha: 1000
nod_cha: 00000000000000000000000000000000
startid: 00000001000000000000000000000025
next_id: 00000000000000000000000000000018
versiid: 00000003201711181458
next_va: 20
val_cha: 1000
nod_cha: 00000000000000000000000000000000
startid: 00000002000000000000000000000026
next_id: 00000000000000000000000000000018
versiid: 00000003201711181458
next_va: 20
val_cha: 1000
nod_cha: 00000000000000000000000000000000
startid: 00000000000000000000000000000027
next_id: 00000000000000000000000000000018
versiid: 00000003201711181458
next_va: 20
val_cha: 1000
nod_cha: 00000000000000000000000000000000
startid: 00000001000000000000000000000028
next_id: 00000000000000000000000000000018
versiid: 00000003201711181458
next_va: 20
val_cha: 1000
nod_cha: 00000000000000000000000000000000
startid: 00000002000000000000000000000029
next_id: 00000000000000000000000000000018
versiid: 00000003201711181458
next_va: 20
val_cha: 1000
nod_cha: 00000000000000000000000000000000
startid: 0000000000000000000000000000002a
next_id: 00000000000000000000000000000018
versiid: 00000003201711181458
next_va: 20
val_cha: 1000
nod_cha: 00000000000000000000000000000000
startid: 0000000100000000000000000000002b
next_id: 00000000000000000000000000000018
versiid: 00000003201711181458
next_va: 20
val_cha: 1000
nod_cha: 00000000000000000000000000000000
startid: 0000000200000000000000000000002c
next_id: 00000000000000000000000000000018
versiid: 00000003201711181458
next_va: 20
val_cha: 1000
nod_cha: 00000000000000000000000000000000
startid: 0000000000000000000000000000002d
next_id: 00000000000000000000000000000018
versiid: 00000003201711181458
next_va: 20
val_cha: 1000
nod_cha: 00000000000000000000000000000000
startid: 0000000100000000000000000000002e
next_id: 00000000000000000000000000000018
versiid: 00000003201711181458
next_va: 20
val_cha: 1000
nod_cha: 00000000000000000000000000000000
startid: 0000000200000000000000000000002f
next_id: 00000000000000000000000000000018
versiid: 00000003201711181458
next_va: 20
val_cha: 1000
nod_cha: 00000000000000000000000000000000
startid: 00000000000000000000000000000030
next_id: 00000000000000000000000000000018
versiid: 00000003201711181458
next_va: 20
val_cha: 1000
nod_cha: 00000000000000000000000000000000
startid: 00000001000000000000000000000031
next_id: 00000000000000000000000000000018
versiid: 00000003201711181458
next_va: 20
val_cha: 1000
nod_cha: 00000000000000000000000000000000
startid: 00000002000000000000000000000032
next_id: 00000000000000000000000000000018
versiid: 00000003201711181458
next_va: 20
val_cha: 1000
nod_cha: 00000000000000000000000000000000
startid: 00000001000000000000000000000001
next_id: 0000000000000000000000000000001b
versiid: 00000003201711181458
next_va: 20
val_cha: 1000
nod_cha: 00000000000000000000000000000000
startid: 00000002000000000000000000000002
next_id: 0000000000000000000000000000001b
versiid: 00000003201711181458
next_va: 20
val_cha: 1000
nod_cha: 00000000000000000000000000000000
startid: 00000000000000000000000000000003
next_id: 0000000000000000000000000000001b
versiid: 00000003201711181458
next_va: 20
val_cha: 1000
nod_cha: 00000000000000000000000000000000
startid: 00000001000000000000000000000004
next_id: 0000000000000000000000000000001b
versiid: 00000003201711181458
next_va: 20
val_cha: 1000
nod_cha: 00000000000000000000000000000000
startid: 00000002000000000000000000000005
next_id: 0000000000000000000000000000001b
versiid: 00000003201711181458
next_va: 20
val_cha: 1000
nod_cha: 00000000000000000000000000000000
startid: 00000000000000000000000000000006
next_id: 0000000000000000000000000000001b
versiid: 00000003201711181458
next_va: 20
val_cha: 1000
nod_cha: 00000000000000000000000000000000
startid: 00000001000000000000000000000007
next_id: 0000000000000000000000000000001b
versiid: 00000003201711181458
next_va: 20
val_cha: 1000
nod_cha: 00000000000000000000000000000000
startid: 00000002000000000000000000000008
next_id: 0000000000000000000000000000001b
versiid: 00000003201711181458
next_va: 20
val_cha: 1000
nod_cha: 00000000000000000000000000000000
startid: 00000000000000000000000000000009
next_id: 0000000000000000000000000000001b
versiid: 00000003201711181458
next_va: 20
val_cha: 1000
nod_cha: 00000000000000000000000000000000
startid: 0000000100000000000000000000000a
next_id: 0000000000000000000000000000001b
versiid: 00000003201711181458
next_va: 20
val_cha: 1000
nod_cha: 00000000000000000000000000000000
startid: 0000000200000000000000000000000b
next_id: 0000000000000000000000000000001b
versiid: 00000003201711181458
next_va: 20
val_cha: 1000
nod_cha: 00000000000000000000000000000000
startid: 0000000000000000000000000000000c
next_id: 0000000000000000000000000000001b
versiid: 00000003201711181458
next_va: 20
val_cha: 1000
nod_cha: 00000000000000000000000000000000
startid: 0000000100000000000000000000000d
next_id: 0000000000000000000000000000001b
versiid: 00000003201711181458
next_va: 20
val_cha: 1000
nod_cha: 00000000000000000000000000000000
startid: 0000000200000000000000000000000e
next_id: 0000000000000000000000000000001b
versiid: 00000003201711181458
next_va: 20
val_cha: 1000
nod_cha: 00000000000000000000000000000000
startid: 0000000000000000000000000000000f
next_id: 0000000000000000000000000000001b
versiid: 00000003201711181458
next_va: 20
val_cha: 1000
nod_cha: 00000000000000000000000000000000
startid: 00000001000000000000000000000010
next_id: 0000000000000000000000000000001b
versiid: 00000003201711181458
next_va: 20
val_cha: 1000
nod_cha: 00000000000000000000000000000000
startid: 00000002000000000000000000000011
next_id: 0000000000000000000000000000001b
versiid: 00000003201711181458
next_va: 20
val_cha: 1000
nod_cha: 00000000000000000000000000000000
startid: 00000000000000000000000000000012
next_id: 0000000000000000000000000000001b
versiid: 00000003201711181458
next_va: 20
val_cha: 1000
nod_cha: 00000000000000000000000000000000
startid: 00000001000000000000000000000013
next_id: 0000000000000000000000000000001b
versiid: 00000003201711181458
next_va: 20
val_cha: 1000
nod_cha: 00000000000000000000000000000000
startid: 00000002000000000000000000000014
next_id: 0000000000000000000000000000001b
versiid: 00000003201711181458
next_va: 20
val_cha: 1000
nod_cha: 00000000000000000000000000000000
startid: 00000000000000000000000000000015
next_id: 0000000000000000000000000000001b
versiid: 00000003201711181458
next_va: 20
val_cha: 1000
nod_cha: 00000000000000000000000000000000
startid: 00000001000000000000000000000016
next_id: 0000000000000000000000000000001b
versiid: 00000003201711181458
next_va: 20
val_cha: 1000
nod_cha: 00000000000000000000000000000000
startid: 00000002000000000000000000000017
next_id: 0000000000000000000000000000001b
versiid: 00000003201711181458
next_va: 20
val_cha: 1000
nod_cha: 00000000000000000000000000000000
startid: 00000000000000000000000000000018
next_id: 0000000000000000000000000000001b
versiid: 00000003201711181458
next_va: 20
val_cha: 1000
nod_cha: 00000000000000000000000000000000
startid: 00000001000000000000000000000019
next_id: 0000000000000000000000000000001b
versiid: 00000003201711181458
next_va: 20
val_cha: 1000
nod_cha: 00000000000000000000000000000000
startid: 0000000200000000000000000000001a
next_id: 0000000000000000000000000000001b
versiid: 00000003201711181458
next_va: 20
val_cha: 1000
nod_cha: 00000000000000000000000000000000
startid: 0000000000000000000000000000001b
next_id: 0000000000000000000000000000001b
versiid: 00000003201711181458
next_va: 20
val_cha: 1000
nod_cha: 00000000000000000000000000000000
startid: 0000000100000000000000000000001c
next_id: 0000000000000000000000000000001b
versiid: 00000003201711181458
next_va: 20
val_cha: 1000
nod_cha: 00000000000000000000000000000000
startid: 0000000200000000000000000000001d
next_id: 0000000000000000000000000000001b
versiid: 00000003201711181458
next_va: 20
val_cha: 1000
nod_cha: 00000000000000000000000000000000
startid: 0000000000000000000000000000001e
next_id: 0000000000000000000000000000001b
versiid: 00000003201711181458
next_va: 20
val_cha: 1000
nod_cha: 00000000000000000000000000000000
startid: 0000000100000000000000000000001f
next_id: 0000000000000000000000000000001b
versiid: 00000003201711181458
next_va: 20
val_cha: 1000
nod_cha: 00000000000000000000000000000000
startid: 00000002000000000000000000000020
next_id: 0000000000000000000000000000001b
versiid: 00000003201711181458
next_va: 20
val_cha: 1000
nod_cha: 00000000000000000000000000000000
startid: 00000000000000000000000000000021
next_id: 0000000000000000000000000000001b
versiid: 00000003201711181458
next_va: 20
val_cha: 1000
nod_cha: 00000000000000000000000000000000
startid: 00000001000000000000000000000022
next_id: 0000000000000000000000000000001b
versiid: 00000003201711181458
next_va: 20
val_cha: 1000
nod_cha: 00000000000000000000000000000000
startid: 00000002000000000000000000000023
next_id: 0000000000000000000000000000001b
versiid: 00000003201711181458
next_va: 20
val_cha: 1000
nod_cha: 00000000000000000000000000000000
startid: 00000000000000000000000000000024
next_id: 0000000000000000000000000000001b
versiid: 00000003201711181458
next_va: 20
val_cha: 1000
nod_cha: 00000000000000000000000000000000
startid: 00000001000000000000000000000025
next_id: 0000000000000000000000000000001b
versiid: 00000003201711181458
next_va: 20
val_cha: 1000
nod_cha: 00000000000000000000000000000000
startid: 00000002000000000000000000000026
next_id: 0000000000000000000000000000001b
versiid: 00000003201711181458
next_va: 20
val_cha: 1000
nod_cha: 00000000000000000000000000000000
startid: 00000000000000000000000000000027
next_id: 0000000000000000000000000000001b
versiid: 00000003201711181458
next_va: 20
val_cha: 1000
nod_cha: 00000000000000000000000000000000
startid: 00000001000000000000000000000028
next_id: 0000000000000000000000000000001b
versiid: 00000003201711181458
next_va: 20
val_cha: 1000
nod_cha: 00000000000000000000000000000000
startid: 00000002000000000000000000000029
next_id: 0000000000000000000000000000001b
versiid: 00000003201711181458
next_va: 20
val_cha: 1000
nod_cha: 00000000000000000000000000000000
startid: 0000000000000000000000000000002a
next_id: 0000000000000000000000000000001b
versiid: 00000003201711181458
next_va: 20
val_cha: 1000
nod_cha: 00000000000000000000000000000000
startid: 0000000100000000000000000000002b
next_id: 0000000000000000000000000000001b
versiid: 00000003201711181458
next_va: 20
val_cha: 1000
nod_cha: 00000000000000000000000000000000
startid: 0000000200000000000000000000002c
next_id: 0000000000000000000000000000001b
versiid: 00000003201711181458
next_va: 20
val_cha: 1000
nod_cha: 00000000000000000000000000000000
startid: 0000000000000000000000000000002d
next_id: 0000000000000000000000000000001b
versiid: 00000003201711181458
next_va: 20
val_cha: 1000
nod_cha: 00000000000000000000000000000000
startid: 0000000100000000000000000000002e
next_id: 0000000000000000000000000000001b
versiid: 00000003201711181458
next_va: 20
val_cha: 1000
nod_cha: 00000000000000000000000000000000
startid: 0000000200000000000000000000002f
next_id: 0000000000000000000000000000001b
versiid: 00000003201711181458
next_va: 20
val_cha: 1000
nod_cha: 00000000000000000000000000000000
startid: 00000000000000000000000000000030
next_id: 0000000000000000000000000000001b
versiid: 00000003201711181458
next_va: 20
val_cha: 1000
nod_cha: 00000000000000000000000000000000
startid: 00000001000000000000000000000031
next_id: 0000000000000000000000000000001b
versiid: 00000003201711181458
next_va: 20
val_cha: 1000
nod_cha: 00000000000000000000000000000000
startid: 00000002000000000000000000000032
next_id: 0000000000000000000000000000001b
versiid: 00000003201711181458
next_va: 20
val_cha: 1000
nod_cha: 00000000000000000000000000000000
startid: 00000001000000000000000000000001
next_id: 0000000000000000000000000000001e
versiid: 00000003201711181458
next_va: 20
val_cha: 1000
nod_cha: 00000000000000000000000000000000
startid: 00000002000000000000000000000002
next_id: 0000000000000000000000000000001e
versiid: 00000003201711181458
next_va: 20
val_cha: 1000
nod_cha: 00000000000000000000000000000000
startid: 00000000000000000000000000000003
next_id: 0000000000000000000000000000001e
versiid: 00000003201711181458
next_va: 20
val_cha: 1000
nod_cha: 00000000000000000000000000000000
startid: 00000001000000000000000000000004
next_id: 0000000000000000000000000000001e
versiid: 00000003201711181458
next_va: 20
val_cha: 1000
nod_cha: 00000000000000000000000000000000
startid: 00000002000000000000000000000005
next_id: 0000000000000000000000000000001e
versiid: 00000003201711181458
next_va: 20
val_cha: 1000
nod_cha: 00000000000000000000000000000000
startid: 00000000000000000000000000000006
next_id: 0000000000000000000000000000001e
versiid: 00000003201711181458
next_va: 20
val_cha: 1000
nod_cha: 00000000000000000000000000000000
startid: 00000001000000000000000000000007
next_id: 0000000000000000000000000000001e
versiid: 00000003201711181458
next_va: 20
val_cha: 1000
nod_cha: 00000000000000000000000000000000
startid: 00000002000000000000000000000008
next_id: 0000000000000000000000000000001e
versiid: 00000003201711181458
next_va: 20
val_cha: 1000
nod_cha: 00000000000000000000000000000000
startid: 00000000000000000000000000000009
next_id: 0000000000000000000000000000001e
versiid: 00000003201711181458
next_va: 20
val_cha: 1000
nod_cha: 00000000000000000000000000000000
startid: 0000000100000000000000000000000a
next_id: 0000000000000000000000000000001e
versiid: 00000003201711181458
next_va: 20
val_cha: 1000
nod_cha: 00000000000000000000000000000000
startid: 0000000200000000000000000000000b
next_id: 0000000000000000000000000000001e
versiid: 00000003201711181458
next_va: 20
val_cha: 1000
nod_cha: 00000000000000000000000000000000
startid: 0000000000000000000000000000000c
next_id: 0000000000000000000000000000001e
versiid: 00000003201711181458
next_va: 20
val_cha: 1000
nod_cha: 00000000000000000000000000000000
startid: 0000000100000000000000000000000d
next_id: 0000000000000000000000000000001e
versiid: 00000003201711181458
next_va: 20
val_cha: 1000
nod_cha: 00000000000000000000000000000000
startid: 0000000200000000000000000000000e
next_id: 0000000000000000000000000000001e
versiid: 00000003201711181458
next_va: 20
val_cha: 1000
nod_cha: 00000000000000000000000000000000
startid: 0000000000000000000000000000000f
next_id: 0000000000000000000000000000001e
versiid: 00000003201711181458
next_va: 20
val_cha: 1000
nod_cha: 00000000000000000000000000000000
startid: 00000001000000000000000000000010
next_id: 0000000000000000000000000000001e
versiid: 00000003201711181458
next_va: 20
val_cha: 1000
nod_cha: 00000000000000000000000000000000
startid: 00000002000000000000000000000011
next_id: 0000000000000000000000000000001e
versiid: 00000003201711181458
next_va: 20
val_cha: 1000
nod_cha: 00000000000000000000000000000000
startid: 00000000000000000000000000000012
next_id: 0000000000000000000000000000001e
versiid: 00000003201711181458
next_va: 20
val_cha: 1000
nod_cha: 00000000000000000000000000000000
startid: 00000001000000000000000000000013
next_id: 0000000000000000000000000000001e
versiid: 00000003201711181458
next_va: 20
val_cha: 1000
nod_cha: 00000000000000000000000000000000
startid: 00000002000000000000000000000014
next_id: 0000000000000000000000000000001e
versiid: 00000003201711181458
next_va: 20
val_cha: 1000
nod_cha: 00000000000000000000000000000000
startid: 00000000000000000000000000000015
next_id: 0000000000000000000000000000001e
versiid: 00000003201711181458
next_va: 20
val_cha: 1000
nod_cha: 00000000000000000000000000000000
startid: 00000001000000000000000000000016
next_id: 0000000000000000000000000000001e
versiid: 00000003201711181458
next_va: 20
val_cha: 1000
nod_cha: 00000000000000000000000000000000
startid: 00000002000000000000000000000017
next_id: 0000000000000000000000000000001e
versiid: 00000003201711181458
next_va: 20
val_cha: 1000
nod_cha: 00000000000000000000000000000000
startid: 00000000000000000000000000000018
next_id: 0000000000000000000000000000001e
versiid: 00000003201711181458
next_va: 20
val_cha: 1000
nod_cha: 00000000000000000000000000000000
startid: 00000001000000000000000000000019
next_id: 0000000000000000000000000000001e
versiid: 00000003201711181458
next_va: 20
val_cha: 1000
nod_cha: 00000000000000000000000000000000
startid: 0000000200000000000000000000001a
next_id: 0000000000000000000000000000001e
versiid: 00000003201711181458
next_va: 20
val_cha: 1000
nod_cha: 00000000000000000000000000000000
startid: 0000000000000000000000000000001b
next_id: 0000000000000000000000000000001e
versiid: 00000003201711181458
next_va: 20
val_cha: 1000
nod_cha: 00000000000000000000000000000000
startid: 0000000100000000000000000000001c
next_id: 0000000000000000000000000000001e
versiid: 00000003201711181458
next_va: 20
val_cha: 1000
nod_cha: 00000000000000000000000000000000
startid: 0000000200000000000000000000001d
next_id: 0000000000000000000000000000001e
versiid: 00000003201711181458
next_va: 20
val_cha: 1000
nod_cha: 00000000000000000000000000000000
startid: 0000000000000000000000000000001e
next_id: 0000000000000000000000000000001e
versiid: 00000003201711181458
next_va: 20
val_cha: 1000
nod_cha: 00000000000000000000000000000000
startid: 0000000100000000000000000000001f
next_id: 0000000000000000000000000000001e
versiid: 00000003201711181458
next_va: 20
val_cha: 1000
nod_cha: 00000000000000000000000000000000
startid: 00000002000000000000000000000020
next_id: 0000000000000000000000000000001e
versiid: 00000003201711181458
next_va: 20
val_cha: 1000
nod_cha: 00000000000000000000000000000000
startid: 00000000000000000000000000000021
next_id: 0000000000000000000000000000001e
versiid: 00000003201711181458
next_va: 20
val_cha: 1000
nod_cha: 00000000000000000000000000000000
startid: 00000001000000000000000000000022
next_id: 0000000000000000000000000000001e
versiid: 00000003201711181458
next_va: 20
val_cha: 1000
nod_cha: 00000000000000000000000000000000
startid: 00000002000000000000000000000023
next_id: 0000000000000000000000000000001e
versiid: 00000003201711181458
next_va: 20
val_cha: 1000
nod_cha: 00000000000000000000000000000000
startid: 00000000000000000000000000000024
next_id: 0000000000000000000000000000001e
versiid: 00000003201711181458
next_va: 20
val_cha: 1000
nod_cha: 00000000000000000000000000000000
startid: 00000001000000000000000000000025
next_id: 0000000000000000000000000000001e
versiid: 00000003201711181458
next_va: 20
val_cha: 1000
nod_cha: 00000000000000000000000000000000
startid: 00000002000000000000000000000026
next_id: 0000000000000000000000000000001e
versiid: 00000003201711181458
next_va: 20
val_cha: 1000
nod_cha: 00000000000000000000000000000000
startid: 00000000000000000000000000000027
next_id: 0000000000000000000000000000001e
versiid: 00000003201711181458
next_va: 20
val_cha: 1000
nod_cha: 00000000000000000000000000000000
startid: 00000001000000000000000000000028
next_id: 0000000000000000000000000000001e
versiid: 00000003201711181458
next_va: 20
val_cha: 1000
nod_cha: 00000000000000000000000000000000
startid: 00000002000000000000000000000029
next_id: 0000000000000000000000000000001e
versiid: 00000003201711181458
next_va: 20
val_cha: 1000
nod_cha: 00000000000000000000000000000000
startid: 0000000000000000000000000000002a
next_id: 0000000000000000000000000000001e
versiid: 00000003201711181458
next_va: 20
val_cha: 1000
nod_cha: 00000000000000000000000000000000
startid: 0000000100000000000000000000002b
next_id: 0000000000000000000000000000001e
versiid: 00000003201711181458
next_va: 20
val_cha: 1000
nod_cha: 00000000000000000000000000000000
startid: 0000000200000000000000000000002c
next_id: 0000000000000000000000000000001e
versiid: 00000003201711181458
next_va: 20
val_cha: 1000
nod_cha: 00000000000000000000000000000000
startid: 0000000000000000000000000000002d
next_id: 0000000000000000000000000000001e
versiid: 00000003201711181458
next_va: 20
val_cha: 1000
nod_cha: 00000000000000000000000000000000
startid: 0000000100000000000000000000002e
next_id: 0000000000000000000000000000001e
versiid: 00000003201711181458
next_va: 20
val_cha: 1000
nod_cha: 00000000000000000000000000000000
startid: 0000000200000000000000000000002f
next_id: 0000000000000000000000000000001e
versiid: 00000003201711181458
next_va: 20
val_cha: 1000
nod_cha: 00000000000000000000000000000000
startid: 00000000000000000000000000000030
next_id: 0000000000000000000000000000001e
versiid: 00000003201711181458
next_va: 20
val_cha: 1000
nod_cha: 00000000000000000000000000000000
startid: 00000001000000000000000000000031
next_id: 0000000000000000000000000000001e
versiid: 00000003201711181458
next_va: 20
val_cha: 1000
nod_cha: 00000000000000000000000000000000
startid: 00000002000000000000000000000032
next_id: 0000000000000000000000000000001e
versiid: 00000003201711181458
next_va: 20
val_cha: 1000
nod_cha: 00000000000000000000000000000000
startid: 00000001000000000000000000000001
next_id: 00000000000000000000000000000021
versiid: 00000003201711181458
next_va: 20
val_cha: 1000
nod_cha: 00000000000000000000000000000000
startid: 00000002000000000000000000000002
next_id: 00000000000000000000000000000021
versiid: 00000003201711181458
next_va: 20
val_cha: 1000
nod_cha: 00000000000000000000000000000000
startid: 00000000000000000000000000000003
next_id: 00000000000000000000000000000021
versiid: 00000003201711181458
next_va: 20
val_cha: 1000
nod_cha: 00000000000000000000000000000000
startid: 00000001000000000000000000000004
next_id: 00000000000000000000000000000021
versiid: 00000003201711181458
next_va: 20
val_cha: 1000
nod_cha: 00000000000000000000000000000000
startid: 00000002000000000000000000000005
next_id: 00000000000000000000000000000021
versiid: 00000003201711181458
next_va: 20
val_cha: 1000
nod_cha: 00000000000000000000000000000000
startid: 00000000000000000000000000000006
next_id: 00000000000000000000000000000021
versiid: 00000003201711181458
next_va: 20
val_cha: 1000
nod_cha: 00000000000000000000000000000000
startid: 00000001000000000000000000000007
next_id: 00000000000000000000000000000021
versiid: 00000003201711181458
next_va: 20
val_cha: 1000
nod_cha: 00000000000000000000000000000000
startid: 00000002000000000000000000000008
next_id: 00000000000000000000000000000021
versiid: 00000003201711181458
next_va: 20
val_cha: 1000
nod_cha: 00000000000000000000000000000000
startid: 00000000000000000000000000000009
next_id: 00000000000000000000000000000021
versiid: 00000003201711181458
next_va: 20
val_cha: 1000
nod_cha: 00000000000000000000000000000000
startid: 0000000100000000000000000000000a
next_id: 00000000000000000000000000000021
versiid: 00000003201711181458
next_va: 20
val_cha: 1000
nod_cha: 00000000000000000000000000000000
startid: 0000000200000000000000000000000b
next_id: 00000000000000000000000000000021
versiid: 00000003201711181458
next_va: 20
val_cha: 1000
nod_cha: 00000000000000000000000000000000
startid: 0000000000000000000000000000000c
next_id: 00000000000000000000000000000021
versiid: 00000003201711181458
next_va: 20
val_cha: 1000
nod_cha: 00000000000000000000000000000000
startid: 0000000100000000000000000000000d
next_id: 00000000000000000000000000000021
versiid: 00000003201711181458
next_va: 20
val_cha: 1000
nod_cha: 00000000000000000000000000000000
startid: 0000000200000000000000000000000e
next_id: 00000000000000000000000000000021
versiid: 00000003201711181458
next_va: 20
val_cha: 1000
nod_cha: 00000000000000000000000000000000
startid: 0000000000000000000000000000000f
next_id: 00000000000000000000000000000021
versiid: 00000003201711181458
next_va: 20
val_cha: 1000
nod_cha: 00000000000000000000000000000000
startid: 00000001000000000000000000000010
next_id: 00000000000000000000000000000021
versiid: 00000003201711181458
next_va: 20
val_cha: 1000
nod_cha: 00000000000000000000000000000000
startid: 00000002000000000000000000000011
next_id: 00000000000000000000000000000021
versiid: 00000003201711181458
next_va: 20
val_cha: 1000
nod_cha: 00000000000000000000000000000000
startid: 00000000000000000000000000000012
next_id: 00000000000000000000000000000021
versiid: 00000003201711181458
next_va: 20
val_cha: 1000
nod_cha: 00000000000000000000000000000000
startid: 00000001000000000000000000000013
next_id: 00000000000000000000000000000021
versiid: 00000003201711181458
next_va: 20
val_cha: 1000
nod_cha: 00000000000000000000000000000000
startid: 00000002000000000000000000000014
next_id: 00000000000000000000000000000021
versiid: 00000003201711181458
next_va: 20
val_cha: 1000
nod_cha: 00000000000000000000000000000000
startid: 00000000000000000000000000000015
next_id: 00000000000000000000000000000021
versiid: 00000003201711181458
next_va: 20
val_cha: 1000
nod_cha: 00000000000000000000000000000000
startid: 00000001000000000000000000000016
next_id: 00000000000000000000000000000021
versiid: 00000003201711181458
next_va: 20
val_cha: 1000
nod_cha: 00000000000000000000000000000000
startid: 00000002000000000000000000000017
next_id: 00000000000000000000000000000021
versiid: 00000003201711181458
next_va: 20
val_cha: 1000
nod_cha: 00000000000000000000000000000000
startid: 00000000000000000000000000000018
next_id: 00000000000000000000000000000021
versiid: 00000003201711181458
next_va: 20
val_cha: 1000
nod_cha: 00000000000000000000000000000000
startid: 00000001000000000000000000000019
next_id: 00000000000000000000000000000021
versiid: 00000003201711181458
next_va: 20
val_cha: 1000
nod_cha: 00000000000000000000000000000000
startid: 0000000200000000000000000000001a
next_id: 00000000000000000000000000000021
versiid: 00000003201711181458
next_va: 20
val_cha: 1000
nod_cha: 00000000000000000000000000000000
startid: 0000000000000000000000000000001b
next_id: 00000000000000000000000000000021
versiid: 00000003201711181458
next_va: 20
val_cha: 1000
nod_cha: 00000000000000000000000000000000
startid: 0000000100000000000000000000001c
next_id: 00000000000000000000000000000021
versiid: 00000003201711181458
next_va: 20
val_cha: 1000
nod_cha: 00000000000000000000000000000000
startid: 0000000200000000000000000000001d
next_id: 00000000000000000000000000000021
versiid: 00000003201711181458
next_va: 20
val_cha: 1000
nod_cha: 00000000000000000000000000000000
startid: 0000000000000000000000000000001e
next_id: 00000000000000000000000000000021
versiid: 00000003201711181458
next_va: 20
val_cha: 1000
nod_cha: 00000000000000000000000000000000
startid: 0000000100000000000000000000001f
next_id: 00000000000000000000000000000021
versiid: 00000003201711181458
next_va: 20
val_cha: 1000
nod_cha: 00000000000000000000000000000000
startid: 00000002000000000000000000000020
next_id: 00000000000000000000000000000021
versiid: 00000003201711181458
next_va: 20
val_cha: 1000
nod_cha: 00000000000000000000000000000000
startid: 00000000000000000000000000000021
next_id: 00000000000000000000000000000021
versiid: 00000003201711181458
next_va: 20
val_cha: 1000
nod_cha: 00000000000000000000000000000000
startid: 00000001000000000000000000000022
next_id: 00000000000000000000000000000021
versiid: 00000003201711181458
next_va: 20
val_cha: 1000
nod_cha: 00000000000000000000000000000000
startid: 00000002000000000000000000000023
next_id: 00000000000000000000000000000021
versiid: 00000003201711181458
next_va: 20
val_cha: 1000
nod_cha: 00000000000000000000000000000000
startid: 00000000000000000000000000000024
next_id: 00000000000000000000000000000021
versiid: 00000003201711181458
next_va: 20
val_cha: 1000
nod_cha: 00000000000000000000000000000000
startid: 00000001000000000000000000000025
next_id: 00000000000000000000000000000021
versiid: 00000003201711181458
next_va: 20
val_cha: 1000
nod_cha: 00000000000000000000000000000000
startid: 00000002000000000000000000000026
next_id: 00000000000000000000000000000021
versiid: 00000003201711181458
next_va: 20
val_cha: 1000
nod_cha: 00000000000000000000000000000000
startid: 00000000000000000000000000000027
next_id: 00000000000000000000000000000021
versiid: 00000003201711181458
next_va: 20
val_cha: 1000
nod_cha: 00000000000000000000000000000000
startid: 00000001000000000000000000000028
next_id: 00000000000000000000000000000021
versiid: 00000003201711181458
next_va: 20
val_cha: 1000
nod_cha: 00000000000000000000000000000000
startid: 00000002000000000000000000000029
next_id: 00000000000000000000000000000021
versiid: 00000003201711181458
next_va: 20
val_cha: 1000
nod_cha: 00000000000000000000000000000000
startid: 0000000000000000000000000000002a
next_id: 00000000000000000000000000000021
versiid: 00000003201711181458
next_va: 20
val_cha: 1000
nod_cha: 00000000000000000000000000000000
startid: 0000000100000000000000000000002b
next_id: 00000000000000000000000000000021
versiid: 00000003201711181458
next_va: 20
val_cha: 1000
nod_cha: 00000000000000000000000000000000
startid: 0000000200000000000000000000002c
next_id: 00000000000000000000000000000021
versiid: 00000003201711181458
next_va: 20
val_cha: 1000
nod_cha: 00000000000000000000000000000000
startid: 0000000000000000000000000000002d
next_id: 00000000000000000000000000000021
versiid: 00000003201711181458
next_va: 20
val_cha: 1000
nod_cha: 00000000000000000000000000000000
startid: 0000000100000000000000000000002e
next_id: 00000000000000000000000000000021
versiid: 00000003201711181458
next_va: 20
val_cha: 1000
nod_cha: 00000000000000000000000000000000
startid: 0000000200000000000000000000002f
next_id: 00000000000000000000000000000021
versiid: 00000003201711181458
next_va: 20
val_cha: 1000
nod_cha: 00000000000000000000000000000000
startid: 00000000000000000000000000000030
next_id: 00000000000000000000000000000021
versiid: 00000003201711181458
next_va: 20
val_cha: 1000
nod_cha: 00000000000000000000000000000000
startid: 00000001000000000000000000000031
next_id: 00000000000000000000000000000021
versiid: 00000003201711181458
next_va: 20
val_cha: 1000
nod_cha: 00000000000000000000000000000000
startid: 00000002000000000000000000000032
next_id: 00000000000000000000000000000021
versiid: 00000003201711181458
next_va: 20
val_cha: 1000
nod_cha: 00000000000000000000000000000000
startid: 00000001000000000000000000000001
next_id: 00000000000000000000000000000024
versiid: 00000003201711181458
next_va: 20
val_cha: 1000
nod_cha: 00000000000000000000000000000000
startid: 00000002000000000000000000000002
next_id: 00000000000000000000000000000024
versiid: 00000003201711181458
next_va: 20
val_cha: 1000
nod_cha: 00000000000000000000000000000000
startid: 00000000000000000000000000000003
next_id: 00000000000000000000000000000024
versiid: 00000003201711181458
next_va: 20
val_cha: 1000
nod_cha: 00000000000000000000000000000000
startid: 00000001000000000000000000000004
next_id: 00000000000000000000000000000024
versiid: 00000003201711181458
next_va: 20
val_cha: 1000
nod_cha: 00000000000000000000000000000000
startid: 00000002000000000000000000000005
next_id: 00000000000000000000000000000024
versiid: 00000003201711181458
next_va: 20
val_cha: 1000
nod_cha: 00000000000000000000000000000000
startid: 00000000000000000000000000000006
next_id: 00000000000000000000000000000024
versiid: 00000003201711181458
next_va: 20
val_cha: 1000
nod_cha: 00000000000000000000000000000000
startid: 00000001000000000000000000000007
next_id: 00000000000000000000000000000024
versiid: 00000003201711181458
next_va: 20
val_cha: 1000
nod_cha: 00000000000000000000000000000000
startid: 00000002000000000000000000000008
next_id: 00000000000000000000000000000024
versiid: 00000003201711181458
next_va: 20
val_cha: 1000
nod_cha: 00000000000000000000000000000000
startid: 00000000000000000000000000000009
next_id: 00000000000000000000000000000024
versiid: 00000003201711181458
next_va: 20
val_cha: 1000
nod_cha: 00000000000000000000000000000000
startid: 0000000100000000000000000000000a
next_id: 00000000000000000000000000000024
versiid: 00000003201711181458
next_va: 20
val_cha: 1000
nod_cha: 00000000000000000000000000000000
startid: 0000000200000000000000000000000b
next_id: 00000000000000000000000000000024
versiid: 00000003201711181458
next_va: 20
val_cha: 1000
nod_cha: 00000000000000000000000000000000
startid: 0000000000000000000000000000000c
next_id: 00000000000000000000000000000024
versiid: 00000003201711181458
next_va: 20
val_cha: 1000
nod_cha: 00000000000000000000000000000000
startid: 0000000100000000000000000000000d
next_id: 00000000000000000000000000000024
versiid: 00000003201711181458
next_va: 20
val_cha: 1000
nod_cha: 00000000000000000000000000000000
startid: 0000000200000000000000000000000e
next_id: 00000000000000000000000000000024
versiid: 00000003201711181458
next_va: 20
val_cha: 1000
nod_cha: 00000000000000000000000000000000
startid: 0000000000000000000000000000000f
next_id: 00000000000000000000000000000024
versiid: 00000003201711181458
next_va: 20
val_cha: 1000
nod_cha: 00000000000000000000000000000000
startid: 00000001000000000000000000000010
next_id: 00000000000000000000000000000024
versiid: 00000003201711181458
next_va: 20
val_cha: 1000
nod_cha: 00000000000000000000000000000000
startid: 00000002000000000000000000000011
next_id: 00000000000000000000000000000024
versiid: 00000003201711181458
next_va: 20
val_cha: 1000
nod_cha: 00000000000000000000000000000000
startid: 00000000000000000000000000000012
next_id: 00000000000000000000000000000024
versiid: 00000003201711181458
next_va: 20
val_cha: 1000
nod_cha: 00000000000000000000000000000000
startid: 00000001000000000000000000000013
next_id: 00000000000000000000000000000024
versiid: 00000003201711181458
next_va: 20
val_cha: 1000
nod_cha: 00000000000000000000000000000000
startid: 00000002000000000000000000000014
next_id: 00000000000000000000000000000024
versiid: 00000003201711181458
next_va: 20
val_cha: 1000
nod_cha: 00000000000000000000000000000000
startid: 00000000000000000000000000000015
next_id: 00000000000000000000000000000024
versiid: 00000003201711181458
next_va: 20
val_cha: 1000
nod_cha: 00000000000000000000000000000000
startid: 00000001000000000000000000000016
next_id: 00000000000000000000000000000024
versiid: 00000003201711181458
next_va: 20
val_cha: 1000
nod_cha: 00000000000000000000000000000000
startid: 00000002000000000000000000000017
next_id: 00000000000000000000000000000024
versiid: 00000003201711181458
next_va: 20
val_cha: 1000
nod_cha: 00000000000000000000000000000000
startid: 00000000000000000000000000000018
next_id: 00000000000000000000000000000024
versiid: 00000003201711181458
next_va: 20
val_cha: 1000
nod_cha: 00000000000000000000000000000000
startid: 00000001000000000000000000000019
next_id: 00000000000000000000000000000024
versiid: 00000003201711181458
next_va: 20
val_cha: 1000
nod_cha: 00000000000000000000000000000000
startid: 0000000200000000000000000000001a
next_id: 00000000000000000000000000000024
versiid: 00000003201711181458
next_va: 20
val_cha: 1000
nod_cha: 00000000000000000000000000000000
startid: 0000000000000000000000000000001b
next_id: 00000000000000000000000000000024
versiid: 00000003201711181458
next_va: 20
val_cha: 1000
nod_cha: 00000000000000000000000000000000
startid: 0000000100000000000000000000001c
next_id: 00000000000000000000000000000024
versiid: 00000003201711181458
next_va: 20
val_cha: 1000
nod_cha: 00000000000000000000000000000000
startid: 0000000200000000000000000000001d
next_id: 00000000000000000000000000000024
versiid: 00000003201711181458
next_va: 20
val_cha: 1000
nod_cha: 00000000000000000000000000000000
startid: 0000000000000000000000000000001e
next_id: 00000000000000000000000000000024
versiid: 00000003201711181458
next_va: 20
val_cha: 1000
nod_cha: 00000000000000000000000000000000
startid: 0000000100000000000000000000001f
next_id: 00000000000000000000000000000024
versiid: 00000003201711181458
next_va: 20
val_cha: 1000
nod_cha: 00000000000000000000000000000000
startid: 00000002000000000000000000000020
next_id: 00000000000000000000000000000024
versiid: 00000003201711181458
next_va: 20
val_cha: 1000
nod_cha: 00000000000000000000000000000000
startid: 00000000000000000000000000000021
next_id: 00000000000000000000000000000024
versiid: 00000003201711181458
next_va: 20
val_cha: 1000
nod_cha: 00000000000000000000000000000000
startid: 00000001000000000000000000000022
next_id: 00000000000000000000000000000024
versiid: 00000003201711181458
next_va: 20
val_cha: 1000
nod_cha: 00000000000000000000000000000000
startid: 00000002000000000000000000000023
next_id: 00000000000000000000000000000024
versiid: 00000003201711181458
next_va: 20
val_cha: 1000
nod_cha: 00000000000000000000000000000000
startid: 00000000000000000000000000000024
next_id: 00000000000000000000000000000024
versiid: 00000003201711181458
next_va: 20
val_cha: 1000
nod_cha: 00000000000000000000000000000000
startid: 00000001000000000000000000000025
next_id: 00000000000000000000000000000024
versiid: 00000003201711181458
next_va: 20
val_cha: 1000
nod_cha: 00000000000000000000000000000000
startid: 00000002000000000000000000000026
next_id: 00000000000000000000000000000024
versiid: 00000003201711181458
next_va: 20
val_cha: 1000
nod_cha: 00000000000000000000000000000000
startid: 00000000000000000000000000000027
next_id: 00000000000000000000000000000024
versiid: 00000003201711181458
next_va: 20
val_cha: 1000
nod_cha: 00000000000000000000000000000000
startid: 00000001000000000000000000000028
next_id: 00000000000000000000000000000024
versiid: 00000003201711181458
next_va: 20
val_cha: 1000
nod_cha: 00000000000000000000000000000000
startid: 00000002000000000000000000000029
next_id: 00000000000000000000000000000024
versiid: 00000003201711181458
next_va: 20
val_cha: 1000
nod_cha: 00000000000000000000000000000000
startid: 0000000000000000000000000000002a
next_id: 00000000000000000000000000000024
versiid: 00000003201711181458
next_va: 20
val_cha: 1000
nod_cha: 00000000000000000000000000000000
startid: 0000000100000000000000000000002b
next_id: 00000000000000000000000000000024
versiid: 00000003201711181458
next_va: 20
val_cha: 1000
nod_cha: 00000000000000000000000000000000
startid: 0000000200000000000000000000002c
next_id: 00000000000000000000000000000024
versiid: 00000003201711181458
next_va: 20
val_cha: 1000
nod_cha: 00000000000000000000000000000000
startid: 0000000000000000000000000000002d
next_id: 00000000000000000000000000000024
versiid: 00000003201711181458
next_va: 20
val_cha: 1000
nod_cha: 00000000000000000000000000000000
startid: 0000000100000000000000000000002e
next_id: 00000000000000000000000000000024
versiid: 00000003201711181458
next_va: 20
val_cha: 1000
nod_cha: 00000000000000000000000000000000
startid: 0000000200000000000000000000002f
next_id: 00000000000000000000000000000024
versiid: 00000003201711181458
next_va: 20
val_cha: 1000
nod_cha: 00000000000000000000000000000000
startid: 00000000000000000000000000000030
next_id: 00000000000000000000000000000024
versiid: 00000003201711181458
next_va: 20
val_cha: 1000
nod_cha: 00000000000000000000000000000000
startid: 00000001000000000000000000000031
next_id: 00000000000000000000000000000024
versiid: 00000003201711181458
next_va: 20
val_cha: 1000
nod_cha: 00000000000000000000000000000000
startid: 00000002000000000000000000000032
next_id: 00000000000000000000000000000024
versiid: 00000003201711181458
next_va: 20
val_cha: 1000
nod_cha: 00000000000000000000000000000000
startid: 00000001000000000000000000000001
next_id: 00000000000000000000000000000027
versiid: 00000003201711181458
next_va: 20
val_cha: 1000
nod_cha: 00000000000000000000000000000000
startid: 00000002000000000000000000000002
next_id: 00000000000000000000000000000027
versiid: 00000003201711181458
next_va: 20
val_cha: 1000
nod_cha: 00000000000000000000000000000000
startid: 00000000000000000000000000000003
next_id: 00000000000000000000000000000027
versiid: 00000003201711181458
next_va: 20
val_cha: 1000
nod_cha: 00000000000000000000000000000000
startid: 00000001000000000000000000000004
next_id: 00000000000000000000000000000027
versiid: 00000003201711181458
next_va: 20
val_cha: 1000
nod_cha: 00000000000000000000000000000000
startid: 00000002000000000000000000000005
next_id: 00000000000000000000000000000027
versiid: 00000003201711181458
next_va: 20
val_cha: 1000
nod_cha: 00000000000000000000000000000000
startid: 00000000000000000000000000000006
next_id: 00000000000000000000000000000027
versiid: 00000003201711181458
next_va: 20
val_cha: 1000
nod_cha: 00000000000000000000000000000000
startid: 00000001000000000000000000000007
next_id: 00000000000000000000000000000027
versiid: 00000003201711181458
next_va: 20
val_cha: 1000
nod_cha: 00000000000000000000000000000000
startid: 00000002000000000000000000000008
next_id: 00000000000000000000000000000027
versiid: 00000003201711181458
next_va: 20
val_cha: 1000
nod_cha: 00000000000000000000000000000000
startid: 00000000000000000000000000000009
next_id: 00000000000000000000000000000027
versiid: 00000003201711181458
next_va: 20
val_cha: 1000
nod_cha: 00000000000000000000000000000000
startid: 0000000100000000000000000000000a
next_id: 00000000000000000000000000000027
versiid: 00000003201711181458
next_va: 20
val_cha: 1000
nod_cha: 00000000000000000000000000000000
startid: 0000000200000000000000000000000b
next_id: 00000000000000000000000000000027
versiid: 00000003201711181458
next_va: 20
val_cha: 1000
nod_cha: 00000000000000000000000000000000
startid: 0000000000000000000000000000000c
next_id: 00000000000000000000000000000027
versiid: 00000003201711181458
next_va: 20
val_cha: 1000
nod_cha: 00000000000000000000000000000000
startid: 0000000100000000000000000000000d
next_id: 00000000000000000000000000000027
versiid: 00000003201711181458
next_va: 20
val_cha: 1000
nod_cha: 00000000000000000000000000000000
startid: 0000000200000000000000000000000e
next_id: 00000000000000000000000000000027
versiid: 00000003201711181458
next_va: 20
val_cha: 1000
nod_cha: 00000000000000000000000000000000
startid: 0000000000000000000000000000000f
next_id: 00000000000000000000000000000027
versiid: 00000003201711181458
next_va: 20
val_cha: 1000
nod_cha: 00000000000000000000000000000000
startid: 00000001000000000000000000000010
next_id: 00000000000000000000000000000027
versiid: 00000003201711181458
next_va: 20
val_cha: 1000
nod_cha: 00000000000000000000000000000000
startid: 00000002000000000000000000000011
next_id: 00000000000000000000000000000027
versiid: 00000003201711181458
next_va: 20
val_cha: 1000
nod_cha: 00000000000000000000000000000000
startid: 00000000000000000000000000000012
next_id: 00000000000000000000000000000027
versiid: 00000003201711181458
next_va: 20
val_cha: 1000
nod_cha: 00000000000000000000000000000000
startid: 00000001000000000000000000000013
next_id: 00000000000000000000000000000027
versiid: 00000003201711181458
next_va: 20
val_cha: 1000
nod_cha: 00000000000000000000000000000000
startid: 00000002000000000000000000000014
next_id: 00000000000000000000000000000027
versiid: 00000003201711181458
next_va: 20
val_cha: 1000
nod_cha: 00000000000000000000000000000000
startid: 00000000000000000000000000000015
next_id: 00000000000000000000000000000027
versiid: 00000003201711181458
next_va: 20
val_cha: 1000
nod_cha: 00000000000000000000000000000000
startid: 00000001000000000000000000000016
next_id: 00000000000000000000000000000027
versiid: 00000003201711181458
next_va: 20
val_cha: 1000
nod_cha: 00000000000000000000000000000000
startid: 00000002000000000000000000000017
next_id: 00000000000000000000000000000027
versiid: 00000003201711181458
next_va: 20
val_cha: 1000
nod_cha: 00000000000000000000000000000000
startid: 00000000000000000000000000000018
next_id: 00000000000000000000000000000027
versiid: 00000003201711181458
next_va: 20
val_cha: 1000
nod_cha: 00000000000000000000000000000000
startid: 00000001000000000000000000000019
next_id: 00000000000000000000000000000027
versiid: 00000003201711181458
next_va: 20
val_cha: 1000
nod_cha: 00000000000000000000000000000000
startid: 0000000200000000000000000000001a
next_id: 00000000000000000000000000000027
versiid: 00000003201711181458
next_va: 20
val_cha: 1000
nod_cha: 00000000000000000000000000000000
startid: 0000000000000000000000000000001b
next_id: 00000000000000000000000000000027
versiid: 00000003201711181458
next_va: 20
val_cha: 1000
nod_cha: 00000000000000000000000000000000
startid: 0000000100000000000000000000001c
next_id: 00000000000000000000000000000027
versiid: 00000003201711181458
next_va: 20
val_cha: 1000
nod_cha: 00000000000000000000000000000000
startid: 0000000200000000000000000000001d
next_id: 00000000000000000000000000000027
versiid: 00000003201711181458
next_va: 20
val_cha: 1000
nod_cha: 00000000000000000000000000000000
startid: 0000000000000000000000000000001e
next_id: 00000000000000000000000000000027
versiid: 00000003201711181458
next_va: 20
val_cha: 1000
nod_cha: 00000000000000000000000000000000
startid: 0000000100000000000000000000001f
next_id: 00000000000000000000000000000027
versiid: 00000003201711181458
next_va: 20
val_cha: 1000
nod_cha: 00000000000000000000000000000000
startid: 00000002000000000000000000000020
next_id: 00000000000000000000000000000027
versiid: 00000003201711181458
next_va: 20
val_cha: 1000
nod_cha: 00000000000000000000000000000000
startid: 00000000000000000000000000000021
next_id: 00000000000000000000000000000027
versiid: 00000003201711181458
next_va: 20
val_cha: 1000
nod_cha: 00000000000000000000000000000000
startid: 00000001000000000000000000000022
next_id: 00000000000000000000000000000027
versiid: 00000003201711181458
next_va: 20
val_cha: 1000
nod_cha: 00000000000000000000000000000000
startid: 00000002000000000000000000000023
next_id: 00000000000000000000000000000027
versiid: 00000003201711181458
next_va: 20
val_cha: 1000
nod_cha: 00000000000000000000000000000000
startid: 00000000000000000000000000000024
next_id: 00000000000000000000000000000027
versiid: 00000003201711181458
next_va: 20
val_cha: 1000
nod_cha: 00000000000000000000000000000000
startid: 00000001000000000000000000000025
next_id: 00000000000000000000000000000027
versiid: 00000003201711181458
next_va: 20
val_cha: 1000
nod_cha: 00000000000000000000000000000000
startid: 00000002000000000000000000000026
next_id: 00000000000000000000000000000027
versiid: 00000003201711181458
next_va: 20
val_cha: 1000
nod_cha: 00000000000000000000000000000000
startid: 00000000000000000000000000000027
next_id: 00000000000000000000000000000027
versiid: 00000003201711181458
next_va: 20
val_cha: 1000
nod_cha: 00000000000000000000000000000000
startid: 00000001000000000000000000000028
next_id: 00000000000000000000000000000027
versiid: 00000003201711181458
next_va: 20
val_cha: 1000
nod_cha: 00000000000000000000000000000000
startid: 00000002000000000000000000000029
next_id: 00000000000000000000000000000027
versiid: 00000003201711181458
next_va: 20
val_cha: 1000
nod_cha: 00000000000000000000000000000000
startid: 0000000000000000000000000000002a
next_id: 00000000000000000000000000000027
versiid: 00000003201711181458
next_va: 20
val_cha: 1000
nod_cha: 00000000000000000000000000000000
startid: 0000000100000000000000000000002b
next_id: 00000000000000000000000000000027
versiid: 00000003201711181458
next_va: 20
val_cha: 1000
nod_cha: 00000000000000000000000000000000
startid: 0000000200000000000000000000002c
next_id: 00000000000000000000000000000027
versiid: 00000003201711181458
next_va: 20
val_cha: 1000
nod_cha: 00000000000000000000000000000000
startid: 0000000000000000000000000000002d
next_id: 00000000000000000000000000000027
versiid: 00000003201711181458
next_va: 20
val_cha: 1000
nod_cha: 00000000000000000000000000000000
startid: 0000000100000000000000000000002e
next_id: 00000000000000000000000000000027
versiid: 00000003201711181458
next_va: 20
val_cha: 1000
nod_cha: 00000000000000000000000000000000
startid: 0000000200000000000000000000002f
next_id: 00000000000000000000000000000027
versiid: 00000003201711181458
next_va: 20
val_cha: 1000
nod_cha: 00000000000000000000000000000000
startid: 00000000000000000000000000000030
next_id: 00000000000000000000000000000027
versiid: 00000003201711181458
next_va: 20
val_cha: 1000
nod_cha: 00000000000000000000000000000000
startid: 00000001000000000000000000000031
next_id: 00000000000000000000000000000027
versiid: 00000003201711181458
next_va: 20
val_cha: 1000
nod_cha: 00000000000000000000000000000000
startid: 00000002000000000000000000000032
next_id: 00000000000000000000000000000027
versiid: 00000003201711181458
next_va: 20
val_cha: 1000
nod_cha: 00000000000000000000000000000000
startid: 00000001000000000000000000000001
next_id: 0000000000000000000000000000002a
versiid: 00000003201711181458
next_va: 20
val_cha: 1000
nod_cha: 00000000000000000000000000000000
startid: 00000002000000000000000000000002
next_id: 0000000000000000000000000000002a
versiid: 00000003201711181458
next_va: 20
val_cha: 1000
nod_cha: 00000000000000000000000000000000
startid: 00000000000000000000000000000003
next_id: 0000000000000000000000000000002a
versiid: 00000003201711181458
next_va: 20
val_cha: 1000
nod_cha: 00000000000000000000000000000000
startid: 00000001000000000000000000000004
next_id: 0000000000000000000000000000002a
versiid: 00000003201711181458
next_va: 20
val_cha: 1000
nod_cha: 00000000000000000000000000000000
startid: 00000002000000000000000000000005
next_id: 0000000000000000000000000000002a
versiid: 00000003201711181458
next_va: 20
val_cha: 1000
nod_cha: 00000000000000000000000000000000
startid: 00000000000000000000000000000006
next_id: 0000000000000000000000000000002a
versiid: 00000003201711181458
next_va: 20
val_cha: 1000
nod_cha: 00000000000000000000000000000000
startid: 00000001000000000000000000000007
next_id: 0000000000000000000000000000002a
versiid: 00000003201711181458
next_va: 20
val_cha: 1000
nod_cha: 00000000000000000000000000000000
startid: 00000002000000000000000000000008
next_id: 0000000000000000000000000000002a
versiid: 00000003201711181458
next_va: 20
val_cha: 1000
nod_cha: 00000000000000000000000000000000
startid: 00000000000000000000000000000009
next_id: 0000000000000000000000000000002a
versiid: 00000003201711181458
next_va: 20
val_cha: 1000
nod_cha: 00000000000000000000000000000000
startid: 0000000100000000000000000000000a
next_id: 0000000000000000000000000000002a
versiid: 00000003201711181458
next_va: 20
val_cha: 1000
nod_cha: 00000000000000000000000000000000
startid: 0000000200000000000000000000000b
next_id: 0000000000000000000000000000002a
versiid: 00000003201711181458
next_va: 20
val_cha: 1000
nod_cha: 00000000000000000000000000000000
startid: 0000000000000000000000000000000c
next_id: 0000000000000000000000000000002a
versiid: 00000003201711181458
next_va: 20
val_cha: 1000
nod_cha: 00000000000000000000000000000000
startid: 0000000100000000000000000000000d
next_id: 0000000000000000000000000000002a
versiid: 00000003201711181458
next_va: 20
val_cha: 1000
nod_cha: 00000000000000000000000000000000
startid: 0000000200000000000000000000000e
next_id: 0000000000000000000000000000002a
versiid: 00000003201711181458
next_va: 20
val_cha: 1000
nod_cha: 00000000000000000000000000000000
startid: 0000000000000000000000000000000f
next_id: 0000000000000000000000000000002a
versiid: 00000003201711181458
next_va: 20
val_cha: 1000
nod_cha: 00000000000000000000000000000000
startid: 00000001000000000000000000000010
next_id: 0000000000000000000000000000002a
versiid: 00000003201711181458
next_va: 20
val_cha: 1000
nod_cha: 00000000000000000000000000000000
startid: 00000002000000000000000000000011
next_id: 0000000000000000000000000000002a
versiid: 00000003201711181458
next_va: 20
val_cha: 1000
nod_cha: 00000000000000000000000000000000
startid: 00000000000000000000000000000012
next_id: 0000000000000000000000000000002a
versiid: 00000003201711181458
next_va: 20
val_cha: 1000
nod_cha: 00000000000000000000000000000000
startid: 00000001000000000000000000000013
next_id: 0000000000000000000000000000002a
versiid: 00000003201711181458
next_va: 20
val_cha: 1000
nod_cha: 00000000000000000000000000000000
startid: 00000002000000000000000000000014
next_id: 0000000000000000000000000000002a
versiid: 00000003201711181458
next_va: 20
val_cha: 1000
nod_cha: 00000000000000000000000000000000
startid: 00000000000000000000000000000015
next_id: 0000000000000000000000000000002a
versiid: 00000003201711181458
next_va: 20
val_cha: 1000
nod_cha: 00000000000000000000000000000000
startid: 00000001000000000000000000000016
next_id: 0000000000000000000000000000002a
versiid: 00000003201711181458
next_va: 20
val_cha: 1000
nod_cha: 00000000000000000000000000000000
startid: 00000002000000000000000000000017
next_id: 0000000000000000000000000000002a
versiid: 00000003201711181458
next_va: 20
val_cha: 1000
nod_cha: 00000000000000000000000000000000
startid: 00000000000000000000000000000018
next_id: 0000000000000000000000000000002a
versiid: 00000003201711181458
next_va: 20
val_cha: 1000
nod_cha: 00000000000000000000000000000000
startid: 00000001000000000000000000000019
next_id: 0000000000000000000000000000002a
versiid: 00000003201711181458
next_va: 20
val_cha: 1000
nod_cha: 00000000000000000000000000000000
startid: 0000000200000000000000000000001a
next_id: 0000000000000000000000000000002a
versiid: 00000003201711181458
next_va: 20
val_cha: 1000
nod_cha: 00000000000000000000000000000000
startid: 0000000000000000000000000000001b
next_id: 0000000000000000000000000000002a
versiid: 00000003201711181458
next_va: 20
val_cha: 1000
nod_cha: 00000000000000000000000000000000
startid: 0000000100000000000000000000001c
next_id: 0000000000000000000000000000002a
versiid: 00000003201711181458
next_va: 20
val_cha: 1000
nod_cha: 00000000000000000000000000000000
startid: 0000000200000000000000000000001d
next_id: 0000000000000000000000000000002a
versiid: 00000003201711181458
next_va: 20
val_cha: 1000
nod_cha: 00000000000000000000000000000000
startid: 0000000000000000000000000000001e
next_id: 0000000000000000000000000000002a
versiid: 00000003201711181458
next_va: 20
val_cha: 1000
nod_cha: 00000000000000000000000000000000
startid: 0000000100000000000000000000001f
next_id: 0000000000000000000000000000002a
versiid: 00000003201711181458
next_va: 20
val_cha: 1000
nod_cha: 00000000000000000000000000000000
startid: 00000002000000000000000000000020
next_id: 0000000000000000000000000000002a
versiid: 00000003201711181458
next_va: 20
val_cha: 1000
nod_cha: 00000000000000000000000000000000
startid: 00000000000000000000000000000021
next_id: 0000000000000000000000000000002a
versiid: 00000003201711181458
next_va: 20
val_cha: 1000
nod_cha: 00000000000000000000000000000000
startid: 00000001000000000000000000000022
next_id: 0000000000000000000000000000002a
versiid: 00000003201711181458
next_va: 20
val_cha: 1000
nod_cha: 00000000000000000000000000000000
startid: 00000002000000000000000000000023
next_id: 0000000000000000000000000000002a
versiid: 00000003201711181458
next_va: 20
val_cha: 1000
nod_cha: 00000000000000000000000000000000
startid: 00000000000000000000000000000024
next_id: 0000000000000000000000000000002a
versiid: 00000003201711181458
next_va: 20
val_cha: 1000
nod_cha: 00000000000000000000000000000000
startid: 00000001000000000000000000000025
next_id: 0000000000000000000000000000002a
versiid: 00000003201711181458
next_va: 20
val_cha: 1000
nod_cha: 00000000000000000000000000000000
startid: 00000002000000000000000000000026
next_id: 0000000000000000000000000000002a
versiid: 00000003201711181458
next_va: 20
val_cha: 1000
nod_cha: 00000000000000000000000000000000
startid: 00000000000000000000000000000027
next_id: 0000000000000000000000000000002a
versiid: 00000003201711181458
next_va: 20
val_cha: 1000
nod_cha: 00000000000000000000000000000000
startid: 00000001000000000000000000000028
next_id: 0000000000000000000000000000002a
versiid: 00000003201711181458
next_va: 20
val_cha: 1000
nod_cha: 00000000000000000000000000000000
startid: 00000002000000000000000000000029
next_id: 0000000000000000000000000000002a
versiid: 00000003201711181458
next_va: 20
val_cha: 1000
nod_cha: 00000000000000000000000000000000
startid: 0000000000000000000000000000002a
next_id: 0000000000000000000000000000002a
versiid: 00000003201711181458
next_va: 20
val_cha: 1000
nod_cha: 00000000000000000000000000000000
startid: 0000000100000000000000000000002b
next_id: 0000000000000000000000000000002a
versiid: 00000003201711181458
next_va: 20
val_cha: 1000
nod_cha: 00000000000000000000000000000000
startid: 0000000200000000000000000000002c
next_id: 0000000000000000000000000000002a
versiid: 00000003201711181458
next_va: 20
val_cha: 1000
nod_cha: 00000000000000000000000000000000
startid: 0000000000000000000000000000002d
next_id: 0000000000000000000000000000002a
versiid: 00000003201711181458
next_va: 20
val_cha: 1000
nod_cha: 00000000000000000000000000000000
startid: 0000000100000000000000000000002e
next_id: 0000000000000000000000000000002a
versiid: 00000003201711181458
next_va: 20
val_cha: 1000
nod_cha: 00000000000000000000000000000000
startid: 0000000200000000000000000000002f
next_id: 0000000000000000000000000000002a
versiid: 00000003201711181458
next_va: 20
val_cha: 1000
nod_cha: 00000000000000000000000000000000
startid: 00000000000000000000000000000030
next_id: 0000000000000000000000000000002a
versiid: 00000003201711181458
next_va: 20
val_cha: 1000
nod_cha: 00000000000000000000000000000000
startid: 00000001000000000000000000000031
next_id: 0000000000000000000000000000002a
versiid: 00000003201711181458
next_va: 20
val_cha: 1000
nod_cha: 00000000000000000000000000000000
startid: 00000002000000000000000000000032
next_id: 0000000000000000000000000000002a
versiid: 00000003201711181458
next_va: 20
val_cha: 1000
nod_cha: 00000000000000000000000000000000
startid: 00000001000000000000000000000001
next_id: 0000000000000000000000000000002d
versiid: 00000003201711181458
next_va: 20
val_cha: 1000
nod_cha: 00000000000000000000000000000000
startid: 00000002000000000000000000000002
next_id: 0000000000000000000000000000002d
versiid: 00000003201711181458
next_va: 20
val_cha: 1000
nod_cha: 00000000000000000000000000000000
startid: 00000000000000000000000000000003
next_id: 0000000000000000000000000000002d
versiid: 00000003201711181458
next_va: 20
val_cha: 1000
nod_cha: 00000000000000000000000000000000
startid: 00000001000000000000000000000004
next_id: 0000000000000000000000000000002d
versiid: 00000003201711181458
next_va: 20
val_cha: 1000
nod_cha: 00000000000000000000000000000000
startid: 00000002000000000000000000000005
next_id: 0000000000000000000000000000002d
versiid: 00000003201711181458
next_va: 20
val_cha: 1000
nod_cha: 00000000000000000000000000000000
startid: 00000000000000000000000000000006
next_id: 0000000000000000000000000000002d
versiid: 00000003201711181458
next_va: 20
val_cha: 1000
nod_cha: 00000000000000000000000000000000
startid: 00000001000000000000000000000007
next_id: 0000000000000000000000000000002d
versiid: 00000003201711181458
next_va: 20
val_cha: 1000
nod_cha: 00000000000000000000000000000000
startid: 00000002000000000000000000000008
next_id: 0000000000000000000000000000002d
versiid: 00000003201711181458
next_va: 20
val_cha: 1000
nod_cha: 00000000000000000000000000000000
startid: 00000000000000000000000000000009
next_id: 0000000000000000000000000000002d
versiid: 00000003201711181458
next_va: 20
val_cha: 1000
nod_cha: 00000000000000000000000000000000
startid: 0000000100000000000000000000000a
next_id: 0000000000000000000000000000002d
versiid: 00000003201711181458
next_va: 20
val_cha: 1000
nod_cha: 00000000000000000000000000000000
startid: 0000000200000000000000000000000b
next_id: 0000000000000000000000000000002d
versiid: 00000003201711181458
next_va: 20
val_cha: 1000
nod_cha: 00000000000000000000000000000000
startid: 0000000000000000000000000000000c
next_id: 0000000000000000000000000000002d
versiid: 00000003201711181458
next_va: 20
val_cha: 1000
nod_cha: 00000000000000000000000000000000
startid: 0000000100000000000000000000000d
next_id: 0000000000000000000000000000002d
versiid: 00000003201711181458
next_va: 20
val_cha: 1000
nod_cha: 00000000000000000000000000000000
startid: 0000000200000000000000000000000e
next_id: 0000000000000000000000000000002d
versiid: 00000003201711181458
next_va: 20
val_cha: 1000
nod_cha: 00000000000000000000000000000000
startid: 0000000000000000000000000000000f
next_id: 0000000000000000000000000000002d
versiid: 00000003201711181458
next_va: 20
val_cha: 1000
nod_cha: 00000000000000000000000000000000
startid: 00000001000000000000000000000010
next_id: 0000000000000000000000000000002d
versiid: 00000003201711181458
next_va: 20
val_cha: 1000
nod_cha: 00000000000000000000000000000000
startid: 00000002000000000000000000000011
next_id: 0000000000000000000000000000002d
versiid: 00000003201711181458
next_va: 20
val_cha: 1000
nod_cha: 00000000000000000000000000000000
startid: 00000000000000000000000000000012
next_id: 0000000000000000000000000000002d
versiid: 00000003201711181458
next_va: 20
val_cha: 1000
nod_cha: 00000000000000000000000000000000
startid: 00000001000000000000000000000013
next_id: 0000000000000000000000000000002d
versiid: 00000003201711181458
next_va: 20
val_cha: 1000
nod_cha: 00000000000000000000000000000000
startid: 00000002000000000000000000000014
next_id: 0000000000000000000000000000002d
versiid: 00000003201711181458
next_va: 20
val_cha: 1000
nod_cha: 00000000000000000000000000000000
startid: 00000000000000000000000000000015
next_id: 0000000000000000000000000000002d
versiid: 00000003201711181458
next_va: 20
val_cha: 1000
nod_cha: 00000000000000000000000000000000
startid: 00000001000000000000000000000016
next_id: 0000000000000000000000000000002d
versiid: 00000003201711181458
next_va: 20
val_cha: 1000
nod_cha: 00000000000000000000000000000000
startid: 00000002000000000000000000000017
next_id: 0000000000000000000000000000002d
versiid: 00000003201711181458
next_va: 20
val_cha: 1000
nod_cha: 00000000000000000000000000000000
startid: 00000000000000000000000000000018
next_id: 0000000000000000000000000000002d
versiid: 00000003201711181458
next_va: 20
val_cha: 1000
nod_cha: 00000000000000000000000000000000
startid: 00000001000000000000000000000019
next_id: 0000000000000000000000000000002d
versiid: 00000003201711181458
next_va: 20
val_cha: 1000
nod_cha: 00000000000000000000000000000000
startid: 0000000200000000000000000000001a
next_id: 0000000000000000000000000000002d
versiid: 00000003201711181458
next_va: 20
val_cha: 1000
nod_cha: 00000000000000000000000000000000
startid: 0000000000000000000000000000001b
next_id: 0000000000000000000000000000002d
versiid: 00000003201711181458
next_va: 20
val_cha: 1000
nod_cha: 00000000000000000000000000000000
startid: 0000000100000000000000000000001c
next_id: 0000000000000000000000000000002d
versiid: 00000003201711181458
next_va: 20
val_cha: 1000
nod_cha: 00000000000000000000000000000000
startid: 0000000200000000000000000000001d
next_id: 0000000000000000000000000000002d
versiid: 00000003201711181458
next_va: 20
val_cha: 1000
nod_cha: 00000000000000000000000000000000
startid: 0000000000000000000000000000001e
next_id: 0000000000000000000000000000002d
versiid: 00000003201711181458
next_va: 20
val_cha: 1000
nod_cha: 00000000000000000000000000000000
startid: 0000000100000000000000000000001f
next_id: 0000000000000000000000000000002d
versiid: 00000003201711181458
next_va: 20
val_cha: 1000
nod_cha: 00000000000000000000000000000000
startid: 00000002000000000000000000000020
next_id: 0000000000000000000000000000002d
versiid: 00000003201711181458
next_va: 20
val_cha: 1000
nod_cha: 00000000000000000000000000000000
startid: 00000000000000000000000000000021
next_id: 0000000000000000000000000000002d
versiid: 00000003201711181458
next_va: 20
val_cha: 1000
nod_cha: 00000000000000000000000000000000
startid: 00000001000000000000000000000022
next_id: 0000000000000000000000000000002d
versiid: 00000003201711181458
next_va: 20
val_cha: 1000
nod_cha: 00000000000000000000000000000000
startid: 00000002000000000000000000000023
next_id: 0000000000000000000000000000002d
versiid: 00000003201711181458
next_va: 20
val_cha: 1000
nod_cha: 00000000000000000000000000000000
startid: 00000000000000000000000000000024
next_id: 0000000000000000000000000000002d
versiid: 00000003201711181458
next_va: 20
val_cha: 1000
nod_cha: 00000000000000000000000000000000
startid: 00000001000000000000000000000025
next_id: 0000000000000000000000000000002d
versiid: 00000003201711181458
next_va: 20
val_cha: 1000
nod_cha: 00000000000000000000000000000000
startid: 00000002000000000000000000000026
next_id: 0000000000000000000000000000002d
versiid: 00000003201711181458
next_va: 20
val_cha: 1000
nod_cha: 00000000000000000000000000000000
startid: 00000000000000000000000000000027
next_id: 0000000000000000000000000000002d
versiid: 00000003201711181458
next_va: 20
val_cha: 1000
nod_cha: 00000000000000000000000000000000
startid: 00000001000000000000000000000028
next_id: 0000000000000000000000000000002d
versiid: 00000003201711181458
next_va: 20
val_cha: 1000
nod_cha: 00000000000000000000000000000000
startid: 00000002000000000000000000000029
next_id: 0000000000000000000000000000002d
versiid: 00000003201711181458
next_va: 20
val_cha: 1000
nod_cha: 00000000000000000000000000000000
startid: 0000000000000000000000000000002a
next_id: 0000000000000000000000000000002d
versiid: 00000003201711181458
next_va: 20
val_cha: 1000
nod_cha: 00000000000000000000000000000000
startid: 0000000100000000000000000000002b
next_id: 0000000000000000000000000000002d
versiid: 00000003201711181458
next_va: 20
val_cha: 1000
nod_cha: 00000000000000000000000000000000
startid: 0000000200000000000000000000002c
next_id: 0000000000000000000000000000002d
versiid: 00000003201711181458
next_va: 20
val_cha: 1000
nod_cha: 00000000000000000000000000000000
startid: 0000000000000000000000000000002d
next_id: 0000000000000000000000000000002d
versiid: 00000003201711181458
next_va: 20
val_cha: 1000
nod_cha: 00000000000000000000000000000000
startid: 0000000100000000000000000000002e
next_id: 0000000000000000000000000000002d
versiid: 00000003201711181458
next_va: 20
val_cha: 1000
nod_cha: 00000000000000000000000000000000
startid: 0000000200000000000000000000002f
next_id: 0000000000000000000000000000002d
versiid: 00000003201711181458
next_va: 20
val_cha: 1000
nod_cha: 00000000000000000000000000000000
startid: 00000000000000000000000000000030
next_id: 0000000000000000000000000000002d
versiid: 00000003201711181458
next_va: 20
val_cha: 1000
nod_cha: 00000000000000000000000000000000
startid: 00000001000000000000000000000031
next_id: 0000000000000000000000000000002d
versiid: 00000003201711181458
next_va: 20
val_cha: 1000
nod_cha: 00000000000000000000000000000000
startid: 00000002000000000000000000000032
next_id: 0000000000000000000000000000002d
versiid: 00000003201711181458
next_va: 20
val_cha: 1000
nod_cha: 00000000000000000000000000000000
startid: 00000001000000000000000000000001
next_id: 00000000000000000000000000000030
versiid: 00000003201711181458
next_va: 20
val_cha: 1000
nod_cha: 00000000000000000000000000000000
startid: 00000002000000000000000000000002
next_id: 00000000000000000000000000000030
versiid: 00000003201711181458
next_va: 20
val_cha: 1000
nod_cha: 00000000000000000000000000000000
startid: 00000000000000000000000000000003
next_id: 00000000000000000000000000000030
versiid: 00000003201711181458
next_va: 20
val_cha: 1000
nod_cha: 00000000000000000000000000000000
startid: 00000001000000000000000000000004
next_id: 00000000000000000000000000000030
versiid: 00000003201711181458
next_va: 20
val_cha: 1000
nod_cha: 00000000000000000000000000000000
startid: 00000002000000000000000000000005
next_id: 00000000000000000000000000000030
versiid: 00000003201711181458
next_va: 20
val_cha: 1000
nod_cha: 00000000000000000000000000000000
startid: 00000000000000000000000000000006
next_id: 00000000000000000000000000000030
versiid: 00000003201711181458
next_va: 20
val_cha: 1000
nod_cha: 00000000000000000000000000000000
startid: 00000001000000000000000000000007
next_id: 00000000000000000000000000000030
versiid: 00000003201711181458
next_va: 20
val_cha: 1000
nod_cha: 00000000000000000000000000000000
startid: 00000002000000000000000000000008
next_id: 00000000000000000000000000000030
versiid: 00000003201711181458
next_va: 20
val_cha: 1000
nod_cha: 00000000000000000000000000000000
startid: 00000000000000000000000000000009
next_id: 00000000000000000000000000000030
versiid: 00000003201711181458
next_va: 20
val_cha: 1000
nod_cha: 00000000000000000000000000000000
startid: 0000000100000000000000000000000a
next_id: 00000000000000000000000000000030
versiid: 00000003201711181458
next_va: 20
val_cha: 1000
nod_cha: 00000000000000000000000000000000
startid: 0000000200000000000000000000000b
next_id: 00000000000000000000000000000030
versiid: 00000003201711181458
next_va: 20
val_cha: 1000
nod_cha: 00000000000000000000000000000000
startid: 0000000000000000000000000000000c
next_id: 00000000000000000000000000000030
versiid: 00000003201711181458
next_va: 20
val_cha: 1000
nod_cha: 00000000000000000000000000000000
startid: 0000000100000000000000000000000d
next_id: 00000000000000000000000000000030
versiid: 00000003201711181458
next_va: 20
val_cha: 1000
nod_cha: 00000000000000000000000000000000
startid: 0000000200000000000000000000000e
next_id: 00000000000000000000000000000030
versiid: 00000003201711181458
next_va: 20
val_cha: 1000
nod_cha: 00000000000000000000000000000000
startid: 0000000000000000000000000000000f
next_id: 00000000000000000000000000000030
versiid: 00000003201711181458
next_va: 20
val_cha: 1000
nod_cha: 00000000000000000000000000000000
startid: 00000001000000000000000000000010
next_id: 00000000000000000000000000000030
versiid: 00000003201711181458
next_va: 20
val_cha: 1000
nod_cha: 00000000000000000000000000000000
startid: 00000002000000000000000000000011
next_id: 00000000000000000000000000000030
versiid: 00000003201711181458
next_va: 20
val_cha: 1000
nod_cha: 00000000000000000000000000000000
startid: 00000000000000000000000000000012
next_id: 00000000000000000000000000000030
versiid: 00000003201711181458
next_va: 20
val_cha: 1000
nod_cha: 00000000000000000000000000000000
startid: 00000001000000000000000000000013
next_id: 00000000000000000000000000000030
versiid: 00000003201711181458
next_va: 20
val_cha: 1000
nod_cha: 00000000000000000000000000000000
startid: 00000002000000000000000000000014
next_id: 00000000000000000000000000000030
versiid: 00000003201711181458
next_va: 20
val_cha: 1000
nod_cha: 00000000000000000000000000000000
startid: 00000000000000000000000000000015
next_id: 00000000000000000000000000000030
versiid: 00000003201711181458
next_va: 20
val_cha: 1000
nod_cha: 00000000000000000000000000000000
startid: 00000001000000000000000000000016
next_id: 00000000000000000000000000000030
versiid: 00000003201711181458
next_va: 20
val_cha: 1000
nod_cha: 00000000000000000000000000000000
startid: 00000002000000000000000000000017
next_id: 00000000000000000000000000000030
versiid: 00000003201711181458
next_va: 20
val_cha: 1000
nod_cha: 00000000000000000000000000000000
startid: 00000000000000000000000000000018
next_id: 00000000000000000000000000000030
versiid: 00000003201711181458
next_va: 20
val_cha: 1000
nod_cha: 00000000000000000000000000000000
startid: 00000001000000000000000000000019
next_id: 00000000000000000000000000000030
versiid: 00000003201711181458
next_va: 20
val_cha: 1000
nod_cha: 00000000000000000000000000000000
startid: 0000000200000000000000000000001a
next_id: 00000000000000000000000000000030
versiid: 00000003201711181458
next_va: 20
val_cha: 1000
nod_cha: 00000000000000000000000000000000
startid: 0000000000000000000000000000001b
next_id: 00000000000000000000000000000030
versiid: 00000003201711181458
next_va: 20
val_cha: 1000
nod_cha: 00000000000000000000000000000000
startid: 0000000100000000000000000000001c
next_id: 00000000000000000000000000000030
versiid: 00000003201711181458
next_va: 20
val_cha: 1000
nod_cha: 00000000000000000000000000000000
startid: 0000000200000000000000000000001d
next_id: 00000000000000000000000000000030
versiid: 00000003201711181458
next_va: 20
val_cha: 1000
nod_cha: 00000000000000000000000000000000
startid: 0000000000000000000000000000001e
next_id: 00000000000000000000000000000030
versiid: 00000003201711181458
next_va: 20
val_cha: 1000
nod_cha: 00000000000000000000000000000000
startid: 0000000100000000000000000000001f
next_id: 00000000000000000000000000000030
versiid: 00000003201711181458
next_va: 20
val_cha: 1000
nod_cha: 00000000000000000000000000000000
startid: 00000002000000000000000000000020
next_id: 00000000000000000000000000000030
versiid: 00000003201711181458
next_va: 20
val_cha: 1000
nod_cha: 00000000000000000000000000000000
startid: 00000000000000000000000000000021
next_id: 00000000000000000000000000000030
versiid: 00000003201711181458
next_va: 20
val_cha: 1000
nod_cha: 00000000000000000000000000000000
startid: 00000001000000000000000000000022
next_id: 00000000000000000000000000000030
versiid: 00000003201711181458
next_va: 20
val_cha: 1000
nod_cha: 00000000000000000000000000000000
startid: 00000002000000000000000000000023
next_id: 00000000000000000000000000000030
versiid: 00000003201711181458
next_va: 20
val_cha: 1000
nod_cha: 00000000000000000000000000000000
startid: 00000000000000000000000000000024
next_id: 00000000000000000000000000000030
versiid: 00000003201711181458
next_va: 20
val_cha: 1000
nod_cha: 00000000000000000000000000000000
startid: 00000001000000000000000000000025
next_id: 00000000000000000000000000000030
versiid: 00000003201711181458
next_va: 20
val_cha: 1000
nod_cha: 00000000000000000000000000000000
startid: 00000002000000000000000000000026
next_id: 00000000000000000000000000000030
versiid: 00000003201711181458
next_va: 20
val_cha: 1000
nod_cha: 00000000000000000000000000000000
startid: 00000000000000000000000000000027
next_id: 00000000000000000000000000000030
versiid: 00000003201711181458
next_va: 20
val_cha: 1000
nod_cha: 00000000000000000000000000000000
startid: 00000001000000000000000000000028
next_id: 00000000000000000000000000000030
versiid: 00000003201711181458
next_va: 20
val_cha: 1000
nod_cha: 00000000000000000000000000000000
startid: 00000002000000000000000000000029
next_id: 00000000000000000000000000000030
versiid: 00000003201711181458
next_va: 20
val_cha: 1000
nod_cha: 00000000000000000000000000000000
startid: 0000000000000000000000000000002a
next_id: 00000000000000000000000000000030
versiid: 00000003201711181458
next_va: 20
val_cha: 1000
nod_cha: 00000000000000000000000000000000
startid: 0000000100000000000000000000002b
next_id: 00000000000000000000000000000030
versiid: 00000003201711181458
next_va: 20
val_cha: 1000
nod_cha: 00000000000000000000000000000000
startid: 0000000200000000000000000000002c
next_id: 00000000000000000000000000000030
versiid: 00000003201711181458
next_va: 20
val_cha: 1000
nod_cha: 00000000000000000000000000000000
startid: 0000000000000000000000000000002d
next_id: 00000000000000000000000000000030
versiid: 00000003201711181458
next_va: 20
val_cha: 1000
nod_cha: 00000000000000000000000000000000
startid: 0000000100000000000000000000002e
next_id: 00000000000000000000000000000030
versiid: 00000003201711181458
next_va: 20
val_cha: 1000
nod_cha: 00000000000000000000000000000000
startid: 0000000200000000000000000000002f
next_id: 00000000000000000000000000000030
versiid: 00000003201711181458
next_va: 20
val_cha: 1000
nod_cha: 00000000000000000000000000000000
startid: 00000000000000000000000000000030
next_id: 00000000000000000000000000000030
versiid: 00000003201711181458
next_va: 20
val_cha: 1000
nod_cha: 00000000000000000000000000000000
startid: 00000001000000000000000000000031
next_id: 00000000000000000000000000000030
versiid: 00000003201711181458
next_va: 20
val_cha: 1000
nod_cha: 00000000000000000000000000000000
startid: 00000002000000000000000000000032
next_id: 00000000000000000000000000000030
versiid: 00000003201711181458
next_va: 20
val_cha: 1000
nod_cha: 00000000000000000000000000000000
startid: 00000000000000000000000000000000
next_id: 00000000000000000000000000000000
versiid: 00000003201711181458
next_va: 250
val_cha: 1000
nod_cha: 00000000000000000000000000000003
startid: 00000000000000000000000000000009
next_id: 00000000000000000000000000000000
versiid: 00000003201711181458
next_va: 250
val_cha: 1000
nod_cha: 00000000000000000000000000000003
startid: 00000001000000000000000000000019
next_id: 00000000000000000000000000000000
versiid: 00000003201711181458
next_va: 250
val_cha: 1000
nod_cha: 00000000000000000000000000000003
startid: 0000000200000000000000000000001a
next_id: 00000000000000000000000000000000
versiid: 00000003201711181458
next_va: 250
val_cha: 1000
nod_cha: 00000000000000000000000000000003
startid: 00000000000000000000000000000000
next_id: 00000000000000000000000000000009
versiid: 00000003201711181458
next_va: 250
val_cha: 1000
nod_cha: 00000000000000000000000000000003
startid: 00000000000000000000000000000009
next_id: 00000000000000000000000000000009
versiid: 00000003201711181458
next_va: 250
val_cha: 1000
nod_cha: 00000000000000000000000000000003
startid: 00000001000000000000000000000019
next_id: 00000000000000000000000000000009
versiid: 00000003201711181458
next_va: 250
val_cha: 1000
nod_cha: 00000000000000000000000000000003
startid: 0000000200000000000000000000001a
next_id: 00000000000000000000000000000009
versiid: 00000003201711181458
next_va: 250
val_cha: 1000
nod_cha: 00000000000000000000000000000003
startid: 00000000000000000000000000000000
next_id: 00000000000000000000000000000000
versiid: 00000003201711181458
next_va: 1000
val_cha: 1000
nod_cha: 00000000000000000000000000000006
startid: 00000000000000000000000000000000
next_id: 00000000000000000000000000000000
versiid: 00000003201711181458
next_va: 166.667
val_cha: 1000
nod_cha: 00000000000000000000000000000009
startid: 00000000000000000000000000000003
next_id: 00000000000000000000000000000000
versiid: 00000003201711181458
next_va: 166.667
val_cha: 1000
nod_cha: 00000000000000000000000000000009
startid: 00000000000000000000000000000015
next_id: 00000000000000000000000000000000
versiid: 00000003201711181458
next_va: 166.667
val_cha: 1000
nod_cha: 00000000000000000000000000000009
startid: 00000001000000000000000000000019
next_id: 00000000000000000000000000000000
versiid: 00000003201711181458
next_va: 166.667
val_cha: 1000
nod_cha: 00000000000000000000000000000009
startid: 0000000200000000000000000000001a
next_id: 00000000000000000000000000000000
versiid: 00000003201711181458
next_va: 166.667
val_cha: 1000
nod_cha: 00000000000000000000000000000009
startid: 0000000000000000000000000000001e
next_id: 00000000000000000000000000000000
versiid: 00000003201711181458
next_va: 166.667
val_cha: 1000
nod_cha: 00000000000000000000000000000009
startid: 00000000000000000000000000000000
next_id: 00000000000000000000000000000003
versiid: 00000003201711181458
next_va: 166.667
val_cha: 1000
nod_cha: 00000000000000000000000000000009
startid: 00000000000000000000000000000003
next_id: 00000000000000000000000000000003
versiid: 00000003201711181458
next_va: 166.667
val_cha: 1000
nod_cha: 00000000000000000000000000000009
startid: 00000000000000000000000000000015
next_id: 00000000000000000000000000000003
versiid: 00000003201711181458
next_va: 166.667
val_cha: 1000
nod_cha: 00000000000000000000000000000009
startid: 00000001000000000000000000000019
next_id: 00000000000000000000000000000003
versiid: 00000003201711181458
next_va: 166.667
val_cha: 1000
nod_cha: 00000000000000000000000000000009
startid: 0000000200000000000000000000001a
next_id: 00000000000000000000000000000003
versiid: 00000003201711181458
next_va: 166.667
val_cha: 1000
nod_cha: 00000000000000000000000000000009
startid: 0000000000000000000000000000001e
next_id: 00000000000000000000000000000003
versiid: 00000003201711181458
next_va: 166.667
val_cha: 1000
nod_cha: 00000000000000000000000000000009
startid: 00000000000000000000000000000000
next_id: 00000000000000000000000000000015
versiid: 00000003201711181458
next_va: 166.667
val_cha: 1000
nod_cha: 00000000000000000000000000000009
startid: 00000000000000000000000000000003
next_id: 00000000000000000000000000000015
versiid: 00000003201711181458
next_va: 166.667
val_cha: 1000
nod_cha: 00000000000000000000000000000009
startid: 00000000000000000000000000000015
next_id: 00000000000000000000000000000015
versiid: 00000003201711181458
next_va: 166.667
val_cha: 1000
nod_cha: 00000000000000000000000000000009
startid: 00000001000000000000000000000019
next_id: 00000000000000000000000000000015
versiid: 00000003201711181458
next_va: 166.667
val_cha: 1000
nod_cha: 00000000000000000000000000000009
startid: 0000000200000000000000000000001a
next_id: 00000000000000000000000000000015
versiid: 00000003201711181458
next_va: 166.667
val_cha: 1000
nod_cha: 00000000000000000000000000000009
startid: 0000000000000000000000000000001e
next_id: 00000000000000000000000000000015
versiid: 00000003201711181458
next_va: 166.667
val_cha: 1000
nod_cha: 00000000000000000000000000000009
startid: 00000000000000000000000000000000
next_id: 0000000000000000000000000000001e
versiid: 00000003201711181458
next_va: 166.667
val_cha: 1000
nod_cha: 00000000000000000000000000000009
startid: 00000000000000000000000000000003
next_id: 0000000000000000000000000000001e
versiid: 00000003201711181458
next_va: 166.667
val_cha: 1000
nod_cha: 00000000000000000000000000000009
startid: 00000000000000000000000000000015
next_id: 0000000000000000000000000000001e
versiid: 00000003201711181458
next_va: 166.667
val_cha: 1000
nod_cha: 00000000000000000000000000000009
startid: 00000001000000000000000000000019
next_id: 0000000000000000000000000000001e
versiid: 00000003201711181458
next_va: 166.667
val_cha: 1000
nod_cha: 00000000000000000000000000000009
startid: 0000000200000000000000000000001a
next_id: 0000000000000000000000000000001e
versiid: 00000003201711181458
next_va: 166.667
val_cha: 1000
nod_cha: 00000000000000000000000000000009
startid: 0000000000000000000000000000001e
next_id: 0000000000000000000000000000001e
versiid: 00000003201711181458
next_va: 166.667
val_cha: 1000
nod_cha: 00000000000000000000000000000009
startid: 00000000000000000000000000000000
next_id: 00000000000000000000000000000000
versiid: 00000003201711181458
next_va: 1000
val_cha: 1000
nod_cha: 0000000000000000000000000000000c
startid: 00000000000000000000000000000000
next_id: 00000000000000000000000000000000
versiid: 00000003201711181458
next_va: 1000
val_cha: 1000
nod_cha: 0000000000000000000000000000000f
startid: 00000000000000000000000000000000
next_id: 00000000000000000000000000000000
versiid: 00000003201711181458
next_va: 1000
val_cha: 1000
nod_cha: 00000000000000000000000000000012
startid: 00000000000000000000000000000000
next_id: 00000000000000000000000000000000
versiid: 00000003201711181458
next_va: 125
val_cha: 1000
nod_cha: 00000000000000000000000000000015
startid: 00000000000000000000000000000009
next_id: 00000000000000000000000000000000
versiid: 00000003201711181458
next_va: 125
val_cha: 1000
nod_cha: 00000000000000000000000000000015
startid: 0000000100000000000000000000000d
next_id: 00000000000000000000000000000000
versiid: 00000003201711181458
next_va: 125
val_cha: 1000
nod_cha: 00000000000000000000000000000015
startid: 00000001000000000000000000000019
next_id: 00000000000000000000000000000000
versiid: 00000003201711181458
next_va: 125
val_cha: 1000
nod_cha: 00000000000000000000000000000015
startid: 0000000200000000000000000000001a
next_id: 00000000000000000000000000000000
versiid: 00000003201711181458
next_va: 125
val_cha: 1000
nod_cha: 00000000000000000000000000000015
startid: 0000000100000000000000000000001f
next_id: 00000000000000000000000000000000
versiid: 00000003201711181458
next_va: 125
val_cha: 1000
nod_cha: 00000000000000000000000000000015
startid: 00000000000000000000000000000027
next_id: 00000000000000000000000000000000
versiid: 00000003201711181458
next_va: 125
val_cha: 1000
nod_cha: 00000000000000000000000000000015
startid: 00000001000000000000000000000028
next_id: 00000000000000000000000000000000
versiid: 00000003201711181458
next_va: 125
val_cha: 1000
nod_cha: 00000000000000000000000000000015
startid: 00000000000000000000000000000000
next_id: 00000000000000000000000000000009
versiid: 00000003201711181458
next_va: 125
val_cha: 1000
nod_cha: 00000000000000000000000000000015
startid: 00000000000000000000000000000009
next_id: 00000000000000000000000000000009
versiid: 00000003201711181458
next_va: 125
val_cha: 1000
nod_cha: 00000000000000000000000000000015
startid: 0000000100000000000000000000000d
next_id: 00000000000000000000000000000009
versiid: 00000003201711181458
next_va: 125
val_cha: 1000
nod_cha: 00000000000000000000000000000015
startid: 00000001000000000000000000000019
next_id: 00000000000000000000000000000009
versiid: 00000003201711181458
next_va: 125
val_cha: 1000
nod_cha: 00000000000000000000000000000015
startid: 0000000200000000000000000000001a
next_id: 00000000000000000000000000000009
versiid: 00000003201711181458
next_va: 125
val_cha: 1000
nod_cha: 00000000000000000000000000000015
startid: 0000000100000000000000000000001f
next_id: 00000000000000000000000000000009
versiid: 00000003201711181458
next_va: 125
val_cha: 1000
nod_cha: 00000000000000000000000000000015
startid: 00000000000000000000000000000027
next_id: 00000000000000000000000000000009
versiid: 00000003201711181458
next_va: 125
val_cha: 1000
nod_cha: 00000000000000000000000000000015
startid: 00000001000000000000000000000028
next_id: 00000000000000000000000000000009
versiid: 00000003201711181458
next_va: 125
val_cha: 1000
nod_cha: 00000000000000000000000000000015
startid: 00000000000000000000000000000000
next_id: 00000000000000000000000000000027
versiid: 00000003201711181458
next_va: 125
val_cha: 1000
nod_cha: 00000000000000000000000000000015
startid: 00000000000000000000000000000009
next_id: 00000000000000000000000000000027
versiid: 00000003201711181458
next_va: 125
val_cha: 1000
nod_cha: 00000000000000000000000000000015
startid: 0000000100000000000000000000000d
next_id: 00000000000000000000000000000027
versiid: 00000003201711181458
next_va: 125
val_cha: 1000
nod_cha: 00000000000000000000000000000015
startid: 00000001000000000000000000000019
next_id: 00000000000000000000000000000027
versiid: 00000003201711181458
next_va: 125
val_cha: 1000
nod_cha: 00000000000000000000000000000015
startid: 0000000200000000000000000000001a
next_id: 00000000000000000000000000000027
versiid: 00000003201711181458
next_va: 125
val_cha: 1000
nod_cha: 00000000000000000000000000000015
startid: 0000000100000000000000000000001f
next_id: 00000000000000000000000000000027
versiid: 00000003201711181458
next_va: 125
val_cha: 1000
nod_cha: 00000000000000000000000000000015
startid: 00000000000000000000000000000027
next_id: 00000000000000000000000000000027
versiid: 00000003201711181458
next_va: 125
val_cha: 1000
nod_cha: 00000000000000000000000000000015
startid: 00000001000000000000000000000028
next_id: 00000000000000000000000000000027
versiid: 00000003201711181458
next_va: 125
val_cha: 1000
nod_cha: 00000000000000000000000000000015
startid: 00000000000000000000000000000000
next_id: 00000000000000000000000000000000
versiid: 00000003201711181458
next_va: 1000
val_cha: 1000
nod_cha: 00000000000000000000000000000018
startid: 00000000000000000000000000000000
next_id: 00000000000000000000000000000000
versiid: 00000003201711181458
next_va: 1000
val_cha: 1000
nod_cha: 0000000000000000000000000000001b
startid: 00000000000000000000000000000000
next_id: 00000000000000000000000000000000
versiid: 00000003201711181458
next_va: 333.333
val_cha: 1000
nod_cha: 0000000000000000000000000000001e
startid: 00000000000000000000000000000009
next_id: 00000000000000000000000000000000
versiid: 00000003201711181458
next_va: 333.333
val_cha: 1000
nod_cha: 0000000000000000000000000000001e
startid: 00000000000000000000000000000030
next_id: 00000000000000000000000000000000
versiid: 00000003201711181458
next_va: 333.333
val_cha: 1000
nod_cha: 0000000000000000000000000000001e
startid: 00000000000000000000000000000000
next_id: 00000000000000000000000000000009
versiid: 00000003201711181458
next_va: 333.333
val_cha: 1000
nod_cha: 0000000000000000000000000000001e
startid: 00000000000000000000000000000009
next_id: 00000000000000000000000000000009
versiid: 00000003201711181458
next_va: 333.333
val_cha: 1000
nod_cha: 0000000000000000000000000000001e
startid: 00000000000000000000000000000030
next_id: 00000000000000000000000000000009
versiid: 00000003201711181458
next_va: 333.333
val_cha: 1000
nod_cha: 0000000000000000000000000000001e
startid: 00000000000000000000000000000000
next_id: 00000000000000000000000000000030
versiid: 00000003201711181458
next_va: 333.333
val_cha: 1000
nod_cha: 0000000000000000000000000000001e
startid: 00000000000000000000000000000009
next_id: 00000000000000000000000000000030
versiid: 00000003201711181458
next_va: 333.333
val_cha: 1000
nod_cha: 0000000000000000000000000000001e
startid: 00000000000000000000000000000030
next_id: 00000000000000000000000000000030
versiid: 00000003201711181458
next_va: 333.333
val_cha: 1000
nod_cha: 0000000000000000000000000000001e
startid: 00000000000000000000000000000000
next_id: 00000000000000000000000000000000
versiid: 00000003201711181458
next_va: 500
val_cha: 1000
nod_cha: 00000000000000000000000000000021
startid: 0000000000000000000000000000002a
next_id: 00000000000000000000000000000000
versiid: 00000003201711181458
next_va: 500
val_cha: 1000
nod_cha: 00000000000000000000000000000021
startid: 00000000000000000000000000000000
next_id: 0000000000000000000000000000002a
versiid: 00000003201711181458
next_va: 500
val_cha: 1000
nod_cha: 00000000000000000000000000000021
startid: 0000000000000000000000000000002a
next_id: 0000000000000000000000000000002a
versiid: 00000003201711181458
next_va: 500
val_cha: 1000
nod_cha: 00000000000000000000000000000021
startid: 00000000000000000000000000000000
next_id: 00000000000000000000000000000000
versiid: 00000003201711181458
next_va: 1000
val_cha: 1000
nod_cha: 00000000000000000000000000000024
startid: 00000000000000000000000000000000
next_id: 00000000000000000000000000000000
versiid: 00000003201711181458
next_va: 333.333
val_cha: 1000
nod_cha: 00000000000000000000000000000027
startid: 00000000000000000000000000000015
next_id: 00000000000000000000000000000000
versiid: 00000003201711181458
next_va: 333.333
val_cha: 1000
nod_cha: 00000000000000000000000000000027
startid: 00000001000000000000000000000019
next_id: 00000000000000000000000000000000
versiid: 00000003201711181458
next_va: 333.333
val_cha: 1000
nod_cha: 00000000000000000000000000000027
startid: 00000000000000000000000000000000
next_id: 00000000000000000000000000000015
versiid: 00000003201711181458
next_va: 333.333
val_cha: 1000
nod_cha: 00000000000000000000000000000027
startid: 00000000000000000000000000000015
next_id: 00000000000000000000000000000015
versiid: 00000003201711181458
next_va: 333.333
val_cha: 1000
nod_cha: 00000000000000000000000000000027
startid: 00000001000000000000000000000019
next_id: 00000000000000000000000000000015
versiid: 00000003201711181458
next_va: 333.333
val_cha: 1000
nod_cha: 00000000000000000000000000000027
startid: 00000000000000000000000000000000
next_id: 00000000000000000000000000000000
versiid: 00000003201711181458
next_va: 500
val_cha: 1000
nod_cha: 0000000000000000000000000000002a
startid: 00000000000000000000000000000021
next_id: 00000000000000000000000000000000
versiid: 00000003201711181458
next_va: 500
val_cha: 1000
nod_cha: 0000000000000000000000000000002a
startid: 00000000000000000000000000000000
next_id: 00000000000000000000000000000021
versiid: 00000003201711181458
next_va: 500
val_cha: 1000
nod_cha: 0000000000000000000000000000002a
startid: 00000000000000000000000000000021
next_id: 00000000000000000000000000000021
versiid: 00000003201711181458
next_va: 500
val_cha: 1000
nod_cha: 0000000000000000000000000000002a
startid: 00000000000000000000000000000000
next_id: 00000000000000000000000000000000
versiid: 00000003201711181458
next_va: 1000
val_cha: 1000
nod_cha: 0000000000000000000000000000002d
startid: 00000000000000000000000000000000
next_id: 00000000000000000000000000000000
versiid: 00000003201711181458
next_va: 333.333
val_cha: 1000
nod_cha: 00000000000000000000000000000030
startid: 00000001000000000000000000000001
next_id: 00000000000000000000000000000000
versiid: 00000003201711181458
next_va: 333.333
val_cha: 1000
nod_cha: 00000000000000000000000000000030
startid: 0000000000000000000000000000001e
next_id: 00000000000000000000000000000000
versiid: 00000003201711181458
next_va: 333.333
val_cha: 1000
nod_cha: 00000000000000000000000000000030
startid: 00000000000000000000000000000000
next_id: 0000000000000000000000000000001e
versiid: 00000003201711181458
next_va: 333.333
val_cha: 1000
nod_cha: 00000000000000000000000000000030
startid: 00000001000000000000000000000001
next_id: 0000000000000000000000000000001e
versiid: 00000003201711181458
next_va: 333.333
val_cha: 1000
nod_cha: 00000000000000000000000000000030
startid: 0000000000000000000000000000001e
next_id: 0000000000000000000000000000001e
versiid: 00000003201711181458
next_va: 333.333
val_cha: 1000
nod_cha: 00000000000000000000000000000030
startid: 
next_id: 
versiid: 
next_va: 0
val_cha: 
nod_cha: 
startid: 00000001000000000000000000000001
next_id: 00000000000000000000000000000003
versiid: 00000003201711181458
next_va: 20
val_cha: 1000
nod_cha: 0000000000000000000000
startid: 0000000000000000000002
next_id: 0000000000000000000003
versiid: 1711181458
next_va: 3.14828e-307
val_cha: 00000000000000000000000000000000
nod_cha: 000000000000
startid: 000000000003
next_id: 000000000003
versiid: 
next_va: 1.39804e-76
val_cha: 0000000000000000000000
nod_cha: 00
startid: 04
next_id: 03
versiid: 
next_va: 1.39804e-76
val_cha: 000000000000
nod_cha: 02000000000000000000000005
startid: 00000000000000000000000003
next_id: 03201711181458
versiid: ULL
next_va: 1.39804e-76
val_cha: 00
nod_cha: 0000000000000006
startid: 0000000000000003
next_id: 1458
versiid: 00000000000000000000000000
next_va: 1.39804e-76
val_cha: 01000000000000000000000007
nod_cha: 000007
startid: 000003
next_id: 
versiid: 0000000000000000
next_va: 1.39804e-76
val_cha: 0000000000000008
nod_cha: 000000000000000000000000000003
startid: 000003201711181458
next_id: 00
versiid: 000000
next_va: 1.39804e-76
val_cha: 000009
nod_cha: 00000000000000000003
startid: 11181458
next_id: 000000000000000000000000000000
versiid: 00000100000000000000000000000a
next_va: 1.38179e-76
val_cha: 000000000000000000000000000003
nod_cha: 0000000003
startid: 
next_id: 00000000000000000000
versiid: 0000000000000000000b
next_va: 1.39804e-76
val_cha: 00000000000000000003
nod_cha: 
startid: 4@1000
next_id: 0000000000
versiid: 000000000c
next_va: 1.39804e-76
val_cha: 0000000003
nod_cha: 201711181458
startid: L
next_id: 
versiid: 
next_va: 3.93514e-62
val_cha: 
nod_cha: 58
startid: 000000000000000000000000
next_id: 00000000000000000000000e
versiid: 000000000000000000000003
next_va: 3.93514e-62
val_cha: 201711181458
nod_cha: 
startid: 00000000000000
next_id: 0000000000000f
versiid: 00000000000003
next_va: 2.74322e-57
val_cha: 58
nod_cha: 
startid: 0000
next_id: 0010
versiid: 0003
next_va: 0
val_cha: 
nod_cha: 0000000000000000000000000000
startid: 0002000000000000000000000011
next_id: 0000000000000000000000000003
versiid: 0003201711181458
next_va: 1.39804e-76
val_cha: 
nod_cha: 000000000000000000
startid: 000000000000000012
next_id: 000000000000000003
versiid: 181458
next_va: 1.39804e-76
val_cha: 0000000000000000000000000000
nod_cha: 00000000
startid: 00000013
next_id: 00000003
versiid: 
next_va: 1.39804e-76
val_cha: 000000000000000000
nod_cha: 00000002000000000000000000000014
startid: 00000000000000000000000000000003
next_id: 00000003201711181458
versiid: 1000
next_va: 1.39804e-76
val_cha: 00000000
nod_cha: 0000000000000000000015
startid: 0000000000000000000003
next_id: 1711181458
versiid: 00000000000000000000000000000000
next_va: 2.61773e-310
val_cha: 00000001000000000000000000000016
nod_cha: 000000000016
startid: 000000000003
next_id: 
versiid: 0000000000000000000000
next_va: 1.39872e-76
val_cha: 0000000000000000000017
nod_cha: 17
startid: 03
next_id: 
versiid: 000000000000
next_va: 1.39804e-76
val_cha: 000000000018
nod_cha: 00000000000000000000000003
startid: 03201711181458
next_id: ULL
versiid: 00
next_va: 1.39804e-76
val_cha: 19
nod_cha: 0000000000000003
startid: 1458
next_id: 00000000000000000000000000
versiid: 0200000000000000000000001a
next_va: 1.39804e-76
val_cha: 00000000000000000000000003
nod_cha: 000003
startid: 
next_id: 0000000000000000
versiid: 000000000000001b
next_va: 1.39804e-76
val_cha: 0000000000000003
nod_cha: 000003201711181458
startid: 00
next_id: 000000
versiid: 00001c
next_va: 1.39804e-76
val_cha: 000003
nod_cha: 11181458
startid: 000000000000000000000000000000
next_id: 00000200000000000000000000001d
versiid: 000000000000000000000000000003
next_va: 1.38179e-76
val_cha: 000003201711181458
nod_cha: 
startid: 00000000000000000000
next_id: 0000000000000000001e
versiid: 00000000000000000003
next_va: 7.70749e-43
val_cha: 11181458
nod_cha: 4@1000
startid: 0000000000
next_id: 000000001f
versiid: 0000000003
next_va: 3.05338e-310
val_cha: 
nod_cha: L
startid: 
next_id: 
versiid: 
next_va: 0
val_cha: 4@1000
nod_cha: 000000000000000000000000
startid: 000000000000000000000021
next_id: 000000000000000000000003
versiid: 201711181458
next_va: 5.34927e+59
val_cha: L
nod_cha: 00000000000000
startid: 00000000000022
next_id: 00000000000003
versiid: 58
next_va: 1.39804e-76
val_cha: 000000000000000000000000
nod_cha: 0000
startid: 0023
next_id: 0003
versiid: 
next_va: 1.39804e-76
val_cha: 00000000000000
nod_cha: 0000000000000000000000000024
startid: 0000000000000000000000000003
next_id: 0003201711181458
versiid: 
next_va: 1.39804e-76
val_cha: 0000
nod_cha: 000000000000000025
startid: 000000000000000003
next_id: 181458
versiid: 0000000000000000000000000000
next_va: 1.39804e-76
val_cha: 0002000000000000000000000026
nod_cha: 00000026
startid: 00000003
next_id: 
versiid: 000000000000000000
next_va: 1.39804e-76
val_cha: 000000000000000027
nod_cha: 00000000000000000000000000000003
startid: 00000003201711181458
next_id: 1000
versiid: 00000000
next_va: 1.39804e-76
val_cha: 00000028
nod_cha: 0000000000000000000003
startid: 1711181458
next_id: 00000000000000000000000000000000
versiid: 00000002000000000000000000000029
next_va: 3.10707e-310
val_cha: 00000000000000000000000000000003
nod_cha: 000000000003
startid: 
next_id: 0000000000000000000000
versiid: 000000000000000000002a
next_va: 1.39804e-76
val_cha: 0000000000000000000003
nod_cha: 03
startid: 
next_id: 000000000000
versiid: 00000000002b
next_va: 1.39804e-76
val_cha: 000000000003
nod_cha: 03201711181458
startid: ULL
next_id: 00
versiid: 2c
next_va: 1.39804e-76
val_cha: 03
nod_cha: 1458
startid: 00000000000000000000000000
next_id: 0000000000000000000000002d
versiid: 00000000000000000000000003
next_va: 1.39804e-76
val_cha: 03201711181458
nod_cha: 
startid: 0000000000000000
next_id: 000000000000002e
versiid: 0000000000000003
next_va: 5.05232e-38
val_cha: 1458
nod_cha: 00
startid: 000000
next_id: 00002f
versiid: 000003
next_va: 7.10911e-320
val_cha: 
nod_cha: 000000000000000000000000000000
startid: 000000000000000000000000000030
next_id: 000000000000000000000000000003
versiid: 000003201711181458
next_va: 1.48981e-76
val_cha: 00
nod_cha: 00000000000000000000
startid: 00000000000000000031
next_id: 00000000000000000003
versiid: 11181458
next_va: 1.38189e-76
val_cha: 000000000000000000000000000000
nod_cha: 0000000000
startid: 0000000032
next_id: 0000000003
versiid: 
next_va: 1.39804e-76
val_cha: 00000000000000000000
nod_cha: 
startid: 
next_id: 
versiid: 4@1000
next_va: 1.39804e-76
val_cha: 0000000000
nod_cha: 000000000000000000000002
startid: 000000000000000000000006
next_id: 201711181458
versiid: L
next_va: 1.39804e-76
val_cha: 
nod_cha: 00000000000003
startid: 00000000000006
next_id: 58
versiid: 000000000000000000000000
next_va: 9.16222e-72
val_cha: 000000000000000000000004
nod_cha: 0004
startid: 0006
next_id: 
versiid: 00000000000000
next_va: 1.39804e-76
val_cha: 00000000000005
nod_cha: 0000000000000000000000000006
startid: 0003201711181458
next_id: 
versiid: 0000
next_va: 1.39804e-76
val_cha: 0006
nod_cha: 000000000000000006
startid: 181458
next_id: 0000000000000000000000000000
versiid: 0001000000000000000000000007
next_va: 1.39804e-76
val_cha: 0000000000000000000000000006
nod_cha: 00000006
startid: 
next_id: 000000000000000000
versiid: 000000000000000008
next_va: 1.39804e-76
val_cha: 000000000000000006
nod_cha: 00000003201711181458
startid: 1000
next_id: 00000000
versiid: 00000009
next_va: 1.39804e-76
val_cha: 00000006
nod_cha: 1711181458
startid: 00000000000000000000000000000000
next_id: 0000000100000000000000000000000a
versiid: 00000000000000000000000000000006
next_va: 2.94367e-310
val_cha: 00000003201711181458
nod_cha: 
startid: 0000000000000000000000
next_id: 000000000000000000000b
versiid: 0000000000000000000006
next_va: 1.57178e-76
val_cha: 1711181458
nod_cha: 
startid: 000000000000
next_id: 00000000000c
versiid: 000000000006
next_va: 6.23126e-38
val_cha: 
nod_cha: ULL
startid: 00
next_id: 0d
versiid: 06
next_va: 0
val_cha: 
nod_cha: 00000000000000000000000000
startid: 0200000000000000000000000e
next_id: 00000000000000000000000006
versiid: 03201711181458
next_va: 5.45542e+67
val_cha: ULL
nod_cha: 0000000000000000
startid: 000000000000000f
next_id: 0000000000000006
versiid: 1458
next_va: 1.39804e-76
val_cha: 00000000000000000000000000
nod_cha: 000000
startid: 000010
next_id: 000006
versiid: 
next_va: 1.39804e-76
val_cha: 0000000000000000
nod_cha: 000002000000000000000000000011
startid: 000000000000000000000000000006
next_id: 000003201711181458
versiid: 00
next_va: 1.39804e-76
val_cha: 000000
nod_cha: 00000000000000000012
startid: 00000000000000000006
next_id: 11181458
versiid: 000000000000000000000000000000
next_va: 1.38179e-76
val_cha: 000001000000000000000000000013
nod_cha: 0000000013
startid: 0000000006
next_id: 
versiid: 00000000000000000000
next_va: 1.39804e-76
val_cha: 00000000000000000014
nod_cha: 
startid: 
next_id: 4@1000
versiid: 0000000000
next_va: 1.39804e-76
val_cha: 0000000015
nod_cha: 000000000000000000000006
startid: 201711181458
next_id: L
versiid: 
next_va: 1.17607e-47
val_cha: 
nod_cha: 00000000000006
startid: 58
next_id: 000000000000000000000000
versiid: 000000000000000000000017
next_va: 1.39804e-76
val_cha: 000000000000000000000006
nod_cha: 0006
startid: 
next_id: 00000000000000
versiid: 00000000000018
next_va: 1.39804e-76
val_cha: 00000000000006
nod_cha: 0003201711181458
startid: 
next_id: 0000
versiid: 0019
next_va: 1.39804e-76
val_cha: 0006
nod_cha: 181458
startid: 0000000000000000000000000000
next_id: 000200000000000000000000001a
versiid: 0000000000000000000000000006
next_va: 1.39804e-76
val_cha: 0003201711181458
nod_cha: 
startid: 000000000000000000
next_id: 00000000000000001b
versiid: 000000000000000006
next_va: 9.74368e-72
val_cha: 181458
nod_cha: 1000
startid: 00000000
next_id: 0000001c
versiid: 00000006
next_va: 4.65909e-315
val_cha: 
nod_cha: 00000000000000000000000000000000
startid: 0000000200000000000000000000001d
next_id: 00000000000000000000000000000006
versiid: 00000003201711181458
next_va: 20
val_cha: 1000
nod_cha: 0000000000000000000000
startid: 000000000000000000001e
next_id: 0000000000000000000006
versiid: 1711181458
next_va: 3.14828e-307
val_cha: 00000000000000000000000000000000
nod_cha: 000000000000
startid: 00000000001f
next_id: 000000000006
versiid: 
next_va: 1.39804e-76
val_cha: 0000000000000000000000
nod_cha: 00
startid: 20
next_id: 06
versiid: 
next_va: 1.39804e-76
val_cha: 000000000000
nod_cha: 00000000000000000000000021
startid: 00000000000000000000000006
next_id: 03201711181458
versiid: ULL
next_va: 1.39804e-76
val_cha: 00
nod_cha: 0000000000000022
startid: 0000000000000006
next_id: 1458
versiid: 00000000000000000000000000
next_va: 1.39804e-76
val_cha: 02000000000000000000000023
nod_cha: 000023
startid: 000006
next_id: 
versiid: 0000000000000000
next_va: 1.39804e-76
val_cha: 0000000000000024
nod_cha: 000000000000000000000000000006
startid: 000003201711181458
next_id: 00
versiid: 000000
next_va: 1.39804e-76
val_cha: 000025
nod_cha: 00000000000000000006
startid: 11181458
next_id: 000000000000000000000000000000
versiid: 000002000000000000000000000026
next_va: 1.38179e-76
val_cha: 000000000000000000000000000006
nod_cha: 0000000006
startid: 
next_id: 00000000000000000000
versiid: 00000000000000000027
next_va: 1.39804e-76
val_cha: 00000000000000000006
nod_cha: 
startid: 4@1000
next_id: 0000000000
versiid: 0000000028
next_va: 1.39804e-76
val_cha: 0000000006
nod_cha: 201711181458
startid: L
next_id: 
versiid: 
next_va: 1.10764e-47
val_cha: 
nod_cha: 58
startid: 000000000000000000000000
next_id: 00000000000000000000002a
versiid: 000000000000000000000006
next_va: 3.93514e-62
val_cha: 201711181458
nod_cha: 
startid: 00000000000000
next_id: 0000000000002b
versiid: 00000000000006
next_va: 2.74322e-57
val_cha: 58
nod_cha: 
startid: 0000
next_id: 002c
versiid: 0006
next_va: 0
val_cha: 
nod_cha: 0000000000000000000000000000
startid: 000000000000000000000000002d
next_id: 0000000000000000000000000006
versiid: 0003201711181458
next_va: 1.39804e-76
val_cha: 
nod_cha: 000000000000000000
startid: 00000000000000002e
next_id: 000000000000000006
versiid: 181458
next_va: 1.39804e-76
val_cha: 0000000000000000000000000000
nod_cha: 00000000
startid: 0000002f
next_id: 00000006
versiid: 
next_va: 1.39804e-76
val_cha: 000000000000000000
nod_cha: 00000000000000000000000000000030
startid: 00000000000000000000000000000006
next_id: 00000003201711181458
versiid: 1000
next_va: 1.39804e-76
val_cha: 00000000
nod_cha: 0000000000000000000031
startid: 0000000000000000000006
next_id: 1711181458
versiid: 00000000000000000000000000000000
next_va: 2.61773e-310
val_cha: 00000002000000000000000000000032
nod_cha: 000000000032
startid: 000000000006
next_id: 
versiid: 0000000000000000000000
next_va: 1.39838e-76
val_cha: 0000000000000000000001
nod_cha: 01
startid: 09
next_id: 
versiid: 000000000000
next_va: 1.39804e-76
val_cha: 000000000002
nod_cha: 00000000000000000000000009
startid: 03201711181458
next_id: ULL
versiid: 00
next_va: 1.39804e-76
val_cha: 03
nod_cha: 0000000000000009
startid: 1458
next_id: 00000000000000000000000000
versiid: 01000000000000000000000004
next_va: 1.39804e-76
val_cha: 00000000000000000000000009
nod_cha: 000009
startid: 
next_id: 0000000000000000
versiid: 0000000000000005
next_va: 1.39804e-76
val_cha: 0000000000000009
nod_cha: 000003201711181458
startid: 00
next_id: 000000
versiid: 000006
next_va: 1.39804e-76
val_cha: 000009
nod_cha: 11181458
startid: 000000000000000000000000000000
next_id: 000001000000000000000000000007
versiid: 000000000000000000000000000009
next_va: 1.38179e-76
val_cha: 000003201711181458
nod_cha: 
startid: 00000000000000000000
next_id: 00000000000000000008
versiid: 00000000000000000009
next_va: 7.70749e-43
val_cha: 11181458
nod_cha: 4@1000
startid: 0000000000
next_id: 0000000009
versiid: 0000000009
next_va: 3.05338e-310
val_cha: 
nod_cha: L
startid: 
next_id: 
versiid: 
next_va: 0
val_cha: 4@1000
nod_cha: 000000000000000000000000
startid: 00000000000000000000000b
next_id: 000000000000000000000009
versiid: 201711181458
next_va: 5.34927e+59
val_cha: L
nod_cha: 00000000000000
startid: 0000000000000c
next_id: 00000000000009
versiid: 58
next_va: 1.39804e-76
val_cha: 000000000000000000000000
nod_cha: 0000
startid: 000d
next_id: 0009
versiid: 
next_va: 1.39804e-76
val_cha: 00000000000000
nod_cha: 000200000000000000000000000e
startid: 0000000000000000000000000009
next_id: 0003201711181458
versiid: 
next_va: 1.39804e-76
val_cha: 0000
nod_cha: 00000000000000000f
startid: 000000000000000009
next_id: 181458
versiid: 0000000000000000000000000000
next_va: 1.39804e-76
val_cha: 0001000000000000000000000010
nod_cha: 00000010
startid: 00000009
next_id: 
versiid: 000000000000000000
next_va: 1.39804e-76
val_cha: 000000000000000011
nod_cha: 00000000000000000000000000000009
startid: 00000003201711181458
next_id: 1000
versiid: 00000000
next_va: 1.39804e-76
val_cha: 00000012
nod_cha: 0000000000000000000009
startid: 1711181458
next_id: 00000000000000000000000000000000
versiid: 00000001000000000000000000000013
next_va: 2.78092e-310
val_cha: 00000000000000000000000000000009
nod_cha: 000000000009
startid: 
next_id: 0000000000000000000000
versiid: 0000000000000000000014
next_va: 1.39804e-76
val_cha: 0000000000000000000009
nod_cha: 09
startid: 
next_id: 000000000000
versiid: 000000000015
next_va: 1.39804e-76
val_cha: 000000000009
nod_cha: 03201711181458
startid: ULL
next_id: 00
versiid: 16
next_va: 1.39804e-76
val_cha: 09
nod_cha: 1458
startid: 00000000000000000000000000
next_id: 02000000000000000000000017
versiid: 00000000000000000000000009
next_va: 1.39804e-76
val_cha: 03201711181458
nod_cha: 
startid: 0000000000000000
next_id: 0000000000000018
versiid: 0000000000000009
next_va: 5.05232e-38
val_cha: 1458
nod_cha: 00
startid: 000000
next_id: 000019
versiid: 000009
next_va: 7.10911e-320
val_cha: 
nod_cha: 000000000000000000000000000000
startid: 00000200000000000000000000001a
next_id: 000000000000000000000000000009
versiid: 000003201711181458
next_va: 1.48981e-76
val_cha: 00
nod_cha: 00000000000000000000
startid: 0000000000000000001b
next_id: 00000000000000000009
versiid: 11181458
next_va: 1.38189e-76
val_cha: 000000000000000000000000000000
nod_cha: 0000000000
startid: 000000001c
next_id: 0000000009
versiid: 
next_va: 1.39804e-76
val_cha: 00000000000000000000
nod_cha: 
startid: 
next_id: 
versiid: 4@1000
next_va: 1.39804e-76
val_cha: 0000000000
nod_cha: 00000000000000000000001e
startid: 000000000000000000000009
next_id: 201711181458
versiid: L
next_va: 1.39804e-76
val_cha: 
nod_cha: 0000000000001f
startid: 00000000000009
next_id: 58
versiid: 000000000000000000000000
next_va: 6.00455e-67
val_cha: 000000000000000000000020
nod_cha: 0020
startid: 0009
next_id: 
versiid: 00000000000000
next_va: 1.39804e-76
val_cha: 00000000000021
nod_cha: 0000000000000000000000000009
startid: 0003201711181458
next_id: 
versiid: 0000
next_va: 1.39804e-76
val_cha: 0022
nod_cha: 000000000000000009
startid: 181458
next_id: 0000000000000000000000000000
versiid: 0002000000000000000000000023
next_va: 1.39804e-76
val_cha: 0000000000000000000000000009
nod_cha: 00000009
startid: 
next_id: 000000000000000000
versiid: 000000000000000024
next_va: 1.39804e-76
val_cha: 000000000000000009
nod_cha: 00000003201711181458
startid: 1000
next_id: 00000000
versiid: 00000025
next_va: 1.39804e-76
val_cha: 00000009
nod_cha: 1711181458
startid: 00000000000000000000000000000000
next_id: 00000002000000000000000000000026
versiid: 00000000000000000000000000000009
next_va: 3.10664e-310
val_cha: 00000003201711181458
nod_cha: 
startid: 0000000000000000000000
next_id: 0000000000000000000027
versiid: 0000000000000000000009
next_va: 1.57178e-76
val_cha: 1711181458
nod_cha: 
startid: 000000000000
next_id: 000000000028
versiid: 000000000009
next_va: 6.23126e-38
val_cha: 
nod_cha: ULL
startid: 00
next_id: 29
versiid: 09
next_va: 0
val_cha: 
nod_cha: 00000000000000000000000000
startid: 0000000000000000000000002a
next_id: 00000000000000000000000009
versiid: 03201711181458
next_va: 5.45542e+67
val_cha: ULL
nod_cha: 0000000000000000
startid: 000000000000002b
next_id: 0000000000000009
versiid: 1458
next_va: 1.39804e-76
val_cha: 00000000000000000000000000
nod_cha: 000000
startid: 00002c
next_id: 000009
versiid: 
next_va: 1.39804e-76
val_cha: 0000000000000000
nod_cha: 00000000000000000000000000002d
startid: 000000000000000000000000000009
next_id: 000003201711181458
versiid: 00
next_va: 1.39804e-76
val_cha: 000000
nod_cha: 0000000000000000002e
startid: 00000000000000000009
next_id: 11181458
versiid: 000000000000000000000000000000
next_va: 1.38179e-76
val_cha: 00000200000000000000000000002f
nod_cha: 000000002f
startid: 0000000009
next_id: 
versiid: 00000000000000000000
next_va: 1.39804e-76
val_cha: 00000000000000000030
nod_cha: 
startid: 
next_id: 4@1000
versiid: 0000000000
next_va: 1.39804e-76
val_cha: 0000000031
nod_cha: 000000000000000000000009
startid: 201711181458
next_id: L
versiid: 
next_va: 7.11731e-67
val_cha: 
nod_cha: 00000000000009
startid: 58
next_id: 000000000000000000000000
versiid: 000000000000000000000001
next_va: 1.39804e-76
val_cha: 00000000000000000000000c
nod_cha: 000c
startid: 
next_id: 00000000000000
versiid: 00000000000002
next_va: 1.39804e-76
val_cha: 0000000000000c
nod_cha: 0003201711181458
startid: 
next_id: 0000
versiid: 0003
next_va: 1.39804e-76
val_cha: 000c
nod_cha: 181458
startid: 0000000000000000000000000000
next_id: 0001000000000000000000000004
versiid: 000000000000000000000000000c
next_va: 1.39804e-76
val_cha: 0003201711181458
nod_cha: 
startid: 000000000000000000
next_id: 000000000000000005
versiid: 00000000000000000c
next_va: 9.74368e-72
val_cha: 181458
nod_cha: 1000
startid: 00000000
next_id: 00000006
versiid: 0000000c
next_va: 4.65909e-315
val_cha: 
nod_cha: 00000000000000000000000000000000
startid: 00000001000000000000000000000007
next_id: 0000000000000000000000000000000c
versiid: 00000003201711181458
next_va: 20
val_cha: 1000
nod_cha: 0000000000000000000000
startid: 0000000000000000000008
next_id: 000000000000000000000c
versiid: 1711181458
next_va: 3.14828e-307
val_cha: 00000000000000000000000000000000
nod_cha: 000000000000
startid: 000000000009
next_id: 00000000000c
versiid: 
next_va: 1.39804e-76
val_cha: 0000000000000000000000
nod_cha: 00
startid: 0a
next_id: 0c
versiid: 
next_va: 1.39804e-76
val_cha: 000000000000
nod_cha: 0200000000000000000000000b
startid: 0000000000000000000000000c
next_id: 03201711181458
versiid: ULL
next_va: 1.39804e-76
val_cha: 00
nod_cha: 000000000000000c
startid: 000000000000000c
next_id: 1458
versiid: 00000000000000000000000000
next_va: 1.39804e-76
val_cha: 0100000000000000000000000d
nod_cha: 00000d
startid: 00000c
next_id: 
versiid: 0000000000000000
next_va: 1.39804e-76
val_cha: 000000000000000e
nod_cha: 00000000000000000000000000000c
startid: 000003201711181458
next_id: 00
versiid: 000000
next_va: 1.39804e-76
val_cha: 00000f
nod_cha: 0000000000000000000c
startid: 11181458
next_id: 000000000000000000000000000000
versiid: 000001000000000000000000000010
next_va: 1.38179e-76
val_cha: 00000000000000000000000000000c
nod_cha: 000000000c
startid: 
next_id: 00000000000000000000
versiid: 00000000000000000011
next_va: 1.39804e-76
val_cha: 0000000000000000000c
nod_cha: 
startid: 4@1000
next_id: 0000000000
versiid: 0000000012
next_va: 1.39804e-76
val_cha: 000000000c
nod_cha: 201711181458
startid: L
next_id: 
versiid: 
next_va: 6.10938e+169
val_cha: 
nod_cha: 58
startid: 000000000000000000000000
next_id: 000000000000000000000014
versiid: 00000000000000000000000c
next_va: 3.93514e-62
val_cha: 201711181458
nod_cha: 
startid: 00000000000000
next_id: 00000000000015
versiid: 0000000000000c
next_va: 2.74322e-57
val_cha: 58
nod_cha: 
startid: 0000
next_id: 0016
versiid: 000c
next_va: 0
val_cha: 
nod_cha: 0000000000000000000000000000
startid: 0002000000000000000000000017
next_id: 000000000000000000000000000c
versiid: 0003201711181458
next_va: 1.39804e-76
val_cha: 
nod_cha: 000000000000000000
startid: 000000000000000018
next_id: 00000000000000000c
versiid: 181458
next_va: 1.39804e-76
val_cha: 0000000000000000000000000000
nod_cha: 00000000
startid: 00000019
next_id: 0000000c
versiid: 
next_va: 1.39804e-76
val_cha: 000000000000000000
nod_cha: 0000000200000000000000000000001a
startid: 0000000000000000000000000000000c
next_id: 00000003201711181458
versiid: 1000
next_va: 1.39804e-76
val_cha: 00000000
nod_cha: 000000000000000000001b
startid: 000000000000000000000c
next_id: 1711181458
versiid: 00000000000000000000000000000000
next_va: 2.61773e-310
val_cha: 0000000100000000000000000000001c
nod_cha: 00000000001c
startid: 00000000000c
next_id: 
versiid: 0000000000000000000000
next_va: 1.39872e-76
val_cha: 000000000000000000001d
nod_cha: 1d
startid: 0c
next_id: 
versiid: 000000000000
next_va: 1.39804e-76
val_cha: 00000000001e
nod_cha: 0000000000000000000000000c
startid: 03201711181458
next_id: ULL
versiid: 00
next_va: 1.39804e-76
val_cha: 1f
nod_cha: 000000000000000c
startid: 1458
next_id: 00000000000000000000000000
versiid: 02000000000000000000000020
next_va: 1.39804e-76
val_cha: 0000000000000000000000000c
nod_cha: 00000c
startid: 
next_id: 0000000000000000
versiid: 0000000000000021
next_va: 1.39804e-76
val_cha: 000000000000000c
nod_cha: 000003201711181458
startid: 00
next_id: 000000
versiid: 000022
next_va: 1.39804e-76
val_cha: 00000c
nod_cha: 11181458
startid: 000000000000000000000000000000
next_id: 000002000000000000000000000023
versiid: 00000000000000000000000000000c
next_va: 1.38179e-76
val_cha: 000003201711181458
nod_cha: 
startid: 00000000000000000000
next_id: 00000000000000000024
versiid: 0000000000000000000c
next_va: 7.70749e-43
val_cha: 11181458
nod_cha: 4@1000
startid: 0000000000
next_id: 0000000025
versiid: 000000000c
next_va: 3.05338e-310
val_cha: 
nod_cha: L
startid: 
next_id: 
versiid: 
next_va: 0
val_cha: 4@1000
nod_cha: 000000000000000000000000
startid: 000000000000000000000027
next_id: 00000000000000000000000c
versiid: 201711181458
next_va: 5.34927e+59
val_cha: L
nod_cha: 00000000000000
startid: 00000000000028
next_id: 0000000000000c
versiid: 58
next_va: 1.39804e-76
val_cha: 000000000000000000000000
nod_cha: 0000
startid: 0029
next_id: 000c
versiid: 
next_va: 1.39804e-76
val_cha: 00000000000000
nod_cha: 000000000000000000000000002a
startid: 000000000000000000000000000c
next_id: 0003201711181458
versiid: 
next_va: 1.39804e-76
val_cha: 0000
nod_cha: 00000000000000002b
startid: 00000000000000000c
next_id: 181458
versiid: 0000000000000000000000000000
next_va: 1.39804e-76
val_cha: 000200000000000000000000002c
nod_cha: 0000002c
startid: 0000000c
next_id: 
versiid: 000000000000000000
next_va: 1.39804e-76
val_cha: 00000000000000002d
nod_cha: 0000000000000000000000000000000c
startid: 00000003201711181458
next_id: 1000
versiid: 00000000
next_va: 1.39804e-76
val_cha: 0000002e
nod_cha: 000000000000000000000c
startid: 1711181458
next_id: 00000000000000000000000000000000
versiid: 0000000200000000000000000000002f
next_va: 5.55161e-310
val_cha: 0000000000000000000000000000000c
nod_cha: 00000000000c
startid: 
next_id: 0000000000000000000000
versiid: 0000000000000000000030
next_va: 1.39804e-76
val_cha: 000000000000000000000c
nod_cha: 0c
startid: 
next_id: 000000000000
versiid: 000000000031
next_va: 1.39804e-76
val_cha: 00000000000c
nod_cha: 03201711181458
startid: ULL
next_id: 00
versiid: 32
next_va: 1.39804e-76
val_cha: 0c
nod_cha: 1458
startid: 00000000000000000000000000
next_id: 01000000000000000000000001
versiid: 0000000000000000000000000f
next_va: 1.39804e-76
val_cha: 03201711181458
nod_cha: 
startid: 0000000000000000
next_id: 0000000000000002
versiid: 000000000000000f
next_va: 5.05232e-38
val_cha: 1458
nod_cha: 00
startid: 000000
next_id: 000003
versiid: 00000f
next_va: 7.10911e-320
val_cha: 
nod_cha: 000000000000000000000000000000
startid: 000001000000000000000000000004
next_id: 00000000000000000000000000000f
versiid: 000003201711181458
next_va: 1.48981e-76
val_cha: 00
nod_cha: 00000000000000000000
startid: 00000000000000000005
next_id: 0000000000000000000f
versiid: 11181458
next_va: 1.38189e-76
val_cha: 000000000000000000000000000000
nod_cha: 0000000000
startid: 0000000006
next_id: 000000000f
versiid: 
next_va: 1.39804e-76
val_cha: 00000000000000000000
nod_cha: 
startid: 
next_id: 
versiid: 4@1000
next_va: 1.39804e-76
val_cha: 0000000000
nod_cha: 000000000000000000000008
startid: 00000000000000000000000f
next_id: 201711181458
versiid: L
next_va: 1.39804e-76
val_cha: 
nod_cha: 00000000000009
startid: 0000000000000f
next_id: 58
versiid: 000000000000000000000000
next_va: 9.16222e-72
val_cha: 00000000000000000000000a
nod_cha: 000a
startid: 000f
next_id: 
versiid: 00000000000000
next_va: 1.39804e-76
val_cha: 0000000000000b
nod_cha: 000000000000000000000000000f
startid: 0003201711181458
next_id: 
versiid: 0000
next_va: 1.39804e-76
val_cha: 000c
nod_cha: 00000000000000000f
startid: 181458
next_id: 0000000000000000000000000000
versiid: 000100000000000000000000000d
next_va: 1.39804e-76
val_cha: 000000000000000000000000000f
nod_cha: 0000000f
startid: 
next_id: 000000000000000000
versiid: 00000000000000000e
next_va: 1.39804e-76
val_cha: 00000000000000000f
nod_cha: 00000003201711181458
startid: 1000
next_id: 00000000
versiid: 0000000f
next_va: 1.39804e-76
val_cha: 0000000f
nod_cha: 1711181458
startid: 00000000000000000000000000000000
next_id: 00000001000000000000000000000010
versiid: 0000000000000000000000000000000f
next_va: 5.55118e-310
val_cha: 00000003201711181458
nod_cha: 
startid: 0000000000000000000000
next_id: 0000000000000000000011
versiid: 000000000000000000000f
next_va: 1.57178e-76
val_cha: 1711181458
nod_cha: 
startid: 000000000000
next_id: 000000000012
versiid: 00000000000f
next_va: 6.23126e-38
val_cha: 
nod_cha: ULL
startid: 00
next_id: 13
versiid: 0f
next_va: 0
val_cha: 
nod_cha: 00000000000000000000000000
startid: 02000000000000000000000014
next_id: 0000000000000000000000000f
versiid: 03201711181458
next_va: 5.45542e+67
val_cha: ULL
nod_cha: 0000000000000000
startid: 0000000000000015
next_id: 000000000000000f
versiid: 1458
next_va: 1.39804e-76
val_cha: 00000000000000000000000000
nod_cha: 000000
startid: 000016
next_id: 00000f
versiid: 
next_va: 1.39804e-76
val_cha: 0000000000000000
nod_cha: 000002000000000000000000000017
startid: 00000000000000000000000000000f
next_id: 000003201711181458
versiid: 00
next_va: 1.39804e-76
val_cha: 000000
nod_cha: 00000000000000000018
startid: 0000000000000000000f
next_id: 11181458
versiid: 000000000000000000000000000000
next_va: 1.38179e-76
val_cha: 000001000000000000000000000019
nod_cha: 0000000019
startid: 000000000f
next_id: 
versiid: 00000000000000000000
next_va: 1.39804e-76
val_cha: 0000000000000000001a
nod_cha: 
startid: 
next_id: 4@1000
versiid: 0000000000
next_va: 1.39804e-76
val_cha: 000000001b
nod_cha: 00000000000000000000000f
startid: 201711181458
next_id: L
versiid: 
next_va: 6.48678e+169
val_cha: 
nod_cha: 0000000000000f
startid: 58
next_id: 000000000000000000000000
versiid: 00000000000000000000001d
next_va: 1.39804e-76
val_cha: 00000000000000000000000f
nod_cha: 000f
startid: 
next_id: 00000000000000
versiid: 0000000000001e
next_va: 1.39804e-76
val_cha: 0000000000000f
nod_cha: 0003201711181458
startid: 
next_id: 0000
versiid: 001f
next_va: 1.39804e-76
val_cha: 000f
nod_cha: 181458
startid: 0000000000000000000000000000
next_id: 0002000000000000000000000020
versiid: 000000000000000000000000000f
next_va: 1.39804e-76
val_cha: 0003201711181458
nod_cha: 
startid: 000000000000000000
next_id: 000000000000000021
versiid: 00000000000000000f
next_va: 9.74368e-72
val_cha: 181458
nod_cha: 1000
startid: 00000000
next_id: 00000022
versiid: 0000000f
next_va: 4.65909e-315
val_cha: 
nod_cha: 00000000000000000000000000000000
startid: 00000002000000000000000000000023
next_id: 0000000000000000000000000000000f
versiid: 00000003201711181458
next_va: 20
val_cha: 1000
nod_cha: 0000000000000000000000
startid: 0000000000000000000024
next_id: 000000000000000000000f
versiid: 1711181458
next_va: 3.14828e-307
val_cha: 00000000000000000000000000000000
nod_cha: 000000000000
startid: 000000000025
next_id: 00000000000f
versiid: 
next_va: 1.39804e-76
val_cha: 0000000000000000000000
nod_cha: 00
startid: 26
next_id: 0f
versiid: 
next_va: 1.39804e-76
val_cha: 000000000000
nod_cha: 00000000000000000000000027
startid: 0000000000000000000000000f
next_id: 03201711181458
versiid: ULL
next_va: 1.39804e-76
val_cha: 00
nod_cha: 0000000000000028
startid: 000000000000000f
next_id: 1458
versiid: 00000000000000000000000000
next_va: 1.39804e-76
val_cha: 02000000000000000000000029
nod_cha: 000029
startid: 00000f
next_id: 
versiid: 0000000000000000
next_va: 1.39804e-76
val_cha: 000000000000002a
nod_cha: 00000000000000000000000000000f
startid: 000003201711181458
next_id: 00
versiid: 000000
next_va: 1.39804e-76
val_cha: 00002b
nod_cha: 0000000000000000000f
startid: 11181458
next_id: 000000000000000000000000000000
versiid: 00000200000000000000000000002c
next_va: 1.38179e-76
val_cha: 00000000000000000000000000000f
nod_cha: 000000000f
startid: 
next_id: 00000000000000000000
versiid: 0000000000000000002d
next_va: 1.39804e-76
val_cha: 0000000000000000000f
nod_cha: 
startid: 4@1000
next_id: 0000000000
versiid: 000000002e
next_va: 1.39804e-76
val_cha: 000000000f
nod_cha: 201711181458
startid: L
next_id: 
versiid: 
next_va: 1.71964e+184
val_cha: 
nod_cha: 58
startid: 000000000000000000000000
next_id: 000000000000000000000030
versiid: 00000000000000000000000f
next_va: 3.93514e-62
val_cha: 201711181458
nod_cha: 
startid: 00000000000000
next_id: 00000000000031
versiid: 0000000000000f
next_va: 2.74322e-57
val_cha: 58
nod_cha: 
startid: 0000
next_id: 0032
versiid: 000f
next_va: 0
val_cha: 
nod_cha: 0000000000000000000000000000
startid: 0001000000000000000000000001
next_id: 0000000000000000000000000012
versiid: 0003201711181458
next_va: 1.39804e-76
val_cha: 
nod_cha: 000000000000000000
startid: 000000000000000002
next_id: 000000000000000012
versiid: 181458
next_va: 1.39804e-76
val_cha: 0000000000000000000000000000
nod_cha: 00000000
startid: 00000003
next_id: 00000012
versiid: 
next_va: 1.39804e-76
val_cha: 000000000000000000
nod_cha: 00000001000000000000000000000004
startid: 00000000000000000000000000000012
next_id: 00000003201711181458
versiid: 1000
next_va: 1.39804e-76
val_cha: 00000000
nod_cha: 0000000000000000000005
startid: 0000000000000000000012
next_id: 1711181458
versiid: 00000000000000000000000000000000
next_va: 2.61773e-310
val_cha: 00000000000000000000000000000006
nod_cha: 000000000006
startid: 000000000012
next_id: 
versiid: 0000000000000000000000
next_va: 1.39838e-76
val_cha: 0000000000000000000007
nod_cha: 07
startid: 12
next_id: 
versiid: 000000000000
next_va: 1.39804e-76
val_cha: 000000000008
nod_cha: 00000000000000000000000012
startid: 03201711181458
next_id: ULL
versiid: 00
next_va: 1.39804e-76
val_cha: 09
nod_cha: 0000000000000012
startid: 1458
next_id: 00000000000000000000000000
versiid: 0100000000000000000000000a
next_va: 1.39804e-76
val_cha: 00000000000000000000000012
nod_cha: 000012
startid: 
next_id: 0000000000000000
versiid: 000000000000000b
next_va: 1.39804e-76
val_cha: 0000000000000012
nod_cha: 000003201711181458
startid: 00
next_id: 000000
versiid: 00000c
next_va: 1.39804e-76
val_cha: 000012
nod_cha: 11181458
startid: 000000000000000000000000000000
next_id: 00000100000000000000000000000d
versiid: 000000000000000000000000000012
next_va: 1.38179e-76
val_cha: 000003201711181458
nod_cha: 
startid: 00000000000000000000
next_id: 0000000000000000000e
versiid: 00000000000000000012
next_va: 7.70749e-43
val_cha: 11181458
nod_cha: 4@1000
startid: 0000000000
next_id: 000000000f
versiid: 0000000012
next_va: 3.05338e-310
val_cha: 
nod_cha: L
startid: 
next_id: 
versiid: 
next_va: 0
val_cha: 4@1000
nod_cha: 000000000000000000000000
startid: 000000000000000000000011
next_id: 000000000000000000000012
versiid: 201711181458
next_va: 5.34927e+59
val_cha: L
nod_cha: 00000000000000
startid: 00000000000012
next_id: 00000000000012
versiid: 58
next_va: 1.39804e-76
val_cha: 000000000000000000000000
nod_cha: 0000
startid: 0013
next_id: 0012
versiid: 
next_va: 1.39804e-76
val_cha: 00000000000000
nod_cha: 0002000000000000000000000014
startid: 0000000000000000000000000012
next_id: 0003201711181458
versiid: 
next_va: 1.39804e-76
val_cha: 0000
nod_cha: 000000000000000015
startid: 000000000000000012
next_id: 181458
versiid: 0000000000000000000000000000
next_va: 1.39804e-76
val_cha: 0001000000000000000000000016
nod_cha: 00000016
startid: 00000012
next_id: 
versiid: 000000000000000000
next_va: 1.39804e-76
val_cha: 000000000000000017
nod_cha: 00000000000000000000000000000012
startid: 00000003201711181458
next_id: 1000
versiid: 00000000
next_va: 1.39804e-76
val_cha: 00000018
nod_cha: 0000000000000000000012
startid: 1711181458
next_id: 00000000000000000000000000000000
versiid: 00000001000000000000000000000019
next_va: 3.10685e-310
val_cha: 00000000000000000000000000000012
nod_cha: 000000000012
startid: 
next_id: 0000000000000000000000
versiid: 000000000000000000001a
next_va: 1.39804e-76
val_cha: 0000000000000000000012
nod_cha: 12
startid: 
next_id: 000000000000
versiid: 00000000001b
next_va: 1.39804e-76
val_cha: 000000000012
nod_cha: 03201711181458
startid: ULL
next_id: 00
versiid: 1c
next_va: 1.39804e-76
val_cha: 12
nod_cha: 1458
startid: 00000000000000000000000000
next_id: 0200000000000000000000001d
versiid: 00000000000000000000000012
next_va: 1.39804e-76
val_cha: 03201711181458
nod_cha: 
startid: 0000000000000000
next_id: 000000000000001e
versiid: 0000000000000012
next_va: 5.05232e-38
val_cha: 1458
nod_cha: 00
startid: 000000
next_id: 00001f
versiid: 000012
next_va: 7.10911e-320
val_cha: 
nod_cha: 000000000000000000000000000000
startid: 000002000000000000000000000020
next_id: 000000000000000000000000000012
versiid: 000003201711181458
next_va: 1.48981e-76
val_cha: 00
nod_cha: 00000000000000000000
startid: 00000000000000000021
next_id: 00000000000000000012
versiid: 11181458
next_va: 1.38189e-76
val_cha: 000000000000000000000000000000
nod_cha: 0000000000
startid: 0000000022
next_id: 0000000012
versiid: 
next_va: 1.39804e-76
val_cha: 00000000000000000000
nod_cha: 
startid: 
next_id: 
versiid: 4@1000
next_va: 1.39804e-76
val_cha: 0000000000
nod_cha: 000000000000000000000024
startid: 000000000000000000000012
next_id: 201711181458
versiid: L
next_va: 1.39804e-76
val_cha: 
nod_cha: 00000000000025
startid: 00000000000012
next_id: 58
versiid: 000000000000000000000000
next_va: 6.00455e-67
val_cha: 000000000000000000000026
nod_cha: 0026
startid: 0012
next_id: 
versiid: 00000000000000
next_va: 1.39804e-76
val_cha: 00000000000027
nod_cha: 0000000000000000000000000012
startid: 0003201711181458
next_id: 
versiid: 0000
next_va: 1.39804e-76
val_cha: 0028
nod_cha: 000000000000000012
startid: 181458
next_id: 0000000000000000000000000000
versiid: 0002000000000000000000000029
next_va: 1.39804e-76
val_cha: 0000000000000000000000000012
nod_cha: 00000012
startid: 
next_id: 000000000000000000
versiid: 00000000000000002a
next_va: 1.39804e-76
val_cha: 000000000000000012
nod_cha: 00000003201711181458
startid: 1000
next_id: 00000000
versiid: 0000002b
next_va: 1.39804e-76
val_cha: 00000012
nod_cha: 1711181458
startid: 00000000000000000000000000000000
next_id: 0000000200000000000000000000002c
versiid: 00000000000000000000000000000012
next_va: 2.72659e-310
val_cha: 00000003201711181458
nod_cha: 
startid: 0000000000000000000000
next_id: 000000000000000000002d
versiid: 0000000000000000000012
next_va: 1.57178e-76
val_cha: 1711181458
nod_cha: 
startid: 000000000000
next_id: 00000000002e
versiid: 000000000012
next_va: 6.23126e-38
val_cha: 
nod_cha: ULL
startid: 00
next_id: 2f
versiid: 12
next_va: 0
val_cha: 
nod_cha: 00000000000000000000000000
startid: 00000000000000000000000030
next_id: 00000000000000000000000012
versiid: 03201711181458
next_va: 5.45542e+67
val_cha: ULL
nod_cha: 0000000000000000
startid: 0000000000000031
next_id: 0000000000000012
versiid: 1458
next_va: 1.39804e-76
val_cha: 00000000000000000000000000
nod_cha: 000000
startid: 000032
next_id: 000012
versiid: 
next_va: 1.39804e-76
val_cha: 0000000000000000
nod_cha: 000001000000000000000000000001
startid: 000000000000000000000000000015
next_id: 000003201711181458
versiid: 00
next_va: 1.39804e-76
val_cha: 000000
nod_cha: 00000000000000000002
startid: 00000000000000000015
next_id: 11181458
versiid: 000000000000000000000000000000
next_va: 1.38179e-76
val_cha: 000000000000000000000000000003
nod_cha: 0000000003
startid: 0000000015
next_id: 
versiid: 00000000000000000000
next_va: 1.39804e-76
val_cha: 00000000000000000004
nod_cha: 
startid: 
next_id: 4@1000
versiid: 0000000000
next_va: 1.39804e-76
val_cha: 0000000005
nod_cha: 000000000000000000000015
startid: 201711181458
next_id: L
versiid: 
next_va: 1.10764e-47
val_cha: 
nod_cha: 00000000000015
startid: 58
next_id: 000000000000000000000000
versiid: 000000000000000000000007
next_va: 1.39804e-76
val_cha: 000000000000000000000015
nod_cha: 0015
startid: 
next_id: 00000000000000
versiid: 00000000000008
next_va: 1.39804e-76
val_cha: 00000000000015
nod_cha: 0003201711181458
startid: 
next_id: 0000
versiid: 0009
next_va: 1.39804e-76
val_cha: 0015
nod_cha: 181458
startid: 0000000000000000000000000000
next_id: 000100000000000000000000000a
versiid: 0000000000000000000000000015
next_va: 1.39804e-76
val_cha: 0003201711181458
nod_cha: 
startid: 000000000000000000
next_id: 00000000000000000b
versiid: 000000000000000015
next_va: 9.74368e-72
val_cha: 181458
nod_cha: 1000
startid: 00000000
next_id: 0000000c
versiid: 00000015
next_va: 4.65909e-315
val_cha: 
nod_cha: 00000000000000000000000000000000
startid: 0000000100000000000000000000000d
next_id: 00000000000000000000000000000015
versiid: 00000003201711181458
next_va: 20
val_cha: 1000
nod_cha: 0000000000000000000000
startid: 000000000000000000000e
next_id: 0000000000000000000015
versiid: 1711181458
next_va: 3.14828e-307
val_cha: 00000000000000000000000000000000
nod_cha: 000000000000
startid: 00000000000f
next_id: 000000000015
versiid: 
next_va: 1.39804e-76
val_cha: 0000000000000000000000
nod_cha: 00
startid: 10
next_id: 15
versiid: 
next_va: 1.39804e-76
val_cha: 000000000000
nod_cha: 02000000000000000000000011
startid: 00000000000000000000000015
next_id: 03201711181458
versiid: ULL
next_va: 1.39804e-76
val_cha: 00
nod_cha: 0000000000000012
startid: 0000000000000015
next_id: 1458
versiid: 00000000000000000000000000
next_va: 1.39804e-76
val_cha: 01000000000000000000000013
nod_cha: 000013
startid: 000015
next_id: 
versiid: 0000000000000000
next_va: 1.39804e-76
val_cha: 0000000000000014
nod_cha: 000000000000000000000000000015
startid: 000003201711181458
next_id: 00
versiid: 000000
next_va: 1.39804e-76
val_cha: 000015
nod_cha: 00000000000000000015
startid: 11181458
next_id: 000000000000000000000000000000
versiid: 000001000000000000000000000016
next_va: 1.38179e-76
val_cha: 000000000000000000000000000015
nod_cha: 0000000015
startid: 
next_id: 00000000000000000000
versiid: 00000000000000000017
next_va: 1.39804e-76
val_cha: 00000000000000000015
nod_cha: 
startid: 4@1000
next_id: 0000000000
versiid: 0000000018
next_va: 1.39804e-76
val_cha: 0000000015
nod_cha: 201711181458
startid: L
next_id: 
versiid: 
next_va: 1.79454e-52
val_cha: 
nod_cha: 58
startid: 000000000000000000000000
next_id: 00000000000000000000001a
versiid: 000000000000000000000015
next_va: 3.93514e-62
val_cha: 201711181458
nod_cha: 
startid: 00000000000000
next_id: 0000000000001b
versiid: 00000000000015
next_va: 2.74322e-57
val_cha: 58
nod_cha: 
startid: 0000
next_id: 001c
versiid: 0015
next_va: 0
val_cha: 
nod_cha: 0000000000000000000000000000
startid: 000200000000000000000000001d
next_id: 0000000000000000000000000015
versiid: 0003201711181458
next_va: 1.39804e-76
val_cha: 
nod_cha: 000000000000000000
startid: 00000000000000001e
next_id: 000000000000000015
versiid: 181458
next_va: 1.39804e-76
val_cha: 0000000000000000000000000000
nod_cha: 00000000
startid: 0000001f
next_id: 00000015
versiid: 
next_va: 1.39804e-76
val_cha: 000000000000000000
nod_cha: 00000002000000000000000000000020
startid: 00000000000000000000000000000015
next_id: 00000003201711181458
versiid: 1000
next_va: 1.39804e-76
val_cha: 00000000
nod_cha: 0000000000000000000021
startid: 0000000000000000000015
next_id: 1711181458
versiid: 00000000000000000000000000000000
next_va: 2.61773e-310
val_cha: 00000001000000000000000000000022
nod_cha: 000000000022
startid: 000000000015
next_id: 
versiid: 0000000000000000000000
next_va: 1.39872e-76
val_cha: 0000000000000000000023
nod_cha: 23
startid: 15
next_id: 
versiid: 000000000000
next_va: 1.39804e-76
val_cha: 000000000024
nod_cha: 00000000000000000000000015
startid: 03201711181458
next_id: ULL
versiid: 00
next_va: 1.39804e-76
val_cha: 25
nod_cha: 0000000000000015
startid: 1458
next_id: 00000000000000000000000000
versiid: 02000000000000000000000026
next_va: 1.39804e-76
val_cha: 00000000000000000000000015
nod_cha: 000015
startid: 
next_id: 0000000000000000
versiid: 0000000000000027
next_va: 1.39804e-76
val_cha: 0000000000000015
nod_cha: 000003201711181458
startid: 00
next_id: 000000
versiid: 000028
next_va: 1.39804e-76
val_cha: 000015
nod_cha: 11181458
startid: 000000000000000000000000000000
next_id: 000002000000000000000000000029
versiid: 000000000000000000000000000015
next_va: 1.38179e-76
val_cha: 000003201711181458
nod_cha: 
startid: 00000000000000000000
next_id: 0000000000000000002a
versiid: 00000000000000000015
next_va: 7.70749e-43
val_cha: 11181458
nod_cha: 4@1000
startid: 0000000000
next_id: 000000002b
versiid: 0000000015
next_va: 3.05338e-310
val_cha: 
nod_cha: L
startid: 
next_id: 
versiid: 
next_va: 0
val_cha: 4@1000
nod_cha: 000000000000000000000000
startid: 00000000000000000000002d
next_id: 000000000000000000000015
versiid: 201711181458
next_va: 5.34927e+59
val_cha: L
nod_cha: 00000000000000
startid: 0000000000002e
next_id: 00000000000015
versiid: 58
next_va: 1.39804e-76
val_cha: 000000000000000000000000
nod_cha: 0000
startid: 002f
next_id: 0015
versiid: 
next_va: 1.39804e-76
val_cha: 00000000000000
nod_cha: 0000000000000000000000000030
startid: 0000000000000000000000000015
next_id: 0003201711181458
versiid: 
next_va: 1.39804e-76
val_cha: 0000
nod_cha: 000000000000000031
startid: 000000000000000015
next_id: 181458
versiid: 0000000000000000000000000000
next_va: 1.39804e-76
val_cha: 0002000000000000000000000032
nod_cha: 00000032
startid: 00000015
next_id: 
versiid: 000000000000000000
next_va: 1.39804e-76
val_cha: 000000000000000001
nod_cha: 00000000000000000000000000000018
startid: 00000003201711181458
next_id: 1000
versiid: 00000000
next_va: 1.39804e-76
val_cha: 00000002
nod_cha: 0000000000000000000018
startid: 1711181458
next_id: 00000000000000000000000000000000
versiid: 00000000000000000000000000000003
next_va: 2.7807e-310
val_cha: 00000000000000000000000000000018
nod_cha: 000000000018
startid: 
next_id: 0000000000000000000000
versiid: 0000000000000000000004
next_va: 1.39804e-76
val_cha: 0000000000000000000018
nod_cha: 18
startid: 
next_id: 000000000000
versiid: 000000000005
next_va: 1.39804e-76
val_cha: 000000000018
nod_cha: 03201711181458
startid: ULL
next_id: 00
versiid: 06
next_va: 1.39804e-76
val_cha: 18
nod_cha: 1458
startid: 00000000000000000000000000
next_id: 01000000000000000000000007
versiid: 00000000000000000000000018
next_va: 1.39804e-76
val_cha: 03201711181458
nod_cha: 
startid: 0000000000000000
next_id: 0000000000000008
versiid: 0000000000000018
next_va: 5.05232e-38
val_cha: 1458
nod_cha: 00
startid: 000000
next_id: 000009
versiid: 000018
next_va: 7.10911e-320
val_cha: 
nod_cha: 000000000000000000000000000000
startid: 00000100000000000000000000000a
next_id: 000000000000000000000000000018
versiid: 000003201711181458
next_va: 1.48981e-76
val_cha: 00
nod_cha: 00000000000000000000
startid: 0000000000000000000b
next_id: 00000000000000000018
versiid: 11181458
next_va: 1.38189e-76
val_cha: 000000000000000000000000000000
nod_cha: 0000000000
startid: 000000000c
next_id: 0000000018
versiid: 
next_va: 1.39804e-76
val_cha: 00000000000000000000
nod_cha: 
startid: 
next_id: 
versiid: 4@1000
next_va: 1.39804e-76
val_cha: 0000000000
nod_cha: 00000000000000000000000e
startid: 000000000000000000000018
next_id: 201711181458
versiid: L
next_va: 1.39804e-76
val_cha: 
nod_cha: 0000000000000f
startid: 00000000000018
next_id: 58
versiid: 000000000000000000000000
next_va: 9.16222e-72
val_cha: 000000000000000000000010
nod_cha: 0010
startid: 0018
next_id: 
versiid: 00000000000000
next_va: 1.39804e-76
val_cha: 00000000000011
nod_cha: 0000000000000000000000000018
startid: 0003201711181458
next_id: 
versiid: 0000
next_va: 1.39804e-76
val_cha: 0012
nod_cha: 000000000000000018
startid: 181458
next_id: 0000000000000000000000000000
versiid: 0001000000000000000000000013
next_va: 1.39804e-76
val_cha: 0000000000000000000000000018
nod_cha: 00000018
startid: 
next_id: 000000000000000000
versiid: 000000000000000014
next_va: 1.39804e-76
val_cha: 000000000000000018
nod_cha: 00000003201711181458
startid: 1000
next_id: 00000000
versiid: 00000015
next_va: 1.39804e-76
val_cha: 00000018
nod_cha: 1711181458
startid: 00000000000000000000000000000000
next_id: 00000001000000000000000000000016
versiid: 00000000000000000000000000000018
next_va: 3.05253e-310
val_cha: 00000003201711181458
nod_cha: 
startid: 0000000000000000000000
next_id: 0000000000000000000017
versiid: 0000000000000000000018
next_va: 1.57178e-76
val_cha: 1711181458
nod_cha: 
startid: 000000000000
next_id: 000000000018
versiid: 000000000018
next_va: 6.23126e-38
val_cha: 
nod_cha: ULL
startid: 00
next_id: 19
versiid: 18
next_va: 0
val_cha: 
nod_cha: 00000000000000000000000000
startid: 0200000000000000000000001a
next_id: 00000000000000000000000018
versiid: 03201711181458
next_va: 5.45542e+67
val_cha: ULL
nod_cha: 0000000000000000
startid: 000000000000001b
next_id: 0000000000000018
versiid: 1458
next_va: 1.39804e-76
val_cha: 00000000000000000000000000
nod_cha: 000000
startid: 00001c
next_id: 000018
versiid: 
next_va: 1.39804e-76
val_cha: 0000000000000000
nod_cha: 00000200000000000000000000001d
startid: 000000000000000000000000000018
next_id: 000003201711181458
versiid: 00
next_va: 1.39804e-76
val_cha: 000000
nod_cha: 0000000000000000001e
startid: 00000000000000000018
next_id: 11181458
versiid: 000000000000000000000000000000
next_va: 1.38179e-76
val_cha: 00000100000000000000000000001f
nod_cha: 000000001f
startid: 0000000018
next_id: 
versiid: 00000000000000000000
next_va: 1.39804e-76
val_cha: 00000000000000000020
nod_cha: 
startid: 
next_id: 4@1000
versiid: 0000000000
next_va: 1.39804e-76
val_cha: 0000000021
nod_cha: 000000000000000000000018
startid: 201711181458
next_id: L
versiid: 
next_va: 6.74639e-67
val_cha: 
nod_cha: 00000000000018
startid: 58
next_id: 000000000000000000000000
versiid: 000000000000000000000023
next_va: 1.39804e-76
val_cha: 000000000000000000000018
nod_cha: 0018
startid: 
next_id: 00000000000000
versiid: 00000000000024
next_va: 1.39804e-76
val_cha: 00000000000018
nod_cha: 0003201711181458
startid: 
next_id: 0000
versiid: 0025
next_va: 1.39804e-76
val_cha: 0018
nod_cha: 181458
startid: 0000000000000000000000000000
next_id: 0002000000000000000000000026
versiid: 0000000000000000000000000018
next_va: 1.39804e-76
val_cha: 0003201711181458
nod_cha: 
startid: 000000000000000000
next_id: 000000000000000027
versiid: 000000000000000018
next_va: 9.74368e-72
val_cha: 181458
nod_cha: 1000
startid: 00000000
next_id: 00000028
versiid: 00000018
next_va: 4.65909e-315
val_cha: 
nod_cha: 00000000000000000000000000000000
startid: 00000002000000000000000000000029
next_id: 00000000000000000000000000000018
versiid: 00000003201711181458
next_va: 20
val_cha: 1000
nod_cha: 0000000000000000000000
startid: 000000000000000000002a
next_id: 0000000000000000000018
versiid: 1711181458
next_va: 3.14828e-307
val_cha: 00000000000000000000000000000000
nod_cha: 000000000000
startid: 00000000002b
next_id: 000000000018
versiid: 
next_va: 1.39804e-76
val_cha: 0000000000000000000000
nod_cha: 00
startid: 2c
next_id: 18
versiid: 
next_va: 1.39804e-76
val_cha: 000000000000
nod_cha: 0000000000000000000000002d
startid: 00000000000000000000000018
next_id: 03201711181458
versiid: ULL
next_va: 1.39804e-76
val_cha: 00
nod_cha: 000000000000002e
startid: 0000000000000018
next_id: 1458
versiid: 00000000000000000000000000
next_va: 1.39804e-76
val_cha: 0200000000000000000000002f
nod_cha: 00002f
startid: 000018
next_id: 
versiid: 0000000000000000
next_va: 1.39804e-76
val_cha: 0000000000000030
nod_cha: 000000000000000000000000000018
startid: 000003201711181458
next_id: 00
versiid: 000000
next_va: 1.39804e-76
val_cha: 000031
nod_cha: 00000000000000000018
startid: 11181458
next_id: 000000000000000000000000000000
versiid: 000002000000000000000000000032
next_va: 1.38179e-76
val_cha: 000000000000000000000000000018
nod_cha: 0000000018
startid: 
next_id: 00000000000000000000
versiid: 00000000000000000001
next_va: 1.39804e-76
val_cha: 0000000000000000001b
nod_cha: 
startid: 4@1000
next_id: 0000000000
versiid: 0000000002
next_va: 1.39804e-76
val_cha: 000000001b
nod_cha: 201711181458
startid: L
next_id: 
versiid: 
next_va: 9.89803e+164
val_cha: 
nod_cha: 58
startid: 000000000000000000000000
next_id: 000000000000000000000004
versiid: 00000000000000000000001b
next_va: 3.93514e-62
val_cha: 201711181458
nod_cha: 
startid: 00000000000000
next_id: 00000000000005
versiid: 0000000000001b
next_va: 2.74322e-57
val_cha: 58
nod_cha: 
startid: 0000
next_id: 0006
versiid: 001b
next_va: 0
val_cha: 
nod_cha: 0000000000000000000000000000
startid: 0001000000000000000000000007
next_id: 000000000000000000000000001b
versiid: 0003201711181458
next_va: 1.39804e-76
val_cha: 
nod_cha: 000000000000000000
startid: 000000000000000008
next_id: 00000000000000001b
versiid: 181458
next_va: 1.39804e-76
val_cha: 0000000000000000000000000000
nod_cha: 00000000
startid: 00000009
next_id: 0000001b
versiid: 
next_va: 1.39804e-76
val_cha: 000000000000000000
nod_cha: 0000000100000000000000000000000a
startid: 0000000000000000000000000000001b
next_id: 00000003201711181458
versiid: 1000
next_va: 1.39804e-76
val_cha: 00000000
nod_cha: 000000000000000000000b
startid: 000000000000000000001b
next_id: 1711181458
versiid: 00000000000000000000000000000000
next_va: 2.61773e-310
val_cha: 0000000000000000000000000000000c
nod_cha: 00000000000c
startid: 00000000001b
next_id: 
versiid: 0000000000000000000000
next_va: 1.39838e-76
val_cha: 000000000000000000000d
nod_cha: 0d
startid: 1b
next_id: 
versiid: 000000000000
next_va: 1.39804e-76
val_cha: 00000000000e
nod_cha: 0000000000000000000000001b
startid: 03201711181458
next_id: ULL
versiid: 00
next_va: 1.39804e-76
val_cha: 0f
nod_cha: 000000000000001b
startid: 1458
next_id: 00000000000000000000000000
versiid: 01000000000000000000000010
next_va: 1.39804e-76
val_cha: 0000000000000000000000001b
nod_cha: 00001b
startid: 
next_id: 0000000000000000
versiid: 0000000000000011
next_va: 1.39804e-76
val_cha: 000000000000001b
nod_cha: 000003201711181458
startid: 00
next_id: 000000
versiid: 000012
next_va: 1.39804e-76
val_cha: 00001b
nod_cha: 11181458
startid: 000000000000000000000000000000
next_id: 000001000000000000000000000013
versiid: 00000000000000000000000000001b
next_va: 1.38179e-76
val_cha: 000003201711181458
nod_cha: 
startid: 00000000000000000000
next_id: 00000000000000000014
versiid: 0000000000000000001b
next_va: 7.70749e-43
val_cha: 11181458
nod_cha: 4@1000
startid: 0000000000
next_id: 0000000015
versiid: 000000001b
next_va: 3.05338e-310
val_cha: 
nod_cha: L
startid: 
next_id: 
versiid: 
next_va: 0
val_cha: 4@1000
nod_cha: 000000000000000000000000
startid: 000000000000000000000017
next_id: 00000000000000000000001b
versiid: 201711181458
next_va: 5.34927e+59
val_cha: L
nod_cha: 00000000000000
startid: 00000000000018
next_id: 0000000000001b
versiid: 58
next_va: 1.39804e-76
val_cha: 000000000000000000000000
nod_cha: 0000
startid: 0019
next_id: 001b
versiid: 
next_va: 1.39804e-76
val_cha: 00000000000000
nod_cha: 000200000000000000000000001a
startid: 000000000000000000000000001b
next_id: 0003201711181458
versiid: 
next_va: 1.39804e-76
val_cha: 0000
nod_cha: 00000000000000001b
startid: 00000000000000001b
next_id: 181458
versiid: 0000000000000000000000000000
next_va: 1.39804e-76
val_cha: 000100000000000000000000001c
nod_cha: 0000001c
startid: 0000001b
next_id: 
versiid: 000000000000000000
next_va: 1.39804e-76
val_cha: 00000000000000001d
nod_cha: 0000000000000000000000000000001b
startid: 00000003201711181458
next_id: 1000
versiid: 00000000
next_va: 1.39804e-76
val_cha: 0000001e
nod_cha: 000000000000000000001b
startid: 1711181458
next_id: 00000000000000000000000000000000
versiid: 0000000100000000000000000000001f
next_va: 5.55139e-310
val_cha: 0000000000000000000000000000001b
nod_cha: 00000000001b
startid: 
next_id: 0000000000000000000000
versiid: 0000000000000000000020
next_va: 1.39804e-76
val_cha: 000000000000000000001b
nod_cha: 1b
startid: 
next_id: 000000000000
versiid: 000000000021
next_va: 1.39804e-76
val_cha: 00000000001b
nod_cha: 03201711181458
startid: ULL
next_id: 00
versiid: 22
next_va: 1.39804e-76
val_cha: 1b
nod_cha: 1458
startid: 00000000000000000000000000
next_id: 02000000000000000000000023
versiid: 0000000000000000000000001b
next_va: 1.39804e-76
val_cha: 03201711181458
nod_cha: 
startid: 0000000000000000
next_id: 0000000000000024
versiid: 000000000000001b
next_va: 5.05232e-38
val_cha: 1458
nod_cha: 00
startid: 000000
next_id: 000025
versiid: 00001b
next_va: 7.10911e-320
val_cha: 
nod_cha: 000000000000000000000000000000
startid: 000002000000000000000000000026
next_id: 00000000000000000000000000001b
versiid: 000003201711181458
next_va: 1.48981e-76
val_cha: 00
nod_cha: 00000000000000000000
startid: 00000000000000000027
next_id: 0000000000000000001b
versiid: 11181458
next_va: 1.38189e-76
val_cha: 000000000000000000000000000000
nod_cha: 0000000000
startid: 0000000028
next_id: 000000001b
versiid: 
next_va: 1.39804e-76
val_cha: 00000000000000000000
nod_cha: 
startid: 
next_id: 
versiid: 4@1000
next_va: 1.39804e-76
val_cha: 0000000000
nod_cha: 00000000000000000000002a
startid: 00000000000000000000001b
next_id: 201711181458
versiid: L
next_va: 1.39804e-76
val_cha: 
nod_cha: 0000000000002b
startid: 0000000000001b
next_id: 58
versiid: 000000000000000000000000
next_va: 6.00455e-67
val_cha: 00000000000000000000002c
nod_cha: 002c
startid: 001b
next_id: 
versiid: 00000000000000
next_va: 1.39804e-76
val_cha: 0000000000002d
nod_cha: 000000000000000000000000001b
startid: 0003201711181458
next_id: 
versiid: 0000
next_va: 1.39804e-76
val_cha: 002e
nod_cha: 00000000000000001b
startid: 181458
next_id: 0000000000000000000000000000
versiid: 000200000000000000000000002f
next_va: 1.39804e-76
val_cha: 000000000000000000000000001b
nod_cha: 0000001b
startid: 
next_id: 000000000000000000
versiid: 000000000000000030
next_va: 1.39804e-76
val_cha: 00000000000000001b
nod_cha: 00000003201711181458
startid: 1000
next_id: 00000000
versiid: 00000031
next_va: 1.39804e-76
val_cha: 0000001b
nod_cha: 1711181458
startid: 00000000000000000000000000000000
next_id: 00000002000000000000000000000032
versiid: 0000000000000000000000000000001b
next_va: 5.3341e-310
val_cha: 00000003201711181458
nod_cha: 
startid: 0000000000000000000000
next_id: 0000000000000000000001
versiid: 000000000000000000001e
next_va: 1.57178e-76
val_cha: 1711181458
nod_cha: 
startid: 000000000000
next_id: 000000000002
versiid: 00000000001e
next_va: 6.23126e-38
val_cha: 
nod_cha: ULL
startid: 00
next_id: 03
versiid: 1e
next_va: 0
val_cha: 
nod_cha: 00000000000000000000000000
startid: 01000000000000000000000004
next_id: 0000000000000000000000001e
versiid: 03201711181458
next_va: 5.45542e+67
val_cha: ULL
nod_cha: 0000000000000000
startid: 0000000000000005
next_id: 000000000000001e
versiid: 1458
next_va: 1.39804e-76
val_cha: 00000000000000000000000000
nod_cha: 000000
startid: 000006
next_id: 00001e
versiid: 
next_va: 1.39804e-76
val_cha: 0000000000000000
nod_cha: 000001000000000000000000000007
startid: 00000000000000000000000000001e
next_id: 000003201711181458
versiid: 00
next_va: 1.39804e-76
val_cha: 000000
nod_cha: 00000000000000000008
startid: 0000000000000000001e
next_id: 11181458
versiid: 000000000000000000000000000000
next_va: 1.38179e-76
val_cha: 000000000000000000000000000009
nod_cha: 0000000009
startid: 000000001e
next_id: 
versiid: 00000000000000000000
next_va: 1.39804e-76
val_cha: 0000000000000000000a
nod_cha: 
startid: 
next_id: 4@1000
versiid: 0000000000
next_va: 1.39804e-76
val_cha: 000000000b
nod_cha: 00000000000000000000001e
startid: 201711181458
next_id: L
versiid: 
next_va: 6.10938e+169
val_cha: 
nod_cha: 0000000000001e
startid: 58
next_id: 000000000000000000000000
versiid: 00000000000000000000000d
next_va: 1.39804e-76
val_cha: 00000000000000000000001e
nod_cha: 001e
startid: 
next_id: 00000000000000
versiid: 0000000000000e
next_va: 1.39804e-76
val_cha: 0000000000001e
nod_cha: 0003201711181458
startid: 
next_id: 0000
versiid: 000f
next_va: 1.39804e-76
val_cha: 001e
nod_cha: 181458
startid: 0000000000000000000000000000
next_id: 0001000000000000000000000010
versiid: 000000000000000000000000001e
next_va: 1.39804e-76
val_cha: 0003201711181458
nod_cha: 
startid: 000000000000000000
next_id: 000000000000000011
versiid: 00000000000000001e
next_va: 9.74368e-72
val_cha: 181458
nod_cha: 1000
startid: 00000000
next_id: 00000012
versiid: 0000001e
next_va: 4.65909e-315
val_cha: 
nod_cha: 00000000000000000000000000000000
startid: 00000001000000000000000000000013
next_id: 0000000000000000000000000000001e
versiid: 00000003201711181458
next_va: 20
val_cha: 1000
nod_cha: 0000000000000000000000
startid: 0000000000000000000014
next_id: 000000000000000000001e
versiid: 1711181458
next_va: 3.14828e-307
val_cha: 00000000000000000000000000000000
nod_cha: 000000000000
startid: 000000000015
next_id: 00000000001e
versiid: 
next_va: 1.39804e-76
val_cha: 0000000000000000000000
nod_cha: 00
startid: 16
next_id: 1e
versiid: 
next_va: 1.39804e-76
val_cha: 000000000000
nod_cha: 02000000000000000000000017
startid: 0000000000000000000000001e
next_id: 03201711181458
versiid: ULL
next_va: 1.39804e-76
val_cha: 00
nod_cha: 0000000000000018
startid: 000000000000001e
next_id: 1458
versiid: 00000000000000000000000000
next_va: 1.39804e-76
val_cha: 01000000000000000000000019
nod_cha: 000019
startid: 00001e
next_id: 
versiid: 0000000000000000
next_va: 1.39804e-76
val_cha: 000000000000001a
nod_cha: 00000000000000000000000000001e
startid: 000003201711181458
next_id: 00
versiid: 000000
next_va: 1.39804e-76
val_cha: 00001b
nod_cha: 0000000000000000001e
startid: 11181458
next_id: 000000000000000000000000000000
versiid: 00000100000000000000000000001c
next_va: 1.38179e-76
val_cha: 00000000000000000000000000001e
nod_cha: 000000001e
startid: 
next_id: 00000000000000000000
versiid: 0000000000000000001d
next_va: 1.39804e-76
val_cha: 0000000000000000001e
nod_cha: 
startid: 4@1000
next_id: 0000000000
versiid: 000000001e
next_va: 1.39804e-76
val_cha: 000000001e
nod_cha: 201711181458
startid: L
next_id: 
versiid: 
next_va: 2.78605e+179
val_cha: 
nod_cha: 58
startid: 000000000000000000000000
next_id: 000000000000000000000020
versiid: 00000000000000000000001e
next_va: 3.93514e-62
val_cha: 201711181458
nod_cha: 
startid: 00000000000000
next_id: 00000000000021
versiid: 0000000000001e
next_va: 2.74322e-57
val_cha: 58
nod_cha: 
startid: 0000
next_id: 0022
versiid: 001e
next_va: 0
val_cha: 
nod_cha: 0000000000000000000000000000
startid: 0002000000000000000000000023
next_id: 000000000000000000000000001e
versiid: 0003201711181458
next_va: 1.39804e-76
val_cha: 
nod_cha: 000000000000000000
startid: 000000000000000024
next_id: 00000000000000001e
versiid: 181458
next_va: 1.39804e-76
val_cha: 0000000000000000000000000000
nod_cha: 00000000
startid: 00000025
next_id: 0000001e
versiid: 
next_va: 1.39804e-76
val_cha: 000000000000000000
nod_cha: 00000002000000000000000000000026
startid: 0000000000000000000000000000001e
next_id: 00000003201711181458
versiid: 1000
next_va: 1.39804e-76
val_cha: 00000000
nod_cha: 0000000000000000000027
startid: 000000000000000000001e
next_id: 1711181458
versiid: 00000000000000000000000000000000
next_va: 2.61773e-310
val_cha: 00000001000000000000000000000028
nod_cha: 000000000028
startid: 00000000001e
next_id: 
versiid: 0000000000000000000000
next_va: 1.39872e-76
val_cha: 0000000000000000000029
nod_cha: 29
startid: 1e
next_id: 
versiid: 000000000000
next_va: 1.39804e-76
val_cha: 00000000002a
nod_cha: 0000000000000000000000001e
startid: 03201711181458
next_id: ULL
versiid: 00
next_va: 1.39804e-76
val_cha: 2b
nod_cha: 000000000000001e
startid: 1458
next_id: 00000000000000000000000000
versiid: 0200000000000000000000002c
next_va: 1.39804e-76
val_cha: 0000000000000000000000001e
nod_cha: 00001e
startid: 
next_id: 0000000000000000
versiid: 000000000000002d
next_va: 1.39804e-76
val_cha: 000000000000001e
nod_cha: 000003201711181458
startid: 00
next_id: 000000
versiid: 00002e
next_va: 1.39804e-76
val_cha: 00001e
nod_cha: 11181458
startid: 000000000000000000000000000000
next_id: 00000200000000000000000000002f
versiid: 00000000000000000000000000001e
next_va: 1.38179e-76
val_cha: 000003201711181458
nod_cha: 
startid: 00000000000000000000
next_id: 00000000000000000030
versiid: 0000000000000000001e
next_va: 7.70749e-43
val_cha: 11181458
nod_cha: 4@1000
startid: 0000000000
next_id: 0000000031
versiid: 000000001e
next_va: 3.05338e-310
val_cha: 
nod_cha: L
startid: 
next_id: 
versiid: 
next_va: 0
val_cha: 4@1000
nod_cha: 000000000000000000000000
startid: 000000000000000000000001
next_id: 000000000000000000000021
versiid: 201711181458
next_va: 5.34927e+59
val_cha: L
nod_cha: 00000000000000
startid: 00000000000002
next_id: 00000000000021
versiid: 58
next_va: 1.39804e-76
val_cha: 000000000000000000000000
nod_cha: 0000
startid: 0003
next_id: 0021
versiid: 
next_va: 1.39804e-76
val_cha: 00000000000000
nod_cha: 0001000000000000000000000004
startid: 0000000000000000000000000021
next_id: 0003201711181458
versiid: 
next_va: 1.39804e-76
val_cha: 0000
nod_cha: 000000000000000005
startid: 000000000000000021
next_id: 181458
versiid: 0000000000000000000000000000
next_va: 1.39804e-76
val_cha: 0000000000000000000000000006
nod_cha: 00000006
startid: 00000021
next_id: 
versiid: 000000000000000000
next_va: 1.39804e-76
val_cha: 000000000000000007
nod_cha: 00000000000000000000000000000021
startid: 00000003201711181458
next_id: 1000
versiid: 00000000
next_va: 1.39804e-76
val_cha: 00000008
nod_cha: 0000000000000000000021
startid: 1711181458
next_id: 00000000000000000000000000000000
versiid: 00000000000000000000000000000009
next_va: 3.10664e-310
val_cha: 00000000000000000000000000000021
nod_cha: 000000000021
startid: 
next_id: 0000000000000000000000
versiid: 000000000000000000000a
next_va: 1.39804e-76
val_cha: 0000000000000000000021
nod_cha: 21
startid: 
next_id: 000000000000
versiid: 00000000000b
next_va: 1.39804e-76
val_cha: 000000000021
nod_cha: 03201711181458
startid: ULL
next_id: 00
versiid: 0c
next_va: 1.39804e-76
val_cha: 21
nod_cha: 1458
startid: 00000000000000000000000000
next_id: 0100000000000000000000000d
versiid: 00000000000000000000000021
next_va: 1.39804e-76
val_cha: 03201711181458
nod_cha: 
startid: 0000000000000000
next_id: 000000000000000e
versiid: 0000000000000021
next_va: 5.05232e-38
val_cha: 1458
nod_cha: 00
startid: 000000
next_id: 00000f
versiid: 000021
next_va: 7.10911e-320
val_cha: 
nod_cha: 000000000000000000000000000000
startid: 000001000000000000000000000010
next_id: 000000000000000000000000000021
versiid: 000003201711181458
next_va: 1.48981e-76
val_cha: 00
nod_cha: 00000000000000000000
startid: 00000000000000000011
next_id: 00000000000000000021
versiid: 11181458
next_va: 1.38189e-76
val_cha: 000000000000000000000000000000
nod_cha: 0000000000
startid: 0000000012
next_id: 0000000021
versiid: 
next_va: 1.39804e-76
val_cha: 00000000000000000000
nod_cha: 
startid: 
next_id: 
versiid: 4@1000
next_va: 1.39804e-76
val_cha: 0000000000
nod_cha: 000000000000000000000014
startid: 000000000000000000000021
next_id: 201711181458
versiid: L
next_va: 1.39804e-76
val_cha: 
nod_cha: 00000000000015
startid: 00000000000021
next_id: 58
versiid: 000000000000000000000000
next_va: 9.16222e-72
val_cha: 000000000000000000000016
nod_cha: 0016
startid: 0021
next_id: 
versiid: 00000000000000
next_va: 1.39804e-76
val_cha: 00000000000017
nod_cha: 0000000000000000000000000021
startid: 0003201711181458
next_id: 
versiid: 0000
next_va: 1.39804e-76
val_cha: 0018
nod_cha: 000000000000000021
startid: 181458
next_id: 0000000000000000000000000000
versiid: 0001000000000000000000000019
next_va: 1.39804e-76
val_cha: 0000000000000000000000000021
nod_cha: 00000021
startid: 
next_id: 000000000000000000
versiid: 00000000000000001a
next_va: 1.39804e-76
val_cha: 000000000000000021
nod_cha: 00000003201711181458
startid: 1000
next_id: 00000000
versiid: 0000001b
next_va: 1.39804e-76
val_cha: 00000021
nod_cha: 1711181458
startid: 00000000000000000000000000000000
next_id: 0000000100000000000000000000001c
versiid: 00000000000000000000000000000021
next_va: 2.67248e-310
val_cha: 00000003201711181458
nod_cha: 
startid: 0000000000000000000000
next_id: 000000000000000000001d
versiid: 0000000000000000000021
next_va: 1.57178e-76
val_cha: 1711181458
nod_cha: 
startid: 000000000000
next_id: 00000000001e
versiid: 000000000021
next_va: 6.23126e-38
val_cha: 
nod_cha: ULL
startid: 00
next_id: 1f
versiid: 21
next_va: 0
val_cha: 
nod_cha: 00000000000000000000000000
startid: 02000000000000000000000020
next_id: 00000000000000000000000021
versiid: 03201711181458
next_va: 5.45542e+67
val_cha: ULL
nod_cha: 0000000000000000
startid: 0000000000000021
next_id: 0000000000000021
versiid: 1458
next_va: 1.39804e-76
val_cha: 00000000000000000000000000
nod_cha: 000000
startid: 000022
next_id: 000021
versiid: 
next_va: 1.39804e-76
val_cha: 0000000000000000
nod_cha: 000002000000000000000000000023
startid: 000000000000000000000000000021
next_id: 000003201711181458
versiid: 00
next_va: 1.39804e-76
val_cha: 000000
nod_cha: 00000000000000000024
startid: 00000000000000000021
next_id: 11181458
versiid: 000000000000000000000000000000
next_va: 1.38179e-76
val_cha: 000001000000000000000000000025
nod_cha: 0000000025
startid: 0000000021
next_id: 
versiid: 00000000000000000000
next_va: 1.39804e-76
val_cha: 00000000000000000026
nod_cha: 
startid: 
next_id: 4@1000
versiid: 0000000000
next_va: 1.39804e-76
val_cha: 0000000027
nod_cha: 000000000000000000000021
startid: 201711181458
next_id: L
versiid: 
next_va: 5.34504e-38
val_cha: 
nod_cha: 00000000000021
startid: 58
next_id: 000000000000000000000000
versiid: 000000000000000000000029
next_va: 1.39804e-76
val_cha: 000000000000000000000021
nod_cha: 0021
startid: 
next_id: 00000000000000
versiid: 0000000000002a
next_va: 1.39804e-76
val_cha: 00000000000021
nod_cha: 0003201711181458
startid: 
next_id: 0000
versiid: 002b
next_va: 1.39804e-76
val_cha: 0021
nod_cha: 181458
startid: 0000000000000000000000000000
next_id: 000200000000000000000000002c
versiid: 0000000000000000000000000021
next_va: 1.39804e-76
val_cha: 0003201711181458
nod_cha: 
startid: 000000000000000000
next_id: 00000000000000002d
versiid: 000000000000000021
next_va: 9.74368e-72
val_cha: 181458
nod_cha: 1000
startid: 00000000
next_id: 0000002e
versiid: 00000021
next_va: 4.65909e-315
val_cha: 
nod_cha: 00000000000000000000000000000000
startid: 0000000200000000000000000000002f
next_id: 00000000000000000000000000000021
versiid: 00000003201711181458
next_va: 20
val_cha: 1000
nod_cha: 0000000000000000000000
startid: 0000000000000000000030
next_id: 0000000000000000000021
versiid: 1711181458
next_va: 3.14828e-307
val_cha: 00000000000000000000000000000000
nod_cha: 000000000000
startid: 000000000031
next_id: 000000000021
versiid: 
next_va: 1.39804e-76
val_cha: 0000000000000000000000
nod_cha: 00
startid: 32
next_id: 21
versiid: 
next_va: 1.39804e-76
val_cha: 000000000000
nod_cha: 01000000000000000000000001
startid: 00000000000000000000000024
next_id: 03201711181458
versiid: ULL
next_va: 1.39804e-76
val_cha: 00
nod_cha: 0000000000000002
startid: 0000000000000024
next_id: 1458
versiid: 00000000000000000000000000
next_va: 1.39804e-76
val_cha: 00000000000000000000000003
nod_cha: 000003
startid: 000024
next_id: 
versiid: 0000000000000000
next_va: 1.39804e-76
val_cha: 0000000000000004
nod_cha: 000000000000000000000000000024
startid: 000003201711181458
next_id: 00
versiid: 000000
next_va: 1.39804e-76
val_cha: 000005
nod_cha: 00000000000000000024
startid: 11181458
next_id: 000000000000000000000000000000
versiid: 000000000000000000000000000006
next_va: 1.38179e-76
val_cha: 000000000000000000000000000024
nod_cha: 0000000024
startid: 
next_id: 00000000000000000000
versiid: 00000000000000000007
next_va: 1.39804e-76
val_cha: 00000000000000000024
nod_cha: 
startid: 4@1000
next_id: 0000000000
versiid: 0000000008
next_va: 1.39804e-76
val_cha: 0000000024
nod_cha: 201711181458
startid: L
next_id: 
versiid: 
next_va: 2.89755e-57
val_cha: 
nod_cha: 58
startid: 000000000000000000000000
next_id: 00000000000000000000000a
versiid: 000000000000000000000024
next_va: 3.93514e-62
val_cha: 201711181458
nod_cha: 
startid: 00000000000000
next_id: 0000000000000b
versiid: 00000000000024
next_va: 2.74322e-57
val_cha: 58
nod_cha: 
startid: 0000
next_id: 000c
versiid: 0024
next_va: 0
val_cha: 
nod_cha: 0000000000000000000000000000
startid: 000100000000000000000000000d
next_id: 0000000000000000000000000024
versiid: 0003201711181458
next_va: 1.39804e-76
val_cha: 
nod_cha: 000000000000000000
startid: 00000000000000000e
next_id: 000000000000000024
versiid: 181458
next_va: 1.39804e-76
val_cha: 0000000000000000000000000000
nod_cha: 00000000
startid: 0000000f
next_id: 00000024
versiid: 
next_va: 1.39804e-76
val_cha: 000000000000000000
nod_cha: 00000001000000000000000000000010
startid: 00000000000000000000000000000024
next_id: 00000003201711181458
versiid: 1000
next_va: 1.39804e-76
val_cha: 00000000
nod_cha: 0000000000000000000011
startid: 0000000000000000000024
next_id: 1711181458
versiid: 00000000000000000000000000000000
next_va: 2.61773e-310
val_cha: 00000000000000000000000000000012
nod_cha: 000000000012
startid: 000000000024
next_id: 
versiid: 0000000000000000000000
next_va: 1.39838e-76
val_cha: 0000000000000000000013
nod_cha: 13
startid: 24
next_id: 
versiid: 000000000000
next_va: 1.39804e-76
val_cha: 000000000014
nod_cha: 00000000000000000000000024
startid: 03201711181458
next_id: ULL
versiid: 00
next_va: 1.39804e-76
val_cha: 15
nod_cha: 0000000000000024
startid: 1458
next_id: 00000000000000000000000000
versiid: 01000000000000000000000016
next_va: 1.39804e-76
val_cha: 00000000000000000000000024
nod_cha: 000024
startid: 
next_id: 0000000000000000
versiid: 0000000000000017
next_va: 1.39804e-76
val_cha: 0000000000000024
nod_cha: 000003201711181458
startid: 00
next_id: 000000
versiid: 000018
next_va: 1.39804e-76
val_cha: 000024
nod_cha: 11181458
startid: 000000000000000000000000000000
next_id: 000001000000000000000000000019
versiid: 000000000000000000000000000024
next_va: 1.38179e-76
val_cha: 000003201711181458
nod_cha: 
startid: 00000000000000000000
next_id: 0000000000000000001a
versiid: 00000000000000000024
next_va: 7.70749e-43
val_cha: 11181458
nod_cha: 4@1000
startid: 0000000000
next_id: 000000001b
versiid: 0000000024
next_va: 3.05338e-310
val_cha: 
nod_cha: L
startid: 
next_id: 
versiid: 
next_va: 0
val_cha: 4@1000
nod_cha: 000000000000000000000000
startid: 00000000000000000000001d
next_id: 000000000000000000000024
versiid: 201711181458
next_va: 5.34927e+59
val_cha: L
nod_cha: 00000000000000
startid: 0000000000001e
next_id: 00000000000024
versiid: 58
next_va: 1.39804e-76
val_cha: 000000000000000000000000
nod_cha: 0000
startid: 001f
next_id: 0024
versiid: 
next_va: 1.39804e-76
val_cha: 00000000000000
nod_cha: 0002000000000000000000000020
startid: 0000000000000000000000000024
next_id: 0003201711181458
versiid: 
next_va: 1.39804e-76
val_cha: 0000
nod_cha: 000000000000000021
startid: 000000000000000024
next_id: 181458
versiid: 0000000000000000000000000000
next_va: 1.39804e-76
val_cha: 0001000000000000000000000022
nod_cha: 00000022
startid: 00000024
next_id: 
versiid: 000000000000000000
next_va: 1.39804e-76
val_cha: 000000000000000023
nod_cha: 00000000000000000000000000000024
startid: 00000003201711181458
next_id: 1000
versiid: 00000000
next_va: 1.39804e-76
val_cha: 00000024
nod_cha: 0000000000000000000024
startid: 1711181458
next_id: 00000000000000000000000000000000
versiid: 00000001000000000000000000000025
next_va: 2.88977e-310
val_cha: 00000000000000000000000000000024
nod_cha: 000000000024
startid: 
next_id: 0000000000000000000000
versiid: 0000000000000000000026
next_va: 1.39804e-76
val_cha: 0000000000000000000024
nod_cha: 24
startid: 
next_id: 000000000000
versiid: 000000000027
next_va: 1.39804e-76
val_cha: 000000000024
nod_cha: 03201711181458
startid: ULL
next_id: 00
versiid: 28
next_va: 1.39804e-76
val_cha: 24
nod_cha: 1458
startid: 00000000000000000000000000
next_id: 02000000000000000000000029
versiid: 00000000000000000000000024
next_va: 1.39804e-76
val_cha: 03201711181458
nod_cha: 
startid: 0000000000000000
next_id: 000000000000002a
versiid: 0000000000000024
next_va: 5.05232e-38
val_cha: 1458
nod_cha: 00
startid: 000000
next_id: 00002b
versiid: 000024
next_va: 7.10911e-320
val_cha: 
nod_cha: 000000000000000000000000000000
startid: 00000200000000000000000000002c
next_id: 000000000000000000000000000024
versiid: 000003201711181458
next_va: 1.48981e-76
val_cha: 00
nod_cha: 00000000000000000000
startid: 0000000000000000002d
next_id: 00000000000000000024
versiid: 11181458
next_va: 1.38189e-76
val_cha: 000000000000000000000000000000
nod_cha: 0000000000
startid: 000000002e
next_id: 0000000024
versiid: 
next_va: 1.39804e-76
val_cha: 00000000000000000000
nod_cha: 
startid: 
next_id: 
versiid: 4@1000
next_va: 1.39804e-76
val_cha: 0000000000
nod_cha: 000000000000000000000030
startid: 000000000000000000000024
next_id: 201711181458
versiid: L
next_va: 1.39804e-76
val_cha: 
nod_cha: 00000000000031
startid: 00000000000024
next_id: 58
versiid: 000000000000000000000000
next_va: 6.00455e-67
val_cha: 000000000000000000000032
nod_cha: 0032
startid: 0024
next_id: 
versiid: 00000000000000
next_va: 1.39804e-76
val_cha: 00000000000001
nod_cha: 0000000000000000000000000027
startid: 0003201711181458
next_id: 
versiid: 0000
next_va: 1.39804e-76
val_cha: 0002
nod_cha: 000000000000000027
startid: 181458
next_id: 0000000000000000000000000000
versiid: 0000000000000000000000000003
next_va: 1.39804e-76
val_cha: 0000000000000000000000000027
nod_cha: 00000027
startid: 
next_id: 000000000000000000
versiid: 000000000000000004
next_va: 1.39804e-76
val_cha: 000000000000000027
nod_cha: 00000003201711181458
startid: 1000
next_id: 00000000
versiid: 00000005
next_va: 1.39804e-76
val_cha: 00000027
nod_cha: 1711181458
startid: 00000000000000000000000000000000
next_id: 00000000000000000000000000000006
versiid: 00000000000000000000000000000027
next_va: 2.99842e-310
val_cha: 00000003201711181458
nod_cha: 
startid: 0000000000000000000000
next_id: 0000000000000000000007
versiid: 0000000000000000000027
next_va: 1.57178e-76
val_cha: 1711181458
nod_cha: 
startid: 000000000000
next_id: 000000000008
versiid: 000000000027
next_va: 6.23126e-38
val_cha: 
nod_cha: ULL
startid: 00
next_id: 09
versiid: 27
next_va: 0
val_cha: 
nod_cha: 00000000000000000000000000
startid: 0100000000000000000000000a
next_id: 00000000000000000000000027
versiid: 03201711181458
next_va: 5.45542e+67
val_cha: ULL
nod_cha: 0000000000000000
startid: 000000000000000b
next_id: 0000000000000027
versiid: 1458
next_va: 1.39804e-76
val_cha: 00000000000000000000000000
nod_cha: 000000
startid: 00000c
next_id: 000027
versiid: 
next_va: 1.39804e-76
val_cha: 0000000000000000
nod_cha: 00000100000000000000000000000d
startid: 000000000000000000000000000027
next_id: 000003201711181458
versiid: 00
next_va: 1.39804e-76
val_cha: 000000
nod_cha: 0000000000000000000e
startid: 00000000000000000027
next_id: 11181458
versiid: 000000000000000000000000000000
next_va: 1.38179e-76
val_cha: 00000000000000000000000000000f
nod_cha: 000000000f
startid: 0000000027
next_id: 
versiid: 00000000000000000000
next_va: 1.39804e-76
val_cha: 00000000000000000010
nod_cha: 
startid: 
next_id: 4@1000
versiid: 0000000000
next_va: 1.39804e-76
val_cha: 0000000011
nod_cha: 000000000000000000000027
startid: 201711181458
next_id: L
versiid: 
next_va: 6.37547e-67
val_cha: 
nod_cha: 00000000000027
startid: 58
next_id: 000000000000000000000000
versiid: 000000000000000000000013
next_va: 1.39804e-76
val_cha: 000000000000000000000027
nod_cha: 0027
startid: 
next_id: 00000000000000
versiid: 00000000000014
next_va: 1.39804e-76
val_cha: 00000000000027
nod_cha: 0003201711181458
startid: 
next_id: 0000
versiid: 0015
next_va: 1.39804e-76
val_cha: 0027
nod_cha: 181458
startid: 0000000000000000000000000000
next_id: 0001000000000000000000000016
versiid: 0000000000000000000000000027
next_va: 1.39804e-76
val_cha: 0003201711181458
nod_cha: 
startid: 000000000000000000
next_id: 000000000000000017
versiid: 000000000000000027
next_va: 9.74368e-72
val_cha: 181458
nod_cha: 1000
startid: 00000000
next_id: 00000018
versiid: 00000027
next_va: 4.65909e-315
val_cha: 
nod_cha: 00000000000000000000000000000000
startid: 00000001000000000000000000000019
next_id: 00000000000000000000000000000027
versiid: 00000003201711181458
next_va: 20
val_cha: 1000
nod_cha: 0000000000000000000000
startid: 000000000000000000001a
next_id: 0000000000000000000027
versiid: 1711181458
next_va: 3.14828e-307
val_cha: 00000000000000000000000000000000
nod_cha: 000000000000
startid: 00000000001b
next_id: 000000000027
versiid: 
next_va: 1.39804e-76
val_cha: 0000000000000000000000
nod_cha: 00
startid: 1c
next_id: 27
versiid: 
next_va: 1.39804e-76
val_cha: 000000000000
nod_cha: 0200000000000000000000001d
startid: 00000000000000000000000027
next_id: 03201711181458
versiid: ULL
next_va: 1.39804e-76
val_cha: 00
nod_cha: 000000000000001e
startid: 0000000000000027
next_id: 1458
versiid: 00000000000000000000000000
next_va: 1.39804e-76
val_cha: 0100000000000000000000001f
nod_cha: 00001f
startid: 000027
next_id: 
versiid: 0000000000000000
next_va: 1.39804e-76
val_cha: 0000000000000020
nod_cha: 000000000000000000000000000027
startid: 000003201711181458
next_id: 00
versiid: 000000
next_va: 1.39804e-76
val_cha: 000021
nod_cha: 00000000000000000027
startid: 11181458
next_id: 000000000000000000000000000000
versiid: 000001000000000000000000000022
next_va: 1.38179e-76
val_cha: 000000000000000000000000000027
nod_cha: 0000000027
startid: 
next_id: 00000000000000000000
versiid: 00000000000000000023
next_va: 1.39804e-76
val_cha: 00000000000000000027
nod_cha: 
startid: 4@1000
next_id: 0000000000
versiid: 0000000024
next_va: 1.39804e-76
val_cha: 0000000027
nod_cha: 201711181458
startid: L
next_id: 
versiid: 
next_va: 8.15589e-43
val_cha: 
nod_cha: 58
startid: 000000000000000000000000
next_id: 000000000000000000000026
versiid: 000000000000000000000027
next_va: 3.93514e-62
val_cha: 201711181458
nod_cha: 
startid: 00000000000000
next_id: 00000000000027
versiid: 00000000000027
next_va: 2.74322e-57
val_cha: 58
nod_cha: 
startid: 0000
next_id: 0028
versiid: 0027
next_va: 0
val_cha: 
nod_cha: 0000000000000000000000000000
startid: 0002000000000000000000000029
next_id: 0000000000000000000000000027
versiid: 0003201711181458
next_va: 1.39804e-76
val_cha: 
nod_cha: 000000000000000000
startid: 00000000000000002a
next_id: 000000000000000027
versiid: 181458
next_va: 1.39804e-76
val_cha: 0000000000000000000000000000
nod_cha: 00000000
startid: 0000002b
next_id: 00000027
versiid: 
next_va: 1.39804e-76
val_cha: 000000000000000000
nod_cha: 0000000200000000000000000000002c
startid: 00000000000000000000000000000027
next_id: 00000003201711181458
versiid: 1000
next_va: 1.39804e-76
val_cha: 00000000
nod_cha: 000000000000000000002d
startid: 0000000000000000000027
next_id: 1711181458
versiid: 00000000000000000000000000000000
next_va: 2.61773e-310
val_cha: 0000000100000000000000000000002e
nod_cha: 00000000002e
startid: 000000000027
next_id: 
versiid: 0000000000000000000000
next_va: 1.39872e-76
val_cha: 000000000000000000002f
nod_cha: 2f
startid: 27
next_id: 
versiid: 000000000000
next_va: 1.39804e-76
val_cha: 000000000030
nod_cha: 00000000000000000000000027
startid: 03201711181458
next_id: ULL
versiid: 00
next_va: 1.39804e-76
val_cha: 31
nod_cha: 0000000000000027
startid: 1458
next_id: 00000000000000000000000000
versiid: 02000000000000000000000032
next_va: 1.39804e-76
val_cha: 00000000000000000000000027
nod_cha: 000027
startid: 
next_id: 0000000000000000
versiid: 0000000000000001
next_va: 1.39804e-76
val_cha: 000000000000002a
nod_cha: 000003201711181458
startid: 00
next_id: 000000
versiid: 000002
next_va: 1.39804e-76
val_cha: 00002a
nod_cha: 11181458
startid: 000000000000000000000000000000
next_id: 000000000000000000000000000003
versiid: 00000000000000000000000000002a
next_va: 1.38179e-76
val_cha: 000003201711181458
nod_cha: 
startid: 00000000000000000000
next_id: 00000000000000000004
versiid: 0000000000000000002a
next_va: 7.70749e-43
val_cha: 11181458
nod_cha: 4@1000
startid: 0000000000
next_id: 0000000005
versiid: 000000002a
next_va: 3.05338e-310
val_cha: 
nod_cha: L
startid: 
next_id: 
versiid: 
next_va: 0
val_cha: 4@1000
nod_cha: 000000000000000000000000
startid: 000000000000000000000007
next_id: 00000000000000000000002a
versiid: 201711181458
next_va: 5.34927e+59
val_cha: L
nod_cha: 00000000000000
startid: 00000000000008
next_id: 0000000000002a
versiid: 58
next_va: 1.39804e-76
val_cha: 000000000000000000000000
nod_cha: 0000
startid: 0009
next_id: 002a
versiid: 
next_va: 1.39804e-76
val_cha: 00000000000000
nod_cha: 000100000000000000000000000a
startid: 000000000000000000000000002a
next_id: 0003201711181458
versiid: 
next_va: 1.39804e-76
val_cha: 0000
nod_cha: 00000000000000000b
startid: 00000000000000002a
next_id: 181458
versiid: 0000000000000000000000000000
next_va: 1.39804e-76
val_cha: 000000000000000000000000000c
nod_cha: 0000000c
startid: 0000002a
next_id: 
versiid: 000000000000000000
next_va: 1.39804e-76
val_cha: 00000000000000000d
nod_cha: 0000000000000000000000000000002a
startid: 00000003201711181458
next_id: 1000
versiid: 00000000
next_va: 1.39804e-76
val_cha: 0000000e
nod_cha: 000000000000000000002a
startid: 1711181458
next_id: 00000000000000000000000000000000
versiid: 0000000000000000000000000000000f
next_va: 5.55118e-310
val_cha: 0000000000000000000000000000002a
nod_cha: 00000000002a
startid: 
next_id: 0000000000000000000000
versiid: 0000000000000000000010
next_va: 1.39804e-76
val_cha: 000000000000000000002a
nod_cha: 2a
startid: 
next_id: 000000000000
versiid: 000000000011
next_va: 1.39804e-76
val_cha: 00000000002a
nod_cha: 03201711181458
startid: ULL
next_id: 00
versiid: 12
next_va: 1.39804e-76
val_cha: 2a
nod_cha: 1458
startid: 00000000000000000000000000
next_id: 01000000000000000000000013
versiid: 0000000000000000000000002a
next_va: 1.39804e-76
val_cha: 03201711181458
nod_cha: 
startid: 0000000000000000
next_id: 0000000000000014
versiid: 000000000000002a
next_va: 5.05232e-38
val_cha: 1458
nod_cha: 00
startid: 000000
next_id: 000015
versiid: 00002a
next_va: 7.10911e-320
val_cha: 
nod_cha: 000000000000000000000000000000
startid: 000001000000000000000000000016
next_id: 00000000000000000000000000002a
versiid: 000003201711181458
next_va: 1.48981e-76
val_cha: 00
nod_cha: 00000000000000000000
startid: 00000000000000000017
next_id: 0000000000000000002a
versiid: 11181458
next_va: 1.38189e-76
val_cha: 000000000000000000000000000000
nod_cha: 0000000000
startid: 0000000018
next_id: 000000002a
versiid: 
next_va: 1.39804e-76
val_cha: 00000000000000000000
nod_cha: 
startid: 
next_id: 
versiid: 4@1000
next_va: 1.39804e-76
val_cha: 0000000000
nod_cha: 00000000000000000000001a
startid: 00000000000000000000002a
next_id: 201711181458
versiid: L
next_va: 1.39804e-76
val_cha: 
nod_cha: 0000000000001b
startid: 0000000000002a
next_id: 58
versiid: 000000000000000000000000
next_va: 9.16222e-72
val_cha: 00000000000000000000001c
nod_cha: 001c
startid: 002a
next_id: 
versiid: 00000000000000
next_va: 1.39804e-76
val_cha: 0000000000001d
nod_cha: 000000000000000000000000002a
startid: 0003201711181458
next_id: 
versiid: 0000
next_va: 1.39804e-76
val_cha: 001e
nod_cha: 00000000000000002a
startid: 181458
next_id: 0000000000000000000000000000
versiid: 000100000000000000000000001f
next_va: 1.39804e-76
val_cha: 000000000000000000000000002a
nod_cha: 0000002a
startid: 
next_id: 000000000000000000
versiid: 000000000000000020
next_va: 1.39804e-76
val_cha: 00000000000000002a
nod_cha: 00000003201711181458
startid: 1000
next_id: 00000000
versiid: 00000021
next_va: 1.39804e-76
val_cha: 0000002a
nod_cha: 1711181458
startid: 00000000000000000000000000000000
next_id: 00000001000000000000000000000022
versiid: 0000000000000000000000000000002a
next_va: 5.27999e-310
val_cha: 00000003201711181458
nod_cha: 
startid: 0000000000000000000000
next_id: 0000000000000000000023
versiid: 000000000000000000002a
next_va: 1.57178e-76
val_cha: 1711181458
nod_cha: 
startid: 000000000000
next_id: 000000000024
versiid: 00000000002a
next_va: 6.23126e-38
val_cha: 
nod_cha: ULL
startid: 00
next_id: 25
versiid: 2a
next_va: 0
val_cha: 
nod_cha: 00000000000000000000000000
startid: 02000000000000000000000026
next_id: 0000000000000000000000002a
versiid: 03201711181458
next_va: 5.45542e+67
val_cha: ULL
nod_cha: 0000000000000000
startid: 0000000000000027
next_id: 000000000000002a
versiid: 1458
next_va: 1.39804e-76
val_cha: 00000000000000000000000000
nod_cha: 000000
startid: 000028
next_id: 00002a
versiid: 
next_va: 1.39804e-76
val_cha: 0000000000000000
nod_cha: 000002000000000000000000000029
startid: 00000000000000000000000000002a
next_id: 000003201711181458
versiid: 00
next_va: 1.39804e-76
val_cha: 000000
nod_cha: 0000000000000000002a
startid: 0000000000000000002a
next_id: 11181458
versiid: 000000000000000000000000000000
next_va: 1.38179e-76
val_cha: 00000100000000000000000000002b
nod_cha: 000000002b
startid: 000000002a
next_id: 
versiid: 00000000000000000000
next_va: 1.39804e-76
val_cha: 0000000000000000002c
nod_cha: 
startid: 
next_id: 4@1000
versiid: 0000000000
next_va: 1.39804e-76
val_cha: 000000002d
nod_cha: 00000000000000000000002a
startid: 201711181458
next_id: L
versiid: 
next_va: 2.94814e+179
val_cha: 
nod_cha: 0000000000002a
startid: 58
next_id: 000000000000000000000000
versiid: 00000000000000000000002f
next_va: 1.39804e-76
val_cha: 00000000000000000000002a
nod_cha: 002a
startid: 
next_id: 00000000000000
versiid: 00000000000030
next_va: 1.39804e-76
val_cha: 0000000000002a
nod_cha: 0003201711181458
startid: 
next_id: 0000
versiid: 0031
next_va: 1.39804e-76
val_cha: 002a
nod_cha: 181458
startid: 0000000000000000000000000000
next_id: 0002000000000000000000000032
versiid: 000000000000000000000000002a
next_va: 1.39804e-76
val_cha: 0003201711181458
nod_cha: 
startid: 000000000000000000
next_id: 000000000000000001
versiid: 00000000000000002d
next_va: 9.74368e-72
val_cha: 181458
nod_cha: 1000
startid: 00000000
next_id: 00000002
versiid: 0000002d
next_va: 4.65909e-315
val_cha: 
nod_cha: 00000000000000000000000000000000
startid: 00000000000000000000000000000003
next_id: 0000000000000000000000000000002d
versiid: 00000003201711181458
next_va: 20
val_cha: 1000
nod_cha: 0000000000000000000000
startid: 0000000000000000000004
next_id: 000000000000000000002d
versiid: 1711181458
next_va: 3.14828e-307
val_cha: 00000000000000000000000000000000
nod_cha: 000000000000
startid: 000000000005
next_id: 00000000002d
versiid: 
next_va: 1.39804e-76
val_cha: 0000000000000000000000
nod_cha: 00
startid: 06
next_id: 2d
versiid: 
next_va: 1.39804e-76
val_cha: 000000000000
nod_cha: 01000000000000000000000007
startid: 0000000000000000000000002d
next_id: 03201711181458
versiid: ULL
next_va: 1.39804e-76
val_cha: 00
nod_cha: 0000000000000008
startid: 000000000000002d
next_id: 1458
versiid: 00000000000000000000000000
next_va: 1.39804e-76
val_cha: 00000000000000000000000009
nod_cha: 000009
startid: 00002d
next_id: 
versiid: 0000000000000000
next_va: 1.39804e-76
val_cha: 000000000000000a
nod_cha: 00000000000000000000000000002d
startid: 000003201711181458
next_id: 00
versiid: 000000
next_va: 1.39804e-76
val_cha: 00000b
nod_cha: 0000000000000000002d
startid: 11181458
next_id: 000000000000000000000000000000
versiid: 00000000000000000000000000000c
next_va: 1.38179e-76
val_cha: 00000000000000000000000000002d
nod_cha: 000000002d
startid: 
next_id: 00000000000000000000
versiid: 0000000000000000000d
next_va: 1.39804e-76
val_cha: 0000000000000000002d
nod_cha: 
startid: 4@1000
next_id: 0000000000
versiid: 000000000e
next_va: 1.39804e-76
val_cha: 000000002d
nod_cha: 201711181458
startid: L
next_id: 
versiid: 
next_va: 4.4985e+174
val_cha: 
nod_cha: 58
startid: 000000000000000000000000
next_id: 000000000000000000000010
versiid: 00000000000000000000002d
next_va: 3.93514e-62
val_cha: 201711181458
nod_cha: 
startid: 00000000000000
next_id: 00000000000011
versiid: 0000000000002d
next_va: 2.74322e-57
val_cha: 58
nod_cha: 
startid: 0000
next_id: 0012
versiid: 002d
next_va: 0
val_cha: 
nod_cha: 0000000000000000000000000000
startid: 0001000000000000000000000013
next_id: 000000000000000000000000002d
versiid: 0003201711181458
next_va: 1.39804e-76
val_cha: 
nod_cha: 000000000000000000
startid: 000000000000000014
next_id: 00000000000000002d
versiid: 181458
next_va: 1.39804e-76
val_cha: 0000000000000000000000000000
nod_cha: 00000000
startid: 00000015
next_id: 0000002d
versiid: 
next_va: 1.39804e-76
val_cha: 000000000000000000
nod_cha: 00000001000000000000000000000016
startid: 0000000000000000000000000000002d
next_id: 00000003201711181458
versiid: 1000
next_va: 1.39804e-76
val_cha: 00000000
nod_cha: 0000000000000000000017
startid: 000000000000000000002d
next_id: 1711181458
versiid: 00000000000000000000000000000000
next_va: 2.61773e-310
val_cha: 00000000000000000000000000000018
nod_cha: 000000000018
startid: 00000000002d
next_id: 
versiid: 0000000000000000000000
next_va: 1.39838e-76
val_cha: 0000000000000000000019
nod_cha: 19
startid: 2d
next_id: 
versiid: 000000000000
next_va: 1.39804e-76
val_cha: 00000000001a
nod_cha: 0000000000000000000000002d
startid: 03201711181458
next_id: ULL
versiid: 00
next_va: 1.39804e-76
val_cha: 1b
nod_cha: 000000000000002d
startid: 1458
next_id: 00000000000000000000000000
versiid: 0100000000000000000000001c
next_va: 1.39804e-76
val_cha: 0000000000000000000000002d
nod_cha: 00002d
startid: 
next_id: 0000000000000000
versiid: 000000000000001d
next_va: 1.39804e-76
val_cha: 000000000000002d
nod_cha: 000003201711181458
startid: 00
next_id: 000000
versiid: 00001e
next_va: 1.39804e-76
val_cha: 00002d
nod_cha: 11181458
startid: 000000000000000000000000000000
next_id: 00000100000000000000000000001f
versiid: 00000000000000000000000000002d
next_va: 1.38179e-76
val_cha: 000003201711181458
nod_cha: 
startid: 00000000000000000000
next_id: 00000000000000000020
versiid: 0000000000000000002d
next_va: 7.70749e-43
val_cha: 11181458
nod_cha: 4@1000
startid: 0000000000
next_id: 0000000021
versiid: 000000002d
next_va: 3.05338e-310
val_cha: 
nod_cha: L
startid: 
next_id: 
versiid: 
next_va: 0
val_cha: 4@1000
nod_cha: 000000000000000000000000
startid: 000000000000000000000023
next_id: 00000000000000000000002d
versiid: 201711181458
next_va: 5.34927e+59
val_cha: L
nod_cha: 00000000000000
startid: 00000000000024
next_id: 0000000000002d
versiid: 58
next_va: 1.39804e-76
val_cha: 000000000000000000000000
nod_cha: 0000
startid: 0025
next_id: 002d
versiid: 
next_va: 1.39804e-76
val_cha: 00000000000000
nod_cha: 0002000000000000000000000026
startid: 000000000000000000000000002d
next_id: 0003201711181458
versiid: 
next_va: 1.39804e-76
val_cha: 0000
nod_cha: 000000000000000027
startid: 00000000000000002d
next_id: 181458
versiid: 0000000000000000000000000000
next_va: 1.39804e-76
val_cha: 0001000000000000000000000028
nod_cha: 00000028
startid: 0000002d
next_id: 
versiid: 000000000000000000
next_va: 1.39804e-76
val_cha: 000000000000000029
nod_cha: 0000000000000000000000000000002d
startid: 00000003201711181458
next_id: 1000
versiid: 00000000
next_va: 1.39804e-76
val_cha: 0000002a
nod_cha: 000000000000000000002d
startid: 1711181458
next_id: 00000000000000000000000000000000
versiid: 0000000100000000000000000000002b
next_va: 5.33431e-310
val_cha: 0000000000000000000000000000002d
nod_cha: 00000000002d
startid: 
next_id: 0000000000000000000000
versiid: 000000000000000000002c
next_va: 1.39804e-76
val_cha: 000000000000000000002d
nod_cha: 2d
startid: 
next_id: 000000000000
versiid: 00000000002d
next_va: 1.39804e-76
val_cha: 00000000002d
nod_cha: 03201711181458
startid: ULL
next_id: 00
versiid: 2e
next_va: 1.39804e-76
val_cha: 2d
nod_cha: 1458
startid: 00000000000000000000000000
next_id: 0200000000000000000000002f
versiid: 0000000000000000000000002d
next_va: 1.39804e-76
val_cha: 03201711181458
nod_cha: 
startid: 0000000000000000
next_id: 0000000000000030
versiid: 000000000000002d
next_va: 5.05232e-38
val_cha: 1458
nod_cha: 00
startid: 000000
next_id: 000031
versiid: 00002d
next_va: 7.10911e-320
val_cha: 
nod_cha: 000000000000000000000000000000
startid: 000002000000000000000000000032
next_id: 00000000000000000000000000002d
versiid: 000003201711181458
next_va: 1.48981e-76
val_cha: 00
nod_cha: 00000000000000000000
startid: 00000000000000000001
next_id: 00000000000000000030
versiid: 11181458
next_va: 1.38189e-76
val_cha: 000000000000000000000000000000
nod_cha: 0000000000
startid: 0000000002
next_id: 0000000030
versiid: 
next_va: 1.39804e-76
val_cha: 00000000000000000000
nod_cha: 
startid: 
next_id: 
versiid: 4@1000
next_va: 1.39804e-76
val_cha: 0000000000
nod_cha: 000000000000000000000004
startid: 000000000000000000000030
next_id: 201711181458
versiid: L
next_va: 1.39804e-76
val_cha: 
nod_cha: 00000000000005
startid: 00000000000030
next_id: 58
versiid: 000000000000000000000000
next_va: 1.39804e-76
val_cha: 000000000000000000000006
nod_cha: 0006
startid: 0030
next_id: 
versiid: 00000000000000
next_va: 1.39804e-76
val_cha: 00000000000007
nod_cha: 0000000000000000000000000030
startid: 0003201711181458
next_id: 
versiid: 0000
next_va: 1.39804e-76
val_cha: 0008
nod_cha: 000000000000000030
startid: 181458
next_id: 0000000000000000000000000000
versiid: 0000000000000000000000000009
next_va: 1.39804e-76
val_cha: 0000000000000000000000000030
nod_cha: 00000030
startid: 
next_id: 000000000000000000
versiid: 00000000000000000a
next_va: 1.39804e-76
val_cha: 000000000000000030
nod_cha: 00000003201711181458
startid: 1000
next_id: 00000000
versiid: 0000000b
next_va: 1.39804e-76
val_cha: 00000030
nod_cha: 1711181458
startid: 00000000000000000000000000000000
next_id: 0000000000000000000000000000000c
versiid: 00000000000000000000000000000030
next_va: 2.61837e-310
val_cha: 00000003201711181458
nod_cha: 
startid: 0000000000000000000000
next_id: 000000000000000000000d
versiid: 0000000000000000000030
next_va: 1.57178e-76
val_cha: 1711181458
nod_cha: 
startid: 000000000000
next_id: 00000000000e
versiid: 000000000030
next_va: 6.23126e-38
val_cha: 
nod_cha: ULL
startid: 00
next_id: 0f
versiid: 30
next_va: 0
val_cha: 
nod_cha: 00000000000000000000000000
startid: 01000000000000000000000010
next_id: 00000000000000000000000030
versiid: 03201711181458
next_va: 5.45542e+67
val_cha: ULL
nod_cha: 0000000000000000
startid: 0000000000000011
next_id: 0000000000000030
versiid: 1458
next_va: 1.39804e-76
val_cha: 00000000000000000000000000
nod_cha: 000000
startid: 000012
next_id: 000030
versiid: 
next_va: 1.39804e-76
val_cha: 0000000000000000
nod_cha: 000001000000000000000000000013
startid: 000000000000000000000000000030
next_id: 000003201711181458
versiid: 00
next_va: 1.39804e-76
val_cha: 000000
nod_cha: 00000000000000000014
startid: 00000000000000000030
next_id: 11181458
versiid: 000000000000000000000000000000
next_va: 1.38179e-76
val_cha: 000000000000000000000000000015
nod_cha: 0000000015
startid: 0000000030
next_id: 
versiid: 00000000000000000000
next_va: 1.39804e-76
val_cha: 00000000000000000016
nod_cha: 
startid: 
next_id: 4@1000
versiid: 0000000000
next_va: 1.39804e-76
val_cha: 0000000017
nod_cha: 000000000000000000000030
startid: 201711181458
next_id: L
versiid: 
next_va: 5.05117e-38
val_cha: 
nod_cha: 00000000000030
startid: 58
next_id: 000000000000000000000000
versiid: 000000000000000000000019
next_va: 1.39804e-76
val_cha: 000000000000000000000030
nod_cha: 0030
startid: 
next_id: 00000000000000
versiid: 0000000000001a
next_va: 1.39804e-76
val_cha: 00000000000030
nod_cha: 0003201711181458
startid: 
next_id: 0000
versiid: 001b
next_va: 1.39804e-76
val_cha: 0030
nod_cha: 181458
startid: 0000000000000000000000000000
next_id: 000100000000000000000000001c
versiid: 0000000000000000000000000030
next_va: 1.39804e-76
val_cha: 0003201711181458
nod_cha: 
startid: 000000000000000000
next_id: 00000000000000001d
versiid: 000000000000000030
next_va: 9.74368e-72
val_cha: 181458
nod_cha: 1000
startid: 00000000
next_id: 0000001e
versiid: 00000030
next_va: 4.65909e-315
val_cha: 
nod_cha: 00000000000000000000000000000000
startid: 0000000100000000000000000000001f
next_id: 00000000000000000000000000000030
versiid: 00000003201711181458
next_va: 20
val_cha: 1000
nod_cha: 0000000000000000000000
startid: 0000000000000000000020
next_id: 0000000000000000000030
versiid: 1711181458
next_va: 3.14828e-307
val_cha: 00000000000000000000000000000000
nod_cha: 000000000000
startid: 000000000021
next_id: 000000000030
versiid: 
next_va: 1.39804e-76
val_cha: 0000000000000000000000
nod_cha: 00
startid: 22
next_id: 30
versiid: 
next_va: 1.39804e-76
val_cha: 000000000000
nod_cha: 02000000000000000000000023
startid: 00000000000000000000000030
next_id: 03201711181458
versiid: ULL
next_va: 1.39804e-76
val_cha: 00
nod_cha: 0000000000000024
startid: 0000000000000030
next_id: 1458
versiid: 00000000000000000000000000
next_va: 1.39804e-76
val_cha: 01000000000000000000000025
nod_cha: 000025
startid: 000030
next_id: 
versiid: 0000000000000000
next_va: 1.39804e-76
val_cha: 0000000000000026
nod_cha: 000000000000000000000000000030
startid: 000003201711181458
next_id: 00
versiid: 000000
next_va: 1.39804e-76
val_cha: 000027
nod_cha: 00000000000000000030
startid: 11181458
next_id: 000000000000000000000000000000
versiid: 000001000000000000000000000028
next_va: 1.38179e-76
val_cha: 000000000000000000000000000030
nod_cha: 0000000030
startid: 
next_id: 00000000000000000000
versiid: 00000000000000000029
next_va: 1.39804e-76
val_cha: 00000000000000000030
nod_cha: 
startid: 4@1000
next_id: 0000000000
versiid: 000000002a
next_va: 1.39804e-76
val_cha: 0000000030
nod_cha: 201711181458
startid: L
next_id: 
versiid: 
next_va: 1.65713e-76
val_cha: 
nod_cha: 58
startid: 000000000000000000000000
next_id: 00000000000000000000002c
versiid: 000000000000000000000030
next_va: 3.93514e-62
val_cha: 201711181458
nod_cha: 
startid: 00000000000000
next_id: 0000000000002d
versiid: 00000000000030
next_va: 2.74322e-57
val_cha: 58
nod_cha: 
startid: 0000
next_id: 002e
versiid: 0030
next_va: 0
val_cha: 
nod_cha: 0000000000000000000000000000
startid: 000200000000000000000000002f
next_id: 0000000000000000000000000030
versiid: 0003201711181458
next_va: 1.39804e-76
val_cha: 
nod_cha: 000000000000000000
startid: 000000000000000030
next_id: 000000000000000030
versiid: 181458
next_va: 1.39804e-76
val_cha: 0000000000000000000000000000
nod_cha: 00000000
startid: 00000031
next_id: 00000030
versiid: 
next_va: 1.39804e-76
val_cha: 000000000000000000
nod_cha: 00000002000000000000000000000032
startid: 00000000000000000000000000000030
next_id: 00000003201711181458
versiid: 1000
next_va: 1.39804e-76
val_cha: 00000000
nod_cha: 0000000000000000000000
startid: 0000000000000000000000
next_id: 1711181458
versiid: 00000000000000000000000000000003
next_va: 2.7807e-310
val_cha: 00000000000000000000000000000009
nod_cha: 000000000009
startid: 000000000000
next_id: 
versiid: 0000000000000000000003
next_va: 1.39838e-76
val_cha: 0000000000000000000019
nod_cha: 19
startid: 00
next_id: 
versiid: 000000000003
next_va: 1.39804e-76
val_cha: 00000000001a
nod_cha: 00000000000000000000000000
startid: 03201711181458
next_id: ULL
versiid: 03
next_va: 1.39804e-76
val_cha: 00
nod_cha: 0000000000000009
startid: 1458
next_id: 00000000000000000000000003
versiid: 00000000000000000000000009
next_va: 1.39804e-76
val_cha: 00000000000000000000000009
nod_cha: 000009
startid: 
next_id: 0000000000000003
versiid: 0000000000000019
next_va: 1.39804e-76
val_cha: 0000000000000009
nod_cha: 000003201711181458
startid: 00
next_id: 000003
versiid: 00001a
next_va: 1.39804e-76
val_cha: 000009
nod_cha: 11181458
startid: 000000000000000000000000000003
next_id: 000000000000000000000000000000
versiid: 000000000000000000000000000000
next_va: 1.38179e-76
val_cha: 000003201711181458
nod_cha: 
startid: 00000000000000000006
next_id: 00000000000000000000
versiid: 00000000000000000000
next_va: 7.70749e-43
val_cha: 11181458
nod_cha: d@1000
startid: 0000000009
next_id: 0000000003
versiid: 0000000000
next_va: 3.05338e-310
val_cha: 
nod_cha: L
startid: 
next_id: 
versiid: 
next_va: -1.19606e+103
val_cha: d@1000
nod_cha: 000000000000000000000009
startid: 000000000000000000000019
next_id: 000000000000000000000000
versiid: 201711181458
next_va: 5.34927e+59
val_cha: L
nod_cha: 00000000000009
startid: 0000000000001a
next_id: 00000000000000
versiid: 58
next_va: 1.39804e-76
val_cha: 000000000000000000000009
nod_cha: 0009
startid: 001e
next_id: 0000
versiid: R\U’d@1000
next_va: 1.39804e-76
val_cha: 00000000000009
nod_cha: 0000000000000000000000000000
startid: 0000000000000000000000000003
next_id: 0003201711181458
versiid: 
next_va: 1.39804e-76
val_cha: 0009
nod_cha: 000000000000000003
startid: 000000000000000003
next_id: 181458
versiid: 0000000000000000000000000009
next_va: 1.39804e-76
val_cha: 0000000000000000000000000015
nod_cha: 00000015
startid: 00000003
next_id: 
versiid: 000000000000000009
next_va: 1.39804e-76
val_cha: 000000000000000019
nod_cha: 00000000000000000000000000000003
startid: 00000003201711181458
next_id: 1000
versiid: 00000009
next_va: 1.39804e-76
val_cha: 0000001a
nod_cha: 0000000000000000000003
startid: 1711181458
next_id: 00000000000000000000000000000009
versiid: 0000000000000000000000000000001e
next_va: 5.49707e-310
val_cha: 00000000000000000000000000000003
nod_cha: 000000000003
startid: 
next_id: 0000000000000000000009
versiid: 0000000000000000000000
next_va: 1.39804e-76
val_cha: 0000000000000000000015
nod_cha: 15
startid: U’d@1000
next_id: 000000000009
versiid: 000000000003
next_va: 1.39804e-76
val_cha: 000000000015
nod_cha: 03201711181458
startid: ULL
next_id: 09
versiid: 15
next_va: 1.39804e-76
val_cha: 15
nod_cha: 1458
startid: 00000000000000000000000009
next_id: 01000000000000000000000019
versiid: 00000000000000000000000015
next_va: 1.39804e-76
val_cha: 03201711181458
nod_cha: .ÁR\U’d@1000
startid: 0000000000000009
next_id: 000000000000001a
versiid: 0000000000000015
next_va: 5.05232e-38
val_cha: 1458
nod_cha: 00
startid: 000009
next_id: 00001e
versiid: 000015
next_va: 7.10911e-320
val_cha: .ÁR\U’d@1000
nod_cha: 000000000000000000000000000009
startid: 000000000000000000000000000000
next_id: 00000000000000000000000000001e
versiid: 000003201711181458
next_va: 1.48987e-76
val_cha: 00
nod_cha: 00000000000000000009
startid: 00000000000000000003
next_id: 0000000000000000001e
versiid: 11181458
next_va: 1.38189e-76
val_cha: 000000000000000000000000000009
nod_cha: 0000000009
startid: 0000000015
next_id: 000000001e
versiid: 
next_va: 1.39804e-76
val_cha: 00000000000000000009
nod_cha: 
startid: 
next_id: 
versiid: d@1000
next_va: 1.39804e-76
val_cha: 0000000009
nod_cha: 00000000000000000000001a
startid: 00000000000000000000001e
next_id: 201711181458
versiid: L
next_va: 3.11774e-33
val_cha: 
nod_cha: 0000000000001e
startid: 0000000000001e
next_id: 58
versiid: 000000000000000000000009
next_va: 1.39804e-76
val_cha: 000000000000000000000000
nod_cha: 0000
startid: 0000
next_id: 
versiid: 0000000000000c
next_va: 1.39804e-76
val_cha: 00000000000000
nod_cha: 0000000000000000000000000000
startid: 0003201711181458
next_id: 
versiid: 000f
next_va: 1.39804e-76
val_cha: 0000
nod_cha: 000000000000000000
startid: 181458
next_id: 0000000000000000000000000012
versiid: 0000000000000000000000000000
next_va: 1.39804e-76
val_cha: 0000000000000000000000000000
nod_cha: 00000000
startid: 
next_id: 000000000000000015
versiid: 000000000000000009
next_va: 1.39804e-76
val_cha: 000000000000000000
nod_cha: 00000003201711181458
startid: 1000
next_id: 00000015
versiid: 0000000d
next_va: 1.39804e-76
val_cha: 00000000
nod_cha: 1711181458
startid: 00000000000000000000000000000015
next_id: 00000001000000000000000000000019
versiid: 00000000000000000000000000000000
next_va: 2.61773e-310
val_cha: 00000003201711181458
nod_cha: 
startid: 0000000000000000000015
next_id: 000000000000000000001a
versiid: 0000000000000000000000
next_va: 1.57178e-76
val_cha: 1711181458
nod_cha: 
startid: 000000000015
next_id: 00000000001f
versiid: 000000000000
next_va: 6.23126e-38
val_cha: 
nod_cha: ULL
startid: 15
next_id: 27
versiid: 00
next_va: 0
val_cha: 
nod_cha: 00000000000000000000000015
startid: 01000000000000000000000028
next_id: 00000000000000000000000000
versiid: 03201711181458
next_va: 5.45542e+67
val_cha: ULL
nod_cha: 0000000000000015
startid: 0000000000000000
next_id: 0000000000000009
versiid: 1458
next_va: 1.39804e-76
val_cha: 00000000000000000000000015
nod_cha: 000015
startid: 000009
next_id: 000009
versiid: 
next_va: 1.39804e-76
val_cha: 0000000000000015
nod_cha: 00000100000000000000000000000d
startid: 000000000000000000000000000009
next_id: 000003201711181458
versiid: 00
next_va: 1.39804e-76
val_cha: 000015
nod_cha: 00000000000000000019
startid: 00000000000000000009
next_id: 11181458
versiid: 000000000000000000000000000015
next_va: 1.38179e-76
val_cha: 00000200000000000000000000001a
nod_cha: 000000001a
startid: 0000000009
next_id: 
versiid: 00000000000000000015
next_va: 1.39804e-76
val_cha: 0000000000000000001f
nod_cha: 
startid: 
next_id: _@1000
versiid: 0000000015
next_va: 1.39804e-76
val_cha: 0000000027
nod_cha: 000000000000000000000009
startid: 201711181458
next_id: L
versiid: 
next_va: 5.34504e-38
val_cha: 
nod_cha: 00000000000009
startid: 58
next_id: 000000000000000000000015
versiid: 000000000000000000000000
next_va: 1.39804e-76
val_cha: 000000000000000000000027
nod_cha: 0027
startid: 
next_id: 00000000000015
versiid: 00000000000009
next_va: 1.39804e-76
val_cha: 00000000000027
nod_cha: 0003201711181458
startid: 
next_id: 0015
versiid: 000d
next_va: 1.39804e-76
val_cha: 0027
nod_cha: 181458
startid: 0000000000000000000000000015
next_id: 0001000000000000000000000019
versiid: 0000000000000000000000000027
next_va: 1.39804e-76
val_cha: 0003201711181458
nod_cha: 
startid: 000000000000000015
next_id: 00000000000000001a
versiid: 000000000000000027
next_va: 9.74368e-72
val_cha: 181458
nod_cha: 1000
startid: 00000015
next_id: 0000001f
versiid: 00000027
next_va: 4.65909e-315
val_cha: 
nod_cha: 00000000000000000000000000000015
startid: 00000000000000000000000000000027
next_id: 00000000000000000000000000000027
versiid: 00000003201711181458
next_va: 125
val_cha: 1000
nod_cha: 0000000000000000000015
startid: 0000000000000000000028
next_id: 0000000000000000000027
versiid: 1711181458
next_va: 3.14828e-307
val_cha: 00000000000000000000000000000015
nod_cha: 000000000015
startid: 000000000000
next_id: 000000000000
versiid: 
next_va: 1.39804e-76
val_cha: 0000000000000000000018
nod_cha: 18
startid: 00
next_id: 00
versiid: 
next_va: 1.39804e-76
val_cha: 00000000001b
nod_cha: 00000000000000000000000000
startid: 00000000000000000000000000
next_id: 03201711181458
versiid: ULL
next_va: 1.39804e-76
val_cha: 1e
nod_cha: 0000000000000009
startid: 0000000000000000
next_id: 1458
versiid: 0000000000000000000000001e
next_va: 1.39804e-76
val_cha: 00000000000000000000000030
nod_cha: 000030
startid: 000000
next_id: iå÷QU’t@1000
versiid: 000000000000001e
next_va: 1.39804e-76
val_cha: 0000000000000000
nod_cha: 000000000000000000000000000009
startid: 000003201711181458
next_id: 00
versiid: 00001e
next_va: 1.39804e-76
val_cha: 000009
nod_cha: 00000000000000000009
startid: 11181458
next_id: 00000000000000000000000000001e
versiid: 000000000000000000000000000030
next_va: 1.38179e-76
val_cha: 000000000000000000000000000009
nod_cha: 0000000009
startid: 
next_id: 0000000000000000001e
versiid: 00000000000000000000
next_va: 1.39804e-76
val_cha: 00000000000000000030
nod_cha: 
startid: t@1000
next_id: 000000001e
versiid: 0000000009
next_va: 1.39804e-76
val_cha: 0000000030
nod_cha: 201711181458
startid: L
next_id: 
versiid: 
next_va: 1.65713e-76
val_cha: 
nod_cha: 58
startid: 00000000000000000000001e
next_id: 000000000000000000000000
versiid: 000000000000000000000000
next_va: 3.93514e-62
val_cha: 201711181458
nod_cha: 
startid: 00000000000021
next_id: 0000000000002a
versiid: 00000000000000
next_va: 2.74322e-57
val_cha: 58
nod_cha: 
startid: 0021
next_id: 0000
versiid: 002a
next_va: 0
val_cha: 
nod_cha: 0000000000000000000000000021
startid: 000000000000000000000000002a
next_id: 000000000000000000000000002a
versiid: 0003201711181458
next_va: 1.39804e-76
val_cha: 
nod_cha: 000000000000000021
startid: 000000000000000000
next_id: 000000000000000000
versiid: 181458
next_va: 1.39804e-76
val_cha: 0000000000000000000000000024
nod_cha: 00000024
startid: 00000000
next_id: 00000000
versiid: 
next_va: 1.39804e-76
val_cha: 000000000000000027
nod_cha: 00000000000000000000000000000015
startid: 00000000000000000000000000000000
next_id: 00000003201711181458
versiid: 1000
next_va: 1.39804e-76
val_cha: 00000027
nod_cha: 0000000000000000000019
startid: 0000000000000000000000
next_id: 1711181458
versiid: 00000000000000000000000000000027
next_va: 2.99842e-310
val_cha: 00000000000000000000000000000000
nod_cha: 000000000000
startid: 000000000015
next_id: 
versiid: 0000000000000000000027
next_va: 1.39804e-76
val_cha: 0000000000000000000015
nod_cha: 15
startid: 15
next_id: U’t@1000
versiid: 000000000027
next_va: 1.39804e-76
val_cha: 000000000019
nod_cha: 00000000000000000000000015
startid: 03201711181458
next_id: ULL
versiid: 27
next_va: 1.39804e-76
val_cha: 00
nod_cha: 0000000000000000
startid: 1458
next_id: 0000000000000000000000002a
versiid: 00000000000000000000000021
next_va: 1.39804e-76
val_cha: 00000000000000000000000000
nod_cha: 000000
startid: 
next_id: 000000000000002a
versiid: 0000000000000000
next_va: 1.39804e-76
val_cha: 0000000000000021
nod_cha: 000003201711181458
startid: 00
next_id: 00002a
versiid: 000021
next_va: 1.39804e-76
val_cha: 000021
nod_cha: 11181458
startid: 00000000000000000000000000002a
next_id: 000000000000000000000000000000
versiid: 000000000000000000000000000000
next_va: 1.38179e-76
val_cha: 000003201711181458
nod_cha: 
startid: 0000000000000000002d
next_id: 00000000000000000000
versiid: 00000000000000000000
next_va: 7.70749e-43
val_cha: 11181458
nod_cha: t@1000
startid: 0000000030
next_id: 0000000001
versiid: 0000000000
next_va: 3.05338e-310
val_cha: 
nod_cha: L
startid: 
next_id: 
versiid: 
next_va: -1.19377e+103
val_cha: t@1000
nod_cha: 000000000000000000000030
startid: 000000000000000000000000
next_id: 00000000000000000000001e
versiid: 201711181458
next_va: 5.34927e+59
val_cha: L
nod_cha: 00000000000030
startid: 00000000000001
next_id: 0000000000001e
versiid: 58
next_va: 1.39804e-76
val_cha: 000000000000000000000030
nod_cha: 0030
startid: 001e
next_id: 001e
versiid: ÷QU’t@1000
next_va: 1.39804e-76
val_cha: 00000000000030
nod_cha: 
startid: 00000001000000000000000000000001
next_id: 00000000000000000000000000000003
versiid: 00000003201711181458
next_va: 20
val_cha: 1000
nod_cha: 000000000000
startid: 000000000002
next_id: 000000000003
versiid: 
next_va: 1.39804e-76
val_cha: 0000000000000000000000
nod_cha: 00000000000000000000000003
startid: 00000000000000000000000003
next_id: 03201711181458
versiid: ULL
next_va: 1.39804e-76
val_cha: 00
nod_cha: 000004
startid: 000003
next_id: 
versiid: 0000000000000000
next_va: 1.39804e-76
val_cha: 0000000000000005
nod_cha: 00000000000000000003
startid: 11181458
next_id: 000000000000000000000000000000
versiid: 000000000000000000000000000006
next_va: 1.38179e-76
val_cha: 000000000000000000000000000003
nod_cha: 
startid: 4@1000
next_id: 0000000000
versiid: 0000000007
next_va: 1.39804e-76
val_cha: 0000000003
nod_cha: 58
startid: 000000000000000000000000
next_id: 000000000000000000000008
versiid: 000000000000000000000003
next_va: 3.93514e-62
val_cha: 201711181458
nod_cha: 
startid: 0000
next_id: 0009
versiid: 0003
next_va: 0
val_cha: 
nod_cha: 000000000000000000
startid: 00000000000000000a
next_id: 000000000000000003
versiid: 181458
next_va: 1.39804e-76
val_cha: 0000000000000000000000000000
nod_cha: 0000000200000000000000000000000b
startid: 00000000000000000000000000000003
next_id: 00000003201711181458
versiid: 1000
next_va: 1.39804e-76
val_cha: 00000000
nod_cha: 00000000000c
startid: 000000000003
next_id: 
versiid: 0000000000000000000000
next_va: 1.39838e-76
val_cha: 000000000000000000000d
nod_cha: 00000000000000000000000003
startid: 03201711181458
next_id: ULL
versiid: 00
next_va: 1.39804e-76
val_cha: 0e
nod_cha: 000003
startid: 
next_id: 0000000000000000
versiid: 000000000000000f
next_va: 1.39804e-76
val_cha: 0000000000000003
nod_cha: 11181458
startid: 000000000000000000000000000000
next_id: 000001000000000000000000000010
versiid: 000000000000000000000000000003
next_va: 1.38179e-76
val_cha: 000003201711181458
nod_cha: 4@1000
startid: 0000000000
next_id: 0000000011
versiid: 0000000003
next_va: 3.05338e-310
val_cha: 
nod_cha: 000000000000000000000000
startid: 000000000000000000000012
next_id: 000000000000000000000003
versiid: 201711181458
next_va: 5.34927e+59
val_cha: L
nod_cha: 0000
startid: 0013
next_id: 0003
versiid: 
next_va: 1.39804e-76
val_cha: 00000000000000
nod_cha: 000000000000000014
startid: 000000000000000003
next_id: 181458
versiid: 0000000000000000000000000000
next_va: 1.39804e-76
val_cha: 0000000000000000000000000015
nod_cha: 00000000000000000000000000000003
startid: 00000003201711181458
next_id: 1000
versiid: 00000000
next_va: 1.39804e-76
val_cha: 00000016
nod_cha: 000000000003
startid: 
next_id: 0000000000000000000000
versiid: 0000000000000000000017
next_va: 1.39804e-76
val_cha: 0000000000000000000003
nod_cha: 03201711181458
startid: ULL
next_id: 00
versiid: 18
next_va: 1.39804e-76
val_cha: 03
nod_cha: 
startid: 0000000000000000
next_id: 0000000000000019
versiid: 0000000000000003
next_va: 5.05232e-38
val_cha: 1458
nod_cha: 000000000000000000000000000000
startid: 00000200000000000000000000001a
next_id: 000000000000000000000000000003
versiid: 000003201711181458
next_va: 1.48981e-76
val_cha: 00
nod_cha: 0000000000
startid: 000000001b
next_id: 0000000003
versiid: 
next_va: 1.39804e-76
val_cha: 00000000000000000000
nod_cha: 00000000000000000000001c
startid: 000000000000000000000003
next_id: 201711181458
versiid: L
next_va: 1.39804e-76
val_cha: 
nod_cha: 001d
startid: 0003
next_id: 
versiid: 00000000000000
next_va: 1.39804e-76
val_cha: 0000000000001e
nod_cha: 000000000000000003
startid: 181458
next_id: 0000000000000000000000000000
versiid: 000100000000000000000000001f
next_va: 1.39804e-76
val_cha: 0000000000000000000000000003
nod_cha: 00000003201711181458
startid: 1000
next_id: 00000000
versiid: 00000020
next_va: 1.39804e-76
val_cha: 00000003
nod_cha: 
startid: 0000000000000000000000
next_id: 0000000000000000000021
versiid: 0000000000000000000003
next_va: 1.57178e-76
val_cha: 1711181458
nod_cha: ULL
startid: 00
next_id: 22
versiid: 03
next_va: 0
val_cha: 
nod_cha: 0000000000000000
startid: 0000000000000023
next_id: 0000000000000003
versiid: 1458
next_va: 1.39804e-76
val_cha: 00000000000000000000000000
nod_cha: 000000000000000000000000000024
startid: 000000000000000000000000000003
next_id: 000003201711181458
versiid: 00
next_va: 1.39804e-76
val_cha: 000000
nod_cha: 0000000025
startid: 0000000003
next_id: 
versiid: 00000000000000000000
next_va: 1.39804e-76
val_cha: 00000000000000000026
nod_cha: 000000000000000000000003
startid: 201711181458
next_id: L
versiid: 
next_va: 8.15589e-43
val_cha: 
nod_cha: 0003
startid: 
next_id: 00000000000000
versiid: 00000000000028
next_va: 1.39804e-76
val_cha: 00000000000003
nod_cha: 181458
startid: 0000000000000000000000000000
next_id: 0002000000000000000000000029
versiid: 0000000000000000000000000003
next_va: 1.39804e-76
val_cha: 0003201711181458
nod_cha: 1000
startid: 00000000
next_id: 0000002a
versiid: 00000003
next_va: 4.65909e-315
val_cha: 
nod_cha: 0000000000000000000000
startid: 000000000000000000002b
next_id: 0000000000000000000003
versiid: 1711181458
next_va: 3.14828e-307
val_cha: 00000000000000000000000000000000
nod_cha: 00
startid: 2c
next_id: 03
versiid: 
next_va: 1.39804e-76
val_cha: 000000000000
nod_cha: 000000000000002d
startid: 0000000000000003
next_id: 1458
versiid: 00000000000000000000000000
next_va: 1.39804e-76
val_cha: 0100000000000000000000002e
nod_cha: 000000000000000000000000000003
startid: 000003201711181458
next_id: 00
versiid: 000000
next_va: 1.39804e-76
val_cha: 00002f
nod_cha: 0000000003
startid: 
next_id: 00000000000000000000
versiid: 00000000000000000030
next_va: 1.39804e-76
val_cha: 00000000000000000003
nod_cha: 201711181458
startid: L
next_id: 
versiid: 
next_va: 3.93514e-62
val_cha: 
nod_cha: 
startid: 00000000000000
next_id: 00000000000032
versiid: 00000000000003
next_va: 2.74322e-57
val_cha: 58
nod_cha: 0000000000000000000000000000
startid: 0001000000000000000000000001
next_id: 0000000000000000000000000006
versiid: 0003201711181458
next_va: 1.39804e-76
val_cha: 
nod_cha: 00000000
startid: 00000002
next_id: 00000006
versiid: 
next_va: 1.39804e-76
val_cha: 000000000000000000
nod_cha: 0000000000000000000003
startid: 0000000000000000000006
next_id: 1711181458
versiid: 00000000000000000000000000000000
next_va: 2.61773e-310
val_cha: 00000001000000000000000000000004
nod_cha: 04
startid: 06
next_id: 
versiid: 000000000000
next_va: 1.39804e-76
val_cha: 000000000005
nod_cha: 0000000000000006
startid: 1458
next_id: 00000000000000000000000000
versiid: 00000000000000000000000006
next_va: 1.39804e-76
val_cha: 00000000000000000000000006
nod_cha: 000003201711181458
startid: 00
next_id: 000000
versiid: 000007
next_va: 1.39804e-76
val_cha: 000006
nod_cha: 
startid: 00000000000000000000
next_id: 00000000000000000008
versiid: 00000000000000000006
next_va: 7.70749e-43
val_cha: 11181458
nod_cha: L
startid: 
next_id: 
versiid: 
next_va: 0
val_cha: 4@1000
nod_cha: 00000000000000
startid: 0000000000000a
next_id: 00000000000006
versiid: 58
next_va: 1.39804e-76
val_cha: 000000000000000000000000
nod_cha: 000200000000000000000000000b
startid: 0000000000000000000000000006
next_id: 0003201711181458
versiid: 
next_va: 1.39804e-76
val_cha: 0000
nod_cha: 0000000c
startid: 00000006
next_id: 
versiid: 000000000000000000
next_va: 1.39804e-76
val_cha: 00000000000000000d
nod_cha: 0000000000000000000006
startid: 1711181458
next_id: 00000000000000000000000000000000
versiid: 0000000200000000000000000000000e
next_va: 5.49686e-310
val_cha: 00000000000000000000000000000006
nod_cha: 06
startid: 
next_id: 000000000000
versiid: 00000000000f
next_va: 1.39804e-76
val_cha: 000000000006
nod_cha: 1458
startid: 00000000000000000000000000
next_id: 01000000000000000000000010
versiid: 00000000000000000000000006
next_va: 1.39804e-76
val_cha: 03201711181458
nod_cha: 00
startid: 000000
next_id: 000011
versiid: 000006
next_va: 7.10911e-320
val_cha: 
nod_cha: 00000000000000000000
startid: 00000000000000000012
next_id: 00000000000000000006
versiid: 11181458
next_va: 1.38189e-76
val_cha: 000000000000000000000000000000
nod_cha: 
startid: 
next_id: 
versiid: 4@1000
next_va: 1.39804e-76
val_cha: 0000000000
nod_cha: 00000000000014
startid: 00000000000006
next_id: 58
versiid: 000000000000000000000000
next_va: 1.39804e-76
val_cha: 000000000000000000000015
nod_cha: 0000000000000000000000000006
startid: 0003201711181458
next_id: 
versiid: 0000
next_va: 1.39804e-76
val_cha: 0016
nod_cha: 00000006
startid: 
next_id: 000000000000000000
versiid: 000000000000000017
next_va: 1.39804e-76
val_cha: 000000000000000006
nod_cha: 1711181458
startid: 00000000000000000000000000000000
next_id: 00000000000000000000000000000018
versiid: 00000000000000000000000000000006
next_va: 2.94367e-310
val_cha: 00000003201711181458
nod_cha: 
startid: 000000000000
next_id: 000000000019
versiid: 000000000006
next_va: 6.23126e-38
val_cha: 
nod_cha: 00000000000000000000000000
startid: 0200000000000000000000001a
next_id: 00000000000000000000000006
versiid: 03201711181458
next_va: 5.45542e+67
val_cha: ULL
nod_cha: 000000
startid: 00001b
next_id: 000006
versiid: 
next_va: 1.39804e-76
val_cha: 0000000000000000
nod_cha: 0000000000000000001c
startid: 00000000000000000006
next_id: 11181458
versiid: 000000000000000000000000000000
next_va: 1.38179e-76
val_cha: 00000200000000000000000000001d
nod_cha: 
startid: 
next_id: 4@1000
versiid: 0000000000
next_va: 1.39804e-76
val_cha: 000000001e
nod_cha: 00000000000006
startid: 58
next_id: 000000000000000000000000
versiid: 00000000000000000000001f
next_va: 1.39804e-76
val_cha: 000000000000000000000006
nod_cha: 0003201711181458
startid: 
next_id: 0000
versiid: 0020
next_va: 1.39804e-76
val_cha: 0006
nod_cha: 
startid: 000000000000000000
next_id: 000000000000000021
versiid: 000000000000000006
next_va: 9.74368e-72
val_cha: 181458
nod_cha: 00000000000000000000000000000000
startid: 00000001000000000000000000000022
next_id: 00000000000000000000000000000006
versiid: 00000003201711181458
next_va: 20
val_cha: 1000
nod_cha: 000000000000
startid: 000000000023
next_id: 000000000006
versiid: 
next_va: 1.39804e-76
val_cha: 0000000000000000000000
nod_cha: 00000000000000000000000024
startid: 00000000000000000000000006
next_id: 03201711181458
versiid: ULL
next_va: 1.39804e-76
val_cha: 00
nod_cha: 000025
startid: 000006
next_id: 
versiid: 0000000000000000
next_va: 1.39804e-76
val_cha: 0000000000000026
nod_cha: 00000000000000000006
startid: 11181458
next_id: 000000000000000000000000000000
versiid: 000000000000000000000000000027
next_va: 1.38179e-76
val_cha: 000000000000000000000000000006
nod_cha: 
startid: 4@1000
next_id: 0000000000
versiid: 0000000028
next_va: 1.39804e-76
val_cha: 0000000006
nod_cha: 58
startid: 000000000000000000000000
next_id: 000000000000000000000029
versiid: 000000000000000000000006
next_va: 3.93514e-62
val_cha: 201711181458
nod_cha: 
startid: 0000
next_id: 002a
versiid: 0006
next_va: 0
val_cha: 
nod_cha: 000000000000000000
startid: 00000000000000002b
next_id: 000000000000000006
versiid: 181458
next_va: 1.39804e-76
val_cha: 0000000000000000000000000000
nod_cha: 0000000200000000000000000000002c
startid: 00000000000000000000000000000006
next_id: 00000003201711181458
versiid: 1000
next_va: 1.39804e-76
val_cha: 00000000
nod_cha: 00000000002d
startid: 000000000006
next_id: 
versiid: 0000000000000000000000
next_va: 1.39838e-76
val_cha: 000000000000000000002e
nod_cha: 00000000000000000000000006
startid: 03201711181458
next_id: ULL
versiid: 00
next_va: 1.39804e-76
val_cha: 2f
nod_cha: 000006
startid: 
next_id: 0000000000000000
versiid: 0000000000000030
next_va: 1.39804e-76
val_cha: 0000000000000006
nod_cha: 11181458
startid: 000000000000000000000000000000
next_id: 000001000000000000000000000031
versiid: 000000000000000000000000000006
next_va: 1.38179e-76
val_cha: 000003201711181458
nod_cha: 4@1000
startid: 0000000000
next_id: 0000000032
versiid: 0000000006
next_va: 3.05338e-310
val_cha: 
nod_cha: 000000000000000000000000
startid: 000000000000000000000001
next_id: 000000000000000000000009
versiid: 201711181458
next_va: 5.34927e+59
val_cha: L
nod_cha: 0000
startid: 0002
next_id: 0009
versiid: 
next_va: 1.39804e-76
val_cha: 00000000000000
nod_cha: 000000000000000003
startid: 000000000000000009
next_id: 181458
versiid: 0000000000000000000000000000
next_va: 1.39804e-76
val_cha: 0001000000000000000000000004
nod_cha: 00000000000000000000000000000009
startid: 00000003201711181458
next_id: 1000
versiid: 00000000
next_va: 1.39804e-76
val_cha: 00000005
nod_cha: 000000000009
startid: 
next_id: 0000000000000000000000
versiid: 0000000000000000000006
next_va: 1.39804e-76
val_cha: 0000000000000000000009
nod_cha: 03201711181458
startid: ULL
next_id: 00
versiid: 07
next_va: 1.39804e-76
val_cha: 09
nod_cha: 
startid: 0000000000000000
next_id: 0000000000000008
versiid: 0000000000000009
next_va: 5.05232e-38
val_cha: 1458
nod_cha: 000000000000000000000000000000
startid: 000000000000000000000000000009
next_id: 000000000000000000000000000009
versiid: 000003201711181458
next_va: 1.48981e-76
val_cha: 00
nod_cha: 0000000000
startid: 000000000a
next_id: 0000000009
versiid: 
next_va: 1.39804e-76
val_cha: 00000000000000000000
nod_cha: 00000000000000000000000b
startid: 000000000000000000000009
next_id: 201711181458
versiid: L
next_va: 1.39804e-76
val_cha: 
nod_cha: 000c
startid: 0009
next_id: 
versiid: 00000000000000
next_va: 1.39804e-76
val_cha: 0000000000000d
nod_cha: 000000000000000009
startid: 181458
next_id: 0000000000000000000000000000
versiid: 000200000000000000000000000e
next_va: 1.39804e-76
val_cha: 0000000000000000000000000009
nod_cha: 00000003201711181458
startid: 1000
next_id: 00000000
versiid: 0000000f
next_va: 1.39804e-76
val_cha: 00000009
nod_cha: 
startid: 0000000000000000000000
next_id: 0000000000000000000010
versiid: 0000000000000000000009
next_va: 1.57178e-76
val_cha: 1711181458
nod_cha: ULL
startid: 00
next_id: 11
versiid: 09
next_va: 0
val_cha: 
nod_cha: 0000000000000000
startid: 0000000000000012
next_id: 0000000000000009
versiid: 1458
next_va: 1.39804e-76
val_cha: 00000000000000000000000000
nod_cha: 000001000000000000000000000013
startid: 000000000000000000000000000009
next_id: 000003201711181458
versiid: 00
next_va: 1.39804e-76
val_cha: 000000
nod_cha: 0000000014
startid: 0000000009
next_id: 
versiid: 00000000000000000000
next_va: 1.39804e-76
val_cha: 00000000000000000015
nod_cha: 000000000000000000000009
startid: 201711181458
next_id: L
versiid: 
next_va: 1.17607e-47
val_cha: 
nod_cha: 0009
startid: 
next_id: 00000000000000
versiid: 00000000000017
next_va: 1.39804e-76
val_cha: 00000000000009
nod_cha: 181458
startid: 0000000000000000000000000000
next_id: 0000000000000000000000000018
versiid: 0000000000000000000000000009
next_va: 1.39804e-76
val_cha: 0003201711181458
nod_cha: 1000
startid: 00000000
next_id: 00000019
versiid: 00000009
next_va: 4.65909e-315
val_cha: 
nod_cha: 0000000000000000000000
startid: 000000000000000000001a
next_id: 0000000000000000000009
versiid: 1711181458
next_va: 3.14828e-307
val_cha: 00000000000000000000000000000000
nod_cha: 00
startid: 1b
next_id: 09
versiid: 
next_va: 1.39804e-76
val_cha: 000000000000
nod_cha: 000000000000001c
startid: 0000000000000009
next_id: 1458
versiid: 00000000000000000000000000
next_va: 1.39804e-76
val_cha: 0200000000000000000000001d
nod_cha: 000000000000000000000000000009
startid: 000003201711181458
next_id: 00
versiid: 000000
next_va: 1.39804e-76
val_cha: 00001e
nod_cha: 0000000009
startid: 
next_id: 00000000000000000000
versiid: 0000000000000000001f
next_va: 1.39804e-76
val_cha: 00000000000000000009
nod_cha: 201711181458
startid: L
next_id: 
versiid: 
next_va: 3.11774e-33
val_cha: 
nod_cha: 
startid: 00000000000000
next_id: 00000000000021
versiid: 00000000000009
next_va: 2.74322e-57
val_cha: 58
nod_cha: 0000000000000000000000000000
startid: 0001000000000000000000000022
next_id: 0000000000000000000000000009
versiid: 0003201711181458
next_va: 1.39804e-76
val_cha: 
nod_cha: 00000000
startid: 00000023
next_id: 00000009
versiid: 
next_va: 1.39804e-76
val_cha: 000000000000000000
nod_cha: 0000000000000000000024
startid: 0000000000000000000009
next_id: 1711181458
versiid: 00000000000000000000000000000000
next_va: 2.61773e-310
val_cha: 00000001000000000000000000000025
nod_cha: 25
startid: 09
next_id: 
versiid: 000000000000
next_va: 1.39804e-76
val_cha: 000000000026
nod_cha: 0000000000000009
startid: 1458
next_id: 00000000000000000000000000
versiid: 00000000000000000000000027
next_va: 1.39804e-76
val_cha: 00000000000000000000000009
nod_cha: 000003201711181458
startid: 00
next_id: 000000
versiid: 000028
next_va: 1.39804e-76
val_cha: 000009
nod_cha: 
startid: 00000000000000000000
next_id: 00000000000000000029
versiid: 00000000000000000009
next_va: 7.70749e-43
val_cha: 11181458
nod_cha: L
startid: 
next_id: 
versiid: 
next_va: 0
val_cha: 4@1000
nod_cha: 00000000000000
startid: 0000000000002b
next_id: 00000000000009
versiid: 58
next_va: 1.39804e-76
val_cha: 000000000000000000000000
nod_cha: 000200000000000000000000002c
startid: 0000000000000000000000000009
next_id: 0003201711181458
versiid: 
next_va: 1.39804e-76
val_cha: 0000
nod_cha: 0000002d
startid: 00000009
next_id: 
versiid: 000000000000000000
next_va: 1.39804e-76
val_cha: 00000000000000002e
nod_cha: 0000000000000000000009
startid: 1711181458
next_id: 00000000000000000000000000000000
versiid: 0000000200000000000000000000002f
next_va: 5.55161e-310
val_cha: 00000000000000000000000000000009
nod_cha: 09
startid: 
next_id: 000000000000
versiid: 000000000030
next_va: 1.39804e-76
val_cha: 000000000009
nod_cha: 1458
startid: 00000000000000000000000000
next_id: 01000000000000000000000031
versiid: 00000000000000000000000009
next_va: 1.39804e-76
val_cha: 03201711181458
nod_cha: 00
startid: 000000
next_id: 000032
versiid: 000009
next_va: 7.10911e-320
val_cha: 
nod_cha: 00000000000000000000
startid: 00000000000000000001
next_id: 0000000000000000000c
versiid: 11181458
next_va: 1.38189e-76
val_cha: 000000000000000000000000000000
nod_cha: 
startid: 
next_id: 
versiid: 4@1000
next_va: 1.39804e-76
val_cha: 0000000000
nod_cha: 00000000000003
startid: 0000000000000c
next_id: 58
versiid: 000000000000000000000000
next_va: 9.16222e-72
val_cha: 000000000000000000000004
nod_cha: 000000000000000000000000000c
startid: 0003201711181458
next_id: 
versiid: 0000
next_va: 1.39804e-76
val_cha: 0005
nod_cha: 0000000c
startid: 
next_id: 000000000000000000
versiid: 000000000000000006
next_va: 1.39804e-76
val_cha: 00000000000000000c
nod_cha: 1711181458
startid: 00000000000000000000000000000000
next_id: 00000001000000000000000000000007
versiid: 0000000000000000000000000000000c
next_va: 5.38821e-310
val_cha: 00000003201711181458
nod_cha: 
startid: 000000000000
next_id: 000000000008
versiid: 00000000000c
next_va: 6.23126e-38
val_cha: 
nod_cha: 00000000000000000000000000
startid: 00000000000000000000000009
next_id: 0000000000000000000000000c
versiid: 03201711181458
next_va: 5.45542e+67
val_cha: ULL
nod_cha: 000000
startid: 00000a
next_id: 00000c
versiid: 
next_va: 1.39804e-76
val_cha: 0000000000000000
nod_cha: 0000000000000000000b
startid: 0000000000000000000c
next_id: 11181458
versiid: 000000000000000000000000000000
next_va: 1.38179e-76
val_cha: 00000000000000000000000000000c
nod_cha: 
startid: 
next_id: 4@1000
versiid: 0000000000
next_va: 1.39804e-76
val_cha: 000000000d
nod_cha: 0000000000000c
startid: 58
next_id: 000000000000000000000000
versiid: 00000000000000000000000e
next_va: 1.39804e-76
val_cha: 00000000000000000000000c
nod_cha: 0003201711181458
startid: 
next_id: 0000
versiid: 000f
next_va: 1.39804e-76
val_cha: 000c
nod_cha: 
startid: 000000000000000000
next_id: 000000000000000010
versiid: 00000000000000000c
next_va: 9.74368e-72
val_cha: 181458
nod_cha: 00000000000000000000000000000000
startid: 00000002000000000000000000000011
next_id: 0000000000000000000000000000000c
versiid: 00000003201711181458
next_va: 20
val_cha: 1000
nod_cha: 000000000000
startid: 000000000012
next_id: 00000000000c
versiid: 
next_va: 1.39804e-76
val_cha: 0000000000000000000000
nod_cha: 01000000000000000000000013
startid: 0000000000000000000000000c
next_id: 03201711181458
versiid: ULL
next_va: 1.39804e-76
val_cha: 00
nod_cha: 000014
startid: 00000c
next_id: 
versiid: 0000000000000000
next_va: 1.39804e-76
val_cha: 0000000000000015
nod_cha: 0000000000000000000c
startid: 11181458
next_id: 000000000000000000000000000000
versiid: 000001000000000000000000000016
next_va: 1.38179e-76
val_cha: 00000000000000000000000000000c
nod_cha: 
startid: 4@1000
next_id: 0000000000
versiid: 0000000017
next_va: 1.39804e-76
val_cha: 000000000c
nod_cha: 58
startid: 000000000000000000000000
next_id: 000000000000000000000018
versiid: 00000000000000000000000c
next_va: 3.93514e-62
val_cha: 201711181458
nod_cha: 
startid: 0000
next_id: 0019
versiid: 000c
next_va: 0
val_cha: 
nod_cha: 000000000000000000
startid: 00000000000000001a
next_id: 00000000000000000c
versiid: 181458
next_va: 1.39804e-76
val_cha: 0000000000000000000000000000
nod_cha: 0000000000000000000000000000001b
startid: 0000000000000000000000000000000c
next_id: 00000003201711181458
versiid: 1000
next_va: 1.39804e-76
val_cha: 00000000
nod_cha: 00000000001c
startid: 00000000000c
next_id: 
versiid: 0000000000000000000000
next_va: 1.39872e-76
val_cha: 000000000000000000001d
nod_cha: 0000000000000000000000000c
startid: 03201711181458
next_id: ULL
versiid: 00
next_va: 1.39804e-76
val_cha: 1e
nod_cha: 00000c
startid: 
next_id: 0000000000000000
versiid: 000000000000001f
next_va: 1.39804e-76
val_cha: 000000000000000c
nod_cha: 11181458
startid: 000000000000000000000000000000
next_id: 000002000000000000000000000020
versiid: 00000000000000000000000000000c
next_va: 1.38179e-76
val_cha: 000003201711181458
nod_cha: 4@1000
startid: 0000000000
next_id: 0000000021
versiid: 000000000c
next_va: 3.05338e-310
val_cha: 
nod_cha: 000000000000000000000000
startid: 000000000000000000000022
next_id: 00000000000000000000000c
versiid: 201711181458
next_va: 5.34927e+59
val_cha: L
nod_cha: 0000
startid: 0023
next_id: 000c
versiid: 
next_va: 1.39804e-76
val_cha: 00000000000000
nod_cha: 000000000000000024
startid: 00000000000000000c
next_id: 181458
versiid: 0000000000000000000000000000
next_va: 1.39804e-76
val_cha: 0001000000000000000000000025
nod_cha: 0000000000000000000000000000000c
startid: 00000003201711181458
next_id: 1000
versiid: 00000000
next_va: 1.39804e-76
val_cha: 00000026
nod_cha: 00000000000c
startid: 
next_id: 0000000000000000000000
versiid: 0000000000000000000027
next_va: 1.39804e-76
val_cha: 000000000000000000000c
nod_cha: 03201711181458
startid: ULL
next_id: 00
versiid: 28
next_va: 1.39804e-76
val_cha: 0c
nod_cha: 
startid: 0000000000000000
next_id: 0000000000000029
versiid: 000000000000000c
next_va: 5.05232e-38
val_cha: 1458
nod_cha: 000000000000000000000000000000
startid: 00000000000000000000000000002a
next_id: 00000000000000000000000000000c
versiid: 000003201711181458
next_va: 1.48981e-76
val_cha: 00
nod_cha: 0000000000
startid: 000000002b
next_id: 000000000c
versiid: 
next_va: 1.39804e-76
val_cha: 00000000000000000000
nod_cha: 00000000000000000000002c
startid: 00000000000000000000000c
next_id: 201711181458
versiid: L
next_va: 1.39804e-76
val_cha: 
nod_cha: 002d
startid: 000c
next_id: 
versiid: 00000000000000
next_va: 1.39804e-76
val_cha: 0000000000002e
nod_cha: 00000000000000000c
startid: 181458
next_id: 0000000000000000000000000000
versiid: 000200000000000000000000002f
next_va: 1.39804e-76
val_cha: 000000000000000000000000000c
nod_cha: 00000003201711181458
startid: 1000
next_id: 00000000
versiid: 00000030
next_va: 1.39804e-76
val_cha: 0000000c
nod_cha: 
startid: 0000000000000000000000
next_id: 0000000000000000000031
versiid: 000000000000000000000c
next_va: 1.57178e-76
val_cha: 1711181458
nod_cha: ULL
startid: 00
next_id: 32
versiid: 0c
next_va: 0
val_cha: 
nod_cha: 0000000000000000
startid: 0000000000000001
next_id: 000000000000000f
versiid: 1458
next_va: 1.39804e-76
val_cha: 00000000000000000000000000
nod_cha: 000002000000000000000000000002
startid: 00000000000000000000000000000f
next_id: 000003201711181458
versiid: 00
next_va: 1.39804e-76
val_cha: 000000
nod_cha: 0000000003
startid: 000000000f
next_id: 
versiid: 00000000000000000000
next_va: 1.39804e-76
val_cha: 00000000000000000004
nod_cha: 00000000000000000000000f
startid: 201711181458
next_id: L
versiid: 
next_va: 1.69013e-52
val_cha: 
nod_cha: 000f
startid: 
next_id: 00000000000000
versiid: 00000000000006
next_va: 1.39804e-76
val_cha: 0000000000000f
nod_cha: 181458
startid: 0000000000000000000000000000
next_id: 0001000000000000000000000007
versiid: 000000000000000000000000000f
next_va: 1.39804e-76
val_cha: 0003201711181458
nod_cha: 1000
startid: 00000000
next_id: 00000008
versiid: 0000000f
next_va: 4.65909e-315
val_cha: 
nod_cha: 0000000000000000000000
startid: 0000000000000000000009
next_id: 000000000000000000000f
versiid: 1711181458
next_va: 3.14828e-307
val_cha: 00000000000000000000000000000000
nod_cha: 00
startid: 0a
next_id: 0f
versiid: 
next_va: 1.39804e-76
val_cha: 000000000000
nod_cha: 000000000000000b
startid: 000000000000000f
next_id: 1458
versiid: 00000000000000000000000000
next_va: 1.39804e-76
val_cha: 0000000000000000000000000c
nod_cha: 00000000000000000000000000000f
startid: 000003201711181458
next_id: 00
versiid: 000000
next_va: 1.39804e-76
val_cha: 00000d
nod_cha: 000000000f
startid: 
next_id: 00000000000000000000
versiid: 0000000000000000000e
next_va: 1.39804e-76
val_cha: 0000000000000000000f
nod_cha: 201711181458
startid: L
next_id: 
versiid: 
next_va: 1.71964e+184
val_cha: 
nod_cha: 
startid: 00000000000000
next_id: 00000000000010
versiid: 0000000000000f
next_va: 2.74322e-57
val_cha: 58
nod_cha: 0000000000000000000000000000
startid: 0002000000000000000000000011
next_id: 000000000000000000000000000f
versiid: 0003201711181458
next_va: 1.39804e-76
val_cha: 
nod_cha: 00000000
startid: 00000012
next_id: 0000000f
versiid: 
next_va: 1.39804e-76
val_cha: 000000000000000000
nod_cha: 0000000000000000000013
startid: 000000000000000000000f
next_id: 1711181458
versiid: 00000000000000000000000000000000
next_va: 2.61773e-310
val_cha: 00000002000000000000000000000014
nod_cha: 14
startid: 0f
next_id: 
versiid: 000000000000
next_va: 1.39804e-76
val_cha: 000000000015
nod_cha: 000000000000000f
startid: 1458
next_id: 00000000000000000000000000
versiid: 01000000000000000000000016
next_va: 1.39804e-76
val_cha: 0000000000000000000000000f
nod_cha: 000003201711181458
startid: 00
next_id: 000000
versiid: 000017
next_va: 1.39804e-76
val_cha: 00000f
nod_cha: 
startid: 00000000000000000000
next_id: 00000000000000000018
versiid: 0000000000000000000f
next_va: 7.70749e-43
val_cha: 11181458
nod_cha: L
startid: 
next_id: 
versiid: 
next_va: 0
val_cha: 4@1000
nod_cha: 00000000000000
startid: 0000000000001a
next_id: 0000000000000f
versiid: 58
next_va: 1.39804e-76
val_cha: 000000000000000000000000
nod_cha: 000000000000000000000000001b
startid: 000000000000000000000000000f
next_id: 0003201711181458
versiid: 
next_va: 1.39804e-76
val_cha: 0000
nod_cha: 0000001c
startid: 0000000f
next_id: 
versiid: 000000000000000000
next_va: 1.39804e-76
val_cha: 00000000000000001d
nod_cha: 000000000000000000000f
startid: 1711181458
next_id: 00000000000000000000000000000000
versiid: 0000000000000000000000000000001e
next_va: 5.49707e-310
val_cha: 0000000000000000000000000000000f
nod_cha: 0f
startid: 
next_id: 000000000000
versiid: 00000000001f
next_va: 1.39804e-76
val_cha: 00000000000f
nod_cha: 1458
startid: 00000000000000000000000000
next_id: 02000000000000000000000020
versiid: 0000000000000000000000000f
next_va: 1.39804e-76
val_cha: 03201711181458
nod_cha: 00
startid: 000000
next_id: 000021
versiid: 00000f
next_va: 7.10911e-320
val_cha: 
nod_cha: 00000000000000000000
startid: 00000000000000000022
next_id: 0000000000000000000f
versiid: 11181458
next_va: 1.38189e-76
val_cha: 000000000000000000000000000000
nod_cha: 
startid: 
next_id: 
versiid: 4@1000
next_va: 1.39804e-76
val_cha: 0000000000
nod_cha: 00000000000024
startid: 0000000000000f
next_id: 58
versiid: 000000000000000000000000
next_va: 9.16222e-72
val_cha: 000000000000000000000025
nod_cha: 000000000000000000000000000f
startid: 0003201711181458
next_id: 
versiid: 0000
next_va: 1.39804e-76
val_cha: 0026
nod_cha: 0000000f
startid: 
next_id: 000000000000000000
versiid: 000000000000000027
next_va: 1.39804e-76
val_cha: 00000000000000000f
nod_cha: 1711181458
startid: 00000000000000000000000000000000
next_id: 00000001000000000000000000000028
versiid: 0000000000000000000000000000000f
next_va: 5.55118e-310
val_cha: 00000003201711181458
nod_cha: 
startid: 000000000000
next_id: 000000000029
versiid: 00000000000f
next_va: 6.23126e-38
val_cha: 
nod_cha: 00000000000000000000000000
startid: 0000000000000000000000002a
next_id: 0000000000000000000000000f
versiid: 03201711181458
next_va: 5.45542e+67
val_cha: ULL
nod_cha: 000000
startid: 00002b
next_id: 00000f
versiid: 
next_va: 1.39804e-76
val_cha: 0000000000000000
nod_cha: 0000000000000000002c
startid: 0000000000000000000f
next_id: 11181458
versiid: 000000000000000000000000000000
next_va: 1.38179e-76
val_cha: 00000000000000000000000000002d
nod_cha: 
startid: 
next_id: 4@1000
versiid: 0000000000
next_va: 1.39804e-76
val_cha: 000000002e
nod_cha: 0000000000000f
startid: 58
next_id: 000000000000000000000000
versiid: 00000000000000000000002f
next_va: 1.39804e-76
val_cha: 00000000000000000000000f
nod_cha: 0003201711181458
startid: 
next_id: 0000
versiid: 0030
next_va: 1.39804e-76
val_cha: 000f
nod_cha: 
startid: 000000000000000000
next_id: 000000000000000031
versiid: 00000000000000000f
next_va: 9.74368e-72
val_cha: 181458
nod_cha: 00000000000000000000000000000000
startid: 00000002000000000000000000000032
next_id: 0000000000000000000000000000000f
versiid: 00000003201711181458
next_va: 20
val_cha: 1000
nod_cha: 000000000000
startid: 000000000001
next_id: 000000000012
versiid: 
next_va: 1.39804e-76
val_cha: 0000000000000000000000
nod_cha: 02000000000000000000000002
startid: 00000000000000000000000012
next_id: 03201711181458
versiid: ULL
next_va: 1.39804e-76
val_cha: 00
nod_cha: 000003
startid: 000012
next_id: 
versiid: 0000000000000000
next_va: 1.39804e-76
val_cha: 0000000000000004
nod_cha: 00000000000000000012
startid: 11181458
next_id: 000000000000000000000000000000
versiid: 000002000000000000000000000005
next_va: 1.38179e-76
val_cha: 000000000000000000000000000012
nod_cha: 
startid: 4@1000
next_id: 0000000000
versiid: 0000000006
next_va: 1.39804e-76
val_cha: 0000000012
nod_cha: 58
startid: 000000000000000000000000
next_id: 000000000000000000000007
versiid: 000000000000000000000012
next_va: 3.93514e-62
val_cha: 201711181458
nod_cha: 
startid: 0000
next_id: 0008
versiid: 0012
next_va: 0
val_cha: 
nod_cha: 000000000000000000
startid: 000000000000000009
next_id: 000000000000000012
versiid: 181458
next_va: 1.39804e-76
val_cha: 0000000000000000000000000000
nod_cha: 0000000100000000000000000000000a
startid: 00000000000000000000000000000012
next_id: 00000003201711181458
versiid: 1000
next_va: 1.39804e-76
val_cha: 00000000
nod_cha: 00000000000b
startid: 000000000012
next_id: 
versiid: 0000000000000000000000
next_va: 1.39804e-76
val_cha: 000000000000000000000c
nod_cha: 00000000000000000000000012
startid: 03201711181458
next_id: ULL
versiid: 00
next_va: 1.39804e-76
val_cha: 0d
nod_cha: 000012
startid: 
next_id: 0000000000000000
versiid: 000000000000000e
next_va: 1.39804e-76
val_cha: 0000000000000012
nod_cha: 11181458
startid: 000000000000000000000000000000
next_id: 00000000000000000000000000000f
versiid: 000000000000000000000000000012
next_va: 1.38179e-76
val_cha: 000003201711181458
nod_cha: 4@1000
startid: 0000000000
next_id: 0000000010
versiid: 0000000012
next_va: 3.05338e-310
val_cha: 
nod_cha: 000000000000000000000000
startid: 000000000000000000000011
next_id: 000000000000000000000012
versiid: 201711181458
next_va: 5.34927e+59
val_cha: L
nod_cha: 0000
startid: 0012
next_id: 0012
versiid: 
next_va: 1.39804e-76
val_cha: 00000000000000
nod_cha: 000000000000000013
startid: 000000000000000012
next_id: 181458
versiid: 0000000000000000000000000000
next_va: 1.39804e-76
val_cha: 0002000000000000000000000014
nod_cha: 00000000000000000000000000000012
startid: 00000003201711181458
next_id: 1000
versiid: 00000000
next_va: 1.39804e-76
val_cha: 00000015
nod_cha: 000000000012
startid: 
next_id: 0000000000000000000000
versiid: 0000000000000000000016
next_va: 1.39804e-76
val_cha: 0000000000000000000012
nod_cha: 03201711181458
startid: ULL
next_id: 00
versiid: 17
next_va: 1.39804e-76
val_cha: 12
nod_cha: 
startid: 0000000000000000
next_id: 0000000000000018
versiid: 0000000000000012
next_va: 5.05232e-38
val_cha: 1458
nod_cha: 000000000000000000000000000000
startid: 000001000000000000000000000019
next_id: 000000000000000000000000000012
versiid: 000003201711181458
next_va: 1.48981e-76
val_cha: 00
nod_cha: 0000000000
startid: 000000001a
next_id: 0000000012
versiid: 
next_va: 1.39804e-76
val_cha: 00000000000000000000
nod_cha: 00000000000000000000001b
startid: 000000000000000000000012
next_id: 201711181458
versiid: L
next_va: 1.39804e-76
val_cha: 
nod_cha: 001c
startid: 0012
next_id: 
versiid: 00000000000000
next_va: 1.39804e-76
val_cha: 0000000000001d
nod_cha: 000000000000000012
startid: 181458
next_id: 0000000000000000000000000000
versiid: 000000000000000000000000001e
next_va: 1.39804e-76
val_cha: 0000000000000000000000000012
nod_cha: 00000003201711181458
startid: 1000
next_id: 00000000
versiid: 0000001f
next_va: 1.39804e-76
val_cha: 00000012
nod_cha: 
startid: 0000000000000000000000
next_id: 0000000000000000000020
versiid: 0000000000000000000012
next_va: 1.57178e-76
val_cha: 1711181458
nod_cha: ULL
startid: 00
next_id: 21
versiid: 12
next_va: 0
val_cha: 
nod_cha: 0000000000000000
startid: 0000000000000022
next_id: 0000000000000012
versiid: 1458
next_va: 1.39804e-76
val_cha: 00000000000000000000000000
nod_cha: 000002000000000000000000000023
startid: 000000000000000000000000000012
next_id: 000003201711181458
versiid: 00
next_va: 1.39804e-76
val_cha: 000000
nod_cha: 0000000024
startid: 0000000012
next_id: 
versiid: 00000000000000000000
next_va: 1.39804e-76
val_cha: 00000000000000000025
nod_cha: 000000000000000000000012
startid: 201711181458
next_id: L
versiid: 
next_va: 1.24449e-47
val_cha: 
nod_cha: 0012
startid: 
next_id: 00000000000000
versiid: 00000000000027
next_va: 1.39804e-76
val_cha: 00000000000012
nod_cha: 181458
startid: 0000000000000000000000000000
next_id: 0001000000000000000000000028
versiid: 0000000000000000000000000012
next_va: 1.39804e-76
val_cha: 0003201711181458
nod_cha: 1000
startid: 00000000
next_id: 00000029
versiid: 00000012
next_va: 4.65909e-315
val_cha: 
nod_cha: 0000000000000000000000
startid: 000000000000000000002a
next_id: 0000000000000000000012
versiid: 1711181458
next_va: 3.14828e-307
val_cha: 00000000000000000000000000000000
nod_cha: 00
startid: 2b
next_id: 12
versiid: 
next_va: 1.39804e-76
val_cha: 000000000000
nod_cha: 000000000000002c
startid: 0000000000000012
next_id: 1458
versiid: 00000000000000000000000000
next_va: 1.39804e-76
val_cha: 0000000000000000000000002d
nod_cha: 000000000000000000000000000012
startid: 000003201711181458
next_id: 00
versiid: 000000
next_va: 1.39804e-76
val_cha: 00002e
nod_cha: 0000000012
startid: 
next_id: 00000000000000000000
versiid: 0000000000000000002f
next_va: 1.39804e-76
val_cha: 00000000000000000012
nod_cha: 201711181458
startid: L
next_id: 
versiid: 
next_va: 6.37547e-67
val_cha: 
nod_cha: 
startid: 00000000000000
next_id: 00000000000031
versiid: 00000000000012
next_va: 2.74322e-57
val_cha: 58
nod_cha: 0000000000000000000000000000
startid: 0002000000000000000000000032
next_id: 0000000000000000000000000012
versiid: 0003201711181458
next_va: 1.39804e-76
val_cha: 
nod_cha: 00000000
startid: 00000001
next_id: 00000015
versiid: 
next_va: 1.39804e-76
val_cha: 000000000000000000
nod_cha: 0000000000000000000002
startid: 0000000000000000000015
next_id: 1711181458
versiid: 00000000000000000000000000000000
next_va: 2.61773e-310
val_cha: 00000000000000000000000000000003
nod_cha: 03
startid: 15
next_id: 
versiid: 000000000000
next_va: 1.39804e-76
val_cha: 000000000004
nod_cha: 0000000000000015
startid: 1458
next_id: 00000000000000000000000000
versiid: 02000000000000000000000005
next_va: 1.39804e-76
val_cha: 00000000000000000000000015
nod_cha: 000003201711181458
startid: 00
next_id: 000000
versiid: 000006
next_va: 1.39804e-76
val_cha: 000015
nod_cha: 
startid: 00000000000000000000
next_id: 00000000000000000007
versiid: 00000000000000000015
next_va: 7.70749e-43
val_cha: 11181458
nod_cha: L
startid: 
next_id: 
versiid: 
next_va: 0
val_cha: 4@1000
nod_cha: 00000000000000
startid: 00000000000009
next_id: 00000000000015
versiid: 58
next_va: 1.39804e-76
val_cha: 000000000000000000000000
nod_cha: 000100000000000000000000000a
startid: 0000000000000000000000000015
next_id: 0003201711181458
versiid: 
next_va: 1.39804e-76
val_cha: 0000
nod_cha: 0000000b
startid: 00000015
next_id: 
versiid: 000000000000000000
next_va: 1.39804e-76
val_cha: 00000000000000000c
nod_cha: 0000000000000000000015
startid: 1711181458
next_id: 00000000000000000000000000000000
versiid: 0000000100000000000000000000000d
next_va: 5.44253e-310
val_cha: 00000000000000000000000000000015
nod_cha: 15
startid: 
next_id: 000000000000
versiid: 00000000000e
next_va: 1.39804e-76
val_cha: 000000000015
nod_cha: 1458
startid: 00000000000000000000000000
next_id: 0000000000000000000000000f
versiid: 00000000000000000000000015
next_va: 1.39804e-76
val_cha: 03201711181458
nod_cha: 00
startid: 000000
next_id: 000010
versiid: 000015
next_va: 7.10911e-320
val_cha: 
nod_cha: 00000000000000000000
startid: 00000000000000000011
next_id: 00000000000000000015
versiid: 11181458
next_va: 1.38189e-76
val_cha: 000000000000000000000000000000
nod_cha: 
startid: 
next_id: 
versiid: 4@1000
next_va: 1.39804e-76
val_cha: 0000000000
nod_cha: 00000000000013
startid: 00000000000015
next_id: 58
versiid: 000000000000000000000000
next_va: 6.00455e-67
val_cha: 000000000000000000000014
nod_cha: 0000000000000000000000000015
startid: 0003201711181458
next_id: 
versiid: 0000
next_va: 1.39804e-76
val_cha: 0015
nod_cha: 00000015
startid: 
next_id: 000000000000000000
versiid: 000000000000000016
next_va: 1.39804e-76
val_cha: 000000000000000015
nod_cha: 1711181458
startid: 00000000000000000000000000000000
next_id: 00000002000000000000000000000017
versiid: 00000000000000000000000000000015
next_va: 2.88956e-310
val_cha: 00000003201711181458
nod_cha: 
startid: 000000000000
next_id: 000000000018
versiid: 000000000015
next_va: 6.23126e-38
val_cha: 
nod_cha: 00000000000000000000000000
startid: 01000000000000000000000019
next_id: 00000000000000000000000015
versiid: 03201711181458
next_va: 5.45542e+67
val_cha: ULL
nod_cha: 000000
startid: 00001a
next_id: 000015
versiid: 
next_va: 1.39804e-76
val_cha: 0000000000000000
nod_cha: 0000000000000000001b
startid: 00000000000000000015
next_id: 11181458
versiid: 000000000000000000000000000000
next_va: 1.38179e-76
val_cha: 00000100000000000000000000001c
nod_cha: 
startid: 
next_id: 4@1000
versiid: 0000000000
next_va: 1.39804e-76
val_cha: 000000001d
nod_cha: 00000000000015
startid: 58
next_id: 000000000000000000000000
versiid: 00000000000000000000001e
next_va: 1.39804e-76
val_cha: 000000000000000000000015
nod_cha: 0003201711181458
startid: 
next_id: 0000
versiid: 001f
next_va: 1.39804e-76
val_cha: 0015
nod_cha: 
startid: 000000000000000000
next_id: 000000000000000020
versiid: 000000000000000015
next_va: 9.74368e-72
val_cha: 181458
nod_cha: 00000000000000000000000000000000
startid: 00000000000000000000000000000021
next_id: 00000000000000000000000000000015
versiid: 00000003201711181458
next_va: 20
val_cha: 1000
nod_cha: 000000000000
startid: 000000000022
next_id: 000000000015
versiid: 
next_va: 1.39804e-76
val_cha: 0000000000000000000000
nod_cha: 02000000000000000000000023
startid: 00000000000000000000000015
next_id: 03201711181458
versiid: ULL
next_va: 1.39804e-76
val_cha: 00
nod_cha: 000024
startid: 000015
next_id: 
versiid: 0000000000000000
next_va: 1.39804e-76
val_cha: 0000000000000025
nod_cha: 00000000000000000015
startid: 11181458
next_id: 000000000000000000000000000000
versiid: 000002000000000000000000000026
next_va: 1.38179e-76
val_cha: 000000000000000000000000000015
nod_cha: 
startid: 4@1000
next_id: 0000000000
versiid: 0000000027
next_va: 1.39804e-76
val_cha: 0000000015
nod_cha: 58
startid: 000000000000000000000000
next_id: 000000000000000000000028
versiid: 000000000000000000000015
next_va: 3.93514e-62
val_cha: 201711181458
nod_cha: 
startid: 0000
next_id: 0029
versiid: 0015
next_va: 0
val_cha: 
nod_cha: 000000000000000000
startid: 00000000000000002a
next_id: 000000000000000015
versiid: 181458
next_va: 1.39804e-76
val_cha: 0000000000000000000000000000
nod_cha: 0000000100000000000000000000002b
startid: 00000000000000000000000000000015
next_id: 00000003201711181458
versiid: 1000
next_va: 1.39804e-76
val_cha: 00000000
nod_cha: 00000000002c
startid: 000000000015
next_id: 
versiid: 0000000000000000000000
next_va: 1.39804e-76
val_cha: 000000000000000000002d
nod_cha: 00000000000000000000000015
startid: 03201711181458
next_id: ULL
versiid: 00
next_va: 1.39804e-76
val_cha: 2e
nod_cha: 000015
startid: 
next_id: 0000000000000000
versiid: 000000000000002f
next_va: 1.39804e-76
val_cha: 0000000000000015
nod_cha: 11181458
startid: 000000000000000000000000000000
next_id: 000000000000000000000000000030
versiid: 000000000000000000000000000015
next_va: 1.38179e-76
val_cha: 000003201711181458
nod_cha: 4@1000
startid: 0000000000
next_id: 0000000031
versiid: 0000000015
next_va: 3.05338e-310
val_cha: 
nod_cha: 000000000000000000000000
startid: 000000000000000000000032
next_id: 000000000000000000000015
versiid: 201711181458
next_va: 5.34927e+59
val_cha: L
nod_cha: 0000
startid: 0001
next_id: 0018
versiid: 
next_va: 1.39804e-76
val_cha: 00000000000000
nod_cha: 000000000000000002
startid: 000000000000000018
next_id: 181458
versiid: 0000000000000000000000000000
next_va: 1.39804e-76
val_cha: 0000000000000000000000000003
nod_cha: 00000000000000000000000000000018
startid: 00000003201711181458
next_id: 1000
versiid: 00000000
next_va: 1.39804e-76
val_cha: 00000004
nod_cha: 000000000018
startid: 
next_id: 0000000000000000000000
versiid: 0000000000000000000005
next_va: 1.39804e-76
val_cha: 0000000000000000000018
nod_cha: 03201711181458
startid: ULL
next_id: 00
versiid: 06
next_va: 1.39804e-76
val_cha: 18
nod_cha: 
startid: 0000000000000000
next_id: 0000000000000007
versiid: 0000000000000018
next_va: 5.05232e-38
val_cha: 1458
nod_cha: 000000000000000000000000000000
startid: 000002000000000000000000000008
next_id: 000000000000000000000000000018
versiid: 000003201711181458
next_va: 1.48981e-76
val_cha: 00
nod_cha: 0000000000
startid: 0000000009
next_id: 0000000018
versiid: 
next_va: 1.39804e-76
val_cha: 00000000000000000000
nod_cha: 00000000000000000000000a
startid: 000000000000000000000018
next_id: 201711181458
versiid: L
next_va: 1.39804e-76
val_cha: 
nod_cha: 000b
startid: 0018
next_id: 
versiid: 00000000000000
next_va: 1.39804e-76
val_cha: 0000000000000c
nod_cha: 000000000000000018
startid: 181458
next_id: 0000000000000000000000000000
versiid: 000100000000000000000000000d
next_va: 1.39804e-76
val_cha: 0000000000000000000000000018
nod_cha: 00000003201711181458
startid: 1000
next_id: 00000000
versiid: 0000000e
next_va: 1.39804e-76
val_cha: 00000018
nod_cha: 
startid: 0000000000000000000000
next_id: 000000000000000000000f
versiid: 0000000000000000000018
next_va: 1.57178e-76
val_cha: 1711181458
nod_cha: ULL
startid: 00
next_id: 10
versiid: 18
next_va: 0
val_cha: 
nod_cha: 0000000000000000
startid: 0000000000000011
next_id: 0000000000000018
versiid: 1458
next_va: 1.39804e-76
val_cha: 00000000000000000000000000
nod_cha: 000000000000000000000000000012
startid: 000000000000000000000000000018
next_id: 000003201711181458
versiid: 00
next_va: 1.39804e-76
val_cha: 000000
nod_cha: 0000000013
startid: 0000000018
next_id: 
versiid: 00000000000000000000
next_va: 1.39804e-76
val_cha: 00000000000000000014
nod_cha: 000000000000000000000018
startid: 201711181458
next_id: L
versiid: 
next_va: 1.79454e-52
val_cha: 
nod_cha: 0018
startid: 
next_id: 00000000000000
versiid: 00000000000016
next_va: 1.39804e-76
val_cha: 00000000000018
nod_cha: 181458
startid: 0000000000000000000000000000
next_id: 0002000000000000000000000017
versiid: 0000000000000000000000000018
next_va: 1.39804e-76
val_cha: 0003201711181458
nod_cha: 1000
startid: 00000000
next_id: 00000018
versiid: 00000018
next_va: 4.65909e-315
val_cha: 
nod_cha: 0000000000000000000000
startid: 0000000000000000000019
next_id: 0000000000000000000018
versiid: 1711181458
next_va: 3.14828e-307
val_cha: 00000000000000000000000000000000
nod_cha: 00
startid: 1a
next_id: 18
versiid: 
next_va: 1.39804e-76
val_cha: 000000000000
nod_cha: 000000000000001b
startid: 0000000000000018
next_id: 1458
versiid: 00000000000000000000000000
next_va: 1.39804e-76
val_cha: 0100000000000000000000001c
nod_cha: 000000000000000000000000000018
startid: 000003201711181458
next_id: 00
versiid: 000000
next_va: 1.39804e-76
val_cha: 00001d
nod_cha: 0000000018
startid: 
next_id: 00000000000000000000
versiid: 0000000000000000001e
next_va: 1.39804e-76
val_cha: 00000000000000000018
nod_cha: 201711181458
startid: L
next_id: 
versiid: 
next_va: 5.05117e-38
val_cha: 
nod_cha: 
startid: 00000000000000
next_id: 00000000000020
versiid: 00000000000018
next_va: 2.74322e-57
val_cha: 58
nod_cha: 0000000000000000000000000000
startid: 0000000000000000000000000021
next_id: 0000000000000000000000000018
versiid: 0003201711181458
next_va: 1.39804e-76
val_cha: 
nod_cha: 00000000
startid: 00000022
next_id: 00000018
versiid: 
next_va: 1.39804e-76
val_cha: 000000000000000000
nod_cha: 0000000000000000000023
startid: 0000000000000000000018
next_id: 1711181458
versiid: 00000000000000000000000000000000
next_va: 2.61773e-310
val_cha: 00000000000000000000000000000024
nod_cha: 24
startid: 18
next_id: 
versiid: 000000000000
next_va: 1.39804e-76
val_cha: 000000000025
nod_cha: 0000000000000018
startid: 1458
next_id: 00000000000000000000000000
versiid: 02000000000000000000000026
next_va: 1.39804e-76
val_cha: 00000000000000000000000018
nod_cha: 000003201711181458
startid: 00
next_id: 000000
versiid: 000027
next_va: 1.39804e-76
val_cha: 000018
nod_cha: 
startid: 00000000000000000000
next_id: 00000000000000000028
versiid: 00000000000000000018
next_va: 7.70749e-43
val_cha: 11181458
nod_cha: L
startid: 
next_id: 
versiid: 
next_va: 0
val_cha: 4@1000
nod_cha: 00000000000000
startid: 0000000000002a
next_id: 00000000000018
versiid: 58
next_va: 1.39804e-76
val_cha: 000000000000000000000000
nod_cha: 000100000000000000000000002b
startid: 0000000000000000000000000018
next_id: 0003201711181458
versiid: 
next_va: 1.39804e-76
val_cha: 0000
nod_cha: 0000002c
startid: 00000018
next_id: 
versiid: 000000000000000000
next_va: 1.39804e-76
val_cha: 00000000000000002d
nod_cha: 0000000000000000000018
startid: 1711181458
next_id: 00000000000000000000000000000000
versiid: 0000000100000000000000000000002e
next_va: 5.49728e-310
val_cha: 00000000000000000000000000000018
nod_cha: 18
startid: 
next_id: 000000000000
versiid: 00000000002f
next_va: 1.39804e-76
val_cha: 000000000018
nod_cha: 1458
startid: 00000000000000000000000000
next_id: 00000000000000000000000030
versiid: 00000000000000000000000018
next_va: 1.39804e-76
val_cha: 03201711181458
nod_cha: 00
startid: 000000
next_id: 000031
versiid: 000018
next_va: 7.10911e-320
val_cha: 
nod_cha: 00000000000000000000
startid: 00000000000000000032
next_id: 00000000000000000018
versiid: 11181458
next_va: 1.38189e-76
val_cha: 000000000000000000000000000000
nod_cha: 
startid: 
next_id: 
versiid: 4@1000
next_va: 1.39804e-76
val_cha: 0000000000
nod_cha: 00000000000002
startid: 0000000000001b
next_id: 58
versiid: 000000000000000000000000
next_va: 1.39804e-76
val_cha: 000000000000000000000003
nod_cha: 000000000000000000000000001b
startid: 0003201711181458
next_id: 
versiid: 0000
next_va: 1.39804e-76
val_cha: 0004
nod_cha: 0000001b
startid: 
next_id: 000000000000000000
versiid: 000000000000000005
next_va: 1.39804e-76
val_cha: 00000000000000001b
nod_cha: 1711181458
startid: 00000000000000000000000000000000
next_id: 00000000000000000000000000000006
versiid: 0000000000000000000000000000001b
next_va: 5.3341e-310
val_cha: 00000003201711181458
nod_cha: 
startid: 000000000000
next_id: 000000000007
versiid: 00000000001b
next_va: 6.23126e-38
val_cha: 
nod_cha: 00000000000000000000000000
startid: 02000000000000000000000008
next_id: 0000000000000000000000001b
versiid: 03201711181458
next_va: 5.45542e+67
val_cha: ULL
nod_cha: 000000
startid: 000009
next_id: 00001b
versiid: 
next_va: 1.39804e-76
val_cha: 0000000000000000
nod_cha: 0000000000000000000a
startid: 0000000000000000001b
next_id: 11181458
versiid: 000000000000000000000000000000
next_va: 1.38179e-76
val_cha: 00000200000000000000000000000b
nod_cha: 
startid: 
next_id: 4@1000
versiid: 0000000000
next_va: 1.39804e-76
val_cha: 000000000c
nod_cha: 0000000000001b
startid: 58
next_id: 000000000000000000000000
versiid: 00000000000000000000000d
next_va: 1.39804e-76
val_cha: 00000000000000000000001b
nod_cha: 0003201711181458
startid: 
next_id: 0000
versiid: 000e
next_va: 1.39804e-76
val_cha: 001b
nod_cha: 
startid: 000000000000000000
next_id: 00000000000000000f
versiid: 00000000000000001b
next_va: 9.74368e-72
val_cha: 181458
nod_cha: 00000000000000000000000000000000
startid: 00000001000000000000000000000010
next_id: 0000000000000000000000000000001b
versiid: 00000003201711181458
next_va: 20
val_cha: 1000
nod_cha: 000000000000
startid: 000000000011
next_id: 00000000001b
versiid: 
next_va: 1.39804e-76
val_cha: 0000000000000000000000
nod_cha: 00000000000000000000000012
startid: 0000000000000000000000001b
next_id: 03201711181458
versiid: ULL
next_va: 1.39804e-76
val_cha: 00
nod_cha: 000013
startid: 00001b
next_id: 
versiid: 0000000000000000
next_va: 1.39804e-76
val_cha: 0000000000000014
nod_cha: 0000000000000000001b
startid: 11181458
next_id: 000000000000000000000000000000
versiid: 000000000000000000000000000015
next_va: 1.38179e-76
val_cha: 00000000000000000000000000001b
nod_cha: 
startid: 4@1000
next_id: 0000000000
versiid: 0000000016
next_va: 1.39804e-76
val_cha: 000000001b
nod_cha: 58
startid: 000000000000000000000000
next_id: 000000000000000000000017
versiid: 00000000000000000000001b
next_va: 3.93514e-62
val_cha: 201711181458
nod_cha: 
startid: 0000
next_id: 0018
versiid: 001b
next_va: 0
val_cha: 
nod_cha: 000000000000000000
startid: 000000000000000019
next_id: 00000000000000001b
versiid: 181458
next_va: 1.39804e-76
val_cha: 0000000000000000000000000000
nod_cha: 0000000200000000000000000000001a
startid: 0000000000000000000000000000001b
next_id: 00000003201711181458
versiid: 1000
next_va: 1.39804e-76
val_cha: 00000000
nod_cha: 00000000001b
startid: 00000000001b
next_id: 
versiid: 0000000000000000000000
next_va: 1.39838e-76
val_cha: 000000000000000000001c
nod_cha: 0000000000000000000000001b
startid: 03201711181458
next_id: ULL
versiid: 00
next_va: 1.39804e-76
val_cha: 1d
nod_cha: 00001b
startid: 
next_id: 0000000000000000
versiid: 000000000000001e
next_va: 1.39804e-76
val_cha: 000000000000001b
nod_cha: 11181458
startid: 000000000000000000000000000000
next_id: 00000100000000000000000000001f
versiid: 00000000000000000000000000001b
next_va: 1.38179e-76
val_cha: 000003201711181458
nod_cha: 4@1000
startid: 0000000000
next_id: 0000000020
versiid: 000000001b
next_va: 3.05338e-310
val_cha: 
nod_cha: 000000000000000000000000
startid: 000000000000000000000021
next_id: 00000000000000000000001b
versiid: 201711181458
next_va: 5.34927e+59
val_cha: L
nod_cha: 0000
startid: 0022
next_id: 001b
versiid: 
next_va: 1.39804e-76
val_cha: 00000000000000
nod_cha: 000000000000000023
startid: 00000000000000001b
next_id: 181458
versiid: 0000000000000000000000000000
next_va: 1.39804e-76
val_cha: 0000000000000000000000000024
nod_cha: 0000000000000000000000000000001b
startid: 00000003201711181458
next_id: 1000
versiid: 00000000
next_va: 1.39804e-76
val_cha: 00000025
nod_cha: 00000000001b
startid: 
next_id: 0000000000000000000000
versiid: 0000000000000000000026
next_va: 1.39804e-76
val_cha: 000000000000000000001b
nod_cha: 03201711181458
startid: ULL
next_id: 00
versiid: 27
next_va: 1.39804e-76
val_cha: 1b
nod_cha: 
startid: 0000000000000000
next_id: 0000000000000028
versiid: 000000000000001b
next_va: 5.05232e-38
val_cha: 1458
nod_cha: 000000000000000000000000000000
startid: 000002000000000000000000000029
next_id: 00000000000000000000000000001b
versiid: 000003201711181458
next_va: 1.48981e-76
val_cha: 00
nod_cha: 0000000000
startid: 000000002a
next_id: 000000001b
versiid: 
next_va: 1.39804e-76
val_cha: 00000000000000000000
nod_cha: 00000000000000000000002b
startid: 00000000000000000000001b
next_id: 201711181458
versiid: L
next_va: 1.39804e-76
val_cha: 
nod_cha: 002c
startid: 001b
next_id: 
versiid: 00000000000000
next_va: 1.39804e-76
val_cha: 0000000000002d
nod_cha: 00000000000000001b
startid: 181458
next_id: 0000000000000000000000000000
versiid: 000100000000000000000000002e
next_va: 1.39804e-76
val_cha: 000000000000000000000000001b
nod_cha: 00000003201711181458
startid: 1000
next_id: 00000000
versiid: 0000002f
next_va: 1.39804e-76
val_cha: 0000001b
nod_cha: 
startid: 0000000000000000000000
next_id: 0000000000000000000030
versiid: 000000000000000000001b
next_va: 1.57178e-76
val_cha: 1711181458
nod_cha: ULL
startid: 00
next_id: 31
versiid: 1b
next_va: 0
val_cha: 
nod_cha: 0000000000000000
startid: 0000000000000032
next_id: 000000000000001b
versiid: 1458
next_va: 1.39804e-76
val_cha: 00000000000000000000000000
nod_cha: 000001000000000000000000000001
startid: 00000000000000000000000000001e
next_id: 000003201711181458
versiid: 00
next_va: 1.39804e-76
val_cha: 000000
nod_cha: 0000000002
startid: 000000001e
next_id: 
versiid: 00000000000000000000
next_va: 1.39804e-76
val_cha: 00000000000000000003
nod_cha: 00000000000000000000001e
startid: 201711181458
next_id: L
versiid: 
next_va: 2.57893e-57
val_cha: 
nod_cha: 001e
startid: 
next_id: 00000000000000
versiid: 00000000000005
next_va: 1.39804e-76
val_cha: 0000000000001e
nod_cha: 181458
startid: 0000000000000000000000000000
next_id: 0000000000000000000000000006
versiid: 000000000000000000000000001e
next_va: 1.39804e-76
val_cha: 0003201711181458
nod_cha: 1000
startid: 00000000
next_id: 00000007
versiid: 0000001e
next_va: 4.65909e-315
val_cha: 
nod_cha: 0000000000000000000000
startid: 0000000000000000000008
next_id: 000000000000000000001e
versiid: 1711181458
next_va: 3.14828e-307
val_cha: 00000000000000000000000000000000
nod_cha: 00
startid: 09
next_id: 1e
versiid: 
next_va: 1.39804e-76
val_cha: 000000000000
nod_cha: 000000000000000a
startid: 000000000000001e
next_id: 1458
versiid: 00000000000000000000000000
next_va: 1.39804e-76
val_cha: 0200000000000000000000000b
nod_cha: 00000000000000000000000000001e
startid: 000003201711181458
next_id: 00
versiid: 000000
next_va: 1.39804e-76
val_cha: 00000c
nod_cha: 000000001e
startid: 
next_id: 00000000000000000000
versiid: 0000000000000000000d
next_va: 1.39804e-76
val_cha: 0000000000000000001e
nod_cha: 201711181458
startid: L
next_id: 
versiid: 
next_va: 2.78605e+179
val_cha: 
nod_cha: 
startid: 00000000000000
next_id: 0000000000000f
versiid: 0000000000001e
next_va: 2.74322e-57
val_cha: 58
nod_cha: 0000000000000000000000000000
startid: 0001000000000000000000000010
next_id: 000000000000000000000000001e
versiid: 0003201711181458
next_va: 1.39804e-76
val_cha: 
nod_cha: 00000000
startid: 00000011
next_id: 0000001e
versiid: 
next_va: 1.39804e-76
val_cha: 000000000000000000
nod_cha: 0000000000000000000012
startid: 000000000000000000001e
next_id: 1711181458
versiid: 00000000000000000000000000000000
next_va: 2.61773e-310
val_cha: 00000001000000000000000000000013
nod_cha: 13
startid: 1e
next_id: 
versiid: 000000000000
next_va: 1.39804e-76
val_cha: 000000000014
nod_cha: 000000000000001e
startid: 1458
next_id: 00000000000000000000000000
versiid: 00000000000000000000000015
next_va: 1.39804e-76
val_cha: 0000000000000000000000001e
nod_cha: 000003201711181458
startid: 00
next_id: 000000
versiid: 000016
next_va: 1.39804e-76
val_cha: 00001e
nod_cha: 
startid: 00000000000000000000
next_id: 00000000000000000017
versiid: 0000000000000000001e
next_va: 7.70749e-43
val_cha: 11181458
nod_cha: L
startid: 
next_id: 
versiid: 
next_va: 0
val_cha: 4@1000
nod_cha: 00000000000000
startid: 00000000000019
next_id: 0000000000001e
versiid: 58
next_va: 1.39804e-76
val_cha: 000000000000000000000000
nod_cha: 000200000000000000000000001a
startid: 000000000000000000000000001e
next_id: 0003201711181458
versiid: 
next_va: 1.39804e-76
val_cha: 0000
nod_cha: 0000001b
startid: 0000001e
next_id: 
versiid: 000000000000000000
next_va: 1.39804e-76
val_cha: 00000000000000001c
nod_cha: 000000000000000000001e
startid: 1711181458
next_id: 00000000000000000000000000000000
versiid: 0000000200000000000000000000001d
next_va: 5.44275e-310
val_cha: 0000000000000000000000000000001e
nod_cha: 1e
startid: 
next_id: 000000000000
versiid: 00000000001e
next_va: 1.39804e-76
val_cha: 00000000001e
nod_cha: 1458
startid: 00000000000000000000000000
next_id: 0100000000000000000000001f
versiid: 0000000000000000000000001e
next_va: 1.39804e-76
val_cha: 03201711181458
nod_cha: 00
startid: 000000
next_id: 000020
versiid: 00001e
next_va: 7.10911e-320
val_cha: 
nod_cha: 00000000000000000000
startid: 00000000000000000021
next_id: 0000000000000000001e
versiid: 11181458
next_va: 1.38189e-76
val_cha: 000000000000000000000000000000
nod_cha: 
startid: 
next_id: 
versiid: 4@1000
next_va: 1.39804e-76
val_cha: 0000000000
nod_cha: 00000000000023
startid: 0000000000001e
next_id: 58
versiid: 000000000000000000000000
next_va: 1.39804e-76
val_cha: 000000000000000000000024
nod_cha: 000000000000000000000000001e
startid: 0003201711181458
next_id: 
versiid: 0000
next_va: 1.39804e-76
val_cha: 0025
nod_cha: 0000001e
startid: 
next_id: 000000000000000000
versiid: 000000000000000026
next_va: 1.39804e-76
val_cha: 00000000000000001e
nod_cha: 1711181458
startid: 00000000000000000000000000000000
next_id: 00000000000000000000000000000027
versiid: 0000000000000000000000000000001e
next_va: 5.49707e-310
val_cha: 00000003201711181458
nod_cha: 
startid: 000000000000
next_id: 000000000028
versiid: 00000000001e
next_va: 6.23126e-38
val_cha: 
nod_cha: 00000000000000000000000000
startid: 02000000000000000000000029
next_id: 0000000000000000000000001e
versiid: 03201711181458
next_va: 5.45542e+67
val_cha: ULL
nod_cha: 000000
startid: 00002a
next_id: 00001e
versiid: 
next_va: 1.39804e-76
val_cha: 0000000000000000
nod_cha: 0000000000000000002b
startid: 0000000000000000001e
next_id: 11181458
versiid: 000000000000000000000000000000
next_va: 1.38179e-76
val_cha: 00000200000000000000000000002c
nod_cha: 
startid: 
next_id: 4@1000
versiid: 0000000000
next_va: 1.39804e-76
val_cha: 000000002d
nod_cha: 0000000000001e
startid: 58
next_id: 000000000000000000000000
versiid: 00000000000000000000002e
next_va: 1.39804e-76
val_cha: 00000000000000000000001e
nod_cha: 0003201711181458
startid: 
next_id: 0000
versiid: 002f
next_va: 1.39804e-76
val_cha: 001e
nod_cha: 
startid: 000000000000000000
next_id: 000000000000000030
versiid: 00000000000000001e
next_va: 9.74368e-72
val_cha: 181458
nod_cha: 00000000000000000000000000000000
startid: 00000001000000000000000000000031
next_id: 0000000000000000000000000000001e
versiid: 00000003201711181458
next_va: 20
val_cha: 1000
nod_cha: 000000000000
startid: 000000000032
next_id: 00000000001e
versiid: 
next_va: 1.39804e-76
val_cha: 0000000000000000000000
nod_cha: 01000000000000000000000001
startid: 00000000000000000000000021
next_id: 03201711181458
versiid: ULL
next_va: 1.39804e-76
val_cha: 00
nod_cha: 000002
startid: 000021
next_id: 
versiid: 0000000000000000
next_va: 1.39804e-76
val_cha: 0000000000000003
nod_cha: 00000000000000000021
startid: 11181458
next_id: 000000000000000000000000000000
versiid: 000001000000000000000000000004
next_va: 1.38179e-76
val_cha: 000000000000000000000000000021
nod_cha: 
startid: 4@1000
next_id: 0000000000
versiid: 0000000005
next_va: 1.39804e-76
val_cha: 0000000021
nod_cha: 58
startid: 000000000000000000000000
next_id: 000000000000000000000006
versiid: 000000000000000000000021
next_va: 3.93514e-62
val_cha: 201711181458
nod_cha: 
startid: 0000
next_id: 0007
versiid: 0021
next_va: 0
val_cha: 
nod_cha: 000000000000000000
startid: 000000000000000008
next_id: 000000000000000021
versiid: 181458
next_va: 1.39804e-76
val_cha: 0000000000000000000000000000
nod_cha: 00000000000000000000000000000009
startid: 00000000000000000000000000000021
next_id: 00000003201711181458
versiid: 1000
next_va: 1.39804e-76
val_cha: 00000000
nod_cha: 00000000000a
startid: 000000000021
next_id: 
versiid: 0000000000000000000000
next_va: 1.39872e-76
val_cha: 000000000000000000000b
nod_cha: 00000000000000000000000021
startid: 03201711181458
next_id: ULL
versiid: 00
next_va: 1.39804e-76
val_cha: 0c
nod_cha: 000021
startid: 
next_id: 0000000000000000
versiid: 000000000000000d
next_va: 1.39804e-76
val_cha: 0000000000000021
nod_cha: 11181458
startid: 000000000000000000000000000000
next_id: 00000200000000000000000000000e
versiid: 000000000000000000000000000021
next_va: 1.38179e-76
val_cha: 000003201711181458
nod_cha: 4@1000
startid: 0000000000
next_id: 000000000f
versiid: 0000000021
next_va: 3.05338e-310
val_cha: 
nod_cha: 000000000000000000000000
startid: 000000000000000000000010
next_id: 000000000000000000000021
versiid: 201711181458
next_va: 5.34927e+59
val_cha: L
nod_cha: 0000
startid: 0011
next_id: 0021
versiid: 
next_va: 1.39804e-76
val_cha: 00000000000000
nod_cha: 000000000000000012
startid: 000000000000000021
next_id: 181458
versiid: 0000000000000000000000000000
next_va: 1.39804e-76
val_cha: 0001000000000000000000000013
nod_cha: 00000000000000000000000000000021
startid: 00000003201711181458
next_id: 1000
versiid: 00000000
next_va: 1.39804e-76
val_cha: 00000014
nod_cha: 000000000021
startid: 
next_id: 0000000000000000000000
versiid: 0000000000000000000015
next_va: 1.39804e-76
val_cha: 0000000000000000000021
nod_cha: 03201711181458
startid: ULL
next_id: 00
versiid: 16
next_va: 1.39804e-76
val_cha: 21
nod_cha: 
startid: 0000000000000000
next_id: 0000000000000017
versiid: 0000000000000021
next_va: 5.05232e-38
val_cha: 1458
nod_cha: 000000000000000000000000000000
startid: 000000000000000000000000000018
next_id: 000000000000000000000000000021
versiid: 000003201711181458
next_va: 1.48981e-76
val_cha: 00
nod_cha: 0000000000
startid: 0000000019
next_id: 0000000021
versiid: 
next_va: 1.39804e-76
val_cha: 00000000000000000000
nod_cha: 00000000000000000000001a
startid: 000000000000000000000021
next_id: 201711181458
versiid: L
next_va: 1.39804e-76
val_cha: 
nod_cha: 001b
startid: 0021
next_id: 
versiid: 00000000000000
next_va: 1.39804e-76
val_cha: 0000000000001c
nod_cha: 000000000000000021
startid: 181458
next_id: 0000000000000000000000000000
versiid: 000200000000000000000000001d
next_va: 1.39804e-76
val_cha: 0000000000000000000000000021
nod_cha: 00000003201711181458
startid: 1000
next_id: 00000000
versiid: 0000001e
next_va: 1.39804e-76
val_cha: 00000021
nod_cha: 
startid: 0000000000000000000000
next_id: 000000000000000000001f
versiid: 0000000000000000000021
next_va: 1.57178e-76
val_cha: 1711181458
nod_cha: ULL
startid: 00
next_id: 20
versiid: 21
next_va: 0
val_cha: 
nod_cha: 0000000000000000
startid: 0000000000000021
next_id: 0000000000000021
versiid: 1458
next_va: 1.39804e-76
val_cha: 00000000000000000000000000
nod_cha: 000001000000000000000000000022
startid: 000000000000000000000000000021
next_id: 000003201711181458
versiid: 00
next_va: 1.39804e-76
val_cha: 000000
nod_cha: 0000000023
startid: 0000000021
next_id: 
versiid: 00000000000000000000
next_va: 1.39804e-76
val_cha: 00000000000000000024
nod_cha: 000000000000000000000021
startid: 201711181458
next_id: L
versiid: 
next_va: 1.89894e-52
val_cha: 
nod_cha: 0021
startid: 
next_id: 00000000000000
versiid: 00000000000026
next_va: 1.39804e-76
val_cha: 00000000000021
nod_cha: 181458
startid: 0000000000000000000000000000
next_id: 0000000000000000000000000027
versiid: 0000000000000000000000000021
next_va: 1.39804e-76
val_cha: 0003201711181458
nod_cha: 1000
startid: 00000000
next_id: 00000028
versiid: 00000021
next_va: 4.65909e-315
val_cha: 
nod_cha: 0000000000000000000000
startid: 0000000000000000000029
next_id: 0000000000000000000021
versiid: 1711181458
next_va: 3.14828e-307
val_cha: 00000000000000000000000000000000
nod_cha: 00
startid: 2a
next_id: 21
versiid: 
next_va: 1.39804e-76
val_cha: 000000000000
nod_cha: 000000000000002b
startid: 0000000000000021
next_id: 1458
versiid: 00000000000000000000000000
next_va: 1.39804e-76
val_cha: 0200000000000000000000002c
nod_cha: 000000000000000000000000000021
startid: 000003201711181458
next_id: 00
versiid: 000000
next_va: 1.39804e-76
val_cha: 00002d
nod_cha: 0000000021
startid: 
next_id: 00000000000000000000
versiid: 0000000000000000002e
next_va: 1.39804e-76
val_cha: 00000000000000000021
nod_cha: 201711181458
startid: L
next_id: 
versiid: 
next_va: 1.02942e-71
val_cha: 
nod_cha: 
startid: 00000000000000
next_id: 00000000000030
versiid: 00000000000021
next_va: 2.74322e-57
val_cha: 58
nod_cha: 0000000000000000000000000000
startid: 0001000000000000000000000031
next_id: 0000000000000000000000000021
versiid: 0003201711181458
next_va: 1.39804e-76
val_cha: 
nod_cha: 00000000
startid: 00000032
next_id: 00000021
versiid: 
next_va: 1.39804e-76
val_cha: 000000000000000000
nod_cha: 0000000000000000000001
startid: 0000000000000000000024
next_id: 1711181458
versiid: 00000000000000000000000000000000
next_va: 2.61773e-310
val_cha: 00000002000000000000000000000002
nod_cha: 02
startid: 24
next_id: 
versiid: 000000000000
next_va: 1.39804e-76
val_cha: 000000000003
nod_cha: 0000000000000024
startid: 1458
next_id: 00000000000000000000000000
versiid: 01000000000000000000000004
next_va: 1.39804e-76
val_cha: 00000000000000000000000024
nod_cha: 000003201711181458
startid: 00
next_id: 000000
versiid: 000005
next_va: 1.39804e-76
val_cha: 000024
nod_cha: 
startid: 00000000000000000000
next_id: 00000000000000000006
versiid: 00000000000000000024
next_va: 7.70749e-43
val_cha: 11181458
nod_cha: L
startid: 
next_id: 
versiid: 
next_va: 0
val_cha: 4@1000
nod_cha: 00000000000000
startid: 00000000000008
next_id: 00000000000024
versiid: 58
next_va: 1.39804e-76
val_cha: 000000000000000000000000
nod_cha: 0000000000000000000000000009
startid: 0000000000000000000000000024
next_id: 0003201711181458
versiid: 
next_va: 1.39804e-76
val_cha: 0000
nod_cha: 0000000a
startid: 00000024
next_id: 
versiid: 000000000000000000
next_va: 1.39804e-76
val_cha: 00000000000000000b
nod_cha: 0000000000000000000024
startid: 1711181458
next_id: 00000000000000000000000000000000
versiid: 0000000000000000000000000000000c
next_va: 5.38821e-310
val_cha: 00000000000000000000000000000024
nod_cha: 24
startid: 
next_id: 000000000000
versiid: 00000000000d
next_va: 1.39804e-76
val_cha: 000000000024
nod_cha: 1458
startid: 00000000000000000000000000
next_id: 0200000000000000000000000e
versiid: 00000000000000000000000024
next_va: 1.39804e-76
val_cha: 03201711181458
nod_cha: 00
startid: 000000
next_id: 00000f
versiid: 000024
next_va: 7.10911e-320
val_cha: 
nod_cha: 00000000000000000000
startid: 00000000000000000010
next_id: 00000000000000000024
versiid: 11181458
next_va: 1.38189e-76
val_cha: 000000000000000000000000000000
nod_cha: 
startid: 
next_id: 
versiid: 4@1000
next_va: 1.39804e-76
val_cha: 0000000000
nod_cha: 00000000000012
startid: 00000000000024
next_id: 58
versiid: 000000000000000000000000
next_va: 9.16222e-72
val_cha: 000000000000000000000013
nod_cha: 0000000000000000000000000024
startid: 0003201711181458
next_id: 
versiid: 0000
next_va: 1.39804e-76
val_cha: 0014
nod_cha: 00000024
startid: 
next_id: 000000000000000000
versiid: 000000000000000015
next_va: 1.39804e-76
val_cha: 000000000000000024
nod_cha: 1711181458
startid: 00000000000000000000000000000000
next_id: 00000001000000000000000000000016
versiid: 00000000000000000000000000000024
next_va: 2.83545e-310
val_cha: 00000003201711181458
nod_cha: 
startid: 000000000000
next_id: 000000000017
versiid: 000000000024
next_va: 6.23126e-38
val_cha: 
nod_cha: 00000000000000000000000000
startid: 00000000000000000000000018
next_id: 00000000000000000000000024
versiid: 03201711181458
next_va: 5.45542e+67
val_cha: ULL
nod_cha: 000000
startid: 000019
next_id: 000024
versiid: 
next_va: 1.39804e-76
val_cha: 0000000000000000
nod_cha: 0000000000000000001a
startid: 00000000000000000024
next_id: 11181458
versiid: 000000000000000000000000000000
next_va: 1.38179e-76
val_cha: 00000000000000000000000000001b
nod_cha: 
startid: 
next_id: 4@1000
versiid: 0000000000
next_va: 1.39804e-76
val_cha: 000000001c
nod_cha: 00000000000024
startid: 58
next_id: 000000000000000000000000
versiid: 00000000000000000000001d
next_va: 1.39804e-76
val_cha: 000000000000000000000024
nod_cha: 0003201711181458
startid: 
next_id: 0000
versiid: 001e
next_va: 1.39804e-76
val_cha: 0024
nod_cha: 
startid: 000000000000000000
next_id: 00000000000000001f
versiid: 000000000000000024
next_va: 9.74368e-72
val_cha: 181458
nod_cha: 00000000000000000000000000000000
startid: 00000002000000000000000000000020
next_id: 00000000000000000000000000000024
versiid: 00000003201711181458
next_va: 20
val_cha: 1000
nod_cha: 000000000000
startid: 000000000021
next_id: 000000000024
versiid: 
next_va: 1.39804e-76
val_cha: 0000000000000000000000
nod_cha: 01000000000000000000000022
startid: 00000000000000000000000024
next_id: 03201711181458
versiid: ULL
next_va: 1.39804e-76
val_cha: 00
nod_cha: 000023
startid: 000024
next_id: 
versiid: 0000000000000000
next_va: 1.39804e-76
val_cha: 0000000000000024
nod_cha: 00000000000000000024
startid: 11181458
next_id: 000000000000000000000000000000
versiid: 000001000000000000000000000025
next_va: 1.38179e-76
val_cha: 000000000000000000000000000024
nod_cha: 
startid: 4@1000
next_id: 0000000000
versiid: 0000000026
next_va: 1.39804e-76
val_cha: 0000000024
nod_cha: 58
startid: 000000000000000000000000
next_id: 000000000000000000000027
versiid: 000000000000000000000024
next_va: 3.93514e-62
val_cha: 201711181458
nod_cha: 
startid: 0000
next_id: 0028
versiid: 0024
next_va: 0
val_cha: 
nod_cha: 000000000000000000
startid: 000000000000000029
next_id: 000000000000000024
versiid: 181458
next_va: 1.39804e-76
val_cha: 0000000000000000000000000000
nod_cha: 0000000000000000000000000000002a
startid: 00000000000000000000000000000024
next_id: 00000003201711181458
versiid: 1000
next_va: 1.39804e-76
val_cha: 00000000
nod_cha: 00000000002b
startid: 000000000024
next_id: 
versiid: 0000000000000000000000
next_va: 1.39872e-76
val_cha: 000000000000000000002c
nod_cha: 00000000000000000000000024
startid: 03201711181458
next_id: ULL
versiid: 00
next_va: 1.39804e-76
val_cha: 2d
nod_cha: 000024
startid: 
next_id: 0000000000000000
versiid: 000000000000002e
next_va: 1.39804e-76
val_cha: 0000000000000024
nod_cha: 11181458
startid: 000000000000000000000000000000
next_id: 00000200000000000000000000002f
versiid: 000000000000000000000000000024
next_va: 1.38179e-76
val_cha: 000003201711181458
nod_cha: 4@1000
startid: 0000000000
next_id: 0000000030
versiid: 0000000024
next_va: 3.05338e-310
val_cha: 
nod_cha: 000000000000000000000000
startid: 000000000000000000000031
next_id: 000000000000000000000024
versiid: 201711181458
next_va: 5.34927e+59
val_cha: L
nod_cha: 0000
startid: 0032
next_id: 0024
versiid: 
next_va: 1.39804e-76
val_cha: 00000000000000
nod_cha: 000000000000000001
startid: 000000000000000027
next_id: 181458
versiid: 0000000000000000000000000000
next_va: 1.39804e-76
val_cha: 0002000000000000000000000002
nod_cha: 00000000000000000000000000000027
startid: 00000003201711181458
next_id: 1000
versiid: 00000000
next_va: 1.39804e-76
val_cha: 00000003
nod_cha: 000000000027
startid: 
next_id: 0000000000000000000000
versiid: 0000000000000000000004
next_va: 1.39804e-76
val_cha: 0000000000000000000027
nod_cha: 03201711181458
startid: ULL
next_id: 00
versiid: 05
next_va: 1.39804e-76
val_cha: 27
nod_cha: 
startid: 0000000000000000
next_id: 0000000000000006
versiid: 0000000000000027
next_va: 5.05232e-38
val_cha: 1458
nod_cha: 000000000000000000000000000000
startid: 000001000000000000000000000007
next_id: 000000000000000000000000000027
versiid: 000003201711181458
next_va: 1.48981e-76
val_cha: 00
nod_cha: 0000000000
startid: 0000000008
next_id: 0000000027
versiid: 
next_va: 1.39804e-76
val_cha: 00000000000000000000
nod_cha: 000000000000000000000009
startid: 000000000000000000000027
next_id: 201711181458
versiid: L
next_va: 1.39804e-76
val_cha: 
nod_cha: 000a
startid: 0027
next_id: 
versiid: 00000000000000
next_va: 1.39804e-76
val_cha: 0000000000000b
nod_cha: 000000000000000027
startid: 181458
next_id: 0000000000000000000000000000
versiid: 000000000000000000000000000c
next_va: 1.39804e-76
val_cha: 0000000000000000000000000027
nod_cha: 00000003201711181458
startid: 1000
next_id: 00000000
versiid: 0000000d
next_va: 1.39804e-76
val_cha: 00000027
nod_cha: 
startid: 0000000000000000000000
next_id: 000000000000000000000e
versiid: 0000000000000000000027
next_va: 1.57178e-76
val_cha: 1711181458
nod_cha: ULL
startid: 00
next_id: 0f
versiid: 27
next_va: 0
val_cha: 
nod_cha: 0000000000000000
startid: 0000000000000010
next_id: 0000000000000027
versiid: 1458
next_va: 1.39804e-76
val_cha: 00000000000000000000000000
nod_cha: 000002000000000000000000000011
startid: 000000000000000000000000000027
next_id: 000003201711181458
versiid: 00
next_va: 1.39804e-76
val_cha: 000000
nod_cha: 0000000012
startid: 0000000027
next_id: 
versiid: 00000000000000000000
next_va: 1.39804e-76
val_cha: 00000000000000000013
nod_cha: 000000000000000000000027
startid: 201711181458
next_id: L
versiid: 
next_va: 2.73824e-57
val_cha: 
nod_cha: 0027
startid: 
next_id: 00000000000000
versiid: 00000000000015
next_va: 1.39804e-76
val_cha: 00000000000027
nod_cha: 181458
startid: 0000000000000000000000000000
next_id: 0001000000000000000000000016
versiid: 0000000000000000000000000027
next_va: 1.39804e-76
val_cha: 0003201711181458
nod_cha: 1000
startid: 00000000
next_id: 00000017
versiid: 00000027
next_va: 4.65909e-315
val_cha: 
nod_cha: 0000000000000000000000
startid: 0000000000000000000018
next_id: 0000000000000000000027
versiid: 1711181458
next_va: 3.14828e-307
val_cha: 00000000000000000000000000000000
nod_cha: 00
startid: 19
next_id: 27
versiid: 
next_va: 1.39804e-76
val_cha: 000000000000
nod_cha: 000000000000001a
startid: 0000000000000027
next_id: 1458
versiid: 00000000000000000000000000
next_va: 1.39804e-76
val_cha: 0000000000000000000000001b
nod_cha: 000000000000000000000000000027
startid: 000003201711181458
next_id: 00
versiid: 000000
next_va: 1.39804e-76
val_cha: 00001c
nod_cha: 0000000027
startid: 
next_id: 00000000000000000000
versiid: 0000000000000000001d
next_va: 1.39804e-76
val_cha: 00000000000000000027
nod_cha: 201711181458
startid: L
next_id: 
versiid: 
next_va: 8.15589e-43
val_cha: 
nod_cha: 
startid: 00000000000000
next_id: 0000000000001f
versiid: 00000000000027
next_va: 2.74322e-57
val_cha: 58
nod_cha: 0000000000000000000000000000
startid: 0002000000000000000000000020
next_id: 0000000000000000000000000027
versiid: 0003201711181458
next_va: 1.39804e-76
val_cha: 
nod_cha: 00000000
startid: 00000021
next_id: 00000027
versiid: 
next_va: 1.39804e-76
val_cha: 000000000000000000
nod_cha: 0000000000000000000022
startid: 0000000000000000000027
next_id: 1711181458
versiid: 00000000000000000000000000000000
next_va: 2.61773e-310
val_cha: 00000002000000000000000000000023
nod_cha: 23
startid: 27
next_id: 
versiid: 000000000000
next_va: 1.39804e-76
val_cha: 000000000024
nod_cha: 0000000000000027
startid: 1458
next_id: 00000000000000000000000000
versiid: 01000000000000000000000025
next_va: 1.39804e-76
val_cha: 00000000000000000000000027
nod_cha: 000003201711181458
startid: 00
next_id: 000000
versiid: 000026
next_va: 1.39804e-76
val_cha: 000027
nod_cha: 
startid: 00000000000000000000
next_id: 00000000000000000027
versiid: 00000000000000000027
next_va: 7.70749e-43
val_cha: 11181458
nod_cha: L
startid: 
next_id: 
versiid: 
next_va: 0
val_cha: 4@1000
nod_cha: 00000000000000
startid: 00000000000029
next_id: 00000000000027
versiid: 58
next_va: 1.39804e-76
val_cha: 000000000000000000000000
nod_cha: 000000000000000000000000002a
startid: 0000000000000000000000000027
next_id: 0003201711181458
versiid: 
next_va: 1.39804e-76
val_cha: 0000
nod_cha: 0000002b
startid: 00000027
next_id: 
versiid: 000000000000000000
next_va: 1.39804e-76
val_cha: 00000000000000002c
nod_cha: 0000000000000000000027
startid: 1711181458
next_id: 00000000000000000000000000000000
versiid: 0000000000000000000000000000002d
next_va: 5.44296e-310
val_cha: 00000000000000000000000000000027
nod_cha: 27
startid: 
next_id: 000000000000
versiid: 00000000002e
next_va: 1.39804e-76
val_cha: 000000000027
nod_cha: 1458
startid: 00000000000000000000000000
next_id: 0200000000000000000000002f
versiid: 00000000000000000000000027
next_va: 1.39804e-76
val_cha: 03201711181458
nod_cha: 00
startid: 000000
next_id: 000030
versiid: 000027
next_va: 7.10911e-320
val_cha: 
nod_cha: 00000000000000000000
startid: 00000000000000000031
next_id: 00000000000000000027
versiid: 11181458
next_va: 1.38189e-76
val_cha: 000000000000000000000000000000
nod_cha: 
startid: 
next_id: 
versiid: 4@1000
next_va: 1.39804e-76
val_cha: 0000000000
nod_cha: 00000000000001
startid: 0000000000002a
next_id: 58
versiid: 000000000000000000000000
next_va: 6.00455e-67
val_cha: 000000000000000000000002
nod_cha: 000000000000000000000000002a
startid: 0003201711181458
next_id: 
versiid: 0000
next_va: 1.39804e-76
val_cha: 0003
nod_cha: 0000002a
startid: 
next_id: 000000000000000000
versiid: 000000000000000004
next_va: 1.39804e-76
val_cha: 00000000000000002a
nod_cha: 1711181458
startid: 00000000000000000000000000000000
next_id: 00000002000000000000000000000005
versiid: 0000000000000000000000000000002a
next_va: 5.27999e-310
val_cha: 00000003201711181458
nod_cha: 
startid: 000000000000
next_id: 000000000006
versiid: 00000000002a
next_va: 6.23126e-38
val_cha: 
nod_cha: 00000000000000000000000000
startid: 01000000000000000000000007
next_id: 0000000000000000000000002a
versiid: 03201711181458
next_va: 5.45542e+67
val_cha: ULL
nod_cha: 000000
startid: 000008
next_id: 00002a
versiid: 
next_va: 1.39804e-76
val_cha: 0000000000000000
nod_cha: 00000000000000000009
startid: 0000000000000000002a
next_id: 11181458
versiid: 000000000000000000000000000000
next_va: 1.38179e-76
val_cha: 00000100000000000000000000000a
nod_cha: 
startid: 
next_id: 4@1000
versiid: 0000000000
next_va: 1.39804e-76
val_cha: 000000000b
nod_cha: 0000000000002a
startid: 58
next_id: 000000000000000000000000
versiid: 00000000000000000000000c
next_va: 1.39804e-76
val_cha: 00000000000000000000002a
nod_cha: 0003201711181458
startid: 
next_id: 0000
versiid: 000d
next_va: 1.39804e-76
val_cha: 002a
nod_cha: 
startid: 000000000000000000
next_id: 00000000000000000e
versiid: 00000000000000002a
next_va: 9.74368e-72
val_cha: 181458
nod_cha: 00000000000000000000000000000000
startid: 0000000000000000000000000000000f
next_id: 0000000000000000000000000000002a
versiid: 00000003201711181458
next_va: 20
val_cha: 1000
nod_cha: 000000000000
startid: 000000000010
next_id: 00000000002a
versiid: 
next_va: 1.39804e-76
val_cha: 0000000000000000000000
nod_cha: 02000000000000000000000011
startid: 0000000000000000000000002a
next_id: 03201711181458
versiid: ULL
next_va: 1.39804e-76
val_cha: 00
nod_cha: 000012
startid: 00002a
next_id: 
versiid: 0000000000000000
next_va: 1.39804e-76
val_cha: 0000000000000013
nod_cha: 0000000000000000002a
startid: 11181458
next_id: 000000000000000000000000000000
versiid: 000002000000000000000000000014
next_va: 1.38179e-76
val_cha: 00000000000000000000000000002a
nod_cha: 
startid: 4@1000
next_id: 0000000000
versiid: 0000000015
next_va: 1.39804e-76
val_cha: 000000002a
nod_cha: 58
startid: 000000000000000000000000
next_id: 000000000000000000000016
versiid: 00000000000000000000002a
next_va: 3.93514e-62
val_cha: 201711181458
nod_cha: 
startid: 0000
next_id: 0017
versiid: 002a
next_va: 0
val_cha: 
nod_cha: 000000000000000000
startid: 000000000000000018
next_id: 00000000000000002a
versiid: 181458
next_va: 1.39804e-76
val_cha: 0000000000000000000000000000
nod_cha: 00000001000000000000000000000019
startid: 0000000000000000000000000000002a
next_id: 00000003201711181458
versiid: 1000
next_va: 1.39804e-76
val_cha: 00000000
nod_cha: 00000000001a
startid: 00000000002a
next_id: 
versiid: 0000000000000000000000
next_va: 1.39804e-76
val_cha: 000000000000000000001b
nod_cha: 0000000000000000000000002a
startid: 03201711181458
next_id: ULL
versiid: 00
next_va: 1.39804e-76
val_cha: 1c
nod_cha: 00002a
startid: 
next_id: 0000000000000000
versiid: 000000000000001d
next_va: 1.39804e-76
val_cha: 000000000000002a
nod_cha: 11181458
startid: 000000000000000000000000000000
next_id: 00000000000000000000000000001e
versiid: 00000000000000000000000000002a
next_va: 1.38179e-76
val_cha: 000003201711181458
nod_cha: 4@1000
startid: 0000000000
next_id: 000000001f
versiid: 000000002a
next_va: 3.05338e-310
val_cha: 
nod_cha: 000000000000000000000000
startid: 000000000000000000000020
next_id: 00000000000000000000002a
versiid: 201711181458
next_va: 5.34927e+59
val_cha: L
nod_cha: 0000
startid: 0021
next_id: 002a
versiid: 
next_va: 1.39804e-76
val_cha: 00000000000000
nod_cha: 000000000000000022
startid: 00000000000000002a
next_id: 181458
versiid: 0000000000000000000000000000
next_va: 1.39804e-76
val_cha: 0002000000000000000000000023
nod_cha: 0000000000000000000000000000002a
startid: 00000003201711181458
next_id: 1000
versiid: 00000000
next_va: 1.39804e-76
val_cha: 00000024
nod_cha: 00000000002a
startid: 
next_id: 0000000000000000000000
versiid: 0000000000000000000025
next_va: 1.39804e-76
val_cha: 000000000000000000002a
nod_cha: 03201711181458
startid: ULL
next_id: 00
versiid: 26
next_va: 1.39804e-76
val_cha: 2a
nod_cha: 
startid: 0000000000000000
next_id: 0000000000000027
versiid: 000000000000002a
next_va: 5.05232e-38
val_cha: 1458
nod_cha: 000000000000000000000000000000
startid: 000001000000000000000000000028
next_id: 00000000000000000000000000002a
versiid: 000003201711181458
next_va: 1.48981e-76
val_cha: 00
nod_cha: 0000000000
startid: 0000000029
next_id: 000000002a
versiid: 
next_va: 1.39804e-76
val_cha: 00000000000000000000
nod_cha: 00000000000000000000002a
startid: 00000000000000000000002a
next_id: 201711181458
versiid: L
next_va: 1.39804e-76
val_cha: 
nod_cha: 002b
startid: 002a
next_id: 
versiid: 00000000000000
next_va: 1.39804e-76
val_cha: 0000000000002c
nod_cha: 00000000000000002a
startid: 181458
next_id: 0000000000000000000000000000
versiid: 000000000000000000000000002d
next_va: 1.39804e-76
val_cha: 000000000000000000000000002a
nod_cha: 00000003201711181458
startid: 1000
next_id: 00000000
versiid: 0000002e
next_va: 1.39804e-76
val_cha: 0000002a
nod_cha: 
startid: 0000000000000000000000
next_id: 000000000000000000002f
versiid: 000000000000000000002a
next_va: 1.57178e-76
val_cha: 1711181458
nod_cha: ULL
startid: 00
next_id: 30
versiid: 2a
next_va: 0
val_cha: 
nod_cha: 0000000000000000
startid: 0000000000000031
next_id: 000000000000002a
versiid: 1458
next_va: 1.39804e-76
val_cha: 00000000000000000000000000
nod_cha: 000002000000000000000000000032
startid: 00000000000000000000000000002a
next_id: 000003201711181458
versiid: 00
next_va: 1.39804e-76
val_cha: 000000
nod_cha: 0000000001
startid: 000000002d
next_id: 
versiid: 00000000000000000000
next_va: 1.39804e-76
val_cha: 00000000000000000002
nod_cha: 00000000000000000000002d
startid: 201711181458
next_id: L
versiid: 
next_va: 3.93514e-62
val_cha: 
nod_cha: 002d
startid: 
next_id: 00000000000000
versiid: 00000000000004
next_va: 1.39804e-76
val_cha: 0000000000002d
nod_cha: 181458
startid: 0000000000000000000000000000
next_id: 0002000000000000000000000005
versiid: 000000000000000000000000002d
next_va: 1.39804e-76
val_cha: 0003201711181458
nod_cha: 1000
startid: 00000000
next_id: 00000006
versiid: 0000002d
next_va: 4.65909e-315
val_cha: 
nod_cha: 0000000000000000000000
startid: 0000000000000000000007
next_id: 000000000000000000002d
versiid: 1711181458
next_va: 3.14828e-307
val_cha: 00000000000000000000000000000000
nod_cha: 00
startid: 08
next_id: 2d
versiid: 
next_va: 1.39804e-76
val_cha: 000000000000
nod_cha: 0000000000000009
startid: 000000000000002d
next_id: 1458
versiid: 00000000000000000000000000
next_va: 1.39804e-76
val_cha: 0100000000000000000000000a
nod_cha: 00000000000000000000000000002d
startid: 000003201711181458
next_id: 00
versiid: 000000
next_va: 1.39804e-76
val_cha: 00000b
nod_cha: 000000002d
startid: 
next_id: 00000000000000000000
versiid: 0000000000000000000c
next_va: 1.39804e-76
val_cha: 0000000000000000002d
nod_cha: 201711181458
startid: L
next_id: 
versiid: 
next_va: 4.4985e+174
val_cha: 
nod_cha: 
startid: 00000000000000
next_id: 0000000000000e
versiid: 0000000000002d
next_va: 2.74322e-57
val_cha: 58
nod_cha: 0000000000000000000000000000
startid: 000000000000000000000000000f
next_id: 000000000000000000000000002d
versiid: 0003201711181458
next_va: 1.39804e-76
val_cha: 
nod_cha: 00000000
startid: 00000010
next_id: 0000002d
versiid: 
next_va: 1.39804e-76
val_cha: 000000000000000000
nod_cha: 0000000000000000000011
startid: 000000000000000000002d
next_id: 1711181458
versiid: 00000000000000000000000000000000
next_va: 2.61773e-310
val_cha: 00000000000000000000000000000012
nod_cha: 12
startid: 2d
next_id: 
versiid: 000000000000
next_va: 1.39804e-76
val_cha: 000000000013
nod_cha: 000000000000002d
startid: 1458
next_id: 00000000000000000000000000
versiid: 02000000000000000000000014
next_va: 1.39804e-76
val_cha: 0000000000000000000000002d
nod_cha: 000003201711181458
startid: 00
next_id: 000000
versiid: 000015
next_va: 1.39804e-76
val_cha: 00002d
nod_cha: 
startid: 00000000000000000000
next_id: 00000000000000000016
versiid: 0000000000000000002d
next_va: 7.70749e-43
val_cha: 11181458
nod_cha: L
startid: 
next_id: 
versiid: 
next_va: 0
val_cha: 4@1000
nod_cha: 00000000000000
startid: 00000000000018
next_id: 0000000000002d
versiid: 58
next_va: 1.39804e-76
val_cha: 000000000000000000000000
nod_cha: 0001000000000000000000000019
startid: 000000000000000000000000002d
next_id: 0003201711181458
versiid: 
next_va: 1.39804e-76
val_cha: 0000
nod_cha: 0000001a
startid: 0000002d
next_id: 
versiid: 000000000000000000
next_va: 1.39804e-76
val_cha: 00000000000000001b
nod_cha: 000000000000000000002d
startid: 1711181458
next_id: 00000000000000000000000000000000
versiid: 0000000100000000000000000000001c
next_va: 5.38842e-310
val_cha: 0000000000000000000000000000002d
nod_cha: 2d
startid: 
next_id: 000000000000
versiid: 00000000001d
next_va: 1.39804e-76
val_cha: 00000000002d
nod_cha: 1458
startid: 00000000000000000000000000
next_id: 0000000000000000000000001e
versiid: 0000000000000000000000002d
next_va: 1.39804e-76
val_cha: 03201711181458
nod_cha: 00
startid: 000000
next_id: 00001f
versiid: 00002d
next_va: 7.10911e-320
val_cha: 
nod_cha: 00000000000000000000
startid: 00000000000000000020
next_id: 0000000000000000002d
versiid: 11181458
next_va: 1.38189e-76
val_cha: 000000000000000000000000000000
nod_cha: 
startid: 
next_id: 
versiid: 4@1000
next_va: 1.39804e-76
val_cha: 0000000000
nod_cha: 00000000000022
startid: 0000000000002d
next_id: 58
versiid: 000000000000000000000000
next_va: 6.00455e-67
val_cha: 000000000000000000000023
nod_cha: 000000000000000000000000002d
startid: 0003201711181458
next_id: 
versiid: 0000
next_va: 1.39804e-76
val_cha: 0024
nod_cha: 0000002d
startid: 
next_id: 000000000000000000
versiid: 000000000000000025
next_va: 1.39804e-76
val_cha: 00000000000000002d
nod_cha: 1711181458
startid: 00000000000000000000000000000000
next_id: 00000002000000000000000000000026
versiid: 0000000000000000000000000000002d
next_va: 5.44296e-310
val_cha: 00000003201711181458
nod_cha: 
startid: 000000000000
next_id: 000000000027
versiid: 00000000002d
next_va: 6.23126e-38
val_cha: 
nod_cha: 00000000000000000000000000
startid: 01000000000000000000000028
next_id: 0000000000000000000000002d
versiid: 03201711181458
next_va: 5.45542e+67
val_cha: ULL
nod_cha: 000000
startid: 000029
next_id: 00002d
versiid: 
next_va: 1.39804e-76
val_cha: 0000000000000000
nod_cha: 0000000000000000002a
startid: 0000000000000000002d
next_id: 11181458
versiid: 000000000000000000000000000000
next_va: 1.38179e-76
val_cha: 00000100000000000000000000002b
nod_cha: 
startid: 
next_id: 4@1000
versiid: 0000000000
next_va: 1.39804e-76
val_cha: 000000002c
nod_cha: 0000000000002d
startid: 58
next_id: 000000000000000000000000
versiid: 00000000000000000000002d
next_va: 1.39804e-76
val_cha: 00000000000000000000002d
nod_cha: 0003201711181458
startid: 
next_id: 0000
versiid: 002e
next_va: 1.39804e-76
val_cha: 002d
nod_cha: 
startid: 000000000000000000
next_id: 00000000000000002f
versiid: 00000000000000002d
next_va: 9.74368e-72
val_cha: 181458
nod_cha: 00000000000000000000000000000000
startid: 00000000000000000000000000000030
next_id: 0000000000000000000000000000002d
versiid: 00000003201711181458
next_va: 20
val_cha: 1000
nod_cha: 000000000000
startid: 000000000031
next_id: 00000000002d
versiid: 
next_va: 1.39804e-76
val_cha: 0000000000000000000000
nod_cha: 02000000000000000000000032
startid: 0000000000000000000000002d
next_id: 03201711181458
versiid: ULL
next_va: 1.39804e-76
val_cha: 00
nod_cha: 000001
startid: 000030
next_id: 
versiid: 0000000000000000
next_va: 1.39804e-76
val_cha: 0000000000000002
nod_cha: 00000000000000000030
startid: 11181458
next_id: 000000000000000000000000000000
versiid: 000000000000000000000000000003
next_va: 1.38179e-76
val_cha: 000000000000000000000000000030
nod_cha: 
startid: 4@1000
next_id: 0000000000
versiid: 0000000004
next_va: 1.39804e-76
val_cha: 0000000030
nod_cha: 58
startid: 000000000000000000000000
next_id: 000000000000000000000005
versiid: 000000000000000000000030
next_va: 3.93514e-62
val_cha: 201711181458
nod_cha: 
startid: 0000
next_id: 0006
versiid: 0030
next_va: 0
val_cha: 
nod_cha: 000000000000000000
startid: 000000000000000007
next_id: 000000000000000030
versiid: 181458
next_va: 1.39804e-76
val_cha: 0000000000000000000000000000
nod_cha: 00000002000000000000000000000008
startid: 00000000000000000000000000000030
next_id: 00000003201711181458
versiid: 1000
next_va: 1.39804e-76
val_cha: 00000000
nod_cha: 000000000009
startid: 000000000030
next_id: 
versiid: 0000000000000000000000
next_va: 1.39838e-76
val_cha: 000000000000000000000a
nod_cha: 00000000000000000000000030
startid: 03201711181458
next_id: ULL
versiid: 00
next_va: 1.39804e-76
val_cha: 0b
nod_cha: 000030
startid: 
next_id: 0000000000000000
versiid: 000000000000000c
next_va: 1.39804e-76
val_cha: 0000000000000030
nod_cha: 11181458
startid: 000000000000000000000000000000
next_id: 00000100000000000000000000000d
versiid: 000000000000000000000000000030
next_va: 1.38179e-76
val_cha: 000003201711181458
nod_cha: 4@1000
startid: 0000000000
next_id: 000000000e
versiid: 0000000030
next_va: 3.05338e-310
val_cha: 
nod_cha: 000000000000000000000000
startid: 00000000000000000000000f
next_id: 000000000000000000000030
versiid: 201711181458
next_va: 5.34927e+59
val_cha: L
nod_cha: 0000
startid: 0010
next_id: 0030
versiid: 
next_va: 1.39804e-76
val_cha: 00000000000000
nod_cha: 000000000000000011
startid: 000000000000000030
next_id: 181458
versiid: 0000000000000000000000000000
next_va: 1.39804e-76
val_cha: 0000000000000000000000000012
nod_cha: 00000000000000000000000000000030
startid: 00000003201711181458
next_id: 1000
versiid: 00000000
next_va: 1.39804e-76
val_cha: 00000013
nod_cha: 000000000030
startid: 
next_id: 0000000000000000000000
versiid: 0000000000000000000014
next_va: 1.39804e-76
val_cha: 0000000000000000000030
nod_cha: 03201711181458
startid: ULL
next_id: 00
versiid: 15
next_va: 1.39804e-76
val_cha: 30
nod_cha: 
startid: 0000000000000000
next_id: 0000000000000016
versiid: 0000000000000030
next_va: 5.05232e-38
val_cha: 1458
nod_cha: 000000000000000000000000000000
startid: 000002000000000000000000000017
next_id: 000000000000000000000000000030
versiid: 000003201711181458
next_va: 1.48981e-76
val_cha: 00
nod_cha: 0000000000
startid: 0000000018
next_id: 0000000030
versiid: 
next_va: 1.39804e-76
val_cha: 00000000000000000000
nod_cha: 000000000000000000000019
startid: 000000000000000000000030
next_id: 201711181458
versiid: L
next_va: 1.39804e-76
val_cha: 
nod_cha: 001a
startid: 0030
next_id: 
versiid: 00000000000000
next_va: 1.39804e-76
val_cha: 0000000000001b
nod_cha: 000000000000000030
startid: 181458
next_id: 0000000000000000000000000000
versiid: 000100000000000000000000001c
next_va: 1.39804e-76
val_cha: 0000000000000000000000000030
nod_cha: 00000003201711181458
startid: 1000
next_id: 00000000
versiid: 0000001d
next_va: 1.39804e-76
val_cha: 00000030
nod_cha: 
startid: 0000000000000000000000
next_id: 000000000000000000001e
versiid: 0000000000000000000030
next_va: 1.57178e-76
val_cha: 1711181458
nod_cha: ULL
startid: 00
next_id: 1f
versiid: 30
next_va: 0
val_cha: 
nod_cha: 0000000000000000
startid: 0000000000000020
next_id: 0000000000000030
versiid: 1458
next_va: 1.39804e-76
val_cha: 00000000000000000000000000
nod_cha: 000000000000000000000000000021
startid: 000000000000000000000000000030
next_id: 000003201711181458
versiid: 00
next_va: 1.39804e-76
val_cha: 000000
nod_cha: 0000000022
startid: 0000000030
next_id: 
versiid: 00000000000000000000
next_va: 1.39804e-76
val_cha: 00000000000000000023
nod_cha: 000000000000000000000030
startid: 201711181458
next_id: L
versiid: 
next_va: 2.89755e-57
val_cha: 
nod_cha: 0030
startid: 
next_id: 00000000000000
versiid: 00000000000025
next_va: 1.39804e-76
val_cha: 00000000000030
nod_cha: 181458
startid: 0000000000000000000000000000
next_id: 0002000000000000000000000026
versiid: 0000000000000000000000000030
next_va: 1.39804e-76
val_cha: 0003201711181458
nod_cha: 1000
startid: 00000000
next_id: 00000027
versiid: 00000030
next_va: 4.65909e-315
val_cha: 
nod_cha: 0000000000000000000000
startid: 0000000000000000000028
next_id: 0000000000000000000030
versiid: 1711181458
next_va: 3.14828e-307
val_cha: 00000000000000000000000000000000
nod_cha: 00
startid: 29
next_id: 30
versiid: 
next_va: 1.39804e-76
val_cha: 000000000000
nod_cha: 000000000000002a
startid: 0000000000000030
next_id: 1458
versiid: 00000000000000000000000000
next_va: 1.39804e-76
val_cha: 0100000000000000000000002b
nod_cha: 000000000000000000000000000030
startid: 000003201711181458
next_id: 00
versiid: 000000
next_va: 1.39804e-76
val_cha: 00002c
nod_cha: 0000000030
startid: 
next_id: 00000000000000000000
versiid: 0000000000000000002d
next_va: 1.39804e-76
val_cha: 00000000000000000030
nod_cha: 201711181458
startid: L
next_id: 
versiid: 
next_va: 1.65713e-76
val_cha: 
nod_cha: 
startid: 00000000000000
next_id: 0000000000002f
versiid: 00000000000030
next_va: 2.74322e-57
val_cha: 58
nod_cha: 0000000000000000000000000000
startid: 0000000000000000000000000030
next_id: 0000000000000000000000000030
versiid: 0003201711181458
next_va: 1.39804e-76
val_cha: 
nod_cha: 00000000
startid: 00000031
next_id: 00000030
versiid: 
next_va: 1.39804e-76
val_cha: 000000000000000000
nod_cha: 0000000000000000000032
startid: 0000000000000000000030
next_id: 1711181458
versiid: 00000000000000000000000000000000
next_va: 2.61773e-310
val_cha: 00000000000000000000000000000000
nod_cha: 00
startid: 00
next_id: 
versiid: 000000000003
next_va: 1.39804e-76
val_cha: 000000000009
nod_cha: 0000000000000000
startid: 1458
next_id: 00000000000000000000000003
versiid: 01000000000000000000000019
next_va: 1.39804e-76
val_cha: 00000000000000000000000000
nod_cha: 000003201711181458
startid: 00
next_id: 000003
versiid: 00001a
next_va: 1.39804e-76
val_cha: 000000
nod_cha: 
startid: 00000000000000000003
next_id: 00000000000000000000
versiid: 00000000000000000009
next_va: 7.70749e-43
val_cha: 11181458
nod_cha: L
startid: 
next_id: 
versiid: 
next_va: 2
val_cha: o@1000
nod_cha: 00000000000003
startid: 00000000000019
next_id: 00000000000009
versiid: 58
next_va: 1.39804e-76
val_cha: 000000000000000000000003
nod_cha: 000200000000000000000000001a
startid: 0000000000000000000000000009
next_id: 0003201711181458
versiid: 
next_va: 1.39804e-76
val_cha: 0003
nod_cha: 00000000
startid: 00000000
next_id: 
versiid: 000000000000000006
next_va: 1.39804e-76
val_cha: 000000000000000000
nod_cha: 0000000000000000000000
startid: 1711181458
next_id: 00000000000000000000000000000009
versiid: 00000000000000000000000000000003
next_va: 2.7807e-310
val_cha: 00000000000000000000000000000000
nod_cha: 00
startid: U’d@1000
next_id: 000000000009
versiid: 000000000015
next_va: 1.39804e-76
val_cha: 000000000000
nod_cha: 1458
startid: 00000000000000000000000009
next_id: 01000000000000000000000019
versiid: 00000000000000000000000000
next_va: 1.39804e-76
val_cha: 03201711181458
nod_cha: 00
startid: 000009
next_id: 00001a
versiid: 000000
next_va: 7.10911e-320
val_cha: .ÁR\U’d@1000
nod_cha: 00000000000000000009
startid: 0000000000000000001e
next_id: 00000000000000000000
versiid: 11181458
next_va: 1.38189e-76
val_cha: 000000000000000000000000000009
nod_cha: 
startid: 
next_id: 
versiid: d@1000
next_va: 1.39804e-76
val_cha: 0000000009
nod_cha: 00000000000003
startid: 00000000000003
next_id: 58
versiid: 000000000000000000000009
next_va: 1.39804e-76
val_cha: 000000000000000000000015
nod_cha: 0000000000000000000000000003
startid: 0003201711181458
next_id: 
versiid: 0009
next_va: 1.39804e-76
val_cha: 0019
nod_cha: 00000003
startid: 
next_id: 000000000000000009
versiid: 00000000000000001a
next_va: 1.39804e-76
val_cha: 000000000000000003
nod_cha: 1711181458
startid: 00000000000000000000000000000009
next_id: 0000000000000000000000000000001e
versiid: 00000000000000000000000000000003
next_va: 2.7807e-310
val_cha: 00000003201711181458
nod_cha: U’d@1000
startid: 000000000009
next_id: 000000000000
versiid: 000000000015
next_va: 6.23126e-38
val_cha: 
nod_cha: 00000000000000000000000009
startid: 00000000000000000000000003
next_id: 00000000000000000000000015
versiid: 03201711181458
next_va: 5.45542e+67
val_cha: ULL
nod_cha: 000009
startid: 000015
next_id: 000015
versiid: .ÁR\U’d@1000
next_va: 1.39804e-76
val_cha: 0000000000000009
nod_cha: 00000000000000000019
startid: 00000000000000000015
next_id: 11181458
versiid: 000000000000000000000000000009
next_va: 1.38179e-76
val_cha: 00000200000000000000000000001a
nod_cha: 
startid: 
next_id: d@1000
versiid: 0000000009
next_va: 1.39804e-76
val_cha: 000000001e
nod_cha: 00000000000015
startid: 58
next_id: 000000000000000000000009
versiid: 000000000000000000000000
next_va: 1.39804e-76
val_cha: 00000000000000000000001e
nod_cha: 0003201711181458
startid: 
next_id: 0009
versiid: 0003
next_va: 1.39804e-76
val_cha: 001e
nod_cha: 
startid: 000000000000000009
next_id: 000000000000000015
versiid: 00000000000000001e
next_va: 9.74368e-72
val_cha: 181458
nod_cha: 00000000000000000000000000000009
startid: 00000001000000000000000000000019
next_id: 0000000000000000000000000000001e
versiid: 00000003201711181458
next_va: 166.667
val_cha: 1000
nod_cha: 000000000009
startid: 00000000001a
next_id: 00000000001e
versiid: 
next_va: 1.39804e-76
val_cha: 0000000000000000000009
nod_cha: 0000000000000000000000001e
startid: 0000000000000000000000001e
next_id: 03201711181458
versiid: ULL
next_va: 1.39804e-76
val_cha: 09
nod_cha: 000000
startid: 000000
next_id: 
versiid: 000000000000000c
next_va: 1.39804e-76
val_cha: 0000000000000000
nod_cha: 00000000000000000000
startid: 11181458
next_id: 00000000000000000000000000000f
versiid: 000000000000000000000000000000
next_va: 1.38179e-76
val_cha: 000000000000000000000000000000
nod_cha: 
startid: è@1000
next_id: 0000000012
versiid: 0000000000
next_va: 1.39804e-76
val_cha: 0000000000
nod_cha: 58
startid: 000000000000000000000015
next_id: 000000000000000000000009
versiid: 000000000000000000000000
next_va: 3.93514e-62
val_cha: 201711181458
nod_cha: 
startid: 0015
next_id: 000d
versiid: 0000
next_va: 0
val_cha: 
nod_cha: 000000000000000015
startid: 000000000000000019
next_id: 000000000000000000
versiid: 181458
next_va: 1.39804e-76
val_cha: 0000000000000000000000000015
nod_cha: 0000000200000000000000000000001a
startid: 00000000000000000000000000000000
next_id: 00000003201711181458
versiid: 1000
next_va: 1.39804e-76
val_cha: 00000015
nod_cha: 00000000001f
startid: 000000000000
next_id: 
versiid: 0000000000000000000015
next_va: 1.39804e-76
val_cha: 0000000000000000000027
nod_cha: 00000000000000000000000000
startid: 03201711181458
next_id: ULL
versiid: 15
next_va: 1.39804e-76
val_cha: 28
nod_cha: 000000
startid: 
next_id: 0000000000000015
versiid: 0000000000000000
next_va: 1.39804e-76
val_cha: 0000000000000009
nod_cha: 11181458
startid: 000000000000000000000000000015
next_id: 000000000000000000000000000009
versiid: 000000000000000000000000000009
next_va: 1.38179e-76
val_cha: 000003201711181458
nod_cha: _@1000
startid: 0000000015
next_id: 000000000d
versiid: 0000000009
next_va: 3.05338e-310
val_cha: 
nod_cha: 000000000000000000000015
startid: 000000000000000000000019
next_id: 000000000000000000000009
versiid: 201711181458
next_va: 5.34927e+59
val_cha: L
nod_cha: 0015
startid: 001a
next_id: 0009
versiid: 
next_va: 1.39804e-76
val_cha: 00000000000015
nod_cha: 00000000000000001f
startid: 000000000000000009
next_id: 181458
versiid: 0000000000000000000000000015
next_va: 1.39804e-76
val_cha: 0000000000000000000000000027
nod_cha: 00000000000000000000000000000009
startid: 00000003201711181458
next_id: 1000
versiid: 00000015
next_va: 1.39804e-76
val_cha: 00000028
nod_cha: 000000000009
startid: 
next_id: 0000000000000000000015
versiid: 0000000000000000000000
next_va: 1.39804e-76
val_cha: 0000000000000000000027
nod_cha: 03201711181458
startid: ULL
next_id: 15
versiid: 09
next_va: 1.39804e-76
val_cha: 27
nod_cha: 
startid: 0000000000000015
next_id: 000000000000000d
versiid: 0000000000000027
next_va: 5.05232e-38
val_cha: 1458
nod_cha: 000000000000000000000000000015
startid: 000001000000000000000000000019
next_id: 000000000000000000000000000027
versiid: 000003201711181458
next_va: 1.48986e-76
val_cha: 00
nod_cha: 0000000015
startid: 000000001a
next_id: 0000000027
versiid: 
next_va: 1.39804e-76
val_cha: 00000000000000000015
nod_cha: 00000000000000000000001f
startid: 000000000000000000000027
next_id: 201711181458
versiid: L
next_va: 1.79454e-52
val_cha: 
nod_cha: 0027
startid: 0027
next_id: 
versiid: 00000000000015
next_va: 1.39804e-76
val_cha: 00000000000028
nod_cha: 000000000000000027
startid: 181458
next_id: 0000000000000000000000000015
versiid: 0000000000000000000000000000
next_va: 1.39804e-76
val_cha: 0000000000000000000000000000
nod_cha: 00000003201711181458
startid: 1000
next_id: 00000018
versiid: 00000000
next_va: 1.39804e-76
val_cha: 00000000
nod_cha: 
startid: 000000000000000000001b
next_id: 0000000000000000000000
versiid: 0000000000000000000000
next_va: 1.57178e-76
val_cha: 1711181458
nod_cha: ULL
startid: 1e
next_id: 09
versiid: 00
next_va: 1.75217e+86
val_cha: U’t@1000
nod_cha: 000000000000001e
startid: 0000000000000030
next_id: 0000000000000000
versiid: 1458
next_va: 1.39804e-76
val_cha: 0000000000000000000000001e
nod_cha: 000000000000000000000000000000
startid: 000000000000000000000000000009
next_id: 000003201711181458
versiid: 00
next_va: 1.39804e-76
val_cha: 00001e
nod_cha: 0000000009
startid: 0000000009
next_id: 
versiid: 0000000000000000001e
next_va: 1.39804e-76
val_cha: 00000000000000000030
nod_cha: 000000000000000000000009
startid: 201711181458
next_id: L
versiid: 
next_va: 1.39804e-76
val_cha: 
nod_cha: 0030
startid: ÷QU’t@1000
next_id: 0000000000001e
versiid: 00000000000009
next_va: 1.39804e-76
val_cha: 00000000000030
nod_cha: 181458
startid: 000000000000000000000000001e
next_id: 0000000000000000000000000030
versiid: 0000000000000000000000000030
next_va: 1.39804e-76
val_cha: 0003201711181458
nod_cha: 1000
startid: 0000001e
next_id: 00000000
versiid: 00000000
next_va: 4.65909e-315
val_cha: 
nod_cha: 0000000000000000000021
startid: 000000000000000000002a
next_id: 0000000000000000000000
versiid: 1711181458
next_va: 3.14828e-307
val_cha: 00000000000000000000000000000021
nod_cha: 21
startid: 00
next_id: 2a
versiid: 
next_va: 1.39804e-76
val_cha: 000000000021
nod_cha: 000000000000002a
startid: 000000000000002a
next_id: 1458
versiid: 00000000000000000000000021
next_va: 1.39804e-76
val_cha: 00000000000000000000000000
nod_cha: 000000000000000000000000000000
startid: 000003201711181458
next_id: 00
versiid: 000024
next_va: 1.39804e-76
val_cha: 000000
nod_cha: 0000000000
startid: 
next_id: 00000000000000000027
versiid: 00000000000000000015
next_va: 1.39804e-76
val_cha: 00000000000000000000
nod_cha: 201711181458
startid: L
next_id: 
versiid: 
next_va: 1.39804e-76
val_cha: 
nod_cha: ÷QU’t@1000
startid: 00000000000027
next_id: 00000000000000
versiid: 00000000000015
next_va: 2.74322e-57
val_cha: 58
nod_cha: 0000000000000000000000000027
startid: 0000000000000000000000000015
next_id: 0000000000000000000000000015
versiid: 0003201711181458
next_va: 1.39804e-76
val_cha: 
nod_cha: 00000027
startid: 00000019
next_id: 00000015
versiid: 
next_va: 1.39804e-76
val_cha: 000000000000000027
nod_cha: 0000000000000000000000
startid: 0000000000000000000000
next_id: 1711181458
versiid: 0000000000000000000000000000002a
next_va: 5.27999e-310
val_cha: 00000000000000000000000000000021
nod_cha: 21
startid: 00
next_id: 
versiid: 00000000002a
next_va: 1.39804e-76
val_cha: 000000000000
nod_cha: 0000000000000021
startid: 1458
next_id: 0000000000000000000000002a
versiid: 00000000000000000000000021
next_va: 1.39804e-76
val_cha: 00000000000000000000000021
nod_cha: 000003201711181458
startid: 00
next_id: 00002a
versiid: 000000
next_va: 1.39804e-76
val_cha: 000000
nod_cha: 
startid: 0000000000000000002d
next_id: 00000000000000000000
versiid: 00000000000000000000
next_va: 7.70749e-43
val_cha: 11181458
nod_cha: L
startid: 
next_id: 
versiid: 
next_va: -1.19377e+103
val_cha: t@1000
nod_cha: 00000000000030
startid: 0000000000001e
next_id: 00000000000000
versiid: 58
next_va: 1.39804e-76
val_cha: 000000000000000000000030
nod_cha: 0000000000000000000000000000
startid: 000000000000000000000000001e
next_id: 0003201711181458
versiid: 
next_va: 1.39804e-76
val_cha: 0030
nod_cha: 00000001
startid: 0000001e
next_id: 
versiid: 000000000000000030
next_va: 1.39804e-76
val_cha: 00000000000000001e
nod_cha: 000000000000000000001e
startid: 1711181458
next_id: 00000000000000000000000000000030
versiid: 
next_va: 0
val_cha: 
nod_cha: 
end: 10.58.58.2
